=== RUN   TestHierarchicalANDCompletion
📍 Step 1: Processing node [root] Root (Type: 0, Traveled: false, Finished: false)
  🧠 Selecting relevant nodes from Global Tree...
  🤖 Calling LLM (Attempt 1)...

📊 Token Statistics:
   Prompt length: 5301 characters
   Estimated tokens: 1325 / 64000 (2.1%)
   ✅ Context usage is healthy

  ✅ Step processed successfully: 1 action(s)

📍 Step 2: Processing node [child1] Child 1 (Type: 0, Traveled: false, Finished: false)
  🧠 Selecting relevant nodes from Global Tree...
  🤖 Calling LLM (Attempt 1)...

📊 Token Statistics:
   Prompt length: 5364 characters
   Estimated tokens: 1341 / 64000 (2.1%)
   ✅ Context usage is healthy

  ✅ Step processed successfully: 1 action(s)

📍 Step 3: Processing node [leaf1] Leaf 1 (Type: 2, Traveled: false, Finished: false)
  🧠 Selecting relevant nodes from Global Tree...
  🤖 Calling LLM (Attempt 1)...

📊 Token Statistics:
   Prompt length: 5388 characters
   Estimated tokens: 1347 / 64000 (2.1%)
   ✅ Context usage is healthy

  ✅ Step processed successfully: 1 action(s)

📍 Step 4: Normal node [child1] Child 1 - All children traveled, moving up
📍 Step 5: Normal node [root] Root - All children traveled, moving up
--- PASS: TestHierarchicalANDCompletion (0.00s)
=== RUN   TestAppendToFileBasic
📝 Appending to file: /var/folders/6s/mjd5n6jd2vz4vy6tbbdt3k100000gn/T/TestAppendToFileBasic1320338537/001/test.txt
✅ Successfully appended 11 bytes to /var/folders/6s/mjd5n6jd2vz4vy6tbbdt3k100000gn/T/TestAppendToFileBasic1320338537/001/test.txt (total: 11 bytes)
📝 Appending to file: /var/folders/6s/mjd5n6jd2vz4vy6tbbdt3k100000gn/T/TestAppendToFileBasic1320338537/001/test.txt
✅ Successfully appended 12 bytes to /var/folders/6s/mjd5n6jd2vz4vy6tbbdt3k100000gn/T/TestAppendToFileBasic1320338537/001/test.txt (total: 23 bytes)
--- PASS: TestAppendToFileBasic (0.00s)
=== RUN   TestAppendToFileMultiple
📝 Appending to file: /var/folders/6s/mjd5n6jd2vz4vy6tbbdt3k100000gn/T/TestAppendToFileMultiple210174974/001/report.md
✅ Successfully appended 10 bytes to /var/folders/6s/mjd5n6jd2vz4vy6tbbdt3k100000gn/T/TestAppendToFileMultiple210174974/001/report.md (total: 10 bytes)
📝 Appending to file: /var/folders/6s/mjd5n6jd2vz4vy6tbbdt3k100000gn/T/TestAppendToFileMultiple210174974/001/report.md
✅ Successfully appended 44 bytes to /var/folders/6s/mjd5n6jd2vz4vy6tbbdt3k100000gn/T/TestAppendToFileMultiple210174974/001/report.md (total: 54 bytes)
📝 Appending to file: /var/folders/6s/mjd5n6jd2vz4vy6tbbdt3k100000gn/T/TestAppendToFileMultiple210174974/001/report.md
✅ Successfully appended 36 bytes to /var/folders/6s/mjd5n6jd2vz4vy6tbbdt3k100000gn/T/TestAppendToFileMultiple210174974/001/report.md (total: 90 bytes)
📝 Appending to file: /var/folders/6s/mjd5n6jd2vz4vy6tbbdt3k100000gn/T/TestAppendToFileMultiple210174974/001/report.md
✅ Successfully appended 39 bytes to /var/folders/6s/mjd5n6jd2vz4vy6tbbdt3k100000gn/T/TestAppendToFileMultiple210174974/001/report.md (total: 129 bytes)
--- PASS: TestAppendToFileMultiple (0.00s)
=== RUN   TestAppendToFileDirectoryCreation
📝 Appending to file: /var/folders/6s/mjd5n6jd2vz4vy6tbbdt3k100000gn/T/TestAppendToFileDirectoryCreation3355375753/001/subdir/nested/test.txt
✅ Successfully appended 28 bytes to /var/folders/6s/mjd5n6jd2vz4vy6tbbdt3k100000gn/T/TestAppendToFileDirectoryCreation3355375753/001/subdir/nested/test.txt (total: 28 bytes)
--- PASS: TestAppendToFileDirectoryCreation (0.00s)
=== RUN   TestLiveTwoPassAttention
    live_v6_test.go:19: DEEPSEEK_API_KEY not set
--- SKIP: TestLiveTwoPassAttention (0.00s)
=== RUN   TestLoopResetStatus
📍 Step 1: Processing node [root] Root (Type: 0, Traveled: false, Finished: false)
  🧠 Selecting relevant nodes from Global Tree...
  🤖 Calling LLM (Attempt 1)...

📊 Token Statistics:
   Prompt length: 5303 characters
   Estimated tokens: 1326 / 64000 (2.1%)
   ✅ Context usage is healthy

  ✅ Step processed successfully: 1 action(s)

📍 Step 2: Processing node [loop1] Loop Node (Type: 1, Traveled: false, Finished: false)
  🧠 Selecting relevant nodes from Global Tree...
  🤖 Calling LLM (Attempt 1)...

📊 Token Statistics:
   Prompt length: 5368 characters
   Estimated tokens: 1342 / 64000 (2.1%)
   ✅ Context usage is healthy

  ✅ Step processed successfully: 1 action(s)

📍 Step 3: Processing node [loop1] Loop Node (Type: 1, Traveled: false, Finished: false)
  🧠 Selecting relevant nodes from Global Tree...
  🤖 Calling LLM (Attempt 1)...

📊 Token Statistics:
   Prompt length: 5750 characters
   Estimated tokens: 1438 / 64000 (2.2%)
   ✅ Context usage is healthy

  ✅ Step processed successfully: 1 action(s)

📍 Step 4: Processing node [leaf1] Leaf 1 (Type: 2, Traveled: false, Finished: false)
  🧠 Selecting relevant nodes from Global Tree...
  🤖 Calling LLM (Attempt 1)...

📊 Token Statistics:
   Prompt length: 5772 characters
   Estimated tokens: 1443 / 64000 (2.3%)
   ✅ Context usage is healthy

  ✅ Step processed successfully: 1 action(s)

📍 Step 5: Processing node [leaf1] Leaf 1 (Type: 2, Traveled: false, Finished: false)
  🧠 Selecting relevant nodes from Global Tree...
  🤖 Calling LLM (Attempt 1)...

📊 Token Statistics:
   Prompt length: 5861 characters
   Estimated tokens: 1465 / 64000 (2.3%)
   ✅ Context usage is healthy

  ✅ Step processed successfully: 1 action(s)

📍 Step 6: Processing node [loop1] Loop Node (Type: 1, Traveled: true, Finished: false)
  🧠 Selecting relevant nodes from Global Tree...
  🤖 Calling LLM (Attempt 1)...

📊 Token Statistics:
   Prompt length: 6113 characters
   Estimated tokens: 1529 / 64000 (2.4%)
   ✅ Context usage is healthy

  ✅ Step processed successfully: 0 action(s)

📍 Step 7: Processing node [loop1] Loop Node (Type: 1, Traveled: true, Finished: false)
  🧠 Selecting relevant nodes from Global Tree...
  🤖 Calling LLM (Attempt 1)...

📊 Token Statistics:
   Prompt length: 6204 characters
   Estimated tokens: 1552 / 64000 (2.4%)
   ✅ Context usage is healthy

  ✅ Step processed successfully: 0 action(s)

📍 Step 8: Processing node [loop1] Loop Node (Type: 1, Traveled: true, Finished: false)
  🧠 Selecting relevant nodes from Global Tree...
  🤖 Calling LLM (Attempt 1)...

📊 Token Statistics:
   Prompt length: 6204 characters
   Estimated tokens: 1552 / 64000 (2.4%)
   ✅ Context usage is healthy

  ✅ Step processed successfully: 0 action(s)

📍 Step 9: Processing node [loop1] Loop Node (Type: 1, Traveled: true, Finished: false)
  🧠 Selecting relevant nodes from Global Tree...
  🤖 Calling LLM (Attempt 1)...

📊 Token Statistics:
   Prompt length: 6204 characters
   Estimated tokens: 1552 / 64000 (2.4%)
   ✅ Context usage is healthy

  ✅ Step processed successfully: 0 action(s)

📍 Step 10: Processing node [loop1] Loop Node (Type: 1, Traveled: true, Finished: false)
  🧠 Selecting relevant nodes from Global Tree...
  🤖 Calling LLM (Attempt 1)...

📊 Token Statistics:
   Prompt length: 6204 characters
   Estimated tokens: 1552 / 64000 (2.4%)
   ✅ Context usage is healthy

  ✅ Step processed successfully: 0 action(s)

📍 Step 11: Processing node [loop1] Loop Node (Type: 1, Traveled: true, Finished: false)
  🧠 Selecting relevant nodes from Global Tree...
  🤖 Calling LLM (Attempt 1)...

📊 Token Statistics:
   Prompt length: 6204 characters
   Estimated tokens: 1552 / 64000 (2.4%)
   ✅ Context usage is healthy

  ✅ Step processed successfully: 0 action(s)

📍 Step 12: Processing node [loop1] Loop Node (Type: 1, Traveled: true, Finished: false)
  🧠 Selecting relevant nodes from Global Tree...
  🤖 Calling LLM (Attempt 1)...

📊 Token Statistics:
   Prompt length: 6204 characters
   Estimated tokens: 1552 / 64000 (2.4%)
   ✅ Context usage is healthy

  ✅ Step processed successfully: 0 action(s)

📍 Step 13: Processing node [loop1] Loop Node (Type: 1, Traveled: true, Finished: false)
  🧠 Selecting relevant nodes from Global Tree...
  🤖 Calling LLM (Attempt 1)...

📊 Token Statistics:
   Prompt length: 6204 characters
   Estimated tokens: 1552 / 64000 (2.4%)
   ✅ Context usage is healthy

  ✅ Step processed successfully: 0 action(s)

📍 Step 14: Processing node [loop1] Loop Node (Type: 1, Traveled: true, Finished: false)
  🧠 Selecting relevant nodes from Global Tree...
  🤖 Calling LLM (Attempt 1)...

📊 Token Statistics:
   Prompt length: 6204 characters
   Estimated tokens: 1552 / 64000 (2.4%)
   ✅ Context usage is healthy

  ✅ Step processed successfully: 0 action(s)

📍 Step 15: Processing node [loop1] Loop Node (Type: 1, Traveled: true, Finished: false)
  🧠 Selecting relevant nodes from Global Tree...
  🤖 Calling LLM (Attempt 1)...

📊 Token Statistics:
   Prompt length: 6204 characters
   Estimated tokens: 1552 / 64000 (2.4%)
   ✅ Context usage is healthy

  ✅ Step processed successfully: 0 action(s)

📍 Step 16: Processing node [loop1] Loop Node (Type: 1, Traveled: true, Finished: false)
  🧠 Selecting relevant nodes from Global Tree...
  🤖 Calling LLM (Attempt 1)...

📊 Token Statistics:
   Prompt length: 6204 characters
   Estimated tokens: 1552 / 64000 (2.4%)
   ✅ Context usage is healthy

  ✅ Step processed successfully: 0 action(s)

📍 Step 17: Processing node [loop1] Loop Node (Type: 1, Traveled: true, Finished: false)
  🧠 Selecting relevant nodes from Global Tree...
  🤖 Calling LLM (Attempt 1)...

📊 Token Statistics:
   Prompt length: 6204 characters
   Estimated tokens: 1552 / 64000 (2.4%)
   ✅ Context usage is healthy

  ✅ Step processed successfully: 0 action(s)

📍 Step 18: Processing node [loop1] Loop Node (Type: 1, Traveled: true, Finished: false)
  🧠 Selecting relevant nodes from Global Tree...
  🤖 Calling LLM (Attempt 1)...

📊 Token Statistics:
   Prompt length: 6204 characters
   Estimated tokens: 1552 / 64000 (2.4%)
   ✅ Context usage is healthy

  ✅ Step processed successfully: 0 action(s)

📍 Step 19: Processing node [loop1] Loop Node (Type: 1, Traveled: true, Finished: false)
  🧠 Selecting relevant nodes from Global Tree...
  🤖 Calling LLM (Attempt 1)...

📊 Token Statistics:
   Prompt length: 6204 characters
   Estimated tokens: 1552 / 64000 (2.4%)
   ✅ Context usage is healthy

  ✅ Step processed successfully: 0 action(s)

📍 Step 20: Processing node [loop1] Loop Node (Type: 1, Traveled: true, Finished: false)
  🧠 Selecting relevant nodes from Global Tree...
  🤖 Calling LLM (Attempt 1)...

📊 Token Statistics:
   Prompt length: 6204 characters
   Estimated tokens: 1552 / 64000 (2.4%)
   ✅ Context usage is healthy

  ✅ Step processed successfully: 0 action(s)

📍 Step 21: Processing node [loop1] Loop Node (Type: 1, Traveled: true, Finished: false)
  🧠 Selecting relevant nodes from Global Tree...
  🤖 Calling LLM (Attempt 1)...

📊 Token Statistics:
   Prompt length: 6204 characters
   Estimated tokens: 1552 / 64000 (2.4%)
   ✅ Context usage is healthy

  ✅ Step processed successfully: 0 action(s)

📍 Step 22: Processing node [loop1] Loop Node (Type: 1, Traveled: true, Finished: false)
  🧠 Selecting relevant nodes from Global Tree...
  🤖 Calling LLM (Attempt 1)...

📊 Token Statistics:
   Prompt length: 6204 characters
   Estimated tokens: 1552 / 64000 (2.4%)
   ✅ Context usage is healthy

  ✅ Step processed successfully: 0 action(s)

📍 Step 23: Processing node [loop1] Loop Node (Type: 1, Traveled: true, Finished: false)
  🧠 Selecting relevant nodes from Global Tree...
  🤖 Calling LLM (Attempt 1)...

📊 Token Statistics:
   Prompt length: 6204 characters
   Estimated tokens: 1552 / 64000 (2.4%)
   ✅ Context usage is healthy

  ✅ Step processed successfully: 0 action(s)

📍 Step 24: Processing node [loop1] Loop Node (Type: 1, Traveled: true, Finished: false)
  🧠 Selecting relevant nodes from Global Tree...
  🤖 Calling LLM (Attempt 1)...

📊 Token Statistics:
   Prompt length: 6204 characters
   Estimated tokens: 1552 / 64000 (2.4%)
   ✅ Context usage is healthy

  ✅ Step processed successfully: 0 action(s)

📍 Step 25: Processing node [loop1] Loop Node (Type: 1, Traveled: true, Finished: false)
  🧠 Selecting relevant nodes from Global Tree...
  🤖 Calling LLM (Attempt 1)...

📊 Token Statistics:
   Prompt length: 6204 characters
   Estimated tokens: 1552 / 64000 (2.4%)
   ✅ Context usage is healthy

  ✅ Step processed successfully: 0 action(s)

📍 Step 26: Processing node [loop1] Loop Node (Type: 1, Traveled: true, Finished: false)
  🧠 Selecting relevant nodes from Global Tree...
  🤖 Calling LLM (Attempt 1)...

📊 Token Statistics:
   Prompt length: 6204 characters
   Estimated tokens: 1552 / 64000 (2.4%)
   ✅ Context usage is healthy

  ✅ Step processed successfully: 0 action(s)

📍 Step 27: Processing node [loop1] Loop Node (Type: 1, Traveled: true, Finished: false)
  🧠 Selecting relevant nodes from Global Tree...
  🤖 Calling LLM (Attempt 1)...

📊 Token Statistics:
   Prompt length: 6204 characters
   Estimated tokens: 1552 / 64000 (2.4%)
   ✅ Context usage is healthy

  ✅ Step processed successfully: 0 action(s)

📍 Step 28: Processing node [loop1] Loop Node (Type: 1, Traveled: true, Finished: false)
  🧠 Selecting relevant nodes from Global Tree...
  🤖 Calling LLM (Attempt 1)...

📊 Token Statistics:
   Prompt length: 6204 characters
   Estimated tokens: 1552 / 64000 (2.4%)
   ✅ Context usage is healthy

  ✅ Step processed successfully: 0 action(s)

📍 Step 29: Processing node [loop1] Loop Node (Type: 1, Traveled: true, Finished: false)
  🧠 Selecting relevant nodes from Global Tree...
  🤖 Calling LLM (Attempt 1)...

📊 Token Statistics:
   Prompt length: 6204 characters
   Estimated tokens: 1552 / 64000 (2.4%)
   ✅ Context usage is healthy

  ✅ Step processed successfully: 0 action(s)

📍 Step 30: Processing node [loop1] Loop Node (Type: 1, Traveled: true, Finished: false)
  🧠 Selecting relevant nodes from Global Tree...
  🤖 Calling LLM (Attempt 1)...

📊 Token Statistics:
   Prompt length: 6204 characters
   Estimated tokens: 1552 / 64000 (2.4%)
   ✅ Context usage is healthy

  ✅ Step processed successfully: 0 action(s)

📍 Step 31: Processing node [loop1] Loop Node (Type: 1, Traveled: true, Finished: false)
  🧠 Selecting relevant nodes from Global Tree...
  🤖 Calling LLM (Attempt 1)...

📊 Token Statistics:
   Prompt length: 6204 characters
   Estimated tokens: 1552 / 64000 (2.4%)
   ✅ Context usage is healthy

  ✅ Step processed successfully: 0 action(s)

📍 Step 32: Processing node [loop1] Loop Node (Type: 1, Traveled: true, Finished: false)
  🧠 Selecting relevant nodes from Global Tree...
  🤖 Calling LLM (Attempt 1)...

📊 Token Statistics:
   Prompt length: 6204 characters
   Estimated tokens: 1552 / 64000 (2.4%)
   ✅ Context usage is healthy

  ✅ Step processed successfully: 0 action(s)

📍 Step 33: Processing node [loop1] Loop Node (Type: 1, Traveled: true, Finished: false)
  🧠 Selecting relevant nodes from Global Tree...
  🤖 Calling LLM (Attempt 1)...

📊 Token Statistics:
   Prompt length: 6204 characters
   Estimated tokens: 1552 / 64000 (2.4%)
   ✅ Context usage is healthy

  ✅ Step processed successfully: 0 action(s)

📍 Step 34: Processing node [loop1] Loop Node (Type: 1, Traveled: true, Finished: false)
  🧠 Selecting relevant nodes from Global Tree...
  🤖 Calling LLM (Attempt 1)...

📊 Token Statistics:
   Prompt length: 6204 characters
   Estimated tokens: 1552 / 64000 (2.4%)
   ✅ Context usage is healthy

  ✅ Step processed successfully: 0 action(s)

📍 Step 35: Processing node [loop1] Loop Node (Type: 1, Traveled: true, Finished: false)
  🧠 Selecting relevant nodes from Global Tree...
  🤖 Calling LLM (Attempt 1)...

📊 Token Statistics:
   Prompt length: 6204 characters
   Estimated tokens: 1552 / 64000 (2.4%)
   ✅ Context usage is healthy

  ✅ Step processed successfully: 0 action(s)

📍 Step 36: Processing node [loop1] Loop Node (Type: 1, Traveled: true, Finished: false)
  🧠 Selecting relevant nodes from Global Tree...
  🤖 Calling LLM (Attempt 1)...

📊 Token Statistics:
   Prompt length: 6204 characters
   Estimated tokens: 1552 / 64000 (2.4%)
   ✅ Context usage is healthy

  ✅ Step processed successfully: 0 action(s)

📍 Step 37: Processing node [loop1] Loop Node (Type: 1, Traveled: true, Finished: false)
  🧠 Selecting relevant nodes from Global Tree...
  🤖 Calling LLM (Attempt 1)...

📊 Token Statistics:
   Prompt length: 6204 characters
   Estimated tokens: 1552 / 64000 (2.4%)
   ✅ Context usage is healthy

  ✅ Step processed successfully: 0 action(s)

📍 Step 38: Processing node [loop1] Loop Node (Type: 1, Traveled: true, Finished: false)
  🧠 Selecting relevant nodes from Global Tree...
  🤖 Calling LLM (Attempt 1)...

📊 Token Statistics:
   Prompt length: 6204 characters
   Estimated tokens: 1552 / 64000 (2.4%)
   ✅ Context usage is healthy

  ✅ Step processed successfully: 0 action(s)

📍 Step 39: Processing node [loop1] Loop Node (Type: 1, Traveled: true, Finished: false)
  🧠 Selecting relevant nodes from Global Tree...
  🤖 Calling LLM (Attempt 1)...

📊 Token Statistics:
   Prompt length: 6204 characters
   Estimated tokens: 1552 / 64000 (2.4%)
   ✅ Context usage is healthy

  ✅ Step processed successfully: 0 action(s)

📍 Step 40: Processing node [loop1] Loop Node (Type: 1, Traveled: true, Finished: false)
  🧠 Selecting relevant nodes from Global Tree...
  🤖 Calling LLM (Attempt 1)...

📊 Token Statistics:
   Prompt length: 6204 characters
   Estimated tokens: 1552 / 64000 (2.4%)
   ✅ Context usage is healthy

  ✅ Step processed successfully: 0 action(s)

📍 Step 41: Processing node [loop1] Loop Node (Type: 1, Traveled: true, Finished: false)
  🧠 Selecting relevant nodes from Global Tree...
  🤖 Calling LLM (Attempt 1)...

📊 Token Statistics:
   Prompt length: 6204 characters
   Estimated tokens: 1552 / 64000 (2.4%)
   ✅ Context usage is healthy

  ✅ Step processed successfully: 0 action(s)

📍 Step 42: Processing node [loop1] Loop Node (Type: 1, Traveled: true, Finished: false)
  🧠 Selecting relevant nodes from Global Tree...
  🤖 Calling LLM (Attempt 1)...

📊 Token Statistics:
   Prompt length: 6204 characters
   Estimated tokens: 1552 / 64000 (2.4%)
   ✅ Context usage is healthy

  ✅ Step processed successfully: 0 action(s)

📍 Step 43: Processing node [loop1] Loop Node (Type: 1, Traveled: true, Finished: false)
  🧠 Selecting relevant nodes from Global Tree...
  🤖 Calling LLM (Attempt 1)...

📊 Token Statistics:
   Prompt length: 6204 characters
   Estimated tokens: 1552 / 64000 (2.4%)
   ✅ Context usage is healthy

  ✅ Step processed successfully: 0 action(s)

📍 Step 44: Processing node [loop1] Loop Node (Type: 1, Traveled: true, Finished: false)
  🧠 Selecting relevant nodes from Global Tree...
  🤖 Calling LLM (Attempt 1)...

📊 Token Statistics:
   Prompt length: 6204 characters
   Estimated tokens: 1552 / 64000 (2.4%)
   ✅ Context usage is healthy

  ✅ Step processed successfully: 0 action(s)

📍 Step 45: Processing node [loop1] Loop Node (Type: 1, Traveled: true, Finished: false)
  🧠 Selecting relevant nodes from Global Tree...
  🤖 Calling LLM (Attempt 1)...

📊 Token Statistics:
   Prompt length: 6204 characters
   Estimated tokens: 1552 / 64000 (2.4%)
   ✅ Context usage is healthy

  ✅ Step processed successfully: 0 action(s)

📍 Step 46: Processing node [loop1] Loop Node (Type: 1, Traveled: true, Finished: false)
  🧠 Selecting relevant nodes from Global Tree...
  🤖 Calling LLM (Attempt 1)...

📊 Token Statistics:
   Prompt length: 6204 characters
   Estimated tokens: 1552 / 64000 (2.4%)
   ✅ Context usage is healthy

  ✅ Step processed successfully: 0 action(s)

📍 Step 47: Processing node [loop1] Loop Node (Type: 1, Traveled: true, Finished: false)
  🧠 Selecting relevant nodes from Global Tree...
  🤖 Calling LLM (Attempt 1)...

📊 Token Statistics:
   Prompt length: 6204 characters
   Estimated tokens: 1552 / 64000 (2.4%)
   ✅ Context usage is healthy

  ✅ Step processed successfully: 0 action(s)

📍 Step 48: Processing node [loop1] Loop Node (Type: 1, Traveled: true, Finished: false)
  🧠 Selecting relevant nodes from Global Tree...
  🤖 Calling LLM (Attempt 1)...

📊 Token Statistics:
   Prompt length: 6204 characters
   Estimated tokens: 1552 / 64000 (2.4%)
   ✅ Context usage is healthy

  ✅ Step processed successfully: 0 action(s)

📍 Step 49: Processing node [loop1] Loop Node (Type: 1, Traveled: true, Finished: false)
  🧠 Selecting relevant nodes from Global Tree...
  🤖 Calling LLM (Attempt 1)...

📊 Token Statistics:
   Prompt length: 6204 characters
   Estimated tokens: 1552 / 64000 (2.4%)
   ✅ Context usage is healthy

  ✅ Step processed successfully: 0 action(s)

📍 Step 50: Processing node [loop1] Loop Node (Type: 1, Traveled: true, Finished: false)
  🧠 Selecting relevant nodes from Global Tree...
  🤖 Calling LLM (Attempt 1)...

📊 Token Statistics:
   Prompt length: 6204 characters
   Estimated tokens: 1552 / 64000 (2.4%)
   ✅ Context usage is healthy

  ✅ Step processed successfully: 0 action(s)

📍 Step 51: Processing node [loop1] Loop Node (Type: 1, Traveled: true, Finished: false)
  🧠 Selecting relevant nodes from Global Tree...
  🤖 Calling LLM (Attempt 1)...

📊 Token Statistics:
   Prompt length: 6204 characters
   Estimated tokens: 1552 / 64000 (2.4%)
   ✅ Context usage is healthy

  ✅ Step processed successfully: 0 action(s)

📍 Step 52: Processing node [loop1] Loop Node (Type: 1, Traveled: true, Finished: false)
  🧠 Selecting relevant nodes from Global Tree...
  🤖 Calling LLM (Attempt 1)...

📊 Token Statistics:
   Prompt length: 6204 characters
   Estimated tokens: 1552 / 64000 (2.4%)
   ✅ Context usage is healthy

  ✅ Step processed successfully: 0 action(s)

📍 Step 53: Processing node [loop1] Loop Node (Type: 1, Traveled: true, Finished: false)
  🧠 Selecting relevant nodes from Global Tree...
  🤖 Calling LLM (Attempt 1)...

📊 Token Statistics:
   Prompt length: 6204 characters
   Estimated tokens: 1552 / 64000 (2.4%)
   ✅ Context usage is healthy

  ✅ Step processed successfully: 0 action(s)

📍 Step 54: Processing node [loop1] Loop Node (Type: 1, Traveled: true, Finished: false)
  🧠 Selecting relevant nodes from Global Tree...
  🤖 Calling LLM (Attempt 1)...

📊 Token Statistics:
   Prompt length: 6204 characters
   Estimated tokens: 1552 / 64000 (2.4%)
   ✅ Context usage is healthy

  ✅ Step processed successfully: 0 action(s)

📍 Step 55: Processing node [loop1] Loop Node (Type: 1, Traveled: true, Finished: false)
  🧠 Selecting relevant nodes from Global Tree...
  🤖 Calling LLM (Attempt 1)...

📊 Token Statistics:
   Prompt length: 6204 characters
   Estimated tokens: 1552 / 64000 (2.4%)
   ✅ Context usage is healthy

  ✅ Step processed successfully: 0 action(s)

📍 Step 56: Processing node [loop1] Loop Node (Type: 1, Traveled: true, Finished: false)
  🧠 Selecting relevant nodes from Global Tree...
  🤖 Calling LLM (Attempt 1)...

📊 Token Statistics:
   Prompt length: 6204 characters
   Estimated tokens: 1552 / 64000 (2.4%)
   ✅ Context usage is healthy

  ✅ Step processed successfully: 0 action(s)

📍 Step 57: Processing node [loop1] Loop Node (Type: 1, Traveled: true, Finished: false)
  🧠 Selecting relevant nodes from Global Tree...
  🤖 Calling LLM (Attempt 1)...

📊 Token Statistics:
   Prompt length: 6204 characters
   Estimated tokens: 1552 / 64000 (2.4%)
   ✅ Context usage is healthy

  ✅ Step processed successfully: 0 action(s)

📍 Step 58: Processing node [loop1] Loop Node (Type: 1, Traveled: true, Finished: false)
  🧠 Selecting relevant nodes from Global Tree...
  🤖 Calling LLM (Attempt 1)...

📊 Token Statistics:
   Prompt length: 6204 characters
   Estimated tokens: 1552 / 64000 (2.4%)
   ✅ Context usage is healthy

  ✅ Step processed successfully: 0 action(s)

📍 Step 59: Processing node [loop1] Loop Node (Type: 1, Traveled: true, Finished: false)
  🧠 Selecting relevant nodes from Global Tree...
  🤖 Calling LLM (Attempt 1)...

📊 Token Statistics:
   Prompt length: 6204 characters
   Estimated tokens: 1552 / 64000 (2.4%)
   ✅ Context usage is healthy

  ✅ Step processed successfully: 0 action(s)

📍 Step 60: Processing node [loop1] Loop Node (Type: 1, Traveled: true, Finished: false)
  🧠 Selecting relevant nodes from Global Tree...
  🤖 Calling LLM (Attempt 1)...

📊 Token Statistics:
   Prompt length: 6204 characters
   Estimated tokens: 1552 / 64000 (2.4%)
   ✅ Context usage is healthy

  ✅ Step processed successfully: 0 action(s)

📍 Step 61: Processing node [loop1] Loop Node (Type: 1, Traveled: true, Finished: false)
  🧠 Selecting relevant nodes from Global Tree...
  🤖 Calling LLM (Attempt 1)...

📊 Token Statistics:
   Prompt length: 6204 characters
   Estimated tokens: 1552 / 64000 (2.4%)
   ✅ Context usage is healthy

  ✅ Step processed successfully: 0 action(s)

📍 Step 62: Processing node [loop1] Loop Node (Type: 1, Traveled: true, Finished: false)
  🧠 Selecting relevant nodes from Global Tree...
  🤖 Calling LLM (Attempt 1)...

📊 Token Statistics:
   Prompt length: 6204 characters
   Estimated tokens: 1552 / 64000 (2.4%)
   ✅ Context usage is healthy

  ✅ Step processed successfully: 0 action(s)

📍 Step 63: Processing node [loop1] Loop Node (Type: 1, Traveled: true, Finished: false)
  🧠 Selecting relevant nodes from Global Tree...
  🤖 Calling LLM (Attempt 1)...

📊 Token Statistics:
   Prompt length: 6204 characters
   Estimated tokens: 1552 / 64000 (2.4%)
   ✅ Context usage is healthy

  ✅ Step processed successfully: 0 action(s)

📍 Step 64: Processing node [loop1] Loop Node (Type: 1, Traveled: true, Finished: false)
  🧠 Selecting relevant nodes from Global Tree...
  🤖 Calling LLM (Attempt 1)...

📊 Token Statistics:
   Prompt length: 6204 characters
   Estimated tokens: 1552 / 64000 (2.4%)
   ✅ Context usage is healthy

  ✅ Step processed successfully: 0 action(s)

📍 Step 65: Processing node [loop1] Loop Node (Type: 1, Traveled: true, Finished: false)
  🧠 Selecting relevant nodes from Global Tree...
  🤖 Calling LLM (Attempt 1)...

📊 Token Statistics:
   Prompt length: 6204 characters
   Estimated tokens: 1552 / 64000 (2.4%)
   ✅ Context usage is healthy

  ✅ Step processed successfully: 0 action(s)

📍 Step 66: Processing node [loop1] Loop Node (Type: 1, Traveled: true, Finished: false)
  🧠 Selecting relevant nodes from Global Tree...
  🤖 Calling LLM (Attempt 1)...

📊 Token Statistics:
   Prompt length: 6204 characters
   Estimated tokens: 1552 / 64000 (2.4%)
   ✅ Context usage is healthy

  ✅ Step processed successfully: 0 action(s)

📍 Step 67: Processing node [loop1] Loop Node (Type: 1, Traveled: true, Finished: false)
  🧠 Selecting relevant nodes from Global Tree...
  🤖 Calling LLM (Attempt 1)...

📊 Token Statistics:
   Prompt length: 6204 characters
   Estimated tokens: 1552 / 64000 (2.4%)
   ✅ Context usage is healthy

  ✅ Step processed successfully: 0 action(s)

📍 Step 68: Processing node [loop1] Loop Node (Type: 1, Traveled: true, Finished: false)
  🧠 Selecting relevant nodes from Global Tree...
  🤖 Calling LLM (Attempt 1)...

📊 Token Statistics:
   Prompt length: 6204 characters
   Estimated tokens: 1552 / 64000 (2.4%)
   ✅ Context usage is healthy

  ✅ Step processed successfully: 0 action(s)

📍 Step 69: Processing node [loop1] Loop Node (Type: 1, Traveled: true, Finished: false)
  🧠 Selecting relevant nodes from Global Tree...
  🤖 Calling LLM (Attempt 1)...

📊 Token Statistics:
   Prompt length: 6204 characters
   Estimated tokens: 1552 / 64000 (2.4%)
   ✅ Context usage is healthy

  ✅ Step processed successfully: 0 action(s)

📍 Step 70: Processing node [loop1] Loop Node (Type: 1, Traveled: true, Finished: false)
  🧠 Selecting relevant nodes from Global Tree...
  🤖 Calling LLM (Attempt 1)...

📊 Token Statistics:
   Prompt length: 6204 characters
   Estimated tokens: 1552 / 64000 (2.4%)
   ✅ Context usage is healthy

  ✅ Step processed successfully: 0 action(s)

📍 Step 71: Processing node [loop1] Loop Node (Type: 1, Traveled: true, Finished: false)
  🧠 Selecting relevant nodes from Global Tree...
  🤖 Calling LLM (Attempt 1)...

📊 Token Statistics:
   Prompt length: 6204 characters
   Estimated tokens: 1552 / 64000 (2.4%)
   ✅ Context usage is healthy

  ✅ Step processed successfully: 0 action(s)

📍 Step 72: Processing node [loop1] Loop Node (Type: 1, Traveled: true, Finished: false)
  🧠 Selecting relevant nodes from Global Tree...
  🤖 Calling LLM (Attempt 1)...

📊 Token Statistics:
   Prompt length: 6204 characters
   Estimated tokens: 1552 / 64000 (2.4%)
   ✅ Context usage is healthy

  ✅ Step processed successfully: 0 action(s)

📍 Step 73: Processing node [loop1] Loop Node (Type: 1, Traveled: true, Finished: false)
  🧠 Selecting relevant nodes from Global Tree...
  🤖 Calling LLM (Attempt 1)...

📊 Token Statistics:
   Prompt length: 6204 characters
   Estimated tokens: 1552 / 64000 (2.4%)
   ✅ Context usage is healthy

  ✅ Step processed successfully: 0 action(s)

📍 Step 74: Processing node [loop1] Loop Node (Type: 1, Traveled: true, Finished: false)
  🧠 Selecting relevant nodes from Global Tree...
  🤖 Calling LLM (Attempt 1)...

📊 Token Statistics:
   Prompt length: 6204 characters
   Estimated tokens: 1552 / 64000 (2.4%)
   ✅ Context usage is healthy

  ✅ Step processed successfully: 0 action(s)

📍 Step 75: Processing node [loop1] Loop Node (Type: 1, Traveled: true, Finished: false)
  🧠 Selecting relevant nodes from Global Tree...
  🤖 Calling LLM (Attempt 1)...

📊 Token Statistics:
   Prompt length: 6204 characters
   Estimated tokens: 1552 / 64000 (2.4%)
   ✅ Context usage is healthy

  ✅ Step processed successfully: 0 action(s)

📍 Step 76: Processing node [loop1] Loop Node (Type: 1, Traveled: true, Finished: false)
  🧠 Selecting relevant nodes from Global Tree...
  🤖 Calling LLM (Attempt 1)...

📊 Token Statistics:
   Prompt length: 6204 characters
   Estimated tokens: 1552 / 64000 (2.4%)
   ✅ Context usage is healthy

  ✅ Step processed successfully: 0 action(s)

📍 Step 77: Processing node [loop1] Loop Node (Type: 1, Traveled: true, Finished: false)
  🧠 Selecting relevant nodes from Global Tree...
  🤖 Calling LLM (Attempt 1)...

📊 Token Statistics:
   Prompt length: 6204 characters
   Estimated tokens: 1552 / 64000 (2.4%)
   ✅ Context usage is healthy

  ✅ Step processed successfully: 0 action(s)

📍 Step 78: Processing node [loop1] Loop Node (Type: 1, Traveled: true, Finished: false)
  🧠 Selecting relevant nodes from Global Tree...
  🤖 Calling LLM (Attempt 1)...

📊 Token Statistics:
   Prompt length: 6204 characters
   Estimated tokens: 1552 / 64000 (2.4%)
   ✅ Context usage is healthy

  ✅ Step processed successfully: 0 action(s)

📍 Step 79: Processing node [loop1] Loop Node (Type: 1, Traveled: true, Finished: false)
  🧠 Selecting relevant nodes from Global Tree...
  🤖 Calling LLM (Attempt 1)...

📊 Token Statistics:
   Prompt length: 6204 characters
   Estimated tokens: 1552 / 64000 (2.4%)
   ✅ Context usage is healthy

  ✅ Step processed successfully: 0 action(s)

📍 Step 80: Processing node [loop1] Loop Node (Type: 1, Traveled: true, Finished: false)
  🧠 Selecting relevant nodes from Global Tree...
  🤖 Calling LLM (Attempt 1)...

📊 Token Statistics:
   Prompt length: 6204 characters
   Estimated tokens: 1552 / 64000 (2.4%)
   ✅ Context usage is healthy

  ✅ Step processed successfully: 0 action(s)

📍 Step 81: Processing node [loop1] Loop Node (Type: 1, Traveled: true, Finished: false)
  🧠 Selecting relevant nodes from Global Tree...
  🤖 Calling LLM (Attempt 1)...

📊 Token Statistics:
   Prompt length: 6204 characters
   Estimated tokens: 1552 / 64000 (2.4%)
   ✅ Context usage is healthy

  ✅ Step processed successfully: 0 action(s)

📍 Step 82: Processing node [loop1] Loop Node (Type: 1, Traveled: true, Finished: false)
  🧠 Selecting relevant nodes from Global Tree...
  🤖 Calling LLM (Attempt 1)...

📊 Token Statistics:
   Prompt length: 6204 characters
   Estimated tokens: 1552 / 64000 (2.4%)
   ✅ Context usage is healthy

  ✅ Step processed successfully: 0 action(s)

📍 Step 83: Processing node [loop1] Loop Node (Type: 1, Traveled: true, Finished: false)
  🧠 Selecting relevant nodes from Global Tree...
  🤖 Calling LLM (Attempt 1)...

📊 Token Statistics:
   Prompt length: 6204 characters
   Estimated tokens: 1552 / 64000 (2.4%)
   ✅ Context usage is healthy

  ✅ Step processed successfully: 0 action(s)

📍 Step 84: Processing node [loop1] Loop Node (Type: 1, Traveled: true, Finished: false)
  🧠 Selecting relevant nodes from Global Tree...
  🤖 Calling LLM (Attempt 1)...

📊 Token Statistics:
   Prompt length: 6204 characters
   Estimated tokens: 1552 / 64000 (2.4%)
   ✅ Context usage is healthy

  ✅ Step processed successfully: 0 action(s)

📍 Step 85: Processing node [loop1] Loop Node (Type: 1, Traveled: true, Finished: false)
  🧠 Selecting relevant nodes from Global Tree...
  🤖 Calling LLM (Attempt 1)...

📊 Token Statistics:
   Prompt length: 6204 characters
   Estimated tokens: 1552 / 64000 (2.4%)
   ✅ Context usage is healthy

  ✅ Step processed successfully: 0 action(s)

📍 Step 86: Processing node [loop1] Loop Node (Type: 1, Traveled: true, Finished: false)
  🧠 Selecting relevant nodes from Global Tree...
  🤖 Calling LLM (Attempt 1)...

📊 Token Statistics:
   Prompt length: 6204 characters
   Estimated tokens: 1552 / 64000 (2.4%)
   ✅ Context usage is healthy

  ✅ Step processed successfully: 0 action(s)

📍 Step 87: Processing node [loop1] Loop Node (Type: 1, Traveled: true, Finished: false)
  🧠 Selecting relevant nodes from Global Tree...
  🤖 Calling LLM (Attempt 1)...

📊 Token Statistics:
   Prompt length: 6204 characters
   Estimated tokens: 1552 / 64000 (2.4%)
   ✅ Context usage is healthy

  ✅ Step processed successfully: 0 action(s)

📍 Step 88: Processing node [loop1] Loop Node (Type: 1, Traveled: true, Finished: false)
  🧠 Selecting relevant nodes from Global Tree...
  🤖 Calling LLM (Attempt 1)...

📊 Token Statistics:
   Prompt length: 6204 characters
   Estimated tokens: 1552 / 64000 (2.4%)
   ✅ Context usage is healthy

  ✅ Step processed successfully: 0 action(s)

📍 Step 89: Processing node [loop1] Loop Node (Type: 1, Traveled: true, Finished: false)
  🧠 Selecting relevant nodes from Global Tree...
  🤖 Calling LLM (Attempt 1)...

📊 Token Statistics:
   Prompt length: 6204 characters
   Estimated tokens: 1552 / 64000 (2.4%)
   ✅ Context usage is healthy

  ✅ Step processed successfully: 0 action(s)

📍 Step 90: Processing node [loop1] Loop Node (Type: 1, Traveled: true, Finished: false)
  🧠 Selecting relevant nodes from Global Tree...
  🤖 Calling LLM (Attempt 1)...

📊 Token Statistics:
   Prompt length: 6204 characters
   Estimated tokens: 1552 / 64000 (2.4%)
   ✅ Context usage is healthy

  ✅ Step processed successfully: 0 action(s)

📍 Step 91: Processing node [loop1] Loop Node (Type: 1, Traveled: true, Finished: false)
  🧠 Selecting relevant nodes from Global Tree...
  🤖 Calling LLM (Attempt 1)...

📊 Token Statistics:
   Prompt length: 6204 characters
   Estimated tokens: 1552 / 64000 (2.4%)
   ✅ Context usage is healthy

  ✅ Step processed successfully: 0 action(s)

📍 Step 92: Processing node [loop1] Loop Node (Type: 1, Traveled: true, Finished: false)
  🧠 Selecting relevant nodes from Global Tree...
  🤖 Calling LLM (Attempt 1)...

📊 Token Statistics:
   Prompt length: 6204 characters
   Estimated tokens: 1552 / 64000 (2.4%)
   ✅ Context usage is healthy

  ✅ Step processed successfully: 0 action(s)

📍 Step 93: Processing node [loop1] Loop Node (Type: 1, Traveled: true, Finished: false)
  🧠 Selecting relevant nodes from Global Tree...
  🤖 Calling LLM (Attempt 1)...

📊 Token Statistics:
   Prompt length: 6204 characters
   Estimated tokens: 1552 / 64000 (2.4%)
   ✅ Context usage is healthy

  ✅ Step processed successfully: 0 action(s)

📍 Step 94: Processing node [loop1] Loop Node (Type: 1, Traveled: true, Finished: false)
  🧠 Selecting relevant nodes from Global Tree...
  🤖 Calling LLM (Attempt 1)...

📊 Token Statistics:
   Prompt length: 6204 characters
   Estimated tokens: 1552 / 64000 (2.4%)
   ✅ Context usage is healthy

  ✅ Step processed successfully: 0 action(s)

📍 Step 95: Processing node [loop1] Loop Node (Type: 1, Traveled: true, Finished: false)
  🧠 Selecting relevant nodes from Global Tree...
  🤖 Calling LLM (Attempt 1)...

📊 Token Statistics:
   Prompt length: 6204 characters
   Estimated tokens: 1552 / 64000 (2.4%)
   ✅ Context usage is healthy

  ✅ Step processed successfully: 0 action(s)

📍 Step 96: Processing node [loop1] Loop Node (Type: 1, Traveled: true, Finished: false)
  🧠 Selecting relevant nodes from Global Tree...
  🤖 Calling LLM (Attempt 1)...

📊 Token Statistics:
   Prompt length: 6204 characters
   Estimated tokens: 1552 / 64000 (2.4%)
   ✅ Context usage is healthy

  ✅ Step processed successfully: 0 action(s)

📍 Step 97: Processing node [loop1] Loop Node (Type: 1, Traveled: true, Finished: false)
  🧠 Selecting relevant nodes from Global Tree...
  🤖 Calling LLM (Attempt 1)...

📊 Token Statistics:
   Prompt length: 6204 characters
   Estimated tokens: 1552 / 64000 (2.4%)
   ✅ Context usage is healthy

  ✅ Step processed successfully: 0 action(s)

📍 Step 98: Processing node [loop1] Loop Node (Type: 1, Traveled: true, Finished: false)
  🧠 Selecting relevant nodes from Global Tree...
  🤖 Calling LLM (Attempt 1)...

📊 Token Statistics:
   Prompt length: 6204 characters
   Estimated tokens: 1552 / 64000 (2.4%)
   ✅ Context usage is healthy

  ✅ Step processed successfully: 0 action(s)

📍 Step 99: Processing node [loop1] Loop Node (Type: 1, Traveled: true, Finished: false)
  🧠 Selecting relevant nodes from Global Tree...
  🤖 Calling LLM (Attempt 1)...

📊 Token Statistics:
   Prompt length: 6204 characters
   Estimated tokens: 1552 / 64000 (2.4%)
   ✅ Context usage is healthy

  ✅ Step processed successfully: 0 action(s)

📍 Step 100: Processing node [loop1] Loop Node (Type: 1, Traveled: true, Finished: false)
  🧠 Selecting relevant nodes from Global Tree...
  🤖 Calling LLM (Attempt 1)...

📊 Token Statistics:
   Prompt length: 6204 characters
   Estimated tokens: 1552 / 64000 (2.4%)
   ✅ Context usage is healthy

  ✅ Step processed successfully: 0 action(s)

📍 Step 101: Processing node [loop1] Loop Node (Type: 1, Traveled: true, Finished: false)
  🧠 Selecting relevant nodes from Global Tree...
  🤖 Calling LLM (Attempt 1)...

📊 Token Statistics:
   Prompt length: 6204 characters
   Estimated tokens: 1552 / 64000 (2.4%)
   ✅ Context usage is healthy

  ✅ Step processed successfully: 0 action(s)

📍 Step 102: Processing node [loop1] Loop Node (Type: 1, Traveled: true, Finished: false)
  🧠 Selecting relevant nodes from Global Tree...
  🤖 Calling LLM (Attempt 1)...

📊 Token Statistics:
   Prompt length: 6204 characters
   Estimated tokens: 1552 / 64000 (2.4%)
   ✅ Context usage is healthy

  ✅ Step processed successfully: 0 action(s)

📍 Step 103: Processing node [loop1] Loop Node (Type: 1, Traveled: true, Finished: false)
  🧠 Selecting relevant nodes from Global Tree...
  🤖 Calling LLM (Attempt 1)...

📊 Token Statistics:
   Prompt length: 6204 characters
   Estimated tokens: 1552 / 64000 (2.4%)
   ✅ Context usage is healthy

  ✅ Step processed successfully: 0 action(s)

📍 Step 104: Processing node [loop1] Loop Node (Type: 1, Traveled: true, Finished: false)
  🧠 Selecting relevant nodes from Global Tree...
  🤖 Calling LLM (Attempt 1)...

📊 Token Statistics:
   Prompt length: 6204 characters
   Estimated tokens: 1552 / 64000 (2.4%)
   ✅ Context usage is healthy

  ✅ Step processed successfully: 0 action(s)

📍 Step 105: Processing node [loop1] Loop Node (Type: 1, Traveled: true, Finished: false)
  🧠 Selecting relevant nodes from Global Tree...
  🤖 Calling LLM (Attempt 1)...

📊 Token Statistics:
   Prompt length: 6204 characters
   Estimated tokens: 1552 / 64000 (2.4%)
   ✅ Context usage is healthy

  ✅ Step processed successfully: 0 action(s)

📍 Step 106: Processing node [loop1] Loop Node (Type: 1, Traveled: true, Finished: false)
  🧠 Selecting relevant nodes from Global Tree...
  🤖 Calling LLM (Attempt 1)...

📊 Token Statistics:
   Prompt length: 6204 characters
   Estimated tokens: 1552 / 64000 (2.4%)
   ✅ Context usage is healthy

  ✅ Step processed successfully: 0 action(s)

📍 Step 107: Processing node [loop1] Loop Node (Type: 1, Traveled: true, Finished: false)
  🧠 Selecting relevant nodes from Global Tree...
  🤖 Calling LLM (Attempt 1)...

📊 Token Statistics:
   Prompt length: 6204 characters
   Estimated tokens: 1552 / 64000 (2.4%)
   ✅ Context usage is healthy

  ✅ Step processed successfully: 0 action(s)

📍 Step 108: Processing node [loop1] Loop Node (Type: 1, Traveled: true, Finished: false)
  🧠 Selecting relevant nodes from Global Tree...
  🤖 Calling LLM (Attempt 1)...

📊 Token Statistics:
   Prompt length: 6204 characters
   Estimated tokens: 1552 / 64000 (2.4%)
   ✅ Context usage is healthy

  ✅ Step processed successfully: 0 action(s)

📍 Step 109: Processing node [loop1] Loop Node (Type: 1, Traveled: true, Finished: false)
  🧠 Selecting relevant nodes from Global Tree...
  🤖 Calling LLM (Attempt 1)...

📊 Token Statistics:
   Prompt length: 6204 characters
   Estimated tokens: 1552 / 64000 (2.4%)
   ✅ Context usage is healthy

  ✅ Step processed successfully: 0 action(s)

📍 Step 110: Processing node [loop1] Loop Node (Type: 1, Traveled: true, Finished: false)
  🧠 Selecting relevant nodes from Global Tree...
  🤖 Calling LLM (Attempt 1)...

📊 Token Statistics:
   Prompt length: 6204 characters
   Estimated tokens: 1552 / 64000 (2.4%)
   ✅ Context usage is healthy

  ✅ Step processed successfully: 0 action(s)

📍 Step 111: Processing node [loop1] Loop Node (Type: 1, Traveled: true, Finished: false)
  🧠 Selecting relevant nodes from Global Tree...
  🤖 Calling LLM (Attempt 1)...

📊 Token Statistics:
   Prompt length: 6204 characters
   Estimated tokens: 1552 / 64000 (2.4%)
   ✅ Context usage is healthy

  ✅ Step processed successfully: 0 action(s)

📍 Step 112: Processing node [loop1] Loop Node (Type: 1, Traveled: true, Finished: false)
  🧠 Selecting relevant nodes from Global Tree...
  🤖 Calling LLM (Attempt 1)...

📊 Token Statistics:
   Prompt length: 6204 characters
   Estimated tokens: 1552 / 64000 (2.4%)
   ✅ Context usage is healthy

  ✅ Step processed successfully: 0 action(s)

📍 Step 113: Processing node [loop1] Loop Node (Type: 1, Traveled: true, Finished: false)
  🧠 Selecting relevant nodes from Global Tree...
  🤖 Calling LLM (Attempt 1)...

📊 Token Statistics:
   Prompt length: 6204 characters
   Estimated tokens: 1552 / 64000 (2.4%)
   ✅ Context usage is healthy

  ✅ Step processed successfully: 0 action(s)

📍 Step 114: Processing node [loop1] Loop Node (Type: 1, Traveled: true, Finished: false)
  🧠 Selecting relevant nodes from Global Tree...
  🤖 Calling LLM (Attempt 1)...

📊 Token Statistics:
   Prompt length: 6204 characters
   Estimated tokens: 1552 / 64000 (2.4%)
   ✅ Context usage is healthy

  ✅ Step processed successfully: 0 action(s)

📍 Step 115: Processing node [loop1] Loop Node (Type: 1, Traveled: true, Finished: false)
  🧠 Selecting relevant nodes from Global Tree...
  🤖 Calling LLM (Attempt 1)...

📊 Token Statistics:
   Prompt length: 6204 characters
   Estimated tokens: 1552 / 64000 (2.4%)
   ✅ Context usage is healthy

  ✅ Step processed successfully: 0 action(s)

📍 Step 116: Processing node [loop1] Loop Node (Type: 1, Traveled: true, Finished: false)
  🧠 Selecting relevant nodes from Global Tree...
  🤖 Calling LLM (Attempt 1)...

📊 Token Statistics:
   Prompt length: 6204 characters
   Estimated tokens: 1552 / 64000 (2.4%)
   ✅ Context usage is healthy

  ✅ Step processed successfully: 0 action(s)

📍 Step 117: Processing node [loop1] Loop Node (Type: 1, Traveled: true, Finished: false)
  🧠 Selecting relevant nodes from Global Tree...
  🤖 Calling LLM (Attempt 1)...

📊 Token Statistics:
   Prompt length: 6204 characters
   Estimated tokens: 1552 / 64000 (2.4%)
   ✅ Context usage is healthy

  ✅ Step processed successfully: 0 action(s)

📍 Step 118: Processing node [loop1] Loop Node (Type: 1, Traveled: true, Finished: false)
  🧠 Selecting relevant nodes from Global Tree...
  🤖 Calling LLM (Attempt 1)...

📊 Token Statistics:
   Prompt length: 6204 characters
   Estimated tokens: 1552 / 64000 (2.4%)
   ✅ Context usage is healthy

  ✅ Step processed successfully: 0 action(s)

📍 Step 119: Processing node [loop1] Loop Node (Type: 1, Traveled: true, Finished: false)
  🧠 Selecting relevant nodes from Global Tree...
  🤖 Calling LLM (Attempt 1)...

📊 Token Statistics:
   Prompt length: 6204 characters
   Estimated tokens: 1552 / 64000 (2.4%)
   ✅ Context usage is healthy

  ✅ Step processed successfully: 0 action(s)

📍 Step 120: Processing node [loop1] Loop Node (Type: 1, Traveled: true, Finished: false)
  🧠 Selecting relevant nodes from Global Tree...
  🤖 Calling LLM (Attempt 1)...

📊 Token Statistics:
   Prompt length: 6204 characters
   Estimated tokens: 1552 / 64000 (2.4%)
   ✅ Context usage is healthy

  ✅ Step processed successfully: 0 action(s)

📍 Step 121: Processing node [loop1] Loop Node (Type: 1, Traveled: true, Finished: false)
  🧠 Selecting relevant nodes from Global Tree...
  🤖 Calling LLM (Attempt 1)...

📊 Token Statistics:
   Prompt length: 6204 characters
   Estimated tokens: 1552 / 64000 (2.4%)
   ✅ Context usage is healthy

  ✅ Step processed successfully: 0 action(s)

📍 Step 122: Processing node [loop1] Loop Node (Type: 1, Traveled: true, Finished: false)
  🧠 Selecting relevant nodes from Global Tree...
  🤖 Calling LLM (Attempt 1)...

📊 Token Statistics:
   Prompt length: 6204 characters
   Estimated tokens: 1552 / 64000 (2.4%)
   ✅ Context usage is healthy

  ✅ Step processed successfully: 0 action(s)

📍 Step 123: Processing node [loop1] Loop Node (Type: 1, Traveled: true, Finished: false)
  🧠 Selecting relevant nodes from Global Tree...
  🤖 Calling LLM (Attempt 1)...

📊 Token Statistics:
   Prompt length: 6204 characters
   Estimated tokens: 1552 / 64000 (2.4%)
   ✅ Context usage is healthy

  ✅ Step processed successfully: 0 action(s)

📍 Step 124: Processing node [loop1] Loop Node (Type: 1, Traveled: true, Finished: false)
  🧠 Selecting relevant nodes from Global Tree...
  🤖 Calling LLM (Attempt 1)...

📊 Token Statistics:
   Prompt length: 6204 characters
   Estimated tokens: 1552 / 64000 (2.4%)
   ✅ Context usage is healthy

  ✅ Step processed successfully: 0 action(s)

📍 Step 125: Processing node [loop1] Loop Node (Type: 1, Traveled: true, Finished: false)
  🧠 Selecting relevant nodes from Global Tree...
  🤖 Calling LLM (Attempt 1)...

📊 Token Statistics:
   Prompt length: 6204 characters
   Estimated tokens: 1552 / 64000 (2.4%)
   ✅ Context usage is healthy

  ✅ Step processed successfully: 0 action(s)

📍 Step 126: Processing node [loop1] Loop Node (Type: 1, Traveled: true, Finished: false)
  🧠 Selecting relevant nodes from Global Tree...
  🤖 Calling LLM (Attempt 1)...

📊 Token Statistics:
   Prompt length: 6204 characters
   Estimated tokens: 1552 / 64000 (2.4%)
   ✅ Context usage is healthy

  ✅ Step processed successfully: 0 action(s)

📍 Step 127: Processing node [loop1] Loop Node (Type: 1, Traveled: true, Finished: false)
  🧠 Selecting relevant nodes from Global Tree...
  🤖 Calling LLM (Attempt 1)...

📊 Token Statistics:
   Prompt length: 6204 characters
   Estimated tokens: 1552 / 64000 (2.4%)
   ✅ Context usage is healthy

  ✅ Step processed successfully: 0 action(s)

📍 Step 128: Processing node [loop1] Loop Node (Type: 1, Traveled: true, Finished: false)
  🧠 Selecting relevant nodes from Global Tree...
  🤖 Calling LLM (Attempt 1)...

📊 Token Statistics:
   Prompt length: 6204 characters
   Estimated tokens: 1552 / 64000 (2.4%)
   ✅ Context usage is healthy

  ✅ Step processed successfully: 0 action(s)

📍 Step 129: Processing node [loop1] Loop Node (Type: 1, Traveled: true, Finished: false)
  🧠 Selecting relevant nodes from Global Tree...
  🤖 Calling LLM (Attempt 1)...

📊 Token Statistics:
   Prompt length: 6204 characters
   Estimated tokens: 1552 / 64000 (2.4%)
   ✅ Context usage is healthy

  ✅ Step processed successfully: 0 action(s)

📍 Step 130: Processing node [loop1] Loop Node (Type: 1, Traveled: true, Finished: false)
  🧠 Selecting relevant nodes from Global Tree...
  🤖 Calling LLM (Attempt 1)...

📊 Token Statistics:
   Prompt length: 6204 characters
   Estimated tokens: 1552 / 64000 (2.4%)
   ✅ Context usage is healthy

  ✅ Step processed successfully: 0 action(s)

📍 Step 131: Processing node [loop1] Loop Node (Type: 1, Traveled: true, Finished: false)
  🧠 Selecting relevant nodes from Global Tree...
  🤖 Calling LLM (Attempt 1)...

📊 Token Statistics:
   Prompt length: 6204 characters
   Estimated tokens: 1552 / 64000 (2.4%)
   ✅ Context usage is healthy

  ✅ Step processed successfully: 0 action(s)

📍 Step 132: Processing node [loop1] Loop Node (Type: 1, Traveled: true, Finished: false)
  🧠 Selecting relevant nodes from Global Tree...
  🤖 Calling LLM (Attempt 1)...

📊 Token Statistics:
   Prompt length: 6204 characters
   Estimated tokens: 1552 / 64000 (2.4%)
   ✅ Context usage is healthy

  ✅ Step processed successfully: 0 action(s)

📍 Step 133: Processing node [loop1] Loop Node (Type: 1, Traveled: true, Finished: false)
  🧠 Selecting relevant nodes from Global Tree...
  🤖 Calling LLM (Attempt 1)...

📊 Token Statistics:
   Prompt length: 6204 characters
   Estimated tokens: 1552 / 64000 (2.4%)
   ✅ Context usage is healthy

  ✅ Step processed successfully: 0 action(s)

📍 Step 134: Processing node [loop1] Loop Node (Type: 1, Traveled: true, Finished: false)
  🧠 Selecting relevant nodes from Global Tree...
  🤖 Calling LLM (Attempt 1)...

📊 Token Statistics:
   Prompt length: 6204 characters
   Estimated tokens: 1552 / 64000 (2.4%)
   ✅ Context usage is healthy

  ✅ Step processed successfully: 0 action(s)

📍 Step 135: Processing node [loop1] Loop Node (Type: 1, Traveled: true, Finished: false)
  🧠 Selecting relevant nodes from Global Tree...
  🤖 Calling LLM (Attempt 1)...

📊 Token Statistics:
   Prompt length: 6204 characters
   Estimated tokens: 1552 / 64000 (2.4%)
   ✅ Context usage is healthy

  ✅ Step processed successfully: 0 action(s)

📍 Step 136: Processing node [loop1] Loop Node (Type: 1, Traveled: true, Finished: false)
  🧠 Selecting relevant nodes from Global Tree...
  🤖 Calling LLM (Attempt 1)...

📊 Token Statistics:
   Prompt length: 6204 characters
   Estimated tokens: 1552 / 64000 (2.4%)
   ✅ Context usage is healthy

  ✅ Step processed successfully: 0 action(s)

📍 Step 137: Processing node [loop1] Loop Node (Type: 1, Traveled: true, Finished: false)
  🧠 Selecting relevant nodes from Global Tree...
  🤖 Calling LLM (Attempt 1)...

📊 Token Statistics:
   Prompt length: 6204 characters
   Estimated tokens: 1552 / 64000 (2.4%)
   ✅ Context usage is healthy

  ✅ Step processed successfully: 0 action(s)

📍 Step 138: Processing node [loop1] Loop Node (Type: 1, Traveled: true, Finished: false)
  🧠 Selecting relevant nodes from Global Tree...
  🤖 Calling LLM (Attempt 1)...

📊 Token Statistics:
   Prompt length: 6204 characters
   Estimated tokens: 1552 / 64000 (2.4%)
   ✅ Context usage is healthy

  ✅ Step processed successfully: 0 action(s)

📍 Step 139: Processing node [loop1] Loop Node (Type: 1, Traveled: true, Finished: false)
  🧠 Selecting relevant nodes from Global Tree...
  🤖 Calling LLM (Attempt 1)...

📊 Token Statistics:
   Prompt length: 6204 characters
   Estimated tokens: 1552 / 64000 (2.4%)
   ✅ Context usage is healthy

  ✅ Step processed successfully: 0 action(s)

📍 Step 140: Processing node [loop1] Loop Node (Type: 1, Traveled: true, Finished: false)
  🧠 Selecting relevant nodes from Global Tree...
  🤖 Calling LLM (Attempt 1)...

📊 Token Statistics:
   Prompt length: 6204 characters
   Estimated tokens: 1552 / 64000 (2.4%)
   ✅ Context usage is healthy

  ✅ Step processed successfully: 0 action(s)

📍 Step 141: Processing node [loop1] Loop Node (Type: 1, Traveled: true, Finished: false)
  🧠 Selecting relevant nodes from Global Tree...
  🤖 Calling LLM (Attempt 1)...

📊 Token Statistics:
   Prompt length: 6204 characters
   Estimated tokens: 1552 / 64000 (2.4%)
   ✅ Context usage is healthy

  ✅ Step processed successfully: 0 action(s)

📍 Step 142: Processing node [loop1] Loop Node (Type: 1, Traveled: true, Finished: false)
  🧠 Selecting relevant nodes from Global Tree...
  🤖 Calling LLM (Attempt 1)...

📊 Token Statistics:
   Prompt length: 6204 characters
   Estimated tokens: 1552 / 64000 (2.4%)
   ✅ Context usage is healthy

  ✅ Step processed successfully: 0 action(s)

📍 Step 143: Processing node [loop1] Loop Node (Type: 1, Traveled: true, Finished: false)
  🧠 Selecting relevant nodes from Global Tree...
  🤖 Calling LLM (Attempt 1)...

📊 Token Statistics:
   Prompt length: 6204 characters
   Estimated tokens: 1552 / 64000 (2.4%)
   ✅ Context usage is healthy

  ✅ Step processed successfully: 0 action(s)

📍 Step 144: Processing node [loop1] Loop Node (Type: 1, Traveled: true, Finished: false)
  🧠 Selecting relevant nodes from Global Tree...
  🤖 Calling LLM (Attempt 1)...

📊 Token Statistics:
   Prompt length: 6204 characters
   Estimated tokens: 1552 / 64000 (2.4%)
   ✅ Context usage is healthy

  ✅ Step processed successfully: 0 action(s)

📍 Step 145: Processing node [loop1] Loop Node (Type: 1, Traveled: true, Finished: false)
  🧠 Selecting relevant nodes from Global Tree...
  🤖 Calling LLM (Attempt 1)...

📊 Token Statistics:
   Prompt length: 6204 characters
   Estimated tokens: 1552 / 64000 (2.4%)
   ✅ Context usage is healthy

  ✅ Step processed successfully: 0 action(s)

📍 Step 146: Processing node [loop1] Loop Node (Type: 1, Traveled: true, Finished: false)
  🧠 Selecting relevant nodes from Global Tree...
  🤖 Calling LLM (Attempt 1)...

📊 Token Statistics:
   Prompt length: 6204 characters
   Estimated tokens: 1552 / 64000 (2.4%)
   ✅ Context usage is healthy

  ✅ Step processed successfully: 0 action(s)

📍 Step 147: Processing node [loop1] Loop Node (Type: 1, Traveled: true, Finished: false)
  🧠 Selecting relevant nodes from Global Tree...
  🤖 Calling LLM (Attempt 1)...

📊 Token Statistics:
   Prompt length: 6204 characters
   Estimated tokens: 1552 / 64000 (2.4%)
   ✅ Context usage is healthy

  ✅ Step processed successfully: 0 action(s)

📍 Step 148: Processing node [loop1] Loop Node (Type: 1, Traveled: true, Finished: false)
  🧠 Selecting relevant nodes from Global Tree...
  🤖 Calling LLM (Attempt 1)...

📊 Token Statistics:
   Prompt length: 6204 characters
   Estimated tokens: 1552 / 64000 (2.4%)
   ✅ Context usage is healthy

  ✅ Step processed successfully: 0 action(s)

📍 Step 149: Processing node [loop1] Loop Node (Type: 1, Traveled: true, Finished: false)
  🧠 Selecting relevant nodes from Global Tree...
  🤖 Calling LLM (Attempt 1)...

📊 Token Statistics:
   Prompt length: 6204 characters
   Estimated tokens: 1552 / 64000 (2.4%)
   ✅ Context usage is healthy

  ✅ Step processed successfully: 0 action(s)

📍 Step 150: Processing node [loop1] Loop Node (Type: 1, Traveled: true, Finished: false)
  🧠 Selecting relevant nodes from Global Tree...
  🤖 Calling LLM (Attempt 1)...

📊 Token Statistics:
   Prompt length: 6204 characters
   Estimated tokens: 1552 / 64000 (2.4%)
   ✅ Context usage is healthy

  ✅ Step processed successfully: 0 action(s)

📍 Step 151: Processing node [loop1] Loop Node (Type: 1, Traveled: true, Finished: false)
  🧠 Selecting relevant nodes from Global Tree...
  🤖 Calling LLM (Attempt 1)...

📊 Token Statistics:
   Prompt length: 6204 characters
   Estimated tokens: 1552 / 64000 (2.4%)
   ✅ Context usage is healthy

  ✅ Step processed successfully: 0 action(s)

📍 Step 152: Processing node [loop1] Loop Node (Type: 1, Traveled: true, Finished: false)
  🧠 Selecting relevant nodes from Global Tree...
  🤖 Calling LLM (Attempt 1)...

📊 Token Statistics:
   Prompt length: 6204 characters
   Estimated tokens: 1552 / 64000 (2.4%)
   ✅ Context usage is healthy

  ✅ Step processed successfully: 0 action(s)

📍 Step 153: Processing node [loop1] Loop Node (Type: 1, Traveled: true, Finished: false)
  🧠 Selecting relevant nodes from Global Tree...
  🤖 Calling LLM (Attempt 1)...

📊 Token Statistics:
   Prompt length: 6204 characters
   Estimated tokens: 1552 / 64000 (2.4%)
   ✅ Context usage is healthy

  ✅ Step processed successfully: 0 action(s)

📍 Step 154: Processing node [loop1] Loop Node (Type: 1, Traveled: true, Finished: false)
  🧠 Selecting relevant nodes from Global Tree...
  🤖 Calling LLM (Attempt 1)...

📊 Token Statistics:
   Prompt length: 6204 characters
   Estimated tokens: 1552 / 64000 (2.4%)
   ✅ Context usage is healthy

  ✅ Step processed successfully: 0 action(s)

📍 Step 155: Processing node [loop1] Loop Node (Type: 1, Traveled: true, Finished: false)
  🧠 Selecting relevant nodes from Global Tree...
  🤖 Calling LLM (Attempt 1)...

📊 Token Statistics:
   Prompt length: 6204 characters
   Estimated tokens: 1552 / 64000 (2.4%)
   ✅ Context usage is healthy

  ✅ Step processed successfully: 0 action(s)

📍 Step 156: Processing node [loop1] Loop Node (Type: 1, Traveled: true, Finished: false)
  🧠 Selecting relevant nodes from Global Tree...
  🤖 Calling LLM (Attempt 1)...

📊 Token Statistics:
   Prompt length: 6204 characters
   Estimated tokens: 1552 / 64000 (2.4%)
   ✅ Context usage is healthy

  ✅ Step processed successfully: 0 action(s)

📍 Step 157: Processing node [loop1] Loop Node (Type: 1, Traveled: true, Finished: false)
  🧠 Selecting relevant nodes from Global Tree...
  🤖 Calling LLM (Attempt 1)...

📊 Token Statistics:
   Prompt length: 6204 characters
   Estimated tokens: 1552 / 64000 (2.4%)
   ✅ Context usage is healthy

  ✅ Step processed successfully: 0 action(s)

📍 Step 158: Processing node [loop1] Loop Node (Type: 1, Traveled: true, Finished: false)
  🧠 Selecting relevant nodes from Global Tree...
  🤖 Calling LLM (Attempt 1)...

📊 Token Statistics:
   Prompt length: 6204 characters
   Estimated tokens: 1552 / 64000 (2.4%)
   ✅ Context usage is healthy

  ✅ Step processed successfully: 0 action(s)

📍 Step 159: Processing node [loop1] Loop Node (Type: 1, Traveled: true, Finished: false)
  🧠 Selecting relevant nodes from Global Tree...
  🤖 Calling LLM (Attempt 1)...

📊 Token Statistics:
   Prompt length: 6204 characters
   Estimated tokens: 1552 / 64000 (2.4%)
   ✅ Context usage is healthy

  ✅ Step processed successfully: 0 action(s)

📍 Step 160: Processing node [loop1] Loop Node (Type: 1, Traveled: true, Finished: false)
  🧠 Selecting relevant nodes from Global Tree...
  🤖 Calling LLM (Attempt 1)...

📊 Token Statistics:
   Prompt length: 6204 characters
   Estimated tokens: 1552 / 64000 (2.4%)
   ✅ Context usage is healthy

  ✅ Step processed successfully: 0 action(s)

📍 Step 161: Processing node [loop1] Loop Node (Type: 1, Traveled: true, Finished: false)
  🧠 Selecting relevant nodes from Global Tree...
  🤖 Calling LLM (Attempt 1)...

📊 Token Statistics:
   Prompt length: 6204 characters
   Estimated tokens: 1552 / 64000 (2.4%)
   ✅ Context usage is healthy

  ✅ Step processed successfully: 0 action(s)

📍 Step 162: Processing node [loop1] Loop Node (Type: 1, Traveled: true, Finished: false)
  🧠 Selecting relevant nodes from Global Tree...
  🤖 Calling LLM (Attempt 1)...

📊 Token Statistics:
   Prompt length: 6204 characters
   Estimated tokens: 1552 / 64000 (2.4%)
   ✅ Context usage is healthy

  ✅ Step processed successfully: 0 action(s)

📍 Step 163: Processing node [loop1] Loop Node (Type: 1, Traveled: true, Finished: false)
  🧠 Selecting relevant nodes from Global Tree...
  🤖 Calling LLM (Attempt 1)...

📊 Token Statistics:
   Prompt length: 6204 characters
   Estimated tokens: 1552 / 64000 (2.4%)
   ✅ Context usage is healthy

  ✅ Step processed successfully: 0 action(s)

📍 Step 164: Processing node [loop1] Loop Node (Type: 1, Traveled: true, Finished: false)
  🧠 Selecting relevant nodes from Global Tree...
  🤖 Calling LLM (Attempt 1)...

📊 Token Statistics:
   Prompt length: 6204 characters
   Estimated tokens: 1552 / 64000 (2.4%)
   ✅ Context usage is healthy

  ✅ Step processed successfully: 0 action(s)

📍 Step 165: Processing node [loop1] Loop Node (Type: 1, Traveled: true, Finished: false)
  🧠 Selecting relevant nodes from Global Tree...
  🤖 Calling LLM (Attempt 1)...

📊 Token Statistics:
   Prompt length: 6204 characters
   Estimated tokens: 1552 / 64000 (2.4%)
   ✅ Context usage is healthy

  ✅ Step processed successfully: 0 action(s)

📍 Step 166: Processing node [loop1] Loop Node (Type: 1, Traveled: true, Finished: false)
  🧠 Selecting relevant nodes from Global Tree...
  🤖 Calling LLM (Attempt 1)...

📊 Token Statistics:
   Prompt length: 6204 characters
   Estimated tokens: 1552 / 64000 (2.4%)
   ✅ Context usage is healthy

  ✅ Step processed successfully: 0 action(s)

📍 Step 167: Processing node [loop1] Loop Node (Type: 1, Traveled: true, Finished: false)
  🧠 Selecting relevant nodes from Global Tree...
  🤖 Calling LLM (Attempt 1)...

📊 Token Statistics:
   Prompt length: 6204 characters
   Estimated tokens: 1552 / 64000 (2.4%)
   ✅ Context usage is healthy

  ✅ Step processed successfully: 0 action(s)

📍 Step 168: Processing node [loop1] Loop Node (Type: 1, Traveled: true, Finished: false)
  🧠 Selecting relevant nodes from Global Tree...
  🤖 Calling LLM (Attempt 1)...

📊 Token Statistics:
   Prompt length: 6204 characters
   Estimated tokens: 1552 / 64000 (2.4%)
   ✅ Context usage is healthy

  ✅ Step processed successfully: 0 action(s)

📍 Step 169: Processing node [loop1] Loop Node (Type: 1, Traveled: true, Finished: false)
  🧠 Selecting relevant nodes from Global Tree...
  🤖 Calling LLM (Attempt 1)...

📊 Token Statistics:
   Prompt length: 6204 characters
   Estimated tokens: 1552 / 64000 (2.4%)
   ✅ Context usage is healthy

  ✅ Step processed successfully: 0 action(s)

📍 Step 170: Processing node [loop1] Loop Node (Type: 1, Traveled: true, Finished: false)
  🧠 Selecting relevant nodes from Global Tree...
  🤖 Calling LLM (Attempt 1)...

📊 Token Statistics:
   Prompt length: 6204 characters
   Estimated tokens: 1552 / 64000 (2.4%)
   ✅ Context usage is healthy

  ✅ Step processed successfully: 0 action(s)

📍 Step 171: Processing node [loop1] Loop Node (Type: 1, Traveled: true, Finished: false)
  🧠 Selecting relevant nodes from Global Tree...
  🤖 Calling LLM (Attempt 1)...

📊 Token Statistics:
   Prompt length: 6204 characters
   Estimated tokens: 1552 / 64000 (2.4%)
   ✅ Context usage is healthy

  ✅ Step processed successfully: 0 action(s)

📍 Step 172: Processing node [loop1] Loop Node (Type: 1, Traveled: true, Finished: false)
  🧠 Selecting relevant nodes from Global Tree...
  🤖 Calling LLM (Attempt 1)...

📊 Token Statistics:
   Prompt length: 6204 characters
   Estimated tokens: 1552 / 64000 (2.4%)
   ✅ Context usage is healthy

  ✅ Step processed successfully: 0 action(s)

📍 Step 173: Processing node [loop1] Loop Node (Type: 1, Traveled: true, Finished: false)
  🧠 Selecting relevant nodes from Global Tree...
  🤖 Calling LLM (Attempt 1)...

📊 Token Statistics:
   Prompt length: 6204 characters
   Estimated tokens: 1552 / 64000 (2.4%)
   ✅ Context usage is healthy

  ✅ Step processed successfully: 0 action(s)

📍 Step 174: Processing node [loop1] Loop Node (Type: 1, Traveled: true, Finished: false)
  🧠 Selecting relevant nodes from Global Tree...
  🤖 Calling LLM (Attempt 1)...

📊 Token Statistics:
   Prompt length: 6204 characters
   Estimated tokens: 1552 / 64000 (2.4%)
   ✅ Context usage is healthy

  ✅ Step processed successfully: 0 action(s)

📍 Step 175: Processing node [loop1] Loop Node (Type: 1, Traveled: true, Finished: false)
  🧠 Selecting relevant nodes from Global Tree...
  🤖 Calling LLM (Attempt 1)...

📊 Token Statistics:
   Prompt length: 6204 characters
   Estimated tokens: 1552 / 64000 (2.4%)
   ✅ Context usage is healthy

  ✅ Step processed successfully: 0 action(s)

📍 Step 176: Processing node [loop1] Loop Node (Type: 1, Traveled: true, Finished: false)
  🧠 Selecting relevant nodes from Global Tree...
  🤖 Calling LLM (Attempt 1)...

📊 Token Statistics:
   Prompt length: 6204 characters
   Estimated tokens: 1552 / 64000 (2.4%)
   ✅ Context usage is healthy

  ✅ Step processed successfully: 0 action(s)

📍 Step 177: Processing node [loop1] Loop Node (Type: 1, Traveled: true, Finished: false)
  🧠 Selecting relevant nodes from Global Tree...
  🤖 Calling LLM (Attempt 1)...

📊 Token Statistics:
   Prompt length: 6204 characters
   Estimated tokens: 1552 / 64000 (2.4%)
   ✅ Context usage is healthy

  ✅ Step processed successfully: 0 action(s)

📍 Step 178: Processing node [loop1] Loop Node (Type: 1, Traveled: true, Finished: false)
  🧠 Selecting relevant nodes from Global Tree...
  🤖 Calling LLM (Attempt 1)...

📊 Token Statistics:
   Prompt length: 6204 characters
   Estimated tokens: 1552 / 64000 (2.4%)
   ✅ Context usage is healthy

  ✅ Step processed successfully: 0 action(s)

📍 Step 179: Processing node [loop1] Loop Node (Type: 1, Traveled: true, Finished: false)
  🧠 Selecting relevant nodes from Global Tree...
  🤖 Calling LLM (Attempt 1)...

📊 Token Statistics:
   Prompt length: 6204 characters
   Estimated tokens: 1552 / 64000 (2.4%)
   ✅ Context usage is healthy

  ✅ Step processed successfully: 0 action(s)

📍 Step 180: Processing node [loop1] Loop Node (Type: 1, Traveled: true, Finished: false)
  🧠 Selecting relevant nodes from Global Tree...
  🤖 Calling LLM (Attempt 1)...

📊 Token Statistics:
   Prompt length: 6204 characters
   Estimated tokens: 1552 / 64000 (2.4%)
   ✅ Context usage is healthy

  ✅ Step processed successfully: 0 action(s)

📍 Step 181: Processing node [loop1] Loop Node (Type: 1, Traveled: true, Finished: false)
  🧠 Selecting relevant nodes from Global Tree...
  🤖 Calling LLM (Attempt 1)...

📊 Token Statistics:
   Prompt length: 6204 characters
   Estimated tokens: 1552 / 64000 (2.4%)
   ✅ Context usage is healthy

  ✅ Step processed successfully: 0 action(s)

📍 Step 182: Processing node [loop1] Loop Node (Type: 1, Traveled: true, Finished: false)
  🧠 Selecting relevant nodes from Global Tree...
  🤖 Calling LLM (Attempt 1)...

📊 Token Statistics:
   Prompt length: 6204 characters
   Estimated tokens: 1552 / 64000 (2.4%)
   ✅ Context usage is healthy

  ✅ Step processed successfully: 0 action(s)

📍 Step 183: Processing node [loop1] Loop Node (Type: 1, Traveled: true, Finished: false)
  🧠 Selecting relevant nodes from Global Tree...
  🤖 Calling LLM (Attempt 1)...

📊 Token Statistics:
   Prompt length: 6204 characters
   Estimated tokens: 1552 / 64000 (2.4%)
   ✅ Context usage is healthy

  ✅ Step processed successfully: 0 action(s)

📍 Step 184: Processing node [loop1] Loop Node (Type: 1, Traveled: true, Finished: false)
  🧠 Selecting relevant nodes from Global Tree...
  🤖 Calling LLM (Attempt 1)...

📊 Token Statistics:
   Prompt length: 6204 characters
   Estimated tokens: 1552 / 64000 (2.4%)
   ✅ Context usage is healthy

  ✅ Step processed successfully: 0 action(s)

📍 Step 185: Processing node [loop1] Loop Node (Type: 1, Traveled: true, Finished: false)
  🧠 Selecting relevant nodes from Global Tree...
  🤖 Calling LLM (Attempt 1)...

📊 Token Statistics:
   Prompt length: 6204 characters
   Estimated tokens: 1552 / 64000 (2.4%)
   ✅ Context usage is healthy

  ✅ Step processed successfully: 0 action(s)

📍 Step 186: Processing node [loop1] Loop Node (Type: 1, Traveled: true, Finished: false)
  🧠 Selecting relevant nodes from Global Tree...
  🤖 Calling LLM (Attempt 1)...

📊 Token Statistics:
   Prompt length: 6204 characters
   Estimated tokens: 1552 / 64000 (2.4%)
   ✅ Context usage is healthy

  ✅ Step processed successfully: 0 action(s)

📍 Step 187: Processing node [loop1] Loop Node (Type: 1, Traveled: true, Finished: false)
  🧠 Selecting relevant nodes from Global Tree...
  🤖 Calling LLM (Attempt 1)...

📊 Token Statistics:
   Prompt length: 6204 characters
   Estimated tokens: 1552 / 64000 (2.4%)
   ✅ Context usage is healthy

  ✅ Step processed successfully: 0 action(s)

📍 Step 188: Processing node [loop1] Loop Node (Type: 1, Traveled: true, Finished: false)
  🧠 Selecting relevant nodes from Global Tree...
  🤖 Calling LLM (Attempt 1)...

📊 Token Statistics:
   Prompt length: 6204 characters
   Estimated tokens: 1552 / 64000 (2.4%)
   ✅ Context usage is healthy

  ✅ Step processed successfully: 0 action(s)

📍 Step 189: Processing node [loop1] Loop Node (Type: 1, Traveled: true, Finished: false)
  🧠 Selecting relevant nodes from Global Tree...
  🤖 Calling LLM (Attempt 1)...

📊 Token Statistics:
   Prompt length: 6204 characters
   Estimated tokens: 1552 / 64000 (2.4%)
   ✅ Context usage is healthy

  ✅ Step processed successfully: 0 action(s)

📍 Step 190: Processing node [loop1] Loop Node (Type: 1, Traveled: true, Finished: false)
  🧠 Selecting relevant nodes from Global Tree...
  🤖 Calling LLM (Attempt 1)...

📊 Token Statistics:
   Prompt length: 6204 characters
   Estimated tokens: 1552 / 64000 (2.4%)
   ✅ Context usage is healthy

  ✅ Step processed successfully: 0 action(s)

📍 Step 191: Processing node [loop1] Loop Node (Type: 1, Traveled: true, Finished: false)
  🧠 Selecting relevant nodes from Global Tree...
  🤖 Calling LLM (Attempt 1)...

📊 Token Statistics:
   Prompt length: 6204 characters
   Estimated tokens: 1552 / 64000 (2.4%)
   ✅ Context usage is healthy

  ✅ Step processed successfully: 0 action(s)

📍 Step 192: Processing node [loop1] Loop Node (Type: 1, Traveled: true, Finished: false)
  🧠 Selecting relevant nodes from Global Tree...
  🤖 Calling LLM (Attempt 1)...

📊 Token Statistics:
   Prompt length: 6204 characters
   Estimated tokens: 1552 / 64000 (2.4%)
   ✅ Context usage is healthy

  ✅ Step processed successfully: 0 action(s)

📍 Step 193: Processing node [loop1] Loop Node (Type: 1, Traveled: true, Finished: false)
  🧠 Selecting relevant nodes from Global Tree...
  🤖 Calling LLM (Attempt 1)...

📊 Token Statistics:
   Prompt length: 6204 characters
   Estimated tokens: 1552 / 64000 (2.4%)
   ✅ Context usage is healthy

  ✅ Step processed successfully: 0 action(s)

📍 Step 194: Processing node [loop1] Loop Node (Type: 1, Traveled: true, Finished: false)
  🧠 Selecting relevant nodes from Global Tree...
  🤖 Calling LLM (Attempt 1)...

📊 Token Statistics:
   Prompt length: 6204 characters
   Estimated tokens: 1552 / 64000 (2.4%)
   ✅ Context usage is healthy

  ✅ Step processed successfully: 0 action(s)

📍 Step 195: Processing node [loop1] Loop Node (Type: 1, Traveled: true, Finished: false)
  🧠 Selecting relevant nodes from Global Tree...
  🤖 Calling LLM (Attempt 1)...

📊 Token Statistics:
   Prompt length: 6204 characters
   Estimated tokens: 1552 / 64000 (2.4%)
   ✅ Context usage is healthy

  ✅ Step processed successfully: 0 action(s)

📍 Step 196: Processing node [loop1] Loop Node (Type: 1, Traveled: true, Finished: false)
  🧠 Selecting relevant nodes from Global Tree...
  🤖 Calling LLM (Attempt 1)...

📊 Token Statistics:
   Prompt length: 6204 characters
   Estimated tokens: 1552 / 64000 (2.4%)
   ✅ Context usage is healthy

  ✅ Step processed successfully: 0 action(s)

📍 Step 197: Processing node [loop1] Loop Node (Type: 1, Traveled: true, Finished: false)
  🧠 Selecting relevant nodes from Global Tree...
  🤖 Calling LLM (Attempt 1)...

📊 Token Statistics:
   Prompt length: 6204 characters
   Estimated tokens: 1552 / 64000 (2.4%)
   ✅ Context usage is healthy

  ✅ Step processed successfully: 0 action(s)

📍 Step 198: Processing node [loop1] Loop Node (Type: 1, Traveled: true, Finished: false)
  🧠 Selecting relevant nodes from Global Tree...
  🤖 Calling LLM (Attempt 1)...

📊 Token Statistics:
   Prompt length: 6204 characters
   Estimated tokens: 1552 / 64000 (2.4%)
   ✅ Context usage is healthy

  ✅ Step processed successfully: 0 action(s)

📍 Step 199: Processing node [loop1] Loop Node (Type: 1, Traveled: true, Finished: false)
  🧠 Selecting relevant nodes from Global Tree...
  🤖 Calling LLM (Attempt 1)...

📊 Token Statistics:
   Prompt length: 6204 characters
   Estimated tokens: 1552 / 64000 (2.4%)
   ✅ Context usage is healthy

  ✅ Step processed successfully: 0 action(s)

📍 Step 200: Processing node [loop1] Loop Node (Type: 1, Traveled: true, Finished: false)
  🧠 Selecting relevant nodes from Global Tree...
  🤖 Calling LLM (Attempt 1)...

📊 Token Statistics:
   Prompt length: 6204 characters
   Estimated tokens: 1552 / 64000 (2.4%)
   ✅ Context usage is healthy

  ✅ Step processed successfully: 0 action(s)

📍 Step 201: Processing node [loop1] Loop Node (Type: 1, Traveled: true, Finished: false)
  🧠 Selecting relevant nodes from Global Tree...
  🤖 Calling LLM (Attempt 1)...

📊 Token Statistics:
   Prompt length: 6204 characters
   Estimated tokens: 1552 / 64000 (2.4%)
   ✅ Context usage is healthy

  ✅ Step processed successfully: 0 action(s)

📍 Step 202: Processing node [loop1] Loop Node (Type: 1, Traveled: true, Finished: false)
  🧠 Selecting relevant nodes from Global Tree...
  🤖 Calling LLM (Attempt 1)...

📊 Token Statistics:
   Prompt length: 6204 characters
   Estimated tokens: 1552 / 64000 (2.4%)
   ✅ Context usage is healthy

  ✅ Step processed successfully: 0 action(s)

📍 Step 203: Processing node [loop1] Loop Node (Type: 1, Traveled: true, Finished: false)
  🧠 Selecting relevant nodes from Global Tree...
  🤖 Calling LLM (Attempt 1)...

📊 Token Statistics:
   Prompt length: 6204 characters
   Estimated tokens: 1552 / 64000 (2.4%)
   ✅ Context usage is healthy

  ✅ Step processed successfully: 0 action(s)

📍 Step 204: Processing node [loop1] Loop Node (Type: 1, Traveled: true, Finished: false)
  🧠 Selecting relevant nodes from Global Tree...
  🤖 Calling LLM (Attempt 1)...

📊 Token Statistics:
   Prompt length: 6204 characters
   Estimated tokens: 1552 / 64000 (2.4%)
   ✅ Context usage is healthy

  ✅ Step processed successfully: 0 action(s)

📍 Step 205: Processing node [loop1] Loop Node (Type: 1, Traveled: true, Finished: false)
  🧠 Selecting relevant nodes from Global Tree...
  🤖 Calling LLM (Attempt 1)...

📊 Token Statistics:
   Prompt length: 6204 characters
   Estimated tokens: 1552 / 64000 (2.4%)
   ✅ Context usage is healthy

  ✅ Step processed successfully: 0 action(s)

📍 Step 206: Processing node [loop1] Loop Node (Type: 1, Traveled: true, Finished: false)
  🧠 Selecting relevant nodes from Global Tree...
  🤖 Calling LLM (Attempt 1)...

📊 Token Statistics:
   Prompt length: 6204 characters
   Estimated tokens: 1552 / 64000 (2.4%)
   ✅ Context usage is healthy

  ✅ Step processed successfully: 0 action(s)

📍 Step 207: Processing node [loop1] Loop Node (Type: 1, Traveled: true, Finished: false)
  🧠 Selecting relevant nodes from Global Tree...
  🤖 Calling LLM (Attempt 1)...

📊 Token Statistics:
   Prompt length: 6204 characters
   Estimated tokens: 1552 / 64000 (2.4%)
   ✅ Context usage is healthy

  ✅ Step processed successfully: 0 action(s)

📍 Step 208: Processing node [loop1] Loop Node (Type: 1, Traveled: true, Finished: false)
  🧠 Selecting relevant nodes from Global Tree...
  🤖 Calling LLM (Attempt 1)...

📊 Token Statistics:
   Prompt length: 6204 characters
   Estimated tokens: 1552 / 64000 (2.4%)
   ✅ Context usage is healthy

  ✅ Step processed successfully: 0 action(s)

📍 Step 209: Processing node [loop1] Loop Node (Type: 1, Traveled: true, Finished: false)
  🧠 Selecting relevant nodes from Global Tree...
  🤖 Calling LLM (Attempt 1)...

📊 Token Statistics:
   Prompt length: 6204 characters
   Estimated tokens: 1552 / 64000 (2.4%)
   ✅ Context usage is healthy

  ✅ Step processed successfully: 0 action(s)

📍 Step 210: Processing node [loop1] Loop Node (Type: 1, Traveled: true, Finished: false)
  🧠 Selecting relevant nodes from Global Tree...
  🤖 Calling LLM (Attempt 1)...

📊 Token Statistics:
   Prompt length: 6204 characters
   Estimated tokens: 1552 / 64000 (2.4%)
   ✅ Context usage is healthy

  ✅ Step processed successfully: 0 action(s)

📍 Step 211: Processing node [loop1] Loop Node (Type: 1, Traveled: true, Finished: false)
  🧠 Selecting relevant nodes from Global Tree...
  🤖 Calling LLM (Attempt 1)...

📊 Token Statistics:
   Prompt length: 6204 characters
   Estimated tokens: 1552 / 64000 (2.4%)
   ✅ Context usage is healthy

  ✅ Step processed successfully: 0 action(s)

📍 Step 212: Processing node [loop1] Loop Node (Type: 1, Traveled: true, Finished: false)
  🧠 Selecting relevant nodes from Global Tree...
  🤖 Calling LLM (Attempt 1)...

📊 Token Statistics:
   Prompt length: 6204 characters
   Estimated tokens: 1552 / 64000 (2.4%)
   ✅ Context usage is healthy

  ✅ Step processed successfully: 0 action(s)

📍 Step 213: Processing node [loop1] Loop Node (Type: 1, Traveled: true, Finished: false)
  🧠 Selecting relevant nodes from Global Tree...
  🤖 Calling LLM (Attempt 1)...

📊 Token Statistics:
   Prompt length: 6204 characters
   Estimated tokens: 1552 / 64000 (2.4%)
   ✅ Context usage is healthy

  ✅ Step processed successfully: 0 action(s)

📍 Step 214: Processing node [loop1] Loop Node (Type: 1, Traveled: true, Finished: false)
  🧠 Selecting relevant nodes from Global Tree...
  🤖 Calling LLM (Attempt 1)...

📊 Token Statistics:
   Prompt length: 6204 characters
   Estimated tokens: 1552 / 64000 (2.4%)
   ✅ Context usage is healthy

  ✅ Step processed successfully: 0 action(s)

📍 Step 215: Processing node [loop1] Loop Node (Type: 1, Traveled: true, Finished: false)
  🧠 Selecting relevant nodes from Global Tree...
  🤖 Calling LLM (Attempt 1)...

📊 Token Statistics:
   Prompt length: 6204 characters
   Estimated tokens: 1552 / 64000 (2.4%)
   ✅ Context usage is healthy

  ✅ Step processed successfully: 0 action(s)

📍 Step 216: Processing node [loop1] Loop Node (Type: 1, Traveled: true, Finished: false)
  🧠 Selecting relevant nodes from Global Tree...
  🤖 Calling LLM (Attempt 1)...

📊 Token Statistics:
   Prompt length: 6204 characters
   Estimated tokens: 1552 / 64000 (2.4%)
   ✅ Context usage is healthy

  ✅ Step processed successfully: 0 action(s)

📍 Step 217: Processing node [loop1] Loop Node (Type: 1, Traveled: true, Finished: false)
  🧠 Selecting relevant nodes from Global Tree...
  🤖 Calling LLM (Attempt 1)...

📊 Token Statistics:
   Prompt length: 6204 characters
   Estimated tokens: 1552 / 64000 (2.4%)
   ✅ Context usage is healthy

  ✅ Step processed successfully: 0 action(s)

📍 Step 218: Processing node [loop1] Loop Node (Type: 1, Traveled: true, Finished: false)
  🧠 Selecting relevant nodes from Global Tree...
  🤖 Calling LLM (Attempt 1)...

📊 Token Statistics:
   Prompt length: 6204 characters
   Estimated tokens: 1552 / 64000 (2.4%)
   ✅ Context usage is healthy

  ✅ Step processed successfully: 0 action(s)

📍 Step 219: Processing node [loop1] Loop Node (Type: 1, Traveled: true, Finished: false)
  🧠 Selecting relevant nodes from Global Tree...
  🤖 Calling LLM (Attempt 1)...

📊 Token Statistics:
   Prompt length: 6204 characters
   Estimated tokens: 1552 / 64000 (2.4%)
   ✅ Context usage is healthy

  ✅ Step processed successfully: 0 action(s)

📍 Step 220: Processing node [loop1] Loop Node (Type: 1, Traveled: true, Finished: false)
  🧠 Selecting relevant nodes from Global Tree...
  🤖 Calling LLM (Attempt 1)...

📊 Token Statistics:
   Prompt length: 6204 characters
   Estimated tokens: 1552 / 64000 (2.4%)
   ✅ Context usage is healthy

  ✅ Step processed successfully: 0 action(s)

📍 Step 221: Processing node [loop1] Loop Node (Type: 1, Traveled: true, Finished: false)
  🧠 Selecting relevant nodes from Global Tree...
  🤖 Calling LLM (Attempt 1)...

📊 Token Statistics:
   Prompt length: 6204 characters
   Estimated tokens: 1552 / 64000 (2.4%)
   ✅ Context usage is healthy

  ✅ Step processed successfully: 0 action(s)

📍 Step 222: Processing node [loop1] Loop Node (Type: 1, Traveled: true, Finished: false)
  🧠 Selecting relevant nodes from Global Tree...
  🤖 Calling LLM (Attempt 1)...

📊 Token Statistics:
   Prompt length: 6204 characters
   Estimated tokens: 1552 / 64000 (2.4%)
   ✅ Context usage is healthy

  ✅ Step processed successfully: 0 action(s)

📍 Step 223: Processing node [loop1] Loop Node (Type: 1, Traveled: true, Finished: false)
  🧠 Selecting relevant nodes from Global Tree...
  🤖 Calling LLM (Attempt 1)...

📊 Token Statistics:
   Prompt length: 6204 characters
   Estimated tokens: 1552 / 64000 (2.4%)
   ✅ Context usage is healthy

  ✅ Step processed successfully: 0 action(s)

📍 Step 224: Processing node [loop1] Loop Node (Type: 1, Traveled: true, Finished: false)
  🧠 Selecting relevant nodes from Global Tree...
  🤖 Calling LLM (Attempt 1)...

📊 Token Statistics:
   Prompt length: 6204 characters
   Estimated tokens: 1552 / 64000 (2.4%)
   ✅ Context usage is healthy

  ✅ Step processed successfully: 0 action(s)

📍 Step 225: Processing node [loop1] Loop Node (Type: 1, Traveled: true, Finished: false)
  🧠 Selecting relevant nodes from Global Tree...
  🤖 Calling LLM (Attempt 1)...

📊 Token Statistics:
   Prompt length: 6204 characters
   Estimated tokens: 1552 / 64000 (2.4%)
   ✅ Context usage is healthy

  ✅ Step processed successfully: 0 action(s)

📍 Step 226: Processing node [loop1] Loop Node (Type: 1, Traveled: true, Finished: false)
  🧠 Selecting relevant nodes from Global Tree...
  🤖 Calling LLM (Attempt 1)...

📊 Token Statistics:
   Prompt length: 6204 characters
   Estimated tokens: 1552 / 64000 (2.4%)
   ✅ Context usage is healthy

  ✅ Step processed successfully: 0 action(s)

📍 Step 227: Processing node [loop1] Loop Node (Type: 1, Traveled: true, Finished: false)
  🧠 Selecting relevant nodes from Global Tree...
  🤖 Calling LLM (Attempt 1)...

📊 Token Statistics:
   Prompt length: 6204 characters
   Estimated tokens: 1552 / 64000 (2.4%)
   ✅ Context usage is healthy

  ✅ Step processed successfully: 0 action(s)

📍 Step 228: Processing node [loop1] Loop Node (Type: 1, Traveled: true, Finished: false)
  🧠 Selecting relevant nodes from Global Tree...
  🤖 Calling LLM (Attempt 1)...

📊 Token Statistics:
   Prompt length: 6204 characters
   Estimated tokens: 1552 / 64000 (2.4%)
   ✅ Context usage is healthy

  ✅ Step processed successfully: 0 action(s)

📍 Step 229: Processing node [loop1] Loop Node (Type: 1, Traveled: true, Finished: false)
  🧠 Selecting relevant nodes from Global Tree...
  🤖 Calling LLM (Attempt 1)...

📊 Token Statistics:
   Prompt length: 6204 characters
   Estimated tokens: 1552 / 64000 (2.4%)
   ✅ Context usage is healthy

  ✅ Step processed successfully: 0 action(s)

📍 Step 230: Processing node [loop1] Loop Node (Type: 1, Traveled: true, Finished: false)
  🧠 Selecting relevant nodes from Global Tree...
  🤖 Calling LLM (Attempt 1)...

📊 Token Statistics:
   Prompt length: 6204 characters
   Estimated tokens: 1552 / 64000 (2.4%)
   ✅ Context usage is healthy

  ✅ Step processed successfully: 0 action(s)

📍 Step 231: Processing node [loop1] Loop Node (Type: 1, Traveled: true, Finished: false)
  🧠 Selecting relevant nodes from Global Tree...
  🤖 Calling LLM (Attempt 1)...

📊 Token Statistics:
   Prompt length: 6204 characters
   Estimated tokens: 1552 / 64000 (2.4%)
   ✅ Context usage is healthy

  ✅ Step processed successfully: 0 action(s)

📍 Step 232: Processing node [loop1] Loop Node (Type: 1, Traveled: true, Finished: false)
  🧠 Selecting relevant nodes from Global Tree...
  🤖 Calling LLM (Attempt 1)...

📊 Token Statistics:
   Prompt length: 6204 characters
   Estimated tokens: 1552 / 64000 (2.4%)
   ✅ Context usage is healthy

  ✅ Step processed successfully: 0 action(s)

📍 Step 233: Processing node [loop1] Loop Node (Type: 1, Traveled: true, Finished: false)
  🧠 Selecting relevant nodes from Global Tree...
  🤖 Calling LLM (Attempt 1)...

📊 Token Statistics:
   Prompt length: 6204 characters
   Estimated tokens: 1552 / 64000 (2.4%)
   ✅ Context usage is healthy

  ✅ Step processed successfully: 0 action(s)

📍 Step 234: Processing node [loop1] Loop Node (Type: 1, Traveled: true, Finished: false)
  🧠 Selecting relevant nodes from Global Tree...
  🤖 Calling LLM (Attempt 1)...

📊 Token Statistics:
   Prompt length: 6204 characters
   Estimated tokens: 1552 / 64000 (2.4%)
   ✅ Context usage is healthy

  ✅ Step processed successfully: 0 action(s)

📍 Step 235: Processing node [loop1] Loop Node (Type: 1, Traveled: true, Finished: false)
  🧠 Selecting relevant nodes from Global Tree...
  🤖 Calling LLM (Attempt 1)...

📊 Token Statistics:
   Prompt length: 6204 characters
   Estimated tokens: 1552 / 64000 (2.4%)
   ✅ Context usage is healthy

  ✅ Step processed successfully: 0 action(s)

📍 Step 236: Processing node [loop1] Loop Node (Type: 1, Traveled: true, Finished: false)
  🧠 Selecting relevant nodes from Global Tree...
  🤖 Calling LLM (Attempt 1)...

📊 Token Statistics:
   Prompt length: 6204 characters
   Estimated tokens: 1552 / 64000 (2.4%)
   ✅ Context usage is healthy

  ✅ Step processed successfully: 0 action(s)

📍 Step 237: Processing node [loop1] Loop Node (Type: 1, Traveled: true, Finished: false)
  🧠 Selecting relevant nodes from Global Tree...
  🤖 Calling LLM (Attempt 1)...

📊 Token Statistics:
   Prompt length: 6204 characters
   Estimated tokens: 1552 / 64000 (2.4%)
   ✅ Context usage is healthy

  ✅ Step processed successfully: 0 action(s)

📍 Step 238: Processing node [loop1] Loop Node (Type: 1, Traveled: true, Finished: false)
  🧠 Selecting relevant nodes from Global Tree...
  🤖 Calling LLM (Attempt 1)...

📊 Token Statistics:
   Prompt length: 6204 characters
   Estimated tokens: 1552 / 64000 (2.4%)
   ✅ Context usage is healthy

  ✅ Step processed successfully: 0 action(s)

📍 Step 239: Processing node [loop1] Loop Node (Type: 1, Traveled: true, Finished: false)
  🧠 Selecting relevant nodes from Global Tree...
  🤖 Calling LLM (Attempt 1)...

📊 Token Statistics:
   Prompt length: 6204 characters
   Estimated tokens: 1552 / 64000 (2.4%)
   ✅ Context usage is healthy

  ✅ Step processed successfully: 0 action(s)

📍 Step 240: Processing node [loop1] Loop Node (Type: 1, Traveled: true, Finished: false)
  🧠 Selecting relevant nodes from Global Tree...
  🤖 Calling LLM (Attempt 1)...

📊 Token Statistics:
   Prompt length: 6204 characters
   Estimated tokens: 1552 / 64000 (2.4%)
   ✅ Context usage is healthy

  ✅ Step processed successfully: 0 action(s)

📍 Step 241: Processing node [loop1] Loop Node (Type: 1, Traveled: true, Finished: false)
  🧠 Selecting relevant nodes from Global Tree...
  🤖 Calling LLM (Attempt 1)...

📊 Token Statistics:
   Prompt length: 6204 characters
   Estimated tokens: 1552 / 64000 (2.4%)
   ✅ Context usage is healthy

  ✅ Step processed successfully: 0 action(s)

📍 Step 242: Processing node [loop1] Loop Node (Type: 1, Traveled: true, Finished: false)
  🧠 Selecting relevant nodes from Global Tree...
  🤖 Calling LLM (Attempt 1)...

📊 Token Statistics:
   Prompt length: 6204 characters
   Estimated tokens: 1552 / 64000 (2.4%)
   ✅ Context usage is healthy

  ✅ Step processed successfully: 0 action(s)

📍 Step 243: Processing node [loop1] Loop Node (Type: 1, Traveled: true, Finished: false)
  🧠 Selecting relevant nodes from Global Tree...
  🤖 Calling LLM (Attempt 1)...

📊 Token Statistics:
   Prompt length: 6204 characters
   Estimated tokens: 1552 / 64000 (2.4%)
   ✅ Context usage is healthy

  ✅ Step processed successfully: 0 action(s)

📍 Step 244: Processing node [loop1] Loop Node (Type: 1, Traveled: true, Finished: false)
  🧠 Selecting relevant nodes from Global Tree...
  🤖 Calling LLM (Attempt 1)...

📊 Token Statistics:
   Prompt length: 6204 characters
   Estimated tokens: 1552 / 64000 (2.4%)
   ✅ Context usage is healthy

  ✅ Step processed successfully: 0 action(s)

📍 Step 245: Processing node [loop1] Loop Node (Type: 1, Traveled: true, Finished: false)
  🧠 Selecting relevant nodes from Global Tree...
  🤖 Calling LLM (Attempt 1)...

📊 Token Statistics:
   Prompt length: 6204 characters
   Estimated tokens: 1552 / 64000 (2.4%)
   ✅ Context usage is healthy

  ✅ Step processed successfully: 0 action(s)

📍 Step 246: Processing node [loop1] Loop Node (Type: 1, Traveled: true, Finished: false)
  🧠 Selecting relevant nodes from Global Tree...
  🤖 Calling LLM (Attempt 1)...

📊 Token Statistics:
   Prompt length: 6204 characters
   Estimated tokens: 1552 / 64000 (2.4%)
   ✅ Context usage is healthy

  ✅ Step processed successfully: 0 action(s)

📍 Step 247: Processing node [loop1] Loop Node (Type: 1, Traveled: true, Finished: false)
  🧠 Selecting relevant nodes from Global Tree...
  🤖 Calling LLM (Attempt 1)...

📊 Token Statistics:
   Prompt length: 6204 characters
   Estimated tokens: 1552 / 64000 (2.4%)
   ✅ Context usage is healthy

  ✅ Step processed successfully: 0 action(s)

📍 Step 248: Processing node [loop1] Loop Node (Type: 1, Traveled: true, Finished: false)
  🧠 Selecting relevant nodes from Global Tree...
  🤖 Calling LLM (Attempt 1)...

📊 Token Statistics:
   Prompt length: 6204 characters
   Estimated tokens: 1552 / 64000 (2.4%)
   ✅ Context usage is healthy

  ✅ Step processed successfully: 0 action(s)

📍 Step 249: Processing node [loop1] Loop Node (Type: 1, Traveled: true, Finished: false)
  🧠 Selecting relevant nodes from Global Tree...
  🤖 Calling LLM (Attempt 1)...

📊 Token Statistics:
   Prompt length: 6204 characters
   Estimated tokens: 1552 / 64000 (2.4%)
   ✅ Context usage is healthy

  ✅ Step processed successfully: 0 action(s)

📍 Step 250: Processing node [loop1] Loop Node (Type: 1, Traveled: true, Finished: false)
  🧠 Selecting relevant nodes from Global Tree...
  🤖 Calling LLM (Attempt 1)...

📊 Token Statistics:
   Prompt length: 6204 characters
   Estimated tokens: 1552 / 64000 (2.4%)
   ✅ Context usage is healthy

  ✅ Step processed successfully: 0 action(s)

📍 Step 251: Processing node [loop1] Loop Node (Type: 1, Traveled: true, Finished: false)
  🧠 Selecting relevant nodes from Global Tree...
  🤖 Calling LLM (Attempt 1)...

📊 Token Statistics:
   Prompt length: 6204 characters
   Estimated tokens: 1552 / 64000 (2.4%)
   ✅ Context usage is healthy

  ✅ Step processed successfully: 0 action(s)

📍 Step 252: Processing node [loop1] Loop Node (Type: 1, Traveled: true, Finished: false)
  🧠 Selecting relevant nodes from Global Tree...
  🤖 Calling LLM (Attempt 1)...

📊 Token Statistics:
   Prompt length: 6204 characters
   Estimated tokens: 1552 / 64000 (2.4%)
   ✅ Context usage is healthy

  ✅ Step processed successfully: 0 action(s)

📍 Step 253: Processing node [loop1] Loop Node (Type: 1, Traveled: true, Finished: false)
  🧠 Selecting relevant nodes from Global Tree...
  🤖 Calling LLM (Attempt 1)...

📊 Token Statistics:
   Prompt length: 6204 characters
   Estimated tokens: 1552 / 64000 (2.4%)
   ✅ Context usage is healthy

  ✅ Step processed successfully: 0 action(s)

📍 Step 254: Processing node [loop1] Loop Node (Type: 1, Traveled: true, Finished: false)
  🧠 Selecting relevant nodes from Global Tree...
  🤖 Calling LLM (Attempt 1)...

📊 Token Statistics:
   Prompt length: 6204 characters
   Estimated tokens: 1552 / 64000 (2.4%)
   ✅ Context usage is healthy

  ✅ Step processed successfully: 0 action(s)

📍 Step 255: Processing node [loop1] Loop Node (Type: 1, Traveled: true, Finished: false)
  🧠 Selecting relevant nodes from Global Tree...
  🤖 Calling LLM (Attempt 1)...

📊 Token Statistics:
   Prompt length: 6204 characters
   Estimated tokens: 1552 / 64000 (2.4%)
   ✅ Context usage is healthy

  ✅ Step processed successfully: 0 action(s)

📍 Step 256: Processing node [loop1] Loop Node (Type: 1, Traveled: true, Finished: false)
  🧠 Selecting relevant nodes from Global Tree...
  🤖 Calling LLM (Attempt 1)...

📊 Token Statistics:
   Prompt length: 6204 characters
   Estimated tokens: 1552 / 64000 (2.4%)
   ✅ Context usage is healthy

  ✅ Step processed successfully: 0 action(s)

📍 Step 257: Processing node [loop1] Loop Node (Type: 1, Traveled: true, Finished: false)
  🧠 Selecting relevant nodes from Global Tree...
  🤖 Calling LLM (Attempt 1)...

📊 Token Statistics:
   Prompt length: 6204 characters
   Estimated tokens: 1552 / 64000 (2.4%)
   ✅ Context usage is healthy

  ✅ Step processed successfully: 0 action(s)

📍 Step 258: Processing node [loop1] Loop Node (Type: 1, Traveled: true, Finished: false)
  🧠 Selecting relevant nodes from Global Tree...
  🤖 Calling LLM (Attempt 1)...

📊 Token Statistics:
   Prompt length: 6204 characters
   Estimated tokens: 1552 / 64000 (2.4%)
   ✅ Context usage is healthy

  ✅ Step processed successfully: 0 action(s)

📍 Step 259: Processing node [loop1] Loop Node (Type: 1, Traveled: true, Finished: false)
  🧠 Selecting relevant nodes from Global Tree...
  🤖 Calling LLM (Attempt 1)...

📊 Token Statistics:
   Prompt length: 6204 characters
   Estimated tokens: 1552 / 64000 (2.4%)
   ✅ Context usage is healthy

  ✅ Step processed successfully: 0 action(s)

📍 Step 260: Processing node [loop1] Loop Node (Type: 1, Traveled: true, Finished: false)
  🧠 Selecting relevant nodes from Global Tree...
  🤖 Calling LLM (Attempt 1)...

📊 Token Statistics:
   Prompt length: 6204 characters
   Estimated tokens: 1552 / 64000 (2.4%)
   ✅ Context usage is healthy

  ✅ Step processed successfully: 0 action(s)

📍 Step 261: Processing node [loop1] Loop Node (Type: 1, Traveled: true, Finished: false)
  🧠 Selecting relevant nodes from Global Tree...
  🤖 Calling LLM (Attempt 1)...

📊 Token Statistics:
   Prompt length: 6204 characters
   Estimated tokens: 1552 / 64000 (2.4%)
   ✅ Context usage is healthy

  ✅ Step processed successfully: 0 action(s)

📍 Step 262: Processing node [loop1] Loop Node (Type: 1, Traveled: true, Finished: false)
  🧠 Selecting relevant nodes from Global Tree...
  🤖 Calling LLM (Attempt 1)...

📊 Token Statistics:
   Prompt length: 6204 characters
   Estimated tokens: 1552 / 64000 (2.4%)
   ✅ Context usage is healthy

  ✅ Step processed successfully: 0 action(s)

📍 Step 263: Processing node [loop1] Loop Node (Type: 1, Traveled: true, Finished: false)
  🧠 Selecting relevant nodes from Global Tree...
  🤖 Calling LLM (Attempt 1)...

📊 Token Statistics:
   Prompt length: 6204 characters
   Estimated tokens: 1552 / 64000 (2.4%)
   ✅ Context usage is healthy

  ✅ Step processed successfully: 0 action(s)

📍 Step 264: Processing node [loop1] Loop Node (Type: 1, Traveled: true, Finished: false)
  🧠 Selecting relevant nodes from Global Tree...
  🤖 Calling LLM (Attempt 1)...

📊 Token Statistics:
   Prompt length: 6204 characters
   Estimated tokens: 1552 / 64000 (2.4%)
   ✅ Context usage is healthy

  ✅ Step processed successfully: 0 action(s)

📍 Step 265: Processing node [loop1] Loop Node (Type: 1, Traveled: true, Finished: false)
  🧠 Selecting relevant nodes from Global Tree...
  🤖 Calling LLM (Attempt 1)...

📊 Token Statistics:
   Prompt length: 6204 characters
   Estimated tokens: 1552 / 64000 (2.4%)
   ✅ Context usage is healthy

  ✅ Step processed successfully: 0 action(s)

📍 Step 266: Processing node [loop1] Loop Node (Type: 1, Traveled: true, Finished: false)
  🧠 Selecting relevant nodes from Global Tree...
  🤖 Calling LLM (Attempt 1)...

📊 Token Statistics:
   Prompt length: 6204 characters
   Estimated tokens: 1552 / 64000 (2.4%)
   ✅ Context usage is healthy

  ✅ Step processed successfully: 0 action(s)

📍 Step 267: Processing node [loop1] Loop Node (Type: 1, Traveled: true, Finished: false)
  🧠 Selecting relevant nodes from Global Tree...
  🤖 Calling LLM (Attempt 1)...

📊 Token Statistics:
   Prompt length: 6204 characters
   Estimated tokens: 1552 / 64000 (2.4%)
   ✅ Context usage is healthy

  ✅ Step processed successfully: 0 action(s)

📍 Step 268: Processing node [loop1] Loop Node (Type: 1, Traveled: true, Finished: false)
  🧠 Selecting relevant nodes from Global Tree...
  🤖 Calling LLM (Attempt 1)...

📊 Token Statistics:
   Prompt length: 6204 characters
   Estimated tokens: 1552 / 64000 (2.4%)
   ✅ Context usage is healthy

  ✅ Step processed successfully: 0 action(s)

📍 Step 269: Processing node [loop1] Loop Node (Type: 1, Traveled: true, Finished: false)
  🧠 Selecting relevant nodes from Global Tree...
  🤖 Calling LLM (Attempt 1)...

📊 Token Statistics:
   Prompt length: 6204 characters
   Estimated tokens: 1552 / 64000 (2.4%)
   ✅ Context usage is healthy

  ✅ Step processed successfully: 0 action(s)

📍 Step 270: Processing node [loop1] Loop Node (Type: 1, Traveled: true, Finished: false)
  🧠 Selecting relevant nodes from Global Tree...
  🤖 Calling LLM (Attempt 1)...

📊 Token Statistics:
   Prompt length: 6204 characters
   Estimated tokens: 1552 / 64000 (2.4%)
   ✅ Context usage is healthy

  ✅ Step processed successfully: 0 action(s)

📍 Step 271: Processing node [loop1] Loop Node (Type: 1, Traveled: true, Finished: false)
  🧠 Selecting relevant nodes from Global Tree...
  🤖 Calling LLM (Attempt 1)...

📊 Token Statistics:
   Prompt length: 6204 characters
   Estimated tokens: 1552 / 64000 (2.4%)
   ✅ Context usage is healthy

  ✅ Step processed successfully: 0 action(s)

📍 Step 272: Processing node [loop1] Loop Node (Type: 1, Traveled: true, Finished: false)
  🧠 Selecting relevant nodes from Global Tree...
  🤖 Calling LLM (Attempt 1)...

📊 Token Statistics:
   Prompt length: 6204 characters
   Estimated tokens: 1552 / 64000 (2.4%)
   ✅ Context usage is healthy

  ✅ Step processed successfully: 0 action(s)

📍 Step 273: Processing node [loop1] Loop Node (Type: 1, Traveled: true, Finished: false)
  🧠 Selecting relevant nodes from Global Tree...
  🤖 Calling LLM (Attempt 1)...

📊 Token Statistics:
   Prompt length: 6204 characters
   Estimated tokens: 1552 / 64000 (2.4%)
   ✅ Context usage is healthy

  ✅ Step processed successfully: 0 action(s)

📍 Step 274: Processing node [loop1] Loop Node (Type: 1, Traveled: true, Finished: false)
  🧠 Selecting relevant nodes from Global Tree...
  🤖 Calling LLM (Attempt 1)...

📊 Token Statistics:
   Prompt length: 6204 characters
   Estimated tokens: 1552 / 64000 (2.4%)
   ✅ Context usage is healthy

  ✅ Step processed successfully: 0 action(s)

📍 Step 275: Processing node [loop1] Loop Node (Type: 1, Traveled: true, Finished: false)
  🧠 Selecting relevant nodes from Global Tree...
  🤖 Calling LLM (Attempt 1)...

📊 Token Statistics:
   Prompt length: 6204 characters
   Estimated tokens: 1552 / 64000 (2.4%)
   ✅ Context usage is healthy

  ✅ Step processed successfully: 0 action(s)

📍 Step 276: Processing node [loop1] Loop Node (Type: 1, Traveled: true, Finished: false)
  🧠 Selecting relevant nodes from Global Tree...
  🤖 Calling LLM (Attempt 1)...

📊 Token Statistics:
   Prompt length: 6204 characters
   Estimated tokens: 1552 / 64000 (2.4%)
   ✅ Context usage is healthy

  ✅ Step processed successfully: 0 action(s)

📍 Step 277: Processing node [loop1] Loop Node (Type: 1, Traveled: true, Finished: false)
  🧠 Selecting relevant nodes from Global Tree...
  🤖 Calling LLM (Attempt 1)...

📊 Token Statistics:
   Prompt length: 6204 characters
   Estimated tokens: 1552 / 64000 (2.4%)
   ✅ Context usage is healthy

  ✅ Step processed successfully: 0 action(s)

📍 Step 278: Processing node [loop1] Loop Node (Type: 1, Traveled: true, Finished: false)
  🧠 Selecting relevant nodes from Global Tree...
  🤖 Calling LLM (Attempt 1)...

📊 Token Statistics:
   Prompt length: 6204 characters
   Estimated tokens: 1552 / 64000 (2.4%)
   ✅ Context usage is healthy

  ✅ Step processed successfully: 0 action(s)

📍 Step 279: Processing node [loop1] Loop Node (Type: 1, Traveled: true, Finished: false)
  🧠 Selecting relevant nodes from Global Tree...
  🤖 Calling LLM (Attempt 1)...

📊 Token Statistics:
   Prompt length: 6204 characters
   Estimated tokens: 1552 / 64000 (2.4%)
   ✅ Context usage is healthy

  ✅ Step processed successfully: 0 action(s)

📍 Step 280: Processing node [loop1] Loop Node (Type: 1, Traveled: true, Finished: false)
  🧠 Selecting relevant nodes from Global Tree...
  🤖 Calling LLM (Attempt 1)...

📊 Token Statistics:
   Prompt length: 6204 characters
   Estimated tokens: 1552 / 64000 (2.4%)
   ✅ Context usage is healthy

  ✅ Step processed successfully: 0 action(s)

📍 Step 281: Processing node [loop1] Loop Node (Type: 1, Traveled: true, Finished: false)
  🧠 Selecting relevant nodes from Global Tree...
  🤖 Calling LLM (Attempt 1)...

📊 Token Statistics:
   Prompt length: 6204 characters
   Estimated tokens: 1552 / 64000 (2.4%)
   ✅ Context usage is healthy

  ✅ Step processed successfully: 0 action(s)

📍 Step 282: Processing node [loop1] Loop Node (Type: 1, Traveled: true, Finished: false)
  🧠 Selecting relevant nodes from Global Tree...
  🤖 Calling LLM (Attempt 1)...

📊 Token Statistics:
   Prompt length: 6204 characters
   Estimated tokens: 1552 / 64000 (2.4%)
   ✅ Context usage is healthy

  ✅ Step processed successfully: 0 action(s)

📍 Step 283: Processing node [loop1] Loop Node (Type: 1, Traveled: true, Finished: false)
  🧠 Selecting relevant nodes from Global Tree...
  🤖 Calling LLM (Attempt 1)...

📊 Token Statistics:
   Prompt length: 6204 characters
   Estimated tokens: 1552 / 64000 (2.4%)
   ✅ Context usage is healthy

  ✅ Step processed successfully: 0 action(s)

📍 Step 284: Processing node [loop1] Loop Node (Type: 1, Traveled: true, Finished: false)
  🧠 Selecting relevant nodes from Global Tree...
  🤖 Calling LLM (Attempt 1)...

📊 Token Statistics:
   Prompt length: 6204 characters
   Estimated tokens: 1552 / 64000 (2.4%)
   ✅ Context usage is healthy

  ✅ Step processed successfully: 0 action(s)

📍 Step 285: Processing node [loop1] Loop Node (Type: 1, Traveled: true, Finished: false)
  🧠 Selecting relevant nodes from Global Tree...
  🤖 Calling LLM (Attempt 1)...

📊 Token Statistics:
   Prompt length: 6204 characters
   Estimated tokens: 1552 / 64000 (2.4%)
   ✅ Context usage is healthy

  ✅ Step processed successfully: 0 action(s)

📍 Step 286: Processing node [loop1] Loop Node (Type: 1, Traveled: true, Finished: false)
  🧠 Selecting relevant nodes from Global Tree...
  🤖 Calling LLM (Attempt 1)...

📊 Token Statistics:
   Prompt length: 6204 characters
   Estimated tokens: 1552 / 64000 (2.4%)
   ✅ Context usage is healthy

  ✅ Step processed successfully: 0 action(s)

📍 Step 287: Processing node [loop1] Loop Node (Type: 1, Traveled: true, Finished: false)
  🧠 Selecting relevant nodes from Global Tree...
  🤖 Calling LLM (Attempt 1)...

📊 Token Statistics:
   Prompt length: 6204 characters
   Estimated tokens: 1552 / 64000 (2.4%)
   ✅ Context usage is healthy

  ✅ Step processed successfully: 0 action(s)

📍 Step 288: Processing node [loop1] Loop Node (Type: 1, Traveled: true, Finished: false)
  🧠 Selecting relevant nodes from Global Tree...
  🤖 Calling LLM (Attempt 1)...

📊 Token Statistics:
   Prompt length: 6204 characters
   Estimated tokens: 1552 / 64000 (2.4%)
   ✅ Context usage is healthy

  ✅ Step processed successfully: 0 action(s)

📍 Step 289: Processing node [loop1] Loop Node (Type: 1, Traveled: true, Finished: false)
  🧠 Selecting relevant nodes from Global Tree...
  🤖 Calling LLM (Attempt 1)...

📊 Token Statistics:
   Prompt length: 6204 characters
   Estimated tokens: 1552 / 64000 (2.4%)
   ✅ Context usage is healthy

  ✅ Step processed successfully: 0 action(s)

📍 Step 290: Processing node [loop1] Loop Node (Type: 1, Traveled: true, Finished: false)
  🧠 Selecting relevant nodes from Global Tree...
  🤖 Calling LLM (Attempt 1)...

📊 Token Statistics:
   Prompt length: 6204 characters
   Estimated tokens: 1552 / 64000 (2.4%)
   ✅ Context usage is healthy

  ✅ Step processed successfully: 0 action(s)

📍 Step 291: Processing node [loop1] Loop Node (Type: 1, Traveled: true, Finished: false)
  🧠 Selecting relevant nodes from Global Tree...
  🤖 Calling LLM (Attempt 1)...

📊 Token Statistics:
   Prompt length: 6204 characters
   Estimated tokens: 1552 / 64000 (2.4%)
   ✅ Context usage is healthy

  ✅ Step processed successfully: 0 action(s)

📍 Step 292: Processing node [loop1] Loop Node (Type: 1, Traveled: true, Finished: false)
  🧠 Selecting relevant nodes from Global Tree...
  🤖 Calling LLM (Attempt 1)...

📊 Token Statistics:
   Prompt length: 6204 characters
   Estimated tokens: 1552 / 64000 (2.4%)
   ✅ Context usage is healthy

  ✅ Step processed successfully: 0 action(s)

📍 Step 293: Processing node [loop1] Loop Node (Type: 1, Traveled: true, Finished: false)
  🧠 Selecting relevant nodes from Global Tree...
  🤖 Calling LLM (Attempt 1)...

📊 Token Statistics:
   Prompt length: 6204 characters
   Estimated tokens: 1552 / 64000 (2.4%)
   ✅ Context usage is healthy

  ✅ Step processed successfully: 0 action(s)

📍 Step 294: Processing node [loop1] Loop Node (Type: 1, Traveled: true, Finished: false)
  🧠 Selecting relevant nodes from Global Tree...
  🤖 Calling LLM (Attempt 1)...

📊 Token Statistics:
   Prompt length: 6204 characters
   Estimated tokens: 1552 / 64000 (2.4%)
   ✅ Context usage is healthy

  ✅ Step processed successfully: 0 action(s)

📍 Step 295: Processing node [loop1] Loop Node (Type: 1, Traveled: true, Finished: false)
  🧠 Selecting relevant nodes from Global Tree...
  🤖 Calling LLM (Attempt 1)...

📊 Token Statistics:
   Prompt length: 6204 characters
   Estimated tokens: 1552 / 64000 (2.4%)
   ✅ Context usage is healthy

  ✅ Step processed successfully: 0 action(s)

📍 Step 296: Processing node [loop1] Loop Node (Type: 1, Traveled: true, Finished: false)
  🧠 Selecting relevant nodes from Global Tree...
  🤖 Calling LLM (Attempt 1)...

📊 Token Statistics:
   Prompt length: 6204 characters
   Estimated tokens: 1552 / 64000 (2.4%)
   ✅ Context usage is healthy

  ✅ Step processed successfully: 0 action(s)

📍 Step 297: Processing node [loop1] Loop Node (Type: 1, Traveled: true, Finished: false)
  🧠 Selecting relevant nodes from Global Tree...
  🤖 Calling LLM (Attempt 1)...

📊 Token Statistics:
   Prompt length: 6204 characters
   Estimated tokens: 1552 / 64000 (2.4%)
   ✅ Context usage is healthy

  ✅ Step processed successfully: 0 action(s)

📍 Step 298: Processing node [loop1] Loop Node (Type: 1, Traveled: true, Finished: false)
  🧠 Selecting relevant nodes from Global Tree...
  🤖 Calling LLM (Attempt 1)...

📊 Token Statistics:
   Prompt length: 6204 characters
   Estimated tokens: 1552 / 64000 (2.4%)
   ✅ Context usage is healthy

  ✅ Step processed successfully: 0 action(s)

📍 Step 299: Processing node [loop1] Loop Node (Type: 1, Traveled: true, Finished: false)
  🧠 Selecting relevant nodes from Global Tree...
  🤖 Calling LLM (Attempt 1)...

📊 Token Statistics:
   Prompt length: 6204 characters
   Estimated tokens: 1552 / 64000 (2.4%)
   ✅ Context usage is healthy

  ✅ Step processed successfully: 0 action(s)

📍 Step 300: Processing node [loop1] Loop Node (Type: 1, Traveled: true, Finished: false)
  🧠 Selecting relevant nodes from Global Tree...
  🤖 Calling LLM (Attempt 1)...

📊 Token Statistics:
   Prompt length: 6204 characters
   Estimated tokens: 1552 / 64000 (2.4%)
   ✅ Context usage is healthy

  ✅ Step processed successfully: 0 action(s)

📍 Step 301: Processing node [loop1] Loop Node (Type: 1, Traveled: true, Finished: false)
  🧠 Selecting relevant nodes from Global Tree...
  🤖 Calling LLM (Attempt 1)...

📊 Token Statistics:
   Prompt length: 6204 characters
   Estimated tokens: 1552 / 64000 (2.4%)
   ✅ Context usage is healthy

  ✅ Step processed successfully: 0 action(s)

📍 Step 302: Processing node [loop1] Loop Node (Type: 1, Traveled: true, Finished: false)
  🧠 Selecting relevant nodes from Global Tree...
  🤖 Calling LLM (Attempt 1)...

📊 Token Statistics:
   Prompt length: 6204 characters
   Estimated tokens: 1552 / 64000 (2.4%)
   ✅ Context usage is healthy

  ✅ Step processed successfully: 0 action(s)

📍 Step 303: Processing node [loop1] Loop Node (Type: 1, Traveled: true, Finished: false)
  🧠 Selecting relevant nodes from Global Tree...
  🤖 Calling LLM (Attempt 1)...

📊 Token Statistics:
   Prompt length: 6204 characters
   Estimated tokens: 1552 / 64000 (2.4%)
   ✅ Context usage is healthy

  ✅ Step processed successfully: 0 action(s)

📍 Step 304: Processing node [loop1] Loop Node (Type: 1, Traveled: true, Finished: false)
  🧠 Selecting relevant nodes from Global Tree...
  🤖 Calling LLM (Attempt 1)...

📊 Token Statistics:
   Prompt length: 6204 characters
   Estimated tokens: 1552 / 64000 (2.4%)
   ✅ Context usage is healthy

  ✅ Step processed successfully: 0 action(s)

📍 Step 305: Processing node [loop1] Loop Node (Type: 1, Traveled: true, Finished: false)
  🧠 Selecting relevant nodes from Global Tree...
  🤖 Calling LLM (Attempt 1)...

📊 Token Statistics:
   Prompt length: 6204 characters
   Estimated tokens: 1552 / 64000 (2.4%)
   ✅ Context usage is healthy

  ✅ Step processed successfully: 0 action(s)

📍 Step 306: Processing node [loop1] Loop Node (Type: 1, Traveled: true, Finished: false)
  🧠 Selecting relevant nodes from Global Tree...
  🤖 Calling LLM (Attempt 1)...

📊 Token Statistics:
   Prompt length: 6204 characters
   Estimated tokens: 1552 / 64000 (2.4%)
   ✅ Context usage is healthy

  ✅ Step processed successfully: 0 action(s)

📍 Step 307: Processing node [loop1] Loop Node (Type: 1, Traveled: true, Finished: false)
  🧠 Selecting relevant nodes from Global Tree...
  🤖 Calling LLM (Attempt 1)...

📊 Token Statistics:
   Prompt length: 6204 characters
   Estimated tokens: 1552 / 64000 (2.4%)
   ✅ Context usage is healthy

  ✅ Step processed successfully: 0 action(s)

📍 Step 308: Processing node [loop1] Loop Node (Type: 1, Traveled: true, Finished: false)
  🧠 Selecting relevant nodes from Global Tree...
  🤖 Calling LLM (Attempt 1)...

📊 Token Statistics:
   Prompt length: 6204 characters
   Estimated tokens: 1552 / 64000 (2.4%)
   ✅ Context usage is healthy

  ✅ Step processed successfully: 0 action(s)

📍 Step 309: Processing node [loop1] Loop Node (Type: 1, Traveled: true, Finished: false)
  🧠 Selecting relevant nodes from Global Tree...
  🤖 Calling LLM (Attempt 1)...

📊 Token Statistics:
   Prompt length: 6204 characters
   Estimated tokens: 1552 / 64000 (2.4%)
   ✅ Context usage is healthy

  ✅ Step processed successfully: 0 action(s)

📍 Step 310: Processing node [loop1] Loop Node (Type: 1, Traveled: true, Finished: false)
  🧠 Selecting relevant nodes from Global Tree...
  🤖 Calling LLM (Attempt 1)...

📊 Token Statistics:
   Prompt length: 6204 characters
   Estimated tokens: 1552 / 64000 (2.4%)
   ✅ Context usage is healthy

  ✅ Step processed successfully: 0 action(s)

📍 Step 311: Processing node [loop1] Loop Node (Type: 1, Traveled: true, Finished: false)
  🧠 Selecting relevant nodes from Global Tree...
  🤖 Calling LLM (Attempt 1)...

📊 Token Statistics:
   Prompt length: 6204 characters
   Estimated tokens: 1552 / 64000 (2.4%)
   ✅ Context usage is healthy

  ✅ Step processed successfully: 0 action(s)

📍 Step 312: Processing node [loop1] Loop Node (Type: 1, Traveled: true, Finished: false)
  🧠 Selecting relevant nodes from Global Tree...
  🤖 Calling LLM (Attempt 1)...

📊 Token Statistics:
   Prompt length: 6204 characters
   Estimated tokens: 1552 / 64000 (2.4%)
   ✅ Context usage is healthy

  ✅ Step processed successfully: 0 action(s)

📍 Step 313: Processing node [loop1] Loop Node (Type: 1, Traveled: true, Finished: false)
  🧠 Selecting relevant nodes from Global Tree...
  🤖 Calling LLM (Attempt 1)...

📊 Token Statistics:
   Prompt length: 6204 characters
   Estimated tokens: 1552 / 64000 (2.4%)
   ✅ Context usage is healthy

  ✅ Step processed successfully: 0 action(s)

📍 Step 314: Processing node [loop1] Loop Node (Type: 1, Traveled: true, Finished: false)
  🧠 Selecting relevant nodes from Global Tree...
  🤖 Calling LLM (Attempt 1)...

📊 Token Statistics:
   Prompt length: 6204 characters
   Estimated tokens: 1552 / 64000 (2.4%)
   ✅ Context usage is healthy

  ✅ Step processed successfully: 0 action(s)

📍 Step 315: Processing node [loop1] Loop Node (Type: 1, Traveled: true, Finished: false)
  🧠 Selecting relevant nodes from Global Tree...
  🤖 Calling LLM (Attempt 1)...

📊 Token Statistics:
   Prompt length: 6204 characters
   Estimated tokens: 1552 / 64000 (2.4%)
   ✅ Context usage is healthy

  ✅ Step processed successfully: 0 action(s)

📍 Step 316: Processing node [loop1] Loop Node (Type: 1, Traveled: true, Finished: false)
  🧠 Selecting relevant nodes from Global Tree...
  🤖 Calling LLM (Attempt 1)...

📊 Token Statistics:
   Prompt length: 6204 characters
   Estimated tokens: 1552 / 64000 (2.4%)
   ✅ Context usage is healthy

  ✅ Step processed successfully: 0 action(s)

📍 Step 317: Processing node [loop1] Loop Node (Type: 1, Traveled: true, Finished: false)
  🧠 Selecting relevant nodes from Global Tree...
  🤖 Calling LLM (Attempt 1)...

📊 Token Statistics:
   Prompt length: 6204 characters
   Estimated tokens: 1552 / 64000 (2.4%)
   ✅ Context usage is healthy

  ✅ Step processed successfully: 0 action(s)

📍 Step 318: Processing node [loop1] Loop Node (Type: 1, Traveled: true, Finished: false)
  🧠 Selecting relevant nodes from Global Tree...
  🤖 Calling LLM (Attempt 1)...

📊 Token Statistics:
   Prompt length: 6204 characters
   Estimated tokens: 1552 / 64000 (2.4%)
   ✅ Context usage is healthy

  ✅ Step processed successfully: 0 action(s)

📍 Step 319: Processing node [loop1] Loop Node (Type: 1, Traveled: true, Finished: false)
  🧠 Selecting relevant nodes from Global Tree...
  🤖 Calling LLM (Attempt 1)...

📊 Token Statistics:
   Prompt length: 6204 characters
   Estimated tokens: 1552 / 64000 (2.4%)
   ✅ Context usage is healthy

  ✅ Step processed successfully: 0 action(s)

📍 Step 320: Processing node [loop1] Loop Node (Type: 1, Traveled: true, Finished: false)
  🧠 Selecting relevant nodes from Global Tree...
  🤖 Calling LLM (Attempt 1)...

📊 Token Statistics:
   Prompt length: 6204 characters
   Estimated tokens: 1552 / 64000 (2.4%)
   ✅ Context usage is healthy

  ✅ Step processed successfully: 0 action(s)

📍 Step 321: Processing node [loop1] Loop Node (Type: 1, Traveled: true, Finished: false)
  🧠 Selecting relevant nodes from Global Tree...
  🤖 Calling LLM (Attempt 1)...

📊 Token Statistics:
   Prompt length: 6204 characters
   Estimated tokens: 1552 / 64000 (2.4%)
   ✅ Context usage is healthy

  ✅ Step processed successfully: 0 action(s)

📍 Step 322: Processing node [loop1] Loop Node (Type: 1, Traveled: true, Finished: false)
  🧠 Selecting relevant nodes from Global Tree...
  🤖 Calling LLM (Attempt 1)...

📊 Token Statistics:
   Prompt length: 6204 characters
   Estimated tokens: 1552 / 64000 (2.4%)
   ✅ Context usage is healthy

  ✅ Step processed successfully: 0 action(s)

📍 Step 323: Processing node [loop1] Loop Node (Type: 1, Traveled: true, Finished: false)
  🧠 Selecting relevant nodes from Global Tree...
  🤖 Calling LLM (Attempt 1)...

📊 Token Statistics:
   Prompt length: 6204 characters
   Estimated tokens: 1552 / 64000 (2.4%)
   ✅ Context usage is healthy

  ✅ Step processed successfully: 0 action(s)

📍 Step 324: Processing node [loop1] Loop Node (Type: 1, Traveled: true, Finished: false)
  🧠 Selecting relevant nodes from Global Tree...
  🤖 Calling LLM (Attempt 1)...

📊 Token Statistics:
   Prompt length: 6204 characters
   Estimated tokens: 1552 / 64000 (2.4%)
   ✅ Context usage is healthy

  ✅ Step processed successfully: 0 action(s)

📍 Step 325: Processing node [loop1] Loop Node (Type: 1, Traveled: true, Finished: false)
  🧠 Selecting relevant nodes from Global Tree...
  🤖 Calling LLM (Attempt 1)...

📊 Token Statistics:
   Prompt length: 6204 characters
   Estimated tokens: 1552 / 64000 (2.4%)
   ✅ Context usage is healthy

  ✅ Step processed successfully: 0 action(s)

📍 Step 326: Processing node [loop1] Loop Node (Type: 1, Traveled: true, Finished: false)
  🧠 Selecting relevant nodes from Global Tree...
  🤖 Calling LLM (Attempt 1)...

📊 Token Statistics:
   Prompt length: 6204 characters
   Estimated tokens: 1552 / 64000 (2.4%)
   ✅ Context usage is healthy

  ✅ Step processed successfully: 0 action(s)

📍 Step 327: Processing node [loop1] Loop Node (Type: 1, Traveled: true, Finished: false)
  🧠 Selecting relevant nodes from Global Tree...
  🤖 Calling LLM (Attempt 1)...

📊 Token Statistics:
   Prompt length: 6204 characters
   Estimated tokens: 1552 / 64000 (2.4%)
   ✅ Context usage is healthy

  ✅ Step processed successfully: 0 action(s)

📍 Step 328: Processing node [loop1] Loop Node (Type: 1, Traveled: true, Finished: false)
  🧠 Selecting relevant nodes from Global Tree...
  🤖 Calling LLM (Attempt 1)...

📊 Token Statistics:
   Prompt length: 6204 characters
   Estimated tokens: 1552 / 64000 (2.4%)
   ✅ Context usage is healthy

  ✅ Step processed successfully: 0 action(s)

📍 Step 329: Processing node [loop1] Loop Node (Type: 1, Traveled: true, Finished: false)
  🧠 Selecting relevant nodes from Global Tree...
  🤖 Calling LLM (Attempt 1)...

📊 Token Statistics:
   Prompt length: 6204 characters
   Estimated tokens: 1552 / 64000 (2.4%)
   ✅ Context usage is healthy

  ✅ Step processed successfully: 0 action(s)

📍 Step 330: Processing node [loop1] Loop Node (Type: 1, Traveled: true, Finished: false)
  🧠 Selecting relevant nodes from Global Tree...
  🤖 Calling LLM (Attempt 1)...

📊 Token Statistics:
   Prompt length: 6204 characters
   Estimated tokens: 1552 / 64000 (2.4%)
   ✅ Context usage is healthy

  ✅ Step processed successfully: 0 action(s)

📍 Step 331: Processing node [loop1] Loop Node (Type: 1, Traveled: true, Finished: false)
  🧠 Selecting relevant nodes from Global Tree...
  🤖 Calling LLM (Attempt 1)...

📊 Token Statistics:
   Prompt length: 6204 characters
   Estimated tokens: 1552 / 64000 (2.4%)
   ✅ Context usage is healthy

  ✅ Step processed successfully: 0 action(s)

📍 Step 332: Processing node [loop1] Loop Node (Type: 1, Traveled: true, Finished: false)
  🧠 Selecting relevant nodes from Global Tree...
  🤖 Calling LLM (Attempt 1)...

📊 Token Statistics:
   Prompt length: 6204 characters
   Estimated tokens: 1552 / 64000 (2.4%)
   ✅ Context usage is healthy

  ✅ Step processed successfully: 0 action(s)

📍 Step 333: Processing node [loop1] Loop Node (Type: 1, Traveled: true, Finished: false)
  🧠 Selecting relevant nodes from Global Tree...
  🤖 Calling LLM (Attempt 1)...

📊 Token Statistics:
   Prompt length: 6204 characters
   Estimated tokens: 1552 / 64000 (2.4%)
   ✅ Context usage is healthy

  ✅ Step processed successfully: 0 action(s)

📍 Step 334: Processing node [loop1] Loop Node (Type: 1, Traveled: true, Finished: false)
  🧠 Selecting relevant nodes from Global Tree...
  🤖 Calling LLM (Attempt 1)...

📊 Token Statistics:
   Prompt length: 6204 characters
   Estimated tokens: 1552 / 64000 (2.4%)
   ✅ Context usage is healthy

  ✅ Step processed successfully: 0 action(s)

📍 Step 335: Processing node [loop1] Loop Node (Type: 1, Traveled: true, Finished: false)
  🧠 Selecting relevant nodes from Global Tree...
  🤖 Calling LLM (Attempt 1)...

📊 Token Statistics:
   Prompt length: 6204 characters
   Estimated tokens: 1552 / 64000 (2.4%)
   ✅ Context usage is healthy

  ✅ Step processed successfully: 0 action(s)

📍 Step 336: Processing node [loop1] Loop Node (Type: 1, Traveled: true, Finished: false)
  🧠 Selecting relevant nodes from Global Tree...
  🤖 Calling LLM (Attempt 1)...

📊 Token Statistics:
   Prompt length: 6204 characters
   Estimated tokens: 1552 / 64000 (2.4%)
   ✅ Context usage is healthy

  ✅ Step processed successfully: 0 action(s)

📍 Step 337: Processing node [loop1] Loop Node (Type: 1, Traveled: true, Finished: false)
  🧠 Selecting relevant nodes from Global Tree...
  🤖 Calling LLM (Attempt 1)...

📊 Token Statistics:
   Prompt length: 6204 characters
   Estimated tokens: 1552 / 64000 (2.4%)
   ✅ Context usage is healthy

  ✅ Step processed successfully: 0 action(s)

📍 Step 338: Processing node [loop1] Loop Node (Type: 1, Traveled: true, Finished: false)
  🧠 Selecting relevant nodes from Global Tree...
  🤖 Calling LLM (Attempt 1)...

📊 Token Statistics:
   Prompt length: 6204 characters
   Estimated tokens: 1552 / 64000 (2.4%)
   ✅ Context usage is healthy

  ✅ Step processed successfully: 0 action(s)

📍 Step 339: Processing node [loop1] Loop Node (Type: 1, Traveled: true, Finished: false)
  🧠 Selecting relevant nodes from Global Tree...
  🤖 Calling LLM (Attempt 1)...

📊 Token Statistics:
   Prompt length: 6204 characters
   Estimated tokens: 1552 / 64000 (2.4%)
   ✅ Context usage is healthy

  ✅ Step processed successfully: 0 action(s)

📍 Step 340: Processing node [loop1] Loop Node (Type: 1, Traveled: true, Finished: false)
  🧠 Selecting relevant nodes from Global Tree...
  🤖 Calling LLM (Attempt 1)...

📊 Token Statistics:
   Prompt length: 6204 characters
   Estimated tokens: 1552 / 64000 (2.4%)
   ✅ Context usage is healthy

  ✅ Step processed successfully: 0 action(s)

📍 Step 341: Processing node [loop1] Loop Node (Type: 1, Traveled: true, Finished: false)
  🧠 Selecting relevant nodes from Global Tree...
  🤖 Calling LLM (Attempt 1)...

📊 Token Statistics:
   Prompt length: 6204 characters
   Estimated tokens: 1552 / 64000 (2.4%)
   ✅ Context usage is healthy

  ✅ Step processed successfully: 0 action(s)

📍 Step 342: Processing node [loop1] Loop Node (Type: 1, Traveled: true, Finished: false)
  🧠 Selecting relevant nodes from Global Tree...
  🤖 Calling LLM (Attempt 1)...

📊 Token Statistics:
   Prompt length: 6204 characters
   Estimated tokens: 1552 / 64000 (2.4%)
   ✅ Context usage is healthy

  ✅ Step processed successfully: 0 action(s)

📍 Step 343: Processing node [loop1] Loop Node (Type: 1, Traveled: true, Finished: false)
  🧠 Selecting relevant nodes from Global Tree...
  🤖 Calling LLM (Attempt 1)...

📊 Token Statistics:
   Prompt length: 6204 characters
   Estimated tokens: 1552 / 64000 (2.4%)
   ✅ Context usage is healthy

  ✅ Step processed successfully: 0 action(s)

📍 Step 344: Processing node [loop1] Loop Node (Type: 1, Traveled: true, Finished: false)
  🧠 Selecting relevant nodes from Global Tree...
  🤖 Calling LLM (Attempt 1)...

📊 Token Statistics:
   Prompt length: 6204 characters
   Estimated tokens: 1552 / 64000 (2.4%)
   ✅ Context usage is healthy

  ✅ Step processed successfully: 0 action(s)

📍 Step 345: Processing node [loop1] Loop Node (Type: 1, Traveled: true, Finished: false)
  🧠 Selecting relevant nodes from Global Tree...
  🤖 Calling LLM (Attempt 1)...

📊 Token Statistics:
   Prompt length: 6204 characters
   Estimated tokens: 1552 / 64000 (2.4%)
   ✅ Context usage is healthy

  ✅ Step processed successfully: 0 action(s)

📍 Step 346: Processing node [loop1] Loop Node (Type: 1, Traveled: true, Finished: false)
  🧠 Selecting relevant nodes from Global Tree...
  🤖 Calling LLM (Attempt 1)...

📊 Token Statistics:
   Prompt length: 6204 characters
   Estimated tokens: 1552 / 64000 (2.4%)
   ✅ Context usage is healthy

  ✅ Step processed successfully: 0 action(s)

📍 Step 347: Processing node [loop1] Loop Node (Type: 1, Traveled: true, Finished: false)
  🧠 Selecting relevant nodes from Global Tree...
  🤖 Calling LLM (Attempt 1)...

📊 Token Statistics:
   Prompt length: 6204 characters
   Estimated tokens: 1552 / 64000 (2.4%)
   ✅ Context usage is healthy

  ✅ Step processed successfully: 0 action(s)

📍 Step 348: Processing node [loop1] Loop Node (Type: 1, Traveled: true, Finished: false)
  🧠 Selecting relevant nodes from Global Tree...
  🤖 Calling LLM (Attempt 1)...

📊 Token Statistics:
   Prompt length: 6204 characters
   Estimated tokens: 1552 / 64000 (2.4%)
   ✅ Context usage is healthy

  ✅ Step processed successfully: 0 action(s)

📍 Step 349: Processing node [loop1] Loop Node (Type: 1, Traveled: true, Finished: false)
  🧠 Selecting relevant nodes from Global Tree...
  🤖 Calling LLM (Attempt 1)...

📊 Token Statistics:
   Prompt length: 6204 characters
   Estimated tokens: 1552 / 64000 (2.4%)
   ✅ Context usage is healthy

  ✅ Step processed successfully: 0 action(s)

📍 Step 350: Processing node [loop1] Loop Node (Type: 1, Traveled: true, Finished: false)
  🧠 Selecting relevant nodes from Global Tree...
  🤖 Calling LLM (Attempt 1)...

📊 Token Statistics:
   Prompt length: 6204 characters
   Estimated tokens: 1552 / 64000 (2.4%)
   ✅ Context usage is healthy

  ✅ Step processed successfully: 0 action(s)

📍 Step 351: Processing node [loop1] Loop Node (Type: 1, Traveled: true, Finished: false)
  🧠 Selecting relevant nodes from Global Tree...
  🤖 Calling LLM (Attempt 1)...

📊 Token Statistics:
   Prompt length: 6204 characters
   Estimated tokens: 1552 / 64000 (2.4%)
   ✅ Context usage is healthy

  ✅ Step processed successfully: 0 action(s)

📍 Step 352: Processing node [loop1] Loop Node (Type: 1, Traveled: true, Finished: false)
  🧠 Selecting relevant nodes from Global Tree...
  🤖 Calling LLM (Attempt 1)...

📊 Token Statistics:
   Prompt length: 6204 characters
   Estimated tokens: 1552 / 64000 (2.4%)
   ✅ Context usage is healthy

  ✅ Step processed successfully: 0 action(s)

📍 Step 353: Processing node [loop1] Loop Node (Type: 1, Traveled: true, Finished: false)
  🧠 Selecting relevant nodes from Global Tree...
  🤖 Calling LLM (Attempt 1)...

📊 Token Statistics:
   Prompt length: 6204 characters
   Estimated tokens: 1552 / 64000 (2.4%)
   ✅ Context usage is healthy

  ✅ Step processed successfully: 0 action(s)

📍 Step 354: Processing node [loop1] Loop Node (Type: 1, Traveled: true, Finished: false)
  🧠 Selecting relevant nodes from Global Tree...
  🤖 Calling LLM (Attempt 1)...

📊 Token Statistics:
   Prompt length: 6204 characters
   Estimated tokens: 1552 / 64000 (2.4%)
   ✅ Context usage is healthy

  ✅ Step processed successfully: 0 action(s)

📍 Step 355: Processing node [loop1] Loop Node (Type: 1, Traveled: true, Finished: false)
  🧠 Selecting relevant nodes from Global Tree...
  🤖 Calling LLM (Attempt 1)...

📊 Token Statistics:
   Prompt length: 6204 characters
   Estimated tokens: 1552 / 64000 (2.4%)
   ✅ Context usage is healthy

  ✅ Step processed successfully: 0 action(s)

📍 Step 356: Processing node [loop1] Loop Node (Type: 1, Traveled: true, Finished: false)
  🧠 Selecting relevant nodes from Global Tree...
  🤖 Calling LLM (Attempt 1)...

📊 Token Statistics:
   Prompt length: 6204 characters
   Estimated tokens: 1552 / 64000 (2.4%)
   ✅ Context usage is healthy

  ✅ Step processed successfully: 0 action(s)

📍 Step 357: Processing node [loop1] Loop Node (Type: 1, Traveled: true, Finished: false)
  🧠 Selecting relevant nodes from Global Tree...
  🤖 Calling LLM (Attempt 1)...

📊 Token Statistics:
   Prompt length: 6204 characters
   Estimated tokens: 1552 / 64000 (2.4%)
   ✅ Context usage is healthy

  ✅ Step processed successfully: 0 action(s)

📍 Step 358: Processing node [loop1] Loop Node (Type: 1, Traveled: true, Finished: false)
  🧠 Selecting relevant nodes from Global Tree...
  🤖 Calling LLM (Attempt 1)...

📊 Token Statistics:
   Prompt length: 6204 characters
   Estimated tokens: 1552 / 64000 (2.4%)
   ✅ Context usage is healthy

  ✅ Step processed successfully: 0 action(s)

📍 Step 359: Processing node [loop1] Loop Node (Type: 1, Traveled: true, Finished: false)
  🧠 Selecting relevant nodes from Global Tree...
  🤖 Calling LLM (Attempt 1)...

📊 Token Statistics:
   Prompt length: 6204 characters
   Estimated tokens: 1552 / 64000 (2.4%)
   ✅ Context usage is healthy

  ✅ Step processed successfully: 0 action(s)

📍 Step 360: Processing node [loop1] Loop Node (Type: 1, Traveled: true, Finished: false)
  🧠 Selecting relevant nodes from Global Tree...
  🤖 Calling LLM (Attempt 1)...

📊 Token Statistics:
   Prompt length: 6204 characters
   Estimated tokens: 1552 / 64000 (2.4%)
   ✅ Context usage is healthy

  ✅ Step processed successfully: 0 action(s)

📍 Step 361: Processing node [loop1] Loop Node (Type: 1, Traveled: true, Finished: false)
  🧠 Selecting relevant nodes from Global Tree...
  🤖 Calling LLM (Attempt 1)...

📊 Token Statistics:
   Prompt length: 6204 characters
   Estimated tokens: 1552 / 64000 (2.4%)
   ✅ Context usage is healthy

  ✅ Step processed successfully: 0 action(s)

📍 Step 362: Processing node [loop1] Loop Node (Type: 1, Traveled: true, Finished: false)
  🧠 Selecting relevant nodes from Global Tree...
  🤖 Calling LLM (Attempt 1)...

📊 Token Statistics:
   Prompt length: 6204 characters
   Estimated tokens: 1552 / 64000 (2.4%)
   ✅ Context usage is healthy

  ✅ Step processed successfully: 0 action(s)

📍 Step 363: Processing node [loop1] Loop Node (Type: 1, Traveled: true, Finished: false)
  🧠 Selecting relevant nodes from Global Tree...
  🤖 Calling LLM (Attempt 1)...

📊 Token Statistics:
   Prompt length: 6204 characters
   Estimated tokens: 1552 / 64000 (2.4%)
   ✅ Context usage is healthy

  ✅ Step processed successfully: 0 action(s)

📍 Step 364: Processing node [loop1] Loop Node (Type: 1, Traveled: true, Finished: false)
  🧠 Selecting relevant nodes from Global Tree...
  🤖 Calling LLM (Attempt 1)...

📊 Token Statistics:
   Prompt length: 6204 characters
   Estimated tokens: 1552 / 64000 (2.4%)
   ✅ Context usage is healthy

  ✅ Step processed successfully: 0 action(s)

📍 Step 365: Processing node [loop1] Loop Node (Type: 1, Traveled: true, Finished: false)
  🧠 Selecting relevant nodes from Global Tree...
  🤖 Calling LLM (Attempt 1)...

📊 Token Statistics:
   Prompt length: 6204 characters
   Estimated tokens: 1552 / 64000 (2.4%)
   ✅ Context usage is healthy

  ✅ Step processed successfully: 0 action(s)

📍 Step 366: Processing node [loop1] Loop Node (Type: 1, Traveled: true, Finished: false)
  🧠 Selecting relevant nodes from Global Tree...
  🤖 Calling LLM (Attempt 1)...

📊 Token Statistics:
   Prompt length: 6204 characters
   Estimated tokens: 1552 / 64000 (2.4%)
   ✅ Context usage is healthy

  ✅ Step processed successfully: 0 action(s)

📍 Step 367: Processing node [loop1] Loop Node (Type: 1, Traveled: true, Finished: false)
  🧠 Selecting relevant nodes from Global Tree...
  🤖 Calling LLM (Attempt 1)...

📊 Token Statistics:
   Prompt length: 6204 characters
   Estimated tokens: 1552 / 64000 (2.4%)
   ✅ Context usage is healthy

  ✅ Step processed successfully: 0 action(s)

📍 Step 368: Processing node [loop1] Loop Node (Type: 1, Traveled: true, Finished: false)
  🧠 Selecting relevant nodes from Global Tree...
  🤖 Calling LLM (Attempt 1)...

📊 Token Statistics:
   Prompt length: 6204 characters
   Estimated tokens: 1552 / 64000 (2.4%)
   ✅ Context usage is healthy

  ✅ Step processed successfully: 0 action(s)

📍 Step 369: Processing node [loop1] Loop Node (Type: 1, Traveled: true, Finished: false)
  🧠 Selecting relevant nodes from Global Tree...
  🤖 Calling LLM (Attempt 1)...

📊 Token Statistics:
   Prompt length: 6204 characters
   Estimated tokens: 1552 / 64000 (2.4%)
   ✅ Context usage is healthy

  ✅ Step processed successfully: 0 action(s)

📍 Step 370: Processing node [loop1] Loop Node (Type: 1, Traveled: true, Finished: false)
  🧠 Selecting relevant nodes from Global Tree...
  🤖 Calling LLM (Attempt 1)...

📊 Token Statistics:
   Prompt length: 6204 characters
   Estimated tokens: 1552 / 64000 (2.4%)
   ✅ Context usage is healthy

  ✅ Step processed successfully: 0 action(s)

📍 Step 371: Processing node [loop1] Loop Node (Type: 1, Traveled: true, Finished: false)
  🧠 Selecting relevant nodes from Global Tree...
  🤖 Calling LLM (Attempt 1)...

📊 Token Statistics:
   Prompt length: 6204 characters
   Estimated tokens: 1552 / 64000 (2.4%)
   ✅ Context usage is healthy

  ✅ Step processed successfully: 0 action(s)

📍 Step 372: Processing node [loop1] Loop Node (Type: 1, Traveled: true, Finished: false)
  🧠 Selecting relevant nodes from Global Tree...
  🤖 Calling LLM (Attempt 1)...

📊 Token Statistics:
   Prompt length: 6204 characters
   Estimated tokens: 1552 / 64000 (2.4%)
   ✅ Context usage is healthy

  ✅ Step processed successfully: 0 action(s)

📍 Step 373: Processing node [loop1] Loop Node (Type: 1, Traveled: true, Finished: false)
  🧠 Selecting relevant nodes from Global Tree...
  🤖 Calling LLM (Attempt 1)...

📊 Token Statistics:
   Prompt length: 6204 characters
   Estimated tokens: 1552 / 64000 (2.4%)
   ✅ Context usage is healthy

  ✅ Step processed successfully: 0 action(s)

📍 Step 374: Processing node [loop1] Loop Node (Type: 1, Traveled: true, Finished: false)
  🧠 Selecting relevant nodes from Global Tree...
  🤖 Calling LLM (Attempt 1)...

📊 Token Statistics:
   Prompt length: 6204 characters
   Estimated tokens: 1552 / 64000 (2.4%)
   ✅ Context usage is healthy

  ✅ Step processed successfully: 0 action(s)

📍 Step 375: Processing node [loop1] Loop Node (Type: 1, Traveled: true, Finished: false)
  🧠 Selecting relevant nodes from Global Tree...
  🤖 Calling LLM (Attempt 1)...

📊 Token Statistics:
   Prompt length: 6204 characters
   Estimated tokens: 1552 / 64000 (2.4%)
   ✅ Context usage is healthy

  ✅ Step processed successfully: 0 action(s)

📍 Step 376: Processing node [loop1] Loop Node (Type: 1, Traveled: true, Finished: false)
  🧠 Selecting relevant nodes from Global Tree...
  🤖 Calling LLM (Attempt 1)...

📊 Token Statistics:
   Prompt length: 6204 characters
   Estimated tokens: 1552 / 64000 (2.4%)
   ✅ Context usage is healthy

  ✅ Step processed successfully: 0 action(s)

📍 Step 377: Processing node [loop1] Loop Node (Type: 1, Traveled: true, Finished: false)
  🧠 Selecting relevant nodes from Global Tree...
  🤖 Calling LLM (Attempt 1)...

📊 Token Statistics:
   Prompt length: 6204 characters
   Estimated tokens: 1552 / 64000 (2.4%)
   ✅ Context usage is healthy

  ✅ Step processed successfully: 0 action(s)

📍 Step 378: Processing node [loop1] Loop Node (Type: 1, Traveled: true, Finished: false)
  🧠 Selecting relevant nodes from Global Tree...
  🤖 Calling LLM (Attempt 1)...

📊 Token Statistics:
   Prompt length: 6204 characters
   Estimated tokens: 1552 / 64000 (2.4%)
   ✅ Context usage is healthy

  ✅ Step processed successfully: 0 action(s)

📍 Step 379: Processing node [loop1] Loop Node (Type: 1, Traveled: true, Finished: false)
  🧠 Selecting relevant nodes from Global Tree...
  🤖 Calling LLM (Attempt 1)...

📊 Token Statistics:
   Prompt length: 6204 characters
   Estimated tokens: 1552 / 64000 (2.4%)
   ✅ Context usage is healthy

  ✅ Step processed successfully: 0 action(s)

📍 Step 380: Processing node [loop1] Loop Node (Type: 1, Traveled: true, Finished: false)
  🧠 Selecting relevant nodes from Global Tree...
  🤖 Calling LLM (Attempt 1)...

📊 Token Statistics:
   Prompt length: 6204 characters
   Estimated tokens: 1552 / 64000 (2.4%)
   ✅ Context usage is healthy

  ✅ Step processed successfully: 0 action(s)

📍 Step 381: Processing node [loop1] Loop Node (Type: 1, Traveled: true, Finished: false)
  🧠 Selecting relevant nodes from Global Tree...
  🤖 Calling LLM (Attempt 1)...

📊 Token Statistics:
   Prompt length: 6204 characters
   Estimated tokens: 1552 / 64000 (2.4%)
   ✅ Context usage is healthy

  ✅ Step processed successfully: 0 action(s)

📍 Step 382: Processing node [loop1] Loop Node (Type: 1, Traveled: true, Finished: false)
  🧠 Selecting relevant nodes from Global Tree...
  🤖 Calling LLM (Attempt 1)...

📊 Token Statistics:
   Prompt length: 6204 characters
   Estimated tokens: 1552 / 64000 (2.4%)
   ✅ Context usage is healthy

  ✅ Step processed successfully: 0 action(s)

📍 Step 383: Processing node [loop1] Loop Node (Type: 1, Traveled: true, Finished: false)
  🧠 Selecting relevant nodes from Global Tree...
  🤖 Calling LLM (Attempt 1)...

📊 Token Statistics:
   Prompt length: 6204 characters
   Estimated tokens: 1552 / 64000 (2.4%)
   ✅ Context usage is healthy

  ✅ Step processed successfully: 0 action(s)

📍 Step 384: Processing node [loop1] Loop Node (Type: 1, Traveled: true, Finished: false)
  🧠 Selecting relevant nodes from Global Tree...
  🤖 Calling LLM (Attempt 1)...

📊 Token Statistics:
   Prompt length: 6204 characters
   Estimated tokens: 1552 / 64000 (2.4%)
   ✅ Context usage is healthy

  ✅ Step processed successfully: 0 action(s)

📍 Step 385: Processing node [loop1] Loop Node (Type: 1, Traveled: true, Finished: false)
  🧠 Selecting relevant nodes from Global Tree...
  🤖 Calling LLM (Attempt 1)...

📊 Token Statistics:
   Prompt length: 6204 characters
   Estimated tokens: 1552 / 64000 (2.4%)
   ✅ Context usage is healthy

  ✅ Step processed successfully: 0 action(s)

📍 Step 386: Processing node [loop1] Loop Node (Type: 1, Traveled: true, Finished: false)
  🧠 Selecting relevant nodes from Global Tree...
  🤖 Calling LLM (Attempt 1)...

📊 Token Statistics:
   Prompt length: 6204 characters
   Estimated tokens: 1552 / 64000 (2.4%)
   ✅ Context usage is healthy

  ✅ Step processed successfully: 0 action(s)

📍 Step 387: Processing node [loop1] Loop Node (Type: 1, Traveled: true, Finished: false)
  🧠 Selecting relevant nodes from Global Tree...
  🤖 Calling LLM (Attempt 1)...

📊 Token Statistics:
   Prompt length: 6204 characters
   Estimated tokens: 1552 / 64000 (2.4%)
   ✅ Context usage is healthy

  ✅ Step processed successfully: 0 action(s)

📍 Step 388: Processing node [loop1] Loop Node (Type: 1, Traveled: true, Finished: false)
  🧠 Selecting relevant nodes from Global Tree...
  🤖 Calling LLM (Attempt 1)...

📊 Token Statistics:
   Prompt length: 6204 characters
   Estimated tokens: 1552 / 64000 (2.4%)
   ✅ Context usage is healthy

  ✅ Step processed successfully: 0 action(s)

📍 Step 389: Processing node [loop1] Loop Node (Type: 1, Traveled: true, Finished: false)
  🧠 Selecting relevant nodes from Global Tree...
  🤖 Calling LLM (Attempt 1)...

📊 Token Statistics:
   Prompt length: 6204 characters
   Estimated tokens: 1552 / 64000 (2.4%)
   ✅ Context usage is healthy

  ✅ Step processed successfully: 0 action(s)

📍 Step 390: Processing node [loop1] Loop Node (Type: 1, Traveled: true, Finished: false)
  🧠 Selecting relevant nodes from Global Tree...
  🤖 Calling LLM (Attempt 1)...

📊 Token Statistics:
   Prompt length: 6204 characters
   Estimated tokens: 1552 / 64000 (2.4%)
   ✅ Context usage is healthy

  ✅ Step processed successfully: 0 action(s)

📍 Step 391: Processing node [loop1] Loop Node (Type: 1, Traveled: true, Finished: false)
  🧠 Selecting relevant nodes from Global Tree...
  🤖 Calling LLM (Attempt 1)...

📊 Token Statistics:
   Prompt length: 6204 characters
   Estimated tokens: 1552 / 64000 (2.4%)
   ✅ Context usage is healthy

  ✅ Step processed successfully: 0 action(s)

📍 Step 392: Processing node [loop1] Loop Node (Type: 1, Traveled: true, Finished: false)
  🧠 Selecting relevant nodes from Global Tree...
  🤖 Calling LLM (Attempt 1)...

📊 Token Statistics:
   Prompt length: 6204 characters
   Estimated tokens: 1552 / 64000 (2.4%)
   ✅ Context usage is healthy

  ✅ Step processed successfully: 0 action(s)

📍 Step 393: Processing node [loop1] Loop Node (Type: 1, Traveled: true, Finished: false)
  🧠 Selecting relevant nodes from Global Tree...
  🤖 Calling LLM (Attempt 1)...

📊 Token Statistics:
   Prompt length: 6204 characters
   Estimated tokens: 1552 / 64000 (2.4%)
   ✅ Context usage is healthy

  ✅ Step processed successfully: 0 action(s)

📍 Step 394: Processing node [loop1] Loop Node (Type: 1, Traveled: true, Finished: false)
  🧠 Selecting relevant nodes from Global Tree...
  🤖 Calling LLM (Attempt 1)...

📊 Token Statistics:
   Prompt length: 6204 characters
   Estimated tokens: 1552 / 64000 (2.4%)
   ✅ Context usage is healthy

  ✅ Step processed successfully: 0 action(s)

📍 Step 395: Processing node [loop1] Loop Node (Type: 1, Traveled: true, Finished: false)
  🧠 Selecting relevant nodes from Global Tree...
  🤖 Calling LLM (Attempt 1)...

📊 Token Statistics:
   Prompt length: 6204 characters
   Estimated tokens: 1552 / 64000 (2.4%)
   ✅ Context usage is healthy

  ✅ Step processed successfully: 0 action(s)

📍 Step 396: Processing node [loop1] Loop Node (Type: 1, Traveled: true, Finished: false)
  🧠 Selecting relevant nodes from Global Tree...
  🤖 Calling LLM (Attempt 1)...

📊 Token Statistics:
   Prompt length: 6204 characters
   Estimated tokens: 1552 / 64000 (2.4%)
   ✅ Context usage is healthy

  ✅ Step processed successfully: 0 action(s)

📍 Step 397: Processing node [loop1] Loop Node (Type: 1, Traveled: true, Finished: false)
  🧠 Selecting relevant nodes from Global Tree...
  🤖 Calling LLM (Attempt 1)...

📊 Token Statistics:
   Prompt length: 6204 characters
   Estimated tokens: 1552 / 64000 (2.4%)
   ✅ Context usage is healthy

  ✅ Step processed successfully: 0 action(s)

📍 Step 398: Processing node [loop1] Loop Node (Type: 1, Traveled: true, Finished: false)
  🧠 Selecting relevant nodes from Global Tree...
  🤖 Calling LLM (Attempt 1)...

📊 Token Statistics:
   Prompt length: 6204 characters
   Estimated tokens: 1552 / 64000 (2.4%)
   ✅ Context usage is healthy

  ✅ Step processed successfully: 0 action(s)

📍 Step 399: Processing node [loop1] Loop Node (Type: 1, Traveled: true, Finished: false)
  🧠 Selecting relevant nodes from Global Tree...
  🤖 Calling LLM (Attempt 1)...

📊 Token Statistics:
   Prompt length: 6204 characters
   Estimated tokens: 1552 / 64000 (2.4%)
   ✅ Context usage is healthy

  ✅ Step processed successfully: 0 action(s)

📍 Step 400: Processing node [loop1] Loop Node (Type: 1, Traveled: true, Finished: false)
  🧠 Selecting relevant nodes from Global Tree...
  🤖 Calling LLM (Attempt 1)...

📊 Token Statistics:
   Prompt length: 6204 characters
   Estimated tokens: 1552 / 64000 (2.4%)
   ✅ Context usage is healthy

  ✅ Step processed successfully: 0 action(s)

📍 Step 401: Processing node [loop1] Loop Node (Type: 1, Traveled: true, Finished: false)
  🧠 Selecting relevant nodes from Global Tree...
  🤖 Calling LLM (Attempt 1)...

📊 Token Statistics:
   Prompt length: 6204 characters
   Estimated tokens: 1552 / 64000 (2.4%)
   ✅ Context usage is healthy

  ✅ Step processed successfully: 0 action(s)

📍 Step 402: Processing node [loop1] Loop Node (Type: 1, Traveled: true, Finished: false)
  🧠 Selecting relevant nodes from Global Tree...
  🤖 Calling LLM (Attempt 1)...

📊 Token Statistics:
   Prompt length: 6204 characters
   Estimated tokens: 1552 / 64000 (2.4%)
   ✅ Context usage is healthy

  ✅ Step processed successfully: 0 action(s)

📍 Step 403: Processing node [loop1] Loop Node (Type: 1, Traveled: true, Finished: false)
  🧠 Selecting relevant nodes from Global Tree...
  🤖 Calling LLM (Attempt 1)...

📊 Token Statistics:
   Prompt length: 6204 characters
   Estimated tokens: 1552 / 64000 (2.4%)
   ✅ Context usage is healthy

  ✅ Step processed successfully: 0 action(s)

📍 Step 404: Processing node [loop1] Loop Node (Type: 1, Traveled: true, Finished: false)
  🧠 Selecting relevant nodes from Global Tree...
  🤖 Calling LLM (Attempt 1)...

📊 Token Statistics:
   Prompt length: 6204 characters
   Estimated tokens: 1552 / 64000 (2.4%)
   ✅ Context usage is healthy

  ✅ Step processed successfully: 0 action(s)

📍 Step 405: Processing node [loop1] Loop Node (Type: 1, Traveled: true, Finished: false)
  🧠 Selecting relevant nodes from Global Tree...
  🤖 Calling LLM (Attempt 1)...

📊 Token Statistics:
   Prompt length: 6204 characters
   Estimated tokens: 1552 / 64000 (2.4%)
   ✅ Context usage is healthy

  ✅ Step processed successfully: 0 action(s)

📍 Step 406: Processing node [loop1] Loop Node (Type: 1, Traveled: true, Finished: false)
  🧠 Selecting relevant nodes from Global Tree...
  🤖 Calling LLM (Attempt 1)...

📊 Token Statistics:
   Prompt length: 6204 characters
   Estimated tokens: 1552 / 64000 (2.4%)
   ✅ Context usage is healthy

  ✅ Step processed successfully: 0 action(s)

📍 Step 407: Processing node [loop1] Loop Node (Type: 1, Traveled: true, Finished: false)
  🧠 Selecting relevant nodes from Global Tree...
  🤖 Calling LLM (Attempt 1)...

📊 Token Statistics:
   Prompt length: 6204 characters
   Estimated tokens: 1552 / 64000 (2.4%)
   ✅ Context usage is healthy

  ✅ Step processed successfully: 0 action(s)

📍 Step 408: Processing node [loop1] Loop Node (Type: 1, Traveled: true, Finished: false)
  🧠 Selecting relevant nodes from Global Tree...
  🤖 Calling LLM (Attempt 1)...

📊 Token Statistics:
   Prompt length: 6204 characters
   Estimated tokens: 1552 / 64000 (2.4%)
   ✅ Context usage is healthy

  ✅ Step processed successfully: 0 action(s)

📍 Step 409: Processing node [loop1] Loop Node (Type: 1, Traveled: true, Finished: false)
  🧠 Selecting relevant nodes from Global Tree...
  🤖 Calling LLM (Attempt 1)...

📊 Token Statistics:
   Prompt length: 6204 characters
   Estimated tokens: 1552 / 64000 (2.4%)
   ✅ Context usage is healthy

  ✅ Step processed successfully: 0 action(s)

📍 Step 410: Processing node [loop1] Loop Node (Type: 1, Traveled: true, Finished: false)
  🧠 Selecting relevant nodes from Global Tree...
  🤖 Calling LLM (Attempt 1)...

📊 Token Statistics:
   Prompt length: 6204 characters
   Estimated tokens: 1552 / 64000 (2.4%)
   ✅ Context usage is healthy

  ✅ Step processed successfully: 0 action(s)

📍 Step 411: Processing node [loop1] Loop Node (Type: 1, Traveled: true, Finished: false)
  🧠 Selecting relevant nodes from Global Tree...
  🤖 Calling LLM (Attempt 1)...

📊 Token Statistics:
   Prompt length: 6204 characters
   Estimated tokens: 1552 / 64000 (2.4%)
   ✅ Context usage is healthy

  ✅ Step processed successfully: 0 action(s)

📍 Step 412: Processing node [loop1] Loop Node (Type: 1, Traveled: true, Finished: false)
  🧠 Selecting relevant nodes from Global Tree...
  🤖 Calling LLM (Attempt 1)...

📊 Token Statistics:
   Prompt length: 6204 characters
   Estimated tokens: 1552 / 64000 (2.4%)
   ✅ Context usage is healthy

  ✅ Step processed successfully: 0 action(s)

📍 Step 413: Processing node [loop1] Loop Node (Type: 1, Traveled: true, Finished: false)
  🧠 Selecting relevant nodes from Global Tree...
  🤖 Calling LLM (Attempt 1)...

📊 Token Statistics:
   Prompt length: 6204 characters
   Estimated tokens: 1552 / 64000 (2.4%)
   ✅ Context usage is healthy

  ✅ Step processed successfully: 0 action(s)

📍 Step 414: Processing node [loop1] Loop Node (Type: 1, Traveled: true, Finished: false)
  🧠 Selecting relevant nodes from Global Tree...
  🤖 Calling LLM (Attempt 1)...

📊 Token Statistics:
   Prompt length: 6204 characters
   Estimated tokens: 1552 / 64000 (2.4%)
   ✅ Context usage is healthy

  ✅ Step processed successfully: 0 action(s)

📍 Step 415: Processing node [loop1] Loop Node (Type: 1, Traveled: true, Finished: false)
  🧠 Selecting relevant nodes from Global Tree...
  🤖 Calling LLM (Attempt 1)...

📊 Token Statistics:
   Prompt length: 6204 characters
   Estimated tokens: 1552 / 64000 (2.4%)
   ✅ Context usage is healthy

  ✅ Step processed successfully: 0 action(s)

📍 Step 416: Processing node [loop1] Loop Node (Type: 1, Traveled: true, Finished: false)
  🧠 Selecting relevant nodes from Global Tree...
  🤖 Calling LLM (Attempt 1)...

📊 Token Statistics:
   Prompt length: 6204 characters
   Estimated tokens: 1552 / 64000 (2.4%)
   ✅ Context usage is healthy

  ✅ Step processed successfully: 0 action(s)

📍 Step 417: Processing node [loop1] Loop Node (Type: 1, Traveled: true, Finished: false)
  🧠 Selecting relevant nodes from Global Tree...
  🤖 Calling LLM (Attempt 1)...

📊 Token Statistics:
   Prompt length: 6204 characters
   Estimated tokens: 1552 / 64000 (2.4%)
   ✅ Context usage is healthy

  ✅ Step processed successfully: 0 action(s)

📍 Step 418: Processing node [loop1] Loop Node (Type: 1, Traveled: true, Finished: false)
  🧠 Selecting relevant nodes from Global Tree...
  🤖 Calling LLM (Attempt 1)...

📊 Token Statistics:
   Prompt length: 6204 characters
   Estimated tokens: 1552 / 64000 (2.4%)
   ✅ Context usage is healthy

  ✅ Step processed successfully: 0 action(s)

📍 Step 419: Processing node [loop1] Loop Node (Type: 1, Traveled: true, Finished: false)
  🧠 Selecting relevant nodes from Global Tree...
  🤖 Calling LLM (Attempt 1)...

📊 Token Statistics:
   Prompt length: 6204 characters
   Estimated tokens: 1552 / 64000 (2.4%)
   ✅ Context usage is healthy

  ✅ Step processed successfully: 0 action(s)

📍 Step 420: Processing node [loop1] Loop Node (Type: 1, Traveled: true, Finished: false)
  🧠 Selecting relevant nodes from Global Tree...
  🤖 Calling LLM (Attempt 1)...

📊 Token Statistics:
   Prompt length: 6204 characters
   Estimated tokens: 1552 / 64000 (2.4%)
   ✅ Context usage is healthy

  ✅ Step processed successfully: 0 action(s)

📍 Step 421: Processing node [loop1] Loop Node (Type: 1, Traveled: true, Finished: false)
  🧠 Selecting relevant nodes from Global Tree...
  🤖 Calling LLM (Attempt 1)...

📊 Token Statistics:
   Prompt length: 6204 characters
   Estimated tokens: 1552 / 64000 (2.4%)
   ✅ Context usage is healthy

  ✅ Step processed successfully: 0 action(s)

📍 Step 422: Processing node [loop1] Loop Node (Type: 1, Traveled: true, Finished: false)
  🧠 Selecting relevant nodes from Global Tree...
  🤖 Calling LLM (Attempt 1)...

📊 Token Statistics:
   Prompt length: 6204 characters
   Estimated tokens: 1552 / 64000 (2.4%)
   ✅ Context usage is healthy

  ✅ Step processed successfully: 0 action(s)

📍 Step 423: Processing node [loop1] Loop Node (Type: 1, Traveled: true, Finished: false)
  🧠 Selecting relevant nodes from Global Tree...
  🤖 Calling LLM (Attempt 1)...

📊 Token Statistics:
   Prompt length: 6204 characters
   Estimated tokens: 1552 / 64000 (2.4%)
   ✅ Context usage is healthy

  ✅ Step processed successfully: 0 action(s)

📍 Step 424: Processing node [loop1] Loop Node (Type: 1, Traveled: true, Finished: false)
  🧠 Selecting relevant nodes from Global Tree...
  🤖 Calling LLM (Attempt 1)...

📊 Token Statistics:
   Prompt length: 6204 characters
   Estimated tokens: 1552 / 64000 (2.4%)
   ✅ Context usage is healthy

  ✅ Step processed successfully: 0 action(s)

📍 Step 425: Processing node [loop1] Loop Node (Type: 1, Traveled: true, Finished: false)
  🧠 Selecting relevant nodes from Global Tree...
  🤖 Calling LLM (Attempt 1)...

📊 Token Statistics:
   Prompt length: 6204 characters
   Estimated tokens: 1552 / 64000 (2.4%)
   ✅ Context usage is healthy

  ✅ Step processed successfully: 0 action(s)

📍 Step 426: Processing node [loop1] Loop Node (Type: 1, Traveled: true, Finished: false)
  🧠 Selecting relevant nodes from Global Tree...
  🤖 Calling LLM (Attempt 1)...

📊 Token Statistics:
   Prompt length: 6204 characters
   Estimated tokens: 1552 / 64000 (2.4%)
   ✅ Context usage is healthy

  ✅ Step processed successfully: 0 action(s)

📍 Step 427: Processing node [loop1] Loop Node (Type: 1, Traveled: true, Finished: false)
  🧠 Selecting relevant nodes from Global Tree...
  🤖 Calling LLM (Attempt 1)...

📊 Token Statistics:
   Prompt length: 6204 characters
   Estimated tokens: 1552 / 64000 (2.4%)
   ✅ Context usage is healthy

  ✅ Step processed successfully: 0 action(s)

📍 Step 428: Processing node [loop1] Loop Node (Type: 1, Traveled: true, Finished: false)
  🧠 Selecting relevant nodes from Global Tree...
  🤖 Calling LLM (Attempt 1)...

📊 Token Statistics:
   Prompt length: 6204 characters
   Estimated tokens: 1552 / 64000 (2.4%)
   ✅ Context usage is healthy

  ✅ Step processed successfully: 0 action(s)

📍 Step 429: Processing node [loop1] Loop Node (Type: 1, Traveled: true, Finished: false)
  🧠 Selecting relevant nodes from Global Tree...
  🤖 Calling LLM (Attempt 1)...

📊 Token Statistics:
   Prompt length: 6204 characters
   Estimated tokens: 1552 / 64000 (2.4%)
   ✅ Context usage is healthy

  ✅ Step processed successfully: 0 action(s)

📍 Step 430: Processing node [loop1] Loop Node (Type: 1, Traveled: true, Finished: false)
  🧠 Selecting relevant nodes from Global Tree...
  🤖 Calling LLM (Attempt 1)...

📊 Token Statistics:
   Prompt length: 6204 characters
   Estimated tokens: 1552 / 64000 (2.4%)
   ✅ Context usage is healthy

  ✅ Step processed successfully: 0 action(s)

📍 Step 431: Processing node [loop1] Loop Node (Type: 1, Traveled: true, Finished: false)
  🧠 Selecting relevant nodes from Global Tree...
  🤖 Calling LLM (Attempt 1)...

📊 Token Statistics:
   Prompt length: 6204 characters
   Estimated tokens: 1552 / 64000 (2.4%)
   ✅ Context usage is healthy

  ✅ Step processed successfully: 0 action(s)

📍 Step 432: Processing node [loop1] Loop Node (Type: 1, Traveled: true, Finished: false)
  🧠 Selecting relevant nodes from Global Tree...
  🤖 Calling LLM (Attempt 1)...

📊 Token Statistics:
   Prompt length: 6204 characters
   Estimated tokens: 1552 / 64000 (2.4%)
   ✅ Context usage is healthy

  ✅ Step processed successfully: 0 action(s)

📍 Step 433: Processing node [loop1] Loop Node (Type: 1, Traveled: true, Finished: false)
  🧠 Selecting relevant nodes from Global Tree...
  🤖 Calling LLM (Attempt 1)...

📊 Token Statistics:
   Prompt length: 6204 characters
   Estimated tokens: 1552 / 64000 (2.4%)
   ✅ Context usage is healthy

  ✅ Step processed successfully: 0 action(s)

📍 Step 434: Processing node [loop1] Loop Node (Type: 1, Traveled: true, Finished: false)
  🧠 Selecting relevant nodes from Global Tree...
  🤖 Calling LLM (Attempt 1)...

📊 Token Statistics:
   Prompt length: 6204 characters
   Estimated tokens: 1552 / 64000 (2.4%)
   ✅ Context usage is healthy

  ✅ Step processed successfully: 0 action(s)

📍 Step 435: Processing node [loop1] Loop Node (Type: 1, Traveled: true, Finished: false)
  🧠 Selecting relevant nodes from Global Tree...
  🤖 Calling LLM (Attempt 1)...

📊 Token Statistics:
   Prompt length: 6204 characters
   Estimated tokens: 1552 / 64000 (2.4%)
   ✅ Context usage is healthy

  ✅ Step processed successfully: 0 action(s)

📍 Step 436: Processing node [loop1] Loop Node (Type: 1, Traveled: true, Finished: false)
  🧠 Selecting relevant nodes from Global Tree...
  🤖 Calling LLM (Attempt 1)...

📊 Token Statistics:
   Prompt length: 6204 characters
   Estimated tokens: 1552 / 64000 (2.4%)
   ✅ Context usage is healthy

  ✅ Step processed successfully: 0 action(s)

📍 Step 437: Processing node [loop1] Loop Node (Type: 1, Traveled: true, Finished: false)
  🧠 Selecting relevant nodes from Global Tree...
  🤖 Calling LLM (Attempt 1)...

📊 Token Statistics:
   Prompt length: 6204 characters
   Estimated tokens: 1552 / 64000 (2.4%)
   ✅ Context usage is healthy

  ✅ Step processed successfully: 0 action(s)

📍 Step 438: Processing node [loop1] Loop Node (Type: 1, Traveled: true, Finished: false)
  🧠 Selecting relevant nodes from Global Tree...
  🤖 Calling LLM (Attempt 1)...

📊 Token Statistics:
   Prompt length: 6204 characters
   Estimated tokens: 1552 / 64000 (2.4%)
   ✅ Context usage is healthy

  ✅ Step processed successfully: 0 action(s)

📍 Step 439: Processing node [loop1] Loop Node (Type: 1, Traveled: true, Finished: false)
  🧠 Selecting relevant nodes from Global Tree...
  🤖 Calling LLM (Attempt 1)...

📊 Token Statistics:
   Prompt length: 6204 characters
   Estimated tokens: 1552 / 64000 (2.4%)
   ✅ Context usage is healthy

  ✅ Step processed successfully: 0 action(s)

📍 Step 440: Processing node [loop1] Loop Node (Type: 1, Traveled: true, Finished: false)
  🧠 Selecting relevant nodes from Global Tree...
  🤖 Calling LLM (Attempt 1)...

📊 Token Statistics:
   Prompt length: 6204 characters
   Estimated tokens: 1552 / 64000 (2.4%)
   ✅ Context usage is healthy

  ✅ Step processed successfully: 0 action(s)

📍 Step 441: Processing node [loop1] Loop Node (Type: 1, Traveled: true, Finished: false)
  🧠 Selecting relevant nodes from Global Tree...
  🤖 Calling LLM (Attempt 1)...

📊 Token Statistics:
   Prompt length: 6204 characters
   Estimated tokens: 1552 / 64000 (2.4%)
   ✅ Context usage is healthy

  ✅ Step processed successfully: 0 action(s)

📍 Step 442: Processing node [loop1] Loop Node (Type: 1, Traveled: true, Finished: false)
  🧠 Selecting relevant nodes from Global Tree...
  🤖 Calling LLM (Attempt 1)...

📊 Token Statistics:
   Prompt length: 6204 characters
   Estimated tokens: 1552 / 64000 (2.4%)
   ✅ Context usage is healthy

  ✅ Step processed successfully: 0 action(s)

📍 Step 443: Processing node [loop1] Loop Node (Type: 1, Traveled: true, Finished: false)
  🧠 Selecting relevant nodes from Global Tree...
  🤖 Calling LLM (Attempt 1)...

📊 Token Statistics:
   Prompt length: 6204 characters
   Estimated tokens: 1552 / 64000 (2.4%)
   ✅ Context usage is healthy

  ✅ Step processed successfully: 0 action(s)

📍 Step 444: Processing node [loop1] Loop Node (Type: 1, Traveled: true, Finished: false)
  🧠 Selecting relevant nodes from Global Tree...
  🤖 Calling LLM (Attempt 1)...

📊 Token Statistics:
   Prompt length: 6204 characters
   Estimated tokens: 1552 / 64000 (2.4%)
   ✅ Context usage is healthy

  ✅ Step processed successfully: 0 action(s)

📍 Step 445: Processing node [loop1] Loop Node (Type: 1, Traveled: true, Finished: false)
  🧠 Selecting relevant nodes from Global Tree...
  🤖 Calling LLM (Attempt 1)...

📊 Token Statistics:
   Prompt length: 6204 characters
   Estimated tokens: 1552 / 64000 (2.4%)
   ✅ Context usage is healthy

  ✅ Step processed successfully: 0 action(s)

📍 Step 446: Processing node [loop1] Loop Node (Type: 1, Traveled: true, Finished: false)
  🧠 Selecting relevant nodes from Global Tree...
  🤖 Calling LLM (Attempt 1)...

📊 Token Statistics:
   Prompt length: 6204 characters
   Estimated tokens: 1552 / 64000 (2.4%)
   ✅ Context usage is healthy

  ✅ Step processed successfully: 0 action(s)

📍 Step 447: Processing node [loop1] Loop Node (Type: 1, Traveled: true, Finished: false)
  🧠 Selecting relevant nodes from Global Tree...
  🤖 Calling LLM (Attempt 1)...

📊 Token Statistics:
   Prompt length: 6204 characters
   Estimated tokens: 1552 / 64000 (2.4%)
   ✅ Context usage is healthy

  ✅ Step processed successfully: 0 action(s)

📍 Step 448: Processing node [loop1] Loop Node (Type: 1, Traveled: true, Finished: false)
  🧠 Selecting relevant nodes from Global Tree...
  🤖 Calling LLM (Attempt 1)...

📊 Token Statistics:
   Prompt length: 6204 characters
   Estimated tokens: 1552 / 64000 (2.4%)
   ✅ Context usage is healthy

  ✅ Step processed successfully: 0 action(s)

📍 Step 449: Processing node [loop1] Loop Node (Type: 1, Traveled: true, Finished: false)
  🧠 Selecting relevant nodes from Global Tree...
  🤖 Calling LLM (Attempt 1)...

📊 Token Statistics:
   Prompt length: 6204 characters
   Estimated tokens: 1552 / 64000 (2.4%)
   ✅ Context usage is healthy

  ✅ Step processed successfully: 0 action(s)

📍 Step 450: Processing node [loop1] Loop Node (Type: 1, Traveled: true, Finished: false)
  🧠 Selecting relevant nodes from Global Tree...
  🤖 Calling LLM (Attempt 1)...

📊 Token Statistics:
   Prompt length: 6204 characters
   Estimated tokens: 1552 / 64000 (2.4%)
   ✅ Context usage is healthy

  ✅ Step processed successfully: 0 action(s)

📍 Step 451: Processing node [loop1] Loop Node (Type: 1, Traveled: true, Finished: false)
  🧠 Selecting relevant nodes from Global Tree...
  🤖 Calling LLM (Attempt 1)...

📊 Token Statistics:
   Prompt length: 6204 characters
   Estimated tokens: 1552 / 64000 (2.4%)
   ✅ Context usage is healthy

  ✅ Step processed successfully: 0 action(s)

📍 Step 452: Processing node [loop1] Loop Node (Type: 1, Traveled: true, Finished: false)
  🧠 Selecting relevant nodes from Global Tree...
  🤖 Calling LLM (Attempt 1)...

📊 Token Statistics:
   Prompt length: 6204 characters
   Estimated tokens: 1552 / 64000 (2.4%)
   ✅ Context usage is healthy

  ✅ Step processed successfully: 0 action(s)

📍 Step 453: Processing node [loop1] Loop Node (Type: 1, Traveled: true, Finished: false)
  🧠 Selecting relevant nodes from Global Tree...
  🤖 Calling LLM (Attempt 1)...

📊 Token Statistics:
   Prompt length: 6204 characters
   Estimated tokens: 1552 / 64000 (2.4%)
   ✅ Context usage is healthy

  ✅ Step processed successfully: 0 action(s)

📍 Step 454: Processing node [loop1] Loop Node (Type: 1, Traveled: true, Finished: false)
  🧠 Selecting relevant nodes from Global Tree...
  🤖 Calling LLM (Attempt 1)...

📊 Token Statistics:
   Prompt length: 6204 characters
   Estimated tokens: 1552 / 64000 (2.4%)
   ✅ Context usage is healthy

  ✅ Step processed successfully: 0 action(s)

📍 Step 455: Processing node [loop1] Loop Node (Type: 1, Traveled: true, Finished: false)
  🧠 Selecting relevant nodes from Global Tree...
  🤖 Calling LLM (Attempt 1)...

📊 Token Statistics:
   Prompt length: 6204 characters
   Estimated tokens: 1552 / 64000 (2.4%)
   ✅ Context usage is healthy

  ✅ Step processed successfully: 0 action(s)

📍 Step 456: Processing node [loop1] Loop Node (Type: 1, Traveled: true, Finished: false)
  🧠 Selecting relevant nodes from Global Tree...
  🤖 Calling LLM (Attempt 1)...

📊 Token Statistics:
   Prompt length: 6204 characters
   Estimated tokens: 1552 / 64000 (2.4%)
   ✅ Context usage is healthy

  ✅ Step processed successfully: 0 action(s)

📍 Step 457: Processing node [loop1] Loop Node (Type: 1, Traveled: true, Finished: false)
  🧠 Selecting relevant nodes from Global Tree...
  🤖 Calling LLM (Attempt 1)...

📊 Token Statistics:
   Prompt length: 6204 characters
   Estimated tokens: 1552 / 64000 (2.4%)
   ✅ Context usage is healthy

  ✅ Step processed successfully: 0 action(s)

📍 Step 458: Processing node [loop1] Loop Node (Type: 1, Traveled: true, Finished: false)
  🧠 Selecting relevant nodes from Global Tree...
  🤖 Calling LLM (Attempt 1)...

📊 Token Statistics:
   Prompt length: 6204 characters
   Estimated tokens: 1552 / 64000 (2.4%)
   ✅ Context usage is healthy

  ✅ Step processed successfully: 0 action(s)

📍 Step 459: Processing node [loop1] Loop Node (Type: 1, Traveled: true, Finished: false)
  🧠 Selecting relevant nodes from Global Tree...
  🤖 Calling LLM (Attempt 1)...

📊 Token Statistics:
   Prompt length: 6204 characters
   Estimated tokens: 1552 / 64000 (2.4%)
   ✅ Context usage is healthy

  ✅ Step processed successfully: 0 action(s)

📍 Step 460: Processing node [loop1] Loop Node (Type: 1, Traveled: true, Finished: false)
  🧠 Selecting relevant nodes from Global Tree...
  🤖 Calling LLM (Attempt 1)...

📊 Token Statistics:
   Prompt length: 6204 characters
   Estimated tokens: 1552 / 64000 (2.4%)
   ✅ Context usage is healthy

  ✅ Step processed successfully: 0 action(s)

📍 Step 461: Processing node [loop1] Loop Node (Type: 1, Traveled: true, Finished: false)
  🧠 Selecting relevant nodes from Global Tree...
  🤖 Calling LLM (Attempt 1)...

📊 Token Statistics:
   Prompt length: 6204 characters
   Estimated tokens: 1552 / 64000 (2.4%)
   ✅ Context usage is healthy

  ✅ Step processed successfully: 0 action(s)

📍 Step 462: Processing node [loop1] Loop Node (Type: 1, Traveled: true, Finished: false)
  🧠 Selecting relevant nodes from Global Tree...
  🤖 Calling LLM (Attempt 1)...

📊 Token Statistics:
   Prompt length: 6204 characters
   Estimated tokens: 1552 / 64000 (2.4%)
   ✅ Context usage is healthy

  ✅ Step processed successfully: 0 action(s)

📍 Step 463: Processing node [loop1] Loop Node (Type: 1, Traveled: true, Finished: false)
  🧠 Selecting relevant nodes from Global Tree...
  🤖 Calling LLM (Attempt 1)...

📊 Token Statistics:
   Prompt length: 6204 characters
   Estimated tokens: 1552 / 64000 (2.4%)
   ✅ Context usage is healthy

  ✅ Step processed successfully: 0 action(s)

📍 Step 464: Processing node [loop1] Loop Node (Type: 1, Traveled: true, Finished: false)
  🧠 Selecting relevant nodes from Global Tree...
  🤖 Calling LLM (Attempt 1)...

📊 Token Statistics:
   Prompt length: 6204 characters
   Estimated tokens: 1552 / 64000 (2.4%)
   ✅ Context usage is healthy

  ✅ Step processed successfully: 0 action(s)

📍 Step 465: Processing node [loop1] Loop Node (Type: 1, Traveled: true, Finished: false)
  🧠 Selecting relevant nodes from Global Tree...
  🤖 Calling LLM (Attempt 1)...

📊 Token Statistics:
   Prompt length: 6204 characters
   Estimated tokens: 1552 / 64000 (2.4%)
   ✅ Context usage is healthy

  ✅ Step processed successfully: 0 action(s)

📍 Step 466: Processing node [loop1] Loop Node (Type: 1, Traveled: true, Finished: false)
  🧠 Selecting relevant nodes from Global Tree...
  🤖 Calling LLM (Attempt 1)...

📊 Token Statistics:
   Prompt length: 6204 characters
   Estimated tokens: 1552 / 64000 (2.4%)
   ✅ Context usage is healthy

  ✅ Step processed successfully: 0 action(s)

📍 Step 467: Processing node [loop1] Loop Node (Type: 1, Traveled: true, Finished: false)
  🧠 Selecting relevant nodes from Global Tree...
  🤖 Calling LLM (Attempt 1)...

📊 Token Statistics:
   Prompt length: 6204 characters
   Estimated tokens: 1552 / 64000 (2.4%)
   ✅ Context usage is healthy

  ✅ Step processed successfully: 0 action(s)

📍 Step 468: Processing node [loop1] Loop Node (Type: 1, Traveled: true, Finished: false)
  🧠 Selecting relevant nodes from Global Tree...
  🤖 Calling LLM (Attempt 1)...

📊 Token Statistics:
   Prompt length: 6204 characters
   Estimated tokens: 1552 / 64000 (2.4%)
   ✅ Context usage is healthy

  ✅ Step processed successfully: 0 action(s)

📍 Step 469: Processing node [loop1] Loop Node (Type: 1, Traveled: true, Finished: false)
  🧠 Selecting relevant nodes from Global Tree...
  🤖 Calling LLM (Attempt 1)...

📊 Token Statistics:
   Prompt length: 6204 characters
   Estimated tokens: 1552 / 64000 (2.4%)
   ✅ Context usage is healthy

  ✅ Step processed successfully: 0 action(s)

📍 Step 470: Processing node [loop1] Loop Node (Type: 1, Traveled: true, Finished: false)
  🧠 Selecting relevant nodes from Global Tree...
  🤖 Calling LLM (Attempt 1)...

📊 Token Statistics:
   Prompt length: 6204 characters
   Estimated tokens: 1552 / 64000 (2.4%)
   ✅ Context usage is healthy

  ✅ Step processed successfully: 0 action(s)

📍 Step 471: Processing node [loop1] Loop Node (Type: 1, Traveled: true, Finished: false)
  🧠 Selecting relevant nodes from Global Tree...
  🤖 Calling LLM (Attempt 1)...

📊 Token Statistics:
   Prompt length: 6204 characters
   Estimated tokens: 1552 / 64000 (2.4%)
   ✅ Context usage is healthy

  ✅ Step processed successfully: 0 action(s)

📍 Step 472: Processing node [loop1] Loop Node (Type: 1, Traveled: true, Finished: false)
  🧠 Selecting relevant nodes from Global Tree...
  🤖 Calling LLM (Attempt 1)...

📊 Token Statistics:
   Prompt length: 6204 characters
   Estimated tokens: 1552 / 64000 (2.4%)
   ✅ Context usage is healthy

  ✅ Step processed successfully: 0 action(s)

📍 Step 473: Processing node [loop1] Loop Node (Type: 1, Traveled: true, Finished: false)
  🧠 Selecting relevant nodes from Global Tree...
  🤖 Calling LLM (Attempt 1)...

📊 Token Statistics:
   Prompt length: 6204 characters
   Estimated tokens: 1552 / 64000 (2.4%)
   ✅ Context usage is healthy

  ✅ Step processed successfully: 0 action(s)

📍 Step 474: Processing node [loop1] Loop Node (Type: 1, Traveled: true, Finished: false)
  🧠 Selecting relevant nodes from Global Tree...
  🤖 Calling LLM (Attempt 1)...

📊 Token Statistics:
   Prompt length: 6204 characters
   Estimated tokens: 1552 / 64000 (2.4%)
   ✅ Context usage is healthy

  ✅ Step processed successfully: 0 action(s)

📍 Step 475: Processing node [loop1] Loop Node (Type: 1, Traveled: true, Finished: false)
  🧠 Selecting relevant nodes from Global Tree...
  🤖 Calling LLM (Attempt 1)...

📊 Token Statistics:
   Prompt length: 6204 characters
   Estimated tokens: 1552 / 64000 (2.4%)
   ✅ Context usage is healthy

  ✅ Step processed successfully: 0 action(s)

📍 Step 476: Processing node [loop1] Loop Node (Type: 1, Traveled: true, Finished: false)
  🧠 Selecting relevant nodes from Global Tree...
  🤖 Calling LLM (Attempt 1)...

📊 Token Statistics:
   Prompt length: 6204 characters
   Estimated tokens: 1552 / 64000 (2.4%)
   ✅ Context usage is healthy

  ✅ Step processed successfully: 0 action(s)

📍 Step 477: Processing node [loop1] Loop Node (Type: 1, Traveled: true, Finished: false)
  🧠 Selecting relevant nodes from Global Tree...
  🤖 Calling LLM (Attempt 1)...

📊 Token Statistics:
   Prompt length: 6204 characters
   Estimated tokens: 1552 / 64000 (2.4%)
   ✅ Context usage is healthy

  ✅ Step processed successfully: 0 action(s)

📍 Step 478: Processing node [loop1] Loop Node (Type: 1, Traveled: true, Finished: false)
  🧠 Selecting relevant nodes from Global Tree...
  🤖 Calling LLM (Attempt 1)...

📊 Token Statistics:
   Prompt length: 6204 characters
   Estimated tokens: 1552 / 64000 (2.4%)
   ✅ Context usage is healthy

  ✅ Step processed successfully: 0 action(s)

📍 Step 479: Processing node [loop1] Loop Node (Type: 1, Traveled: true, Finished: false)
  🧠 Selecting relevant nodes from Global Tree...
  🤖 Calling LLM (Attempt 1)...

📊 Token Statistics:
   Prompt length: 6204 characters
   Estimated tokens: 1552 / 64000 (2.4%)
   ✅ Context usage is healthy

  ✅ Step processed successfully: 0 action(s)

📍 Step 480: Processing node [loop1] Loop Node (Type: 1, Traveled: true, Finished: false)
  🧠 Selecting relevant nodes from Global Tree...
  🤖 Calling LLM (Attempt 1)...

📊 Token Statistics:
   Prompt length: 6204 characters
   Estimated tokens: 1552 / 64000 (2.4%)
   ✅ Context usage is healthy

  ✅ Step processed successfully: 0 action(s)

📍 Step 481: Processing node [loop1] Loop Node (Type: 1, Traveled: true, Finished: false)
  🧠 Selecting relevant nodes from Global Tree...
  🤖 Calling LLM (Attempt 1)...

📊 Token Statistics:
   Prompt length: 6204 characters
   Estimated tokens: 1552 / 64000 (2.4%)
   ✅ Context usage is healthy

  ✅ Step processed successfully: 0 action(s)

📍 Step 482: Processing node [loop1] Loop Node (Type: 1, Traveled: true, Finished: false)
  🧠 Selecting relevant nodes from Global Tree...
  🤖 Calling LLM (Attempt 1)...

📊 Token Statistics:
   Prompt length: 6204 characters
   Estimated tokens: 1552 / 64000 (2.4%)
   ✅ Context usage is healthy

  ✅ Step processed successfully: 0 action(s)

📍 Step 483: Processing node [loop1] Loop Node (Type: 1, Traveled: true, Finished: false)
  🧠 Selecting relevant nodes from Global Tree...
  🤖 Calling LLM (Attempt 1)...

📊 Token Statistics:
   Prompt length: 6204 characters
   Estimated tokens: 1552 / 64000 (2.4%)
   ✅ Context usage is healthy

  ✅ Step processed successfully: 0 action(s)

📍 Step 484: Processing node [loop1] Loop Node (Type: 1, Traveled: true, Finished: false)
  🧠 Selecting relevant nodes from Global Tree...
  🤖 Calling LLM (Attempt 1)...

📊 Token Statistics:
   Prompt length: 6204 characters
   Estimated tokens: 1552 / 64000 (2.4%)
   ✅ Context usage is healthy

  ✅ Step processed successfully: 0 action(s)

📍 Step 485: Processing node [loop1] Loop Node (Type: 1, Traveled: true, Finished: false)
  🧠 Selecting relevant nodes from Global Tree...
  🤖 Calling LLM (Attempt 1)...

📊 Token Statistics:
   Prompt length: 6204 characters
   Estimated tokens: 1552 / 64000 (2.4%)
   ✅ Context usage is healthy

  ✅ Step processed successfully: 0 action(s)

📍 Step 486: Processing node [loop1] Loop Node (Type: 1, Traveled: true, Finished: false)
  🧠 Selecting relevant nodes from Global Tree...
  🤖 Calling LLM (Attempt 1)...

📊 Token Statistics:
   Prompt length: 6204 characters
   Estimated tokens: 1552 / 64000 (2.4%)
   ✅ Context usage is healthy

  ✅ Step processed successfully: 0 action(s)

📍 Step 487: Processing node [loop1] Loop Node (Type: 1, Traveled: true, Finished: false)
  🧠 Selecting relevant nodes from Global Tree...
  🤖 Calling LLM (Attempt 1)...

📊 Token Statistics:
   Prompt length: 6204 characters
   Estimated tokens: 1552 / 64000 (2.4%)
   ✅ Context usage is healthy

  ✅ Step processed successfully: 0 action(s)

📍 Step 488: Processing node [loop1] Loop Node (Type: 1, Traveled: true, Finished: false)
  🧠 Selecting relevant nodes from Global Tree...
  🤖 Calling LLM (Attempt 1)...

📊 Token Statistics:
   Prompt length: 6204 characters
   Estimated tokens: 1552 / 64000 (2.4%)
   ✅ Context usage is healthy

  ✅ Step processed successfully: 0 action(s)

📍 Step 489: Processing node [loop1] Loop Node (Type: 1, Traveled: true, Finished: false)
  🧠 Selecting relevant nodes from Global Tree...
  🤖 Calling LLM (Attempt 1)...

📊 Token Statistics:
   Prompt length: 6204 characters
   Estimated tokens: 1552 / 64000 (2.4%)
   ✅ Context usage is healthy

  ✅ Step processed successfully: 0 action(s)

📍 Step 490: Processing node [loop1] Loop Node (Type: 1, Traveled: true, Finished: false)
  🧠 Selecting relevant nodes from Global Tree...
  🤖 Calling LLM (Attempt 1)...

📊 Token Statistics:
   Prompt length: 6204 characters
   Estimated tokens: 1552 / 64000 (2.4%)
   ✅ Context usage is healthy

  ✅ Step processed successfully: 0 action(s)

📍 Step 491: Processing node [loop1] Loop Node (Type: 1, Traveled: true, Finished: false)
  🧠 Selecting relevant nodes from Global Tree...
  🤖 Calling LLM (Attempt 1)...

📊 Token Statistics:
   Prompt length: 6204 characters
   Estimated tokens: 1552 / 64000 (2.4%)
   ✅ Context usage is healthy

  ✅ Step processed successfully: 0 action(s)

📍 Step 492: Processing node [loop1] Loop Node (Type: 1, Traveled: true, Finished: false)
  🧠 Selecting relevant nodes from Global Tree...
  🤖 Calling LLM (Attempt 1)...

📊 Token Statistics:
   Prompt length: 6204 characters
   Estimated tokens: 1552 / 64000 (2.4%)
   ✅ Context usage is healthy

  ✅ Step processed successfully: 0 action(s)

📍 Step 493: Processing node [loop1] Loop Node (Type: 1, Traveled: true, Finished: false)
  🧠 Selecting relevant nodes from Global Tree...
  🤖 Calling LLM (Attempt 1)...

📊 Token Statistics:
   Prompt length: 6204 characters
   Estimated tokens: 1552 / 64000 (2.4%)
   ✅ Context usage is healthy

  ✅ Step processed successfully: 0 action(s)

📍 Step 494: Processing node [loop1] Loop Node (Type: 1, Traveled: true, Finished: false)
  🧠 Selecting relevant nodes from Global Tree...
  🤖 Calling LLM (Attempt 1)...

📊 Token Statistics:
   Prompt length: 6204 characters
   Estimated tokens: 1552 / 64000 (2.4%)
   ✅ Context usage is healthy

  ✅ Step processed successfully: 0 action(s)

📍 Step 495: Processing node [loop1] Loop Node (Type: 1, Traveled: true, Finished: false)
  🧠 Selecting relevant nodes from Global Tree...
  🤖 Calling LLM (Attempt 1)...

📊 Token Statistics:
   Prompt length: 6204 characters
   Estimated tokens: 1552 / 64000 (2.4%)
   ✅ Context usage is healthy

  ✅ Step processed successfully: 0 action(s)

📍 Step 496: Processing node [loop1] Loop Node (Type: 1, Traveled: true, Finished: false)
  🧠 Selecting relevant nodes from Global Tree...
  🤖 Calling LLM (Attempt 1)...

📊 Token Statistics:
   Prompt length: 6204 characters
   Estimated tokens: 1552 / 64000 (2.4%)
   ✅ Context usage is healthy

  ✅ Step processed successfully: 0 action(s)

📍 Step 497: Processing node [loop1] Loop Node (Type: 1, Traveled: true, Finished: false)
  🧠 Selecting relevant nodes from Global Tree...
  🤖 Calling LLM (Attempt 1)...

📊 Token Statistics:
   Prompt length: 6204 characters
   Estimated tokens: 1552 / 64000 (2.4%)
   ✅ Context usage is healthy

  ✅ Step processed successfully: 0 action(s)

📍 Step 498: Processing node [loop1] Loop Node (Type: 1, Traveled: true, Finished: false)
  🧠 Selecting relevant nodes from Global Tree...
  🤖 Calling LLM (Attempt 1)...

📊 Token Statistics:
   Prompt length: 6204 characters
   Estimated tokens: 1552 / 64000 (2.4%)
   ✅ Context usage is healthy

  ✅ Step processed successfully: 0 action(s)

📍 Step 499: Processing node [loop1] Loop Node (Type: 1, Traveled: true, Finished: false)
  🧠 Selecting relevant nodes from Global Tree...
  🤖 Calling LLM (Attempt 1)...

📊 Token Statistics:
   Prompt length: 6204 characters
   Estimated tokens: 1552 / 64000 (2.4%)
   ✅ Context usage is healthy

  ✅ Step processed successfully: 0 action(s)

📍 Step 500: Processing node [loop1] Loop Node (Type: 1, Traveled: true, Finished: false)
  🧠 Selecting relevant nodes from Global Tree...
  🤖 Calling LLM (Attempt 1)...

📊 Token Statistics:
   Prompt length: 6204 characters
   Estimated tokens: 1552 / 64000 (2.4%)
   ✅ Context usage is healthy

  ✅ Step processed successfully: 0 action(s)

📍 Step 501: Processing node [loop1] Loop Node (Type: 1, Traveled: true, Finished: false)
  🧠 Selecting relevant nodes from Global Tree...
  🤖 Calling LLM (Attempt 1)...

📊 Token Statistics:
   Prompt length: 6204 characters
   Estimated tokens: 1552 / 64000 (2.4%)
   ✅ Context usage is healthy

  ✅ Step processed successfully: 0 action(s)

📍 Step 502: Processing node [loop1] Loop Node (Type: 1, Traveled: true, Finished: false)
  🧠 Selecting relevant nodes from Global Tree...
  🤖 Calling LLM (Attempt 1)...

📊 Token Statistics:
   Prompt length: 6204 characters
   Estimated tokens: 1552 / 64000 (2.4%)
   ✅ Context usage is healthy

  ✅ Step processed successfully: 0 action(s)

📍 Step 503: Processing node [loop1] Loop Node (Type: 1, Traveled: true, Finished: false)
  🧠 Selecting relevant nodes from Global Tree...
  🤖 Calling LLM (Attempt 1)...

📊 Token Statistics:
   Prompt length: 6204 characters
   Estimated tokens: 1552 / 64000 (2.4%)
   ✅ Context usage is healthy

  ✅ Step processed successfully: 0 action(s)

📍 Step 504: Processing node [loop1] Loop Node (Type: 1, Traveled: true, Finished: false)
  🧠 Selecting relevant nodes from Global Tree...
  🤖 Calling LLM (Attempt 1)...

📊 Token Statistics:
   Prompt length: 6204 characters
   Estimated tokens: 1552 / 64000 (2.4%)
   ✅ Context usage is healthy

  ✅ Step processed successfully: 0 action(s)

📍 Step 505: Processing node [loop1] Loop Node (Type: 1, Traveled: true, Finished: false)
  🧠 Selecting relevant nodes from Global Tree...
  🤖 Calling LLM (Attempt 1)...

📊 Token Statistics:
   Prompt length: 6204 characters
   Estimated tokens: 1552 / 64000 (2.4%)
   ✅ Context usage is healthy

  ✅ Step processed successfully: 0 action(s)

📍 Step 506: Processing node [loop1] Loop Node (Type: 1, Traveled: true, Finished: false)
  🧠 Selecting relevant nodes from Global Tree...
  🤖 Calling LLM (Attempt 1)...

📊 Token Statistics:
   Prompt length: 6204 characters
   Estimated tokens: 1552 / 64000 (2.4%)
   ✅ Context usage is healthy

  ✅ Step processed successfully: 0 action(s)

📍 Step 507: Processing node [loop1] Loop Node (Type: 1, Traveled: true, Finished: false)
  🧠 Selecting relevant nodes from Global Tree...
  🤖 Calling LLM (Attempt 1)...

📊 Token Statistics:
   Prompt length: 6204 characters
   Estimated tokens: 1552 / 64000 (2.4%)
   ✅ Context usage is healthy

  ✅ Step processed successfully: 0 action(s)

📍 Step 508: Processing node [loop1] Loop Node (Type: 1, Traveled: true, Finished: false)
  🧠 Selecting relevant nodes from Global Tree...
  🤖 Calling LLM (Attempt 1)...

📊 Token Statistics:
   Prompt length: 6204 characters
   Estimated tokens: 1552 / 64000 (2.4%)
   ✅ Context usage is healthy

  ✅ Step processed successfully: 0 action(s)

📍 Step 509: Processing node [loop1] Loop Node (Type: 1, Traveled: true, Finished: false)
  🧠 Selecting relevant nodes from Global Tree...
  🤖 Calling LLM (Attempt 1)...

📊 Token Statistics:
   Prompt length: 6204 characters
   Estimated tokens: 1552 / 64000 (2.4%)
   ✅ Context usage is healthy

  ✅ Step processed successfully: 0 action(s)

📍 Step 510: Processing node [loop1] Loop Node (Type: 1, Traveled: true, Finished: false)
  🧠 Selecting relevant nodes from Global Tree...
  🤖 Calling LLM (Attempt 1)...

📊 Token Statistics:
   Prompt length: 6204 characters
   Estimated tokens: 1552 / 64000 (2.4%)
   ✅ Context usage is healthy

  ✅ Step processed successfully: 0 action(s)

📍 Step 511: Processing node [loop1] Loop Node (Type: 1, Traveled: true, Finished: false)
  🧠 Selecting relevant nodes from Global Tree...
  🤖 Calling LLM (Attempt 1)...

📊 Token Statistics:
   Prompt length: 6204 characters
   Estimated tokens: 1552 / 64000 (2.4%)
   ✅ Context usage is healthy

  ✅ Step processed successfully: 0 action(s)

📍 Step 512: Processing node [loop1] Loop Node (Type: 1, Traveled: true, Finished: false)
  🧠 Selecting relevant nodes from Global Tree...
  🤖 Calling LLM (Attempt 1)...

📊 Token Statistics:
   Prompt length: 6204 characters
   Estimated tokens: 1552 / 64000 (2.4%)
   ✅ Context usage is healthy

  ✅ Step processed successfully: 0 action(s)

📍 Step 513: Processing node [loop1] Loop Node (Type: 1, Traveled: true, Finished: false)
  🧠 Selecting relevant nodes from Global Tree...
  🤖 Calling LLM (Attempt 1)...

📊 Token Statistics:
   Prompt length: 6204 characters
   Estimated tokens: 1552 / 64000 (2.4%)
   ✅ Context usage is healthy

  ✅ Step processed successfully: 0 action(s)

📍 Step 514: Processing node [loop1] Loop Node (Type: 1, Traveled: true, Finished: false)
  🧠 Selecting relevant nodes from Global Tree...
  🤖 Calling LLM (Attempt 1)...

📊 Token Statistics:
   Prompt length: 6204 characters
   Estimated tokens: 1552 / 64000 (2.4%)
   ✅ Context usage is healthy

  ✅ Step processed successfully: 0 action(s)

📍 Step 515: Processing node [loop1] Loop Node (Type: 1, Traveled: true, Finished: false)
  🧠 Selecting relevant nodes from Global Tree...
  🤖 Calling LLM (Attempt 1)...

📊 Token Statistics:
   Prompt length: 6204 characters
   Estimated tokens: 1552 / 64000 (2.4%)
   ✅ Context usage is healthy

  ✅ Step processed successfully: 0 action(s)

📍 Step 516: Processing node [loop1] Loop Node (Type: 1, Traveled: true, Finished: false)
  🧠 Selecting relevant nodes from Global Tree...
  🤖 Calling LLM (Attempt 1)...

📊 Token Statistics:
   Prompt length: 6204 characters
   Estimated tokens: 1552 / 64000 (2.4%)
   ✅ Context usage is healthy

  ✅ Step processed successfully: 0 action(s)

📍 Step 517: Processing node [loop1] Loop Node (Type: 1, Traveled: true, Finished: false)
  🧠 Selecting relevant nodes from Global Tree...
  🤖 Calling LLM (Attempt 1)...

📊 Token Statistics:
   Prompt length: 6204 characters
   Estimated tokens: 1552 / 64000 (2.4%)
   ✅ Context usage is healthy

  ✅ Step processed successfully: 0 action(s)

📍 Step 518: Processing node [loop1] Loop Node (Type: 1, Traveled: true, Finished: false)
  🧠 Selecting relevant nodes from Global Tree...
  🤖 Calling LLM (Attempt 1)...

📊 Token Statistics:
   Prompt length: 6204 characters
   Estimated tokens: 1552 / 64000 (2.4%)
   ✅ Context usage is healthy

  ✅ Step processed successfully: 0 action(s)

📍 Step 519: Processing node [loop1] Loop Node (Type: 1, Traveled: true, Finished: false)
  🧠 Selecting relevant nodes from Global Tree...
  🤖 Calling LLM (Attempt 1)...

📊 Token Statistics:
   Prompt length: 6204 characters
   Estimated tokens: 1552 / 64000 (2.4%)
   ✅ Context usage is healthy

  ✅ Step processed successfully: 0 action(s)

📍 Step 520: Processing node [loop1] Loop Node (Type: 1, Traveled: true, Finished: false)
  🧠 Selecting relevant nodes from Global Tree...
  🤖 Calling LLM (Attempt 1)...

📊 Token Statistics:
   Prompt length: 6204 characters
   Estimated tokens: 1552 / 64000 (2.4%)
   ✅ Context usage is healthy

  ✅ Step processed successfully: 0 action(s)

📍 Step 521: Processing node [loop1] Loop Node (Type: 1, Traveled: true, Finished: false)
  🧠 Selecting relevant nodes from Global Tree...
  🤖 Calling LLM (Attempt 1)...

📊 Token Statistics:
   Prompt length: 6204 characters
   Estimated tokens: 1552 / 64000 (2.4%)
   ✅ Context usage is healthy

  ✅ Step processed successfully: 0 action(s)

📍 Step 522: Processing node [loop1] Loop Node (Type: 1, Traveled: true, Finished: false)
  🧠 Selecting relevant nodes from Global Tree...
  🤖 Calling LLM (Attempt 1)...

📊 Token Statistics:
   Prompt length: 6204 characters
   Estimated tokens: 1552 / 64000 (2.4%)
   ✅ Context usage is healthy

  ✅ Step processed successfully: 0 action(s)

📍 Step 523: Processing node [loop1] Loop Node (Type: 1, Traveled: true, Finished: false)
  🧠 Selecting relevant nodes from Global Tree...
  🤖 Calling LLM (Attempt 1)...

📊 Token Statistics:
   Prompt length: 6204 characters
   Estimated tokens: 1552 / 64000 (2.4%)
   ✅ Context usage is healthy

  ✅ Step processed successfully: 0 action(s)

📍 Step 524: Processing node [loop1] Loop Node (Type: 1, Traveled: true, Finished: false)
  🧠 Selecting relevant nodes from Global Tree...
  🤖 Calling LLM (Attempt 1)...

📊 Token Statistics:
   Prompt length: 6204 characters
   Estimated tokens: 1552 / 64000 (2.4%)
   ✅ Context usage is healthy

  ✅ Step processed successfully: 0 action(s)

📍 Step 525: Processing node [loop1] Loop Node (Type: 1, Traveled: true, Finished: false)
  🧠 Selecting relevant nodes from Global Tree...
  🤖 Calling LLM (Attempt 1)...

📊 Token Statistics:
   Prompt length: 6204 characters
   Estimated tokens: 1552 / 64000 (2.4%)
   ✅ Context usage is healthy

  ✅ Step processed successfully: 0 action(s)

📍 Step 526: Processing node [loop1] Loop Node (Type: 1, Traveled: true, Finished: false)
  🧠 Selecting relevant nodes from Global Tree...
  🤖 Calling LLM (Attempt 1)...

📊 Token Statistics:
   Prompt length: 6204 characters
   Estimated tokens: 1552 / 64000 (2.4%)
   ✅ Context usage is healthy

  ✅ Step processed successfully: 0 action(s)

📍 Step 527: Processing node [loop1] Loop Node (Type: 1, Traveled: true, Finished: false)
  🧠 Selecting relevant nodes from Global Tree...
  🤖 Calling LLM (Attempt 1)...

📊 Token Statistics:
   Prompt length: 6204 characters
   Estimated tokens: 1552 / 64000 (2.4%)
   ✅ Context usage is healthy

  ✅ Step processed successfully: 0 action(s)

📍 Step 528: Processing node [loop1] Loop Node (Type: 1, Traveled: true, Finished: false)
  🧠 Selecting relevant nodes from Global Tree...
  🤖 Calling LLM (Attempt 1)...

📊 Token Statistics:
   Prompt length: 6204 characters
   Estimated tokens: 1552 / 64000 (2.4%)
   ✅ Context usage is healthy

  ✅ Step processed successfully: 0 action(s)

📍 Step 529: Processing node [loop1] Loop Node (Type: 1, Traveled: true, Finished: false)
  🧠 Selecting relevant nodes from Global Tree...
  🤖 Calling LLM (Attempt 1)...

📊 Token Statistics:
   Prompt length: 6204 characters
   Estimated tokens: 1552 / 64000 (2.4%)
   ✅ Context usage is healthy

  ✅ Step processed successfully: 0 action(s)

📍 Step 530: Processing node [loop1] Loop Node (Type: 1, Traveled: true, Finished: false)
  🧠 Selecting relevant nodes from Global Tree...
  🤖 Calling LLM (Attempt 1)...

📊 Token Statistics:
   Prompt length: 6204 characters
   Estimated tokens: 1552 / 64000 (2.4%)
   ✅ Context usage is healthy

  ✅ Step processed successfully: 0 action(s)

📍 Step 531: Processing node [loop1] Loop Node (Type: 1, Traveled: true, Finished: false)
  🧠 Selecting relevant nodes from Global Tree...
  🤖 Calling LLM (Attempt 1)...

📊 Token Statistics:
   Prompt length: 6204 characters
   Estimated tokens: 1552 / 64000 (2.4%)
   ✅ Context usage is healthy

  ✅ Step processed successfully: 0 action(s)

📍 Step 532: Processing node [loop1] Loop Node (Type: 1, Traveled: true, Finished: false)
  🧠 Selecting relevant nodes from Global Tree...
  🤖 Calling LLM (Attempt 1)...

📊 Token Statistics:
   Prompt length: 6204 characters
   Estimated tokens: 1552 / 64000 (2.4%)
   ✅ Context usage is healthy

  ✅ Step processed successfully: 0 action(s)

📍 Step 533: Processing node [loop1] Loop Node (Type: 1, Traveled: true, Finished: false)
  🧠 Selecting relevant nodes from Global Tree...
  🤖 Calling LLM (Attempt 1)...

📊 Token Statistics:
   Prompt length: 6204 characters
   Estimated tokens: 1552 / 64000 (2.4%)
   ✅ Context usage is healthy

  ✅ Step processed successfully: 0 action(s)

📍 Step 534: Processing node [loop1] Loop Node (Type: 1, Traveled: true, Finished: false)
  🧠 Selecting relevant nodes from Global Tree...
  🤖 Calling LLM (Attempt 1)...

📊 Token Statistics:
   Prompt length: 6204 characters
   Estimated tokens: 1552 / 64000 (2.4%)
   ✅ Context usage is healthy

  ✅ Step processed successfully: 0 action(s)

📍 Step 535: Processing node [loop1] Loop Node (Type: 1, Traveled: true, Finished: false)
  🧠 Selecting relevant nodes from Global Tree...
  🤖 Calling LLM (Attempt 1)...

📊 Token Statistics:
   Prompt length: 6204 characters
   Estimated tokens: 1552 / 64000 (2.4%)
   ✅ Context usage is healthy

  ✅ Step processed successfully: 0 action(s)

📍 Step 536: Processing node [loop1] Loop Node (Type: 1, Traveled: true, Finished: false)
  🧠 Selecting relevant nodes from Global Tree...
  🤖 Calling LLM (Attempt 1)...

📊 Token Statistics:
   Prompt length: 6204 characters
   Estimated tokens: 1552 / 64000 (2.4%)
   ✅ Context usage is healthy

  ✅ Step processed successfully: 0 action(s)

📍 Step 537: Processing node [loop1] Loop Node (Type: 1, Traveled: true, Finished: false)
  🧠 Selecting relevant nodes from Global Tree...
  🤖 Calling LLM (Attempt 1)...

📊 Token Statistics:
   Prompt length: 6204 characters
   Estimated tokens: 1552 / 64000 (2.4%)
   ✅ Context usage is healthy

  ✅ Step processed successfully: 0 action(s)

📍 Step 538: Processing node [loop1] Loop Node (Type: 1, Traveled: true, Finished: false)
  🧠 Selecting relevant nodes from Global Tree...
  🤖 Calling LLM (Attempt 1)...

📊 Token Statistics:
   Prompt length: 6204 characters
   Estimated tokens: 1552 / 64000 (2.4%)
   ✅ Context usage is healthy

  ✅ Step processed successfully: 0 action(s)

📍 Step 539: Processing node [loop1] Loop Node (Type: 1, Traveled: true, Finished: false)
  🧠 Selecting relevant nodes from Global Tree...
  🤖 Calling LLM (Attempt 1)...

📊 Token Statistics:
   Prompt length: 6204 characters
   Estimated tokens: 1552 / 64000 (2.4%)
   ✅ Context usage is healthy

  ✅ Step processed successfully: 0 action(s)

📍 Step 540: Processing node [loop1] Loop Node (Type: 1, Traveled: true, Finished: false)
  🧠 Selecting relevant nodes from Global Tree...
  🤖 Calling LLM (Attempt 1)...

📊 Token Statistics:
   Prompt length: 6204 characters
   Estimated tokens: 1552 / 64000 (2.4%)
   ✅ Context usage is healthy

  ✅ Step processed successfully: 0 action(s)

📍 Step 541: Processing node [loop1] Loop Node (Type: 1, Traveled: true, Finished: false)
  🧠 Selecting relevant nodes from Global Tree...
  🤖 Calling LLM (Attempt 1)...

📊 Token Statistics:
   Prompt length: 6204 characters
   Estimated tokens: 1552 / 64000 (2.4%)
   ✅ Context usage is healthy

  ✅ Step processed successfully: 0 action(s)

📍 Step 542: Processing node [loop1] Loop Node (Type: 1, Traveled: true, Finished: false)
  🧠 Selecting relevant nodes from Global Tree...
  🤖 Calling LLM (Attempt 1)...

📊 Token Statistics:
   Prompt length: 6204 characters
   Estimated tokens: 1552 / 64000 (2.4%)
   ✅ Context usage is healthy

  ✅ Step processed successfully: 0 action(s)

📍 Step 543: Processing node [loop1] Loop Node (Type: 1, Traveled: true, Finished: false)
  🧠 Selecting relevant nodes from Global Tree...
  🤖 Calling LLM (Attempt 1)...

📊 Token Statistics:
   Prompt length: 6204 characters
   Estimated tokens: 1552 / 64000 (2.4%)
   ✅ Context usage is healthy

  ✅ Step processed successfully: 0 action(s)

📍 Step 544: Processing node [loop1] Loop Node (Type: 1, Traveled: true, Finished: false)
  🧠 Selecting relevant nodes from Global Tree...
  🤖 Calling LLM (Attempt 1)...

📊 Token Statistics:
   Prompt length: 6204 characters
   Estimated tokens: 1552 / 64000 (2.4%)
   ✅ Context usage is healthy

  ✅ Step processed successfully: 0 action(s)

📍 Step 545: Processing node [loop1] Loop Node (Type: 1, Traveled: true, Finished: false)
  🧠 Selecting relevant nodes from Global Tree...
  🤖 Calling LLM (Attempt 1)...

📊 Token Statistics:
   Prompt length: 6204 characters
   Estimated tokens: 1552 / 64000 (2.4%)
   ✅ Context usage is healthy

  ✅ Step processed successfully: 0 action(s)

📍 Step 546: Processing node [loop1] Loop Node (Type: 1, Traveled: true, Finished: false)
  🧠 Selecting relevant nodes from Global Tree...
  🤖 Calling LLM (Attempt 1)...

📊 Token Statistics:
   Prompt length: 6204 characters
   Estimated tokens: 1552 / 64000 (2.4%)
   ✅ Context usage is healthy

  ✅ Step processed successfully: 0 action(s)

📍 Step 547: Processing node [loop1] Loop Node (Type: 1, Traveled: true, Finished: false)
  🧠 Selecting relevant nodes from Global Tree...
  🤖 Calling LLM (Attempt 1)...

📊 Token Statistics:
   Prompt length: 6204 characters
   Estimated tokens: 1552 / 64000 (2.4%)
   ✅ Context usage is healthy

  ✅ Step processed successfully: 0 action(s)

📍 Step 548: Processing node [loop1] Loop Node (Type: 1, Traveled: true, Finished: false)
  🧠 Selecting relevant nodes from Global Tree...
  🤖 Calling LLM (Attempt 1)...

📊 Token Statistics:
   Prompt length: 6204 characters
   Estimated tokens: 1552 / 64000 (2.4%)
   ✅ Context usage is healthy

  ✅ Step processed successfully: 0 action(s)

📍 Step 549: Processing node [loop1] Loop Node (Type: 1, Traveled: true, Finished: false)
  🧠 Selecting relevant nodes from Global Tree...
  🤖 Calling LLM (Attempt 1)...

📊 Token Statistics:
   Prompt length: 6204 characters
   Estimated tokens: 1552 / 64000 (2.4%)
   ✅ Context usage is healthy

  ✅ Step processed successfully: 0 action(s)

📍 Step 550: Processing node [loop1] Loop Node (Type: 1, Traveled: true, Finished: false)
  🧠 Selecting relevant nodes from Global Tree...
  🤖 Calling LLM (Attempt 1)...

📊 Token Statistics:
   Prompt length: 6204 characters
   Estimated tokens: 1552 / 64000 (2.4%)
   ✅ Context usage is healthy

  ✅ Step processed successfully: 0 action(s)

📍 Step 551: Processing node [loop1] Loop Node (Type: 1, Traveled: true, Finished: false)
  🧠 Selecting relevant nodes from Global Tree...
  🤖 Calling LLM (Attempt 1)...

📊 Token Statistics:
   Prompt length: 6204 characters
   Estimated tokens: 1552 / 64000 (2.4%)
   ✅ Context usage is healthy

  ✅ Step processed successfully: 0 action(s)

📍 Step 552: Processing node [loop1] Loop Node (Type: 1, Traveled: true, Finished: false)
  🧠 Selecting relevant nodes from Global Tree...
  🤖 Calling LLM (Attempt 1)...

📊 Token Statistics:
   Prompt length: 6204 characters
   Estimated tokens: 1552 / 64000 (2.4%)
   ✅ Context usage is healthy

  ✅ Step processed successfully: 0 action(s)

📍 Step 553: Processing node [loop1] Loop Node (Type: 1, Traveled: true, Finished: false)
  🧠 Selecting relevant nodes from Global Tree...
  🤖 Calling LLM (Attempt 1)...

📊 Token Statistics:
   Prompt length: 6204 characters
   Estimated tokens: 1552 / 64000 (2.4%)
   ✅ Context usage is healthy

  ✅ Step processed successfully: 0 action(s)

📍 Step 554: Processing node [loop1] Loop Node (Type: 1, Traveled: true, Finished: false)
  🧠 Selecting relevant nodes from Global Tree...
  🤖 Calling LLM (Attempt 1)...

📊 Token Statistics:
   Prompt length: 6204 characters
   Estimated tokens: 1552 / 64000 (2.4%)
   ✅ Context usage is healthy

  ✅ Step processed successfully: 0 action(s)

📍 Step 555: Processing node [loop1] Loop Node (Type: 1, Traveled: true, Finished: false)
  🧠 Selecting relevant nodes from Global Tree...
  🤖 Calling LLM (Attempt 1)...

📊 Token Statistics:
   Prompt length: 6204 characters
   Estimated tokens: 1552 / 64000 (2.4%)
   ✅ Context usage is healthy

  ✅ Step processed successfully: 0 action(s)

📍 Step 556: Processing node [loop1] Loop Node (Type: 1, Traveled: true, Finished: false)
  🧠 Selecting relevant nodes from Global Tree...
  🤖 Calling LLM (Attempt 1)...

📊 Token Statistics:
   Prompt length: 6204 characters
   Estimated tokens: 1552 / 64000 (2.4%)
   ✅ Context usage is healthy

  ✅ Step processed successfully: 0 action(s)

📍 Step 557: Processing node [loop1] Loop Node (Type: 1, Traveled: true, Finished: false)
  🧠 Selecting relevant nodes from Global Tree...
  🤖 Calling LLM (Attempt 1)...

📊 Token Statistics:
   Prompt length: 6204 characters
   Estimated tokens: 1552 / 64000 (2.4%)
   ✅ Context usage is healthy

  ✅ Step processed successfully: 0 action(s)

📍 Step 558: Processing node [loop1] Loop Node (Type: 1, Traveled: true, Finished: false)
  🧠 Selecting relevant nodes from Global Tree...
  🤖 Calling LLM (Attempt 1)...

📊 Token Statistics:
   Prompt length: 6204 characters
   Estimated tokens: 1552 / 64000 (2.4%)
   ✅ Context usage is healthy

  ✅ Step processed successfully: 0 action(s)

📍 Step 559: Processing node [loop1] Loop Node (Type: 1, Traveled: true, Finished: false)
  🧠 Selecting relevant nodes from Global Tree...
  🤖 Calling LLM (Attempt 1)...

📊 Token Statistics:
   Prompt length: 6204 characters
   Estimated tokens: 1552 / 64000 (2.4%)
   ✅ Context usage is healthy

  ✅ Step processed successfully: 0 action(s)

📍 Step 560: Processing node [loop1] Loop Node (Type: 1, Traveled: true, Finished: false)
  🧠 Selecting relevant nodes from Global Tree...
  🤖 Calling LLM (Attempt 1)...

📊 Token Statistics:
   Prompt length: 6204 characters
   Estimated tokens: 1552 / 64000 (2.4%)
   ✅ Context usage is healthy

  ✅ Step processed successfully: 0 action(s)

📍 Step 561: Processing node [loop1] Loop Node (Type: 1, Traveled: true, Finished: false)
  🧠 Selecting relevant nodes from Global Tree...
  🤖 Calling LLM (Attempt 1)...

📊 Token Statistics:
   Prompt length: 6204 characters
   Estimated tokens: 1552 / 64000 (2.4%)
   ✅ Context usage is healthy

  ✅ Step processed successfully: 0 action(s)

📍 Step 562: Processing node [loop1] Loop Node (Type: 1, Traveled: true, Finished: false)
  🧠 Selecting relevant nodes from Global Tree...
  🤖 Calling LLM (Attempt 1)...

📊 Token Statistics:
   Prompt length: 6204 characters
   Estimated tokens: 1552 / 64000 (2.4%)
   ✅ Context usage is healthy

  ✅ Step processed successfully: 0 action(s)

📍 Step 563: Processing node [loop1] Loop Node (Type: 1, Traveled: true, Finished: false)
  🧠 Selecting relevant nodes from Global Tree...
  🤖 Calling LLM (Attempt 1)...

📊 Token Statistics:
   Prompt length: 6204 characters
   Estimated tokens: 1552 / 64000 (2.4%)
   ✅ Context usage is healthy

  ✅ Step processed successfully: 0 action(s)

📍 Step 564: Processing node [loop1] Loop Node (Type: 1, Traveled: true, Finished: false)
  🧠 Selecting relevant nodes from Global Tree...
  🤖 Calling LLM (Attempt 1)...

📊 Token Statistics:
   Prompt length: 6204 characters
   Estimated tokens: 1552 / 64000 (2.4%)
   ✅ Context usage is healthy

  ✅ Step processed successfully: 0 action(s)

📍 Step 565: Processing node [loop1] Loop Node (Type: 1, Traveled: true, Finished: false)
  🧠 Selecting relevant nodes from Global Tree...
  🤖 Calling LLM (Attempt 1)...

📊 Token Statistics:
   Prompt length: 6204 characters
   Estimated tokens: 1552 / 64000 (2.4%)
   ✅ Context usage is healthy

  ✅ Step processed successfully: 0 action(s)

📍 Step 566: Processing node [loop1] Loop Node (Type: 1, Traveled: true, Finished: false)
  🧠 Selecting relevant nodes from Global Tree...
  🤖 Calling LLM (Attempt 1)...

📊 Token Statistics:
   Prompt length: 6204 characters
   Estimated tokens: 1552 / 64000 (2.4%)
   ✅ Context usage is healthy

  ✅ Step processed successfully: 0 action(s)

📍 Step 567: Processing node [loop1] Loop Node (Type: 1, Traveled: true, Finished: false)
  🧠 Selecting relevant nodes from Global Tree...
  🤖 Calling LLM (Attempt 1)...

📊 Token Statistics:
   Prompt length: 6204 characters
   Estimated tokens: 1552 / 64000 (2.4%)
   ✅ Context usage is healthy

  ✅ Step processed successfully: 0 action(s)

📍 Step 568: Processing node [loop1] Loop Node (Type: 1, Traveled: true, Finished: false)
  🧠 Selecting relevant nodes from Global Tree...
  🤖 Calling LLM (Attempt 1)...

📊 Token Statistics:
   Prompt length: 6204 characters
   Estimated tokens: 1552 / 64000 (2.4%)
   ✅ Context usage is healthy

  ✅ Step processed successfully: 0 action(s)

📍 Step 569: Processing node [loop1] Loop Node (Type: 1, Traveled: true, Finished: false)
  🧠 Selecting relevant nodes from Global Tree...
  🤖 Calling LLM (Attempt 1)...

📊 Token Statistics:
   Prompt length: 6204 characters
   Estimated tokens: 1552 / 64000 (2.4%)
   ✅ Context usage is healthy

  ✅ Step processed successfully: 0 action(s)

📍 Step 570: Processing node [loop1] Loop Node (Type: 1, Traveled: true, Finished: false)
  🧠 Selecting relevant nodes from Global Tree...
  🤖 Calling LLM (Attempt 1)...

📊 Token Statistics:
   Prompt length: 6204 characters
   Estimated tokens: 1552 / 64000 (2.4%)
   ✅ Context usage is healthy

  ✅ Step processed successfully: 0 action(s)

📍 Step 571: Processing node [loop1] Loop Node (Type: 1, Traveled: true, Finished: false)
  🧠 Selecting relevant nodes from Global Tree...
  🤖 Calling LLM (Attempt 1)...

📊 Token Statistics:
   Prompt length: 6204 characters
   Estimated tokens: 1552 / 64000 (2.4%)
   ✅ Context usage is healthy

  ✅ Step processed successfully: 0 action(s)

📍 Step 572: Processing node [loop1] Loop Node (Type: 1, Traveled: true, Finished: false)
  🧠 Selecting relevant nodes from Global Tree...
  🤖 Calling LLM (Attempt 1)...

📊 Token Statistics:
   Prompt length: 6204 characters
   Estimated tokens: 1552 / 64000 (2.4%)
   ✅ Context usage is healthy

  ✅ Step processed successfully: 0 action(s)

📍 Step 573: Processing node [loop1] Loop Node (Type: 1, Traveled: true, Finished: false)
  🧠 Selecting relevant nodes from Global Tree...
  🤖 Calling LLM (Attempt 1)...

📊 Token Statistics:
   Prompt length: 6204 characters
   Estimated tokens: 1552 / 64000 (2.4%)
   ✅ Context usage is healthy

  ✅ Step processed successfully: 0 action(s)

📍 Step 574: Processing node [loop1] Loop Node (Type: 1, Traveled: true, Finished: false)
  🧠 Selecting relevant nodes from Global Tree...
  🤖 Calling LLM (Attempt 1)...

📊 Token Statistics:
   Prompt length: 6204 characters
   Estimated tokens: 1552 / 64000 (2.4%)
   ✅ Context usage is healthy

  ✅ Step processed successfully: 0 action(s)

📍 Step 575: Processing node [loop1] Loop Node (Type: 1, Traveled: true, Finished: false)
  🧠 Selecting relevant nodes from Global Tree...
  🤖 Calling LLM (Attempt 1)...

📊 Token Statistics:
   Prompt length: 6204 characters
   Estimated tokens: 1552 / 64000 (2.4%)
   ✅ Context usage is healthy

  ✅ Step processed successfully: 0 action(s)

📍 Step 576: Processing node [loop1] Loop Node (Type: 1, Traveled: true, Finished: false)
  🧠 Selecting relevant nodes from Global Tree...
  🤖 Calling LLM (Attempt 1)...

📊 Token Statistics:
   Prompt length: 6204 characters
   Estimated tokens: 1552 / 64000 (2.4%)
   ✅ Context usage is healthy

  ✅ Step processed successfully: 0 action(s)

📍 Step 577: Processing node [loop1] Loop Node (Type: 1, Traveled: true, Finished: false)
  🧠 Selecting relevant nodes from Global Tree...
  🤖 Calling LLM (Attempt 1)...

📊 Token Statistics:
   Prompt length: 6204 characters
   Estimated tokens: 1552 / 64000 (2.4%)
   ✅ Context usage is healthy

  ✅ Step processed successfully: 0 action(s)

📍 Step 578: Processing node [loop1] Loop Node (Type: 1, Traveled: true, Finished: false)
  🧠 Selecting relevant nodes from Global Tree...
  🤖 Calling LLM (Attempt 1)...

📊 Token Statistics:
   Prompt length: 6204 characters
   Estimated tokens: 1552 / 64000 (2.4%)
   ✅ Context usage is healthy

  ✅ Step processed successfully: 0 action(s)

📍 Step 579: Processing node [loop1] Loop Node (Type: 1, Traveled: true, Finished: false)
  🧠 Selecting relevant nodes from Global Tree...
  🤖 Calling LLM (Attempt 1)...

📊 Token Statistics:
   Prompt length: 6204 characters
   Estimated tokens: 1552 / 64000 (2.4%)
   ✅ Context usage is healthy

  ✅ Step processed successfully: 0 action(s)

📍 Step 580: Processing node [loop1] Loop Node (Type: 1, Traveled: true, Finished: false)
  🧠 Selecting relevant nodes from Global Tree...
  🤖 Calling LLM (Attempt 1)...

📊 Token Statistics:
   Prompt length: 6204 characters
   Estimated tokens: 1552 / 64000 (2.4%)
   ✅ Context usage is healthy

  ✅ Step processed successfully: 0 action(s)

📍 Step 581: Processing node [loop1] Loop Node (Type: 1, Traveled: true, Finished: false)
  🧠 Selecting relevant nodes from Global Tree...
  🤖 Calling LLM (Attempt 1)...

📊 Token Statistics:
   Prompt length: 6204 characters
   Estimated tokens: 1552 / 64000 (2.4%)
   ✅ Context usage is healthy

  ✅ Step processed successfully: 0 action(s)

📍 Step 582: Processing node [loop1] Loop Node (Type: 1, Traveled: true, Finished: false)
  🧠 Selecting relevant nodes from Global Tree...
  🤖 Calling LLM (Attempt 1)...

📊 Token Statistics:
   Prompt length: 6204 characters
   Estimated tokens: 1552 / 64000 (2.4%)
   ✅ Context usage is healthy

  ✅ Step processed successfully: 0 action(s)

📍 Step 583: Processing node [loop1] Loop Node (Type: 1, Traveled: true, Finished: false)
  🧠 Selecting relevant nodes from Global Tree...
  🤖 Calling LLM (Attempt 1)...

📊 Token Statistics:
   Prompt length: 6204 characters
   Estimated tokens: 1552 / 64000 (2.4%)
   ✅ Context usage is healthy

  ✅ Step processed successfully: 0 action(s)

📍 Step 584: Processing node [loop1] Loop Node (Type: 1, Traveled: true, Finished: false)
  🧠 Selecting relevant nodes from Global Tree...
  🤖 Calling LLM (Attempt 1)...

📊 Token Statistics:
   Prompt length: 6204 characters
   Estimated tokens: 1552 / 64000 (2.4%)
   ✅ Context usage is healthy

  ✅ Step processed successfully: 0 action(s)

📍 Step 585: Processing node [loop1] Loop Node (Type: 1, Traveled: true, Finished: false)
  🧠 Selecting relevant nodes from Global Tree...
  🤖 Calling LLM (Attempt 1)...

📊 Token Statistics:
   Prompt length: 6204 characters
   Estimated tokens: 1552 / 64000 (2.4%)
   ✅ Context usage is healthy

  ✅ Step processed successfully: 0 action(s)

📍 Step 586: Processing node [loop1] Loop Node (Type: 1, Traveled: true, Finished: false)
  🧠 Selecting relevant nodes from Global Tree...
  🤖 Calling LLM (Attempt 1)...

📊 Token Statistics:
   Prompt length: 6204 characters
   Estimated tokens: 1552 / 64000 (2.4%)
   ✅ Context usage is healthy

  ✅ Step processed successfully: 0 action(s)

📍 Step 587: Processing node [loop1] Loop Node (Type: 1, Traveled: true, Finished: false)
  🧠 Selecting relevant nodes from Global Tree...
  🤖 Calling LLM (Attempt 1)...

📊 Token Statistics:
   Prompt length: 6204 characters
   Estimated tokens: 1552 / 64000 (2.4%)
   ✅ Context usage is healthy

  ✅ Step processed successfully: 0 action(s)

📍 Step 588: Processing node [loop1] Loop Node (Type: 1, Traveled: true, Finished: false)
  🧠 Selecting relevant nodes from Global Tree...
  🤖 Calling LLM (Attempt 1)...

📊 Token Statistics:
   Prompt length: 6204 characters
   Estimated tokens: 1552 / 64000 (2.4%)
   ✅ Context usage is healthy

  ✅ Step processed successfully: 0 action(s)

📍 Step 589: Processing node [loop1] Loop Node (Type: 1, Traveled: true, Finished: false)
  🧠 Selecting relevant nodes from Global Tree...
  🤖 Calling LLM (Attempt 1)...

📊 Token Statistics:
   Prompt length: 6204 characters
   Estimated tokens: 1552 / 64000 (2.4%)
   ✅ Context usage is healthy

  ✅ Step processed successfully: 0 action(s)

📍 Step 590: Processing node [loop1] Loop Node (Type: 1, Traveled: true, Finished: false)
  🧠 Selecting relevant nodes from Global Tree...
  🤖 Calling LLM (Attempt 1)...

📊 Token Statistics:
   Prompt length: 6204 characters
   Estimated tokens: 1552 / 64000 (2.4%)
   ✅ Context usage is healthy

  ✅ Step processed successfully: 0 action(s)

📍 Step 591: Processing node [loop1] Loop Node (Type: 1, Traveled: true, Finished: false)
  🧠 Selecting relevant nodes from Global Tree...
  🤖 Calling LLM (Attempt 1)...

📊 Token Statistics:
   Prompt length: 6204 characters
   Estimated tokens: 1552 / 64000 (2.4%)
   ✅ Context usage is healthy

  ✅ Step processed successfully: 0 action(s)

📍 Step 592: Processing node [loop1] Loop Node (Type: 1, Traveled: true, Finished: false)
  🧠 Selecting relevant nodes from Global Tree...
  🤖 Calling LLM (Attempt 1)...

📊 Token Statistics:
   Prompt length: 6204 characters
   Estimated tokens: 1552 / 64000 (2.4%)
   ✅ Context usage is healthy

  ✅ Step processed successfully: 0 action(s)

📍 Step 593: Processing node [loop1] Loop Node (Type: 1, Traveled: true, Finished: false)
  🧠 Selecting relevant nodes from Global Tree...
  🤖 Calling LLM (Attempt 1)...

📊 Token Statistics:
   Prompt length: 6204 characters
   Estimated tokens: 1552 / 64000 (2.4%)
   ✅ Context usage is healthy

  ✅ Step processed successfully: 0 action(s)

📍 Step 594: Processing node [loop1] Loop Node (Type: 1, Traveled: true, Finished: false)
  🧠 Selecting relevant nodes from Global Tree...
  🤖 Calling LLM (Attempt 1)...

📊 Token Statistics:
   Prompt length: 6204 characters
   Estimated tokens: 1552 / 64000 (2.4%)
   ✅ Context usage is healthy

  ✅ Step processed successfully: 0 action(s)

📍 Step 595: Processing node [loop1] Loop Node (Type: 1, Traveled: true, Finished: false)
  🧠 Selecting relevant nodes from Global Tree...
  🤖 Calling LLM (Attempt 1)...

📊 Token Statistics:
   Prompt length: 6204 characters
   Estimated tokens: 1552 / 64000 (2.4%)
   ✅ Context usage is healthy

  ✅ Step processed successfully: 0 action(s)

📍 Step 596: Processing node [loop1] Loop Node (Type: 1, Traveled: true, Finished: false)
  🧠 Selecting relevant nodes from Global Tree...
  🤖 Calling LLM (Attempt 1)...

📊 Token Statistics:
   Prompt length: 6204 characters
   Estimated tokens: 1552 / 64000 (2.4%)
   ✅ Context usage is healthy

  ✅ Step processed successfully: 0 action(s)

📍 Step 597: Processing node [loop1] Loop Node (Type: 1, Traveled: true, Finished: false)
  🧠 Selecting relevant nodes from Global Tree...
  🤖 Calling LLM (Attempt 1)...

📊 Token Statistics:
   Prompt length: 6204 characters
   Estimated tokens: 1552 / 64000 (2.4%)
   ✅ Context usage is healthy

  ✅ Step processed successfully: 0 action(s)

📍 Step 598: Processing node [loop1] Loop Node (Type: 1, Traveled: true, Finished: false)
  🧠 Selecting relevant nodes from Global Tree...
  🤖 Calling LLM (Attempt 1)...

📊 Token Statistics:
   Prompt length: 6204 characters
   Estimated tokens: 1552 / 64000 (2.4%)
   ✅ Context usage is healthy

  ✅ Step processed successfully: 0 action(s)

📍 Step 599: Processing node [loop1] Loop Node (Type: 1, Traveled: true, Finished: false)
  🧠 Selecting relevant nodes from Global Tree...
  🤖 Calling LLM (Attempt 1)...

📊 Token Statistics:
   Prompt length: 6204 characters
   Estimated tokens: 1552 / 64000 (2.4%)
   ✅ Context usage is healthy

  ✅ Step processed successfully: 0 action(s)

📍 Step 600: Processing node [loop1] Loop Node (Type: 1, Traveled: true, Finished: false)
  🧠 Selecting relevant nodes from Global Tree...
  🤖 Calling LLM (Attempt 1)...

📊 Token Statistics:
   Prompt length: 6204 characters
   Estimated tokens: 1552 / 64000 (2.4%)
   ✅ Context usage is healthy

  ✅ Step processed successfully: 0 action(s)

📍 Step 601: Processing node [loop1] Loop Node (Type: 1, Traveled: true, Finished: false)
  🧠 Selecting relevant nodes from Global Tree...
  🤖 Calling LLM (Attempt 1)...

📊 Token Statistics:
   Prompt length: 6204 characters
   Estimated tokens: 1552 / 64000 (2.4%)
   ✅ Context usage is healthy

  ✅ Step processed successfully: 0 action(s)

📍 Step 602: Processing node [loop1] Loop Node (Type: 1, Traveled: true, Finished: false)
  🧠 Selecting relevant nodes from Global Tree...
  🤖 Calling LLM (Attempt 1)...

📊 Token Statistics:
   Prompt length: 6204 characters
   Estimated tokens: 1552 / 64000 (2.4%)
   ✅ Context usage is healthy

  ✅ Step processed successfully: 0 action(s)

📍 Step 603: Processing node [loop1] Loop Node (Type: 1, Traveled: true, Finished: false)
  🧠 Selecting relevant nodes from Global Tree...
  🤖 Calling LLM (Attempt 1)...

📊 Token Statistics:
   Prompt length: 6204 characters
   Estimated tokens: 1552 / 64000 (2.4%)
   ✅ Context usage is healthy

  ✅ Step processed successfully: 0 action(s)

📍 Step 604: Processing node [loop1] Loop Node (Type: 1, Traveled: true, Finished: false)
  🧠 Selecting relevant nodes from Global Tree...
  🤖 Calling LLM (Attempt 1)...

📊 Token Statistics:
   Prompt length: 6204 characters
   Estimated tokens: 1552 / 64000 (2.4%)
   ✅ Context usage is healthy

  ✅ Step processed successfully: 0 action(s)

📍 Step 605: Processing node [loop1] Loop Node (Type: 1, Traveled: true, Finished: false)
  🧠 Selecting relevant nodes from Global Tree...
  🤖 Calling LLM (Attempt 1)...

📊 Token Statistics:
   Prompt length: 6204 characters
   Estimated tokens: 1552 / 64000 (2.4%)
   ✅ Context usage is healthy

  ✅ Step processed successfully: 0 action(s)

📍 Step 606: Processing node [loop1] Loop Node (Type: 1, Traveled: true, Finished: false)
  🧠 Selecting relevant nodes from Global Tree...
  🤖 Calling LLM (Attempt 1)...

📊 Token Statistics:
   Prompt length: 6204 characters
   Estimated tokens: 1552 / 64000 (2.4%)
   ✅ Context usage is healthy

  ✅ Step processed successfully: 0 action(s)

📍 Step 607: Processing node [loop1] Loop Node (Type: 1, Traveled: true, Finished: false)
  🧠 Selecting relevant nodes from Global Tree...
  🤖 Calling LLM (Attempt 1)...

📊 Token Statistics:
   Prompt length: 6204 characters
   Estimated tokens: 1552 / 64000 (2.4%)
   ✅ Context usage is healthy

  ✅ Step processed successfully: 0 action(s)

📍 Step 608: Processing node [loop1] Loop Node (Type: 1, Traveled: true, Finished: false)
  🧠 Selecting relevant nodes from Global Tree...
  🤖 Calling LLM (Attempt 1)...

📊 Token Statistics:
   Prompt length: 6204 characters
   Estimated tokens: 1552 / 64000 (2.4%)
   ✅ Context usage is healthy

  ✅ Step processed successfully: 0 action(s)

📍 Step 609: Processing node [loop1] Loop Node (Type: 1, Traveled: true, Finished: false)
  🧠 Selecting relevant nodes from Global Tree...
  🤖 Calling LLM (Attempt 1)...

📊 Token Statistics:
   Prompt length: 6204 characters
   Estimated tokens: 1552 / 64000 (2.4%)
   ✅ Context usage is healthy

  ✅ Step processed successfully: 0 action(s)

📍 Step 610: Processing node [loop1] Loop Node (Type: 1, Traveled: true, Finished: false)
  🧠 Selecting relevant nodes from Global Tree...
  🤖 Calling LLM (Attempt 1)...

📊 Token Statistics:
   Prompt length: 6204 characters
   Estimated tokens: 1552 / 64000 (2.4%)
   ✅ Context usage is healthy

  ✅ Step processed successfully: 0 action(s)

📍 Step 611: Processing node [loop1] Loop Node (Type: 1, Traveled: true, Finished: false)
  🧠 Selecting relevant nodes from Global Tree...
  🤖 Calling LLM (Attempt 1)...

📊 Token Statistics:
   Prompt length: 6204 characters
   Estimated tokens: 1552 / 64000 (2.4%)
   ✅ Context usage is healthy

  ✅ Step processed successfully: 0 action(s)

📍 Step 612: Processing node [loop1] Loop Node (Type: 1, Traveled: true, Finished: false)
  🧠 Selecting relevant nodes from Global Tree...
  🤖 Calling LLM (Attempt 1)...

📊 Token Statistics:
   Prompt length: 6204 characters
   Estimated tokens: 1552 / 64000 (2.4%)
   ✅ Context usage is healthy

  ✅ Step processed successfully: 0 action(s)

📍 Step 613: Processing node [loop1] Loop Node (Type: 1, Traveled: true, Finished: false)
  🧠 Selecting relevant nodes from Global Tree...
  🤖 Calling LLM (Attempt 1)...

📊 Token Statistics:
   Prompt length: 6204 characters
   Estimated tokens: 1552 / 64000 (2.4%)
   ✅ Context usage is healthy

  ✅ Step processed successfully: 0 action(s)

📍 Step 614: Processing node [loop1] Loop Node (Type: 1, Traveled: true, Finished: false)
  🧠 Selecting relevant nodes from Global Tree...
  🤖 Calling LLM (Attempt 1)...

📊 Token Statistics:
   Prompt length: 6204 characters
   Estimated tokens: 1552 / 64000 (2.4%)
   ✅ Context usage is healthy

  ✅ Step processed successfully: 0 action(s)

📍 Step 615: Processing node [loop1] Loop Node (Type: 1, Traveled: true, Finished: false)
  🧠 Selecting relevant nodes from Global Tree...
  🤖 Calling LLM (Attempt 1)...

📊 Token Statistics:
   Prompt length: 6204 characters
   Estimated tokens: 1552 / 64000 (2.4%)
   ✅ Context usage is healthy

  ✅ Step processed successfully: 0 action(s)

📍 Step 616: Processing node [loop1] Loop Node (Type: 1, Traveled: true, Finished: false)
  🧠 Selecting relevant nodes from Global Tree...
  🤖 Calling LLM (Attempt 1)...

📊 Token Statistics:
   Prompt length: 6204 characters
   Estimated tokens: 1552 / 64000 (2.4%)
   ✅ Context usage is healthy

  ✅ Step processed successfully: 0 action(s)

📍 Step 617: Processing node [loop1] Loop Node (Type: 1, Traveled: true, Finished: false)
  🧠 Selecting relevant nodes from Global Tree...
  🤖 Calling LLM (Attempt 1)...

📊 Token Statistics:
   Prompt length: 6204 characters
   Estimated tokens: 1552 / 64000 (2.4%)
   ✅ Context usage is healthy

  ✅ Step processed successfully: 0 action(s)

📍 Step 618: Processing node [loop1] Loop Node (Type: 1, Traveled: true, Finished: false)
  🧠 Selecting relevant nodes from Global Tree...
  🤖 Calling LLM (Attempt 1)...

📊 Token Statistics:
   Prompt length: 6204 characters
   Estimated tokens: 1552 / 64000 (2.4%)
   ✅ Context usage is healthy

  ✅ Step processed successfully: 0 action(s)

📍 Step 619: Processing node [loop1] Loop Node (Type: 1, Traveled: true, Finished: false)
  🧠 Selecting relevant nodes from Global Tree...
  🤖 Calling LLM (Attempt 1)...

📊 Token Statistics:
   Prompt length: 6204 characters
   Estimated tokens: 1552 / 64000 (2.4%)
   ✅ Context usage is healthy

  ✅ Step processed successfully: 0 action(s)

📍 Step 620: Processing node [loop1] Loop Node (Type: 1, Traveled: true, Finished: false)
  🧠 Selecting relevant nodes from Global Tree...
  🤖 Calling LLM (Attempt 1)...

📊 Token Statistics:
   Prompt length: 6204 characters
   Estimated tokens: 1552 / 64000 (2.4%)
   ✅ Context usage is healthy

  ✅ Step processed successfully: 0 action(s)

📍 Step 621: Processing node [loop1] Loop Node (Type: 1, Traveled: true, Finished: false)
  🧠 Selecting relevant nodes from Global Tree...
  🤖 Calling LLM (Attempt 1)...

📊 Token Statistics:
   Prompt length: 6204 characters
   Estimated tokens: 1552 / 64000 (2.4%)
   ✅ Context usage is healthy

  ✅ Step processed successfully: 0 action(s)

📍 Step 622: Processing node [loop1] Loop Node (Type: 1, Traveled: true, Finished: false)
  🧠 Selecting relevant nodes from Global Tree...
  🤖 Calling LLM (Attempt 1)...

📊 Token Statistics:
   Prompt length: 6204 characters
   Estimated tokens: 1552 / 64000 (2.4%)
   ✅ Context usage is healthy

  ✅ Step processed successfully: 0 action(s)

📍 Step 623: Processing node [loop1] Loop Node (Type: 1, Traveled: true, Finished: false)
  🧠 Selecting relevant nodes from Global Tree...
  🤖 Calling LLM (Attempt 1)...

📊 Token Statistics:
   Prompt length: 6204 characters
   Estimated tokens: 1552 / 64000 (2.4%)
   ✅ Context usage is healthy

  ✅ Step processed successfully: 0 action(s)

📍 Step 624: Processing node [loop1] Loop Node (Type: 1, Traveled: true, Finished: false)
  🧠 Selecting relevant nodes from Global Tree...
  🤖 Calling LLM (Attempt 1)...

📊 Token Statistics:
   Prompt length: 6204 characters
   Estimated tokens: 1552 / 64000 (2.4%)
   ✅ Context usage is healthy

  ✅ Step processed successfully: 0 action(s)

📍 Step 625: Processing node [loop1] Loop Node (Type: 1, Traveled: true, Finished: false)
  🧠 Selecting relevant nodes from Global Tree...
  🤖 Calling LLM (Attempt 1)...

📊 Token Statistics:
   Prompt length: 6204 characters
   Estimated tokens: 1552 / 64000 (2.4%)
   ✅ Context usage is healthy

  ✅ Step processed successfully: 0 action(s)

📍 Step 626: Processing node [loop1] Loop Node (Type: 1, Traveled: true, Finished: false)
  🧠 Selecting relevant nodes from Global Tree...
  🤖 Calling LLM (Attempt 1)...

📊 Token Statistics:
   Prompt length: 6204 characters
   Estimated tokens: 1552 / 64000 (2.4%)
   ✅ Context usage is healthy

  ✅ Step processed successfully: 0 action(s)

📍 Step 627: Processing node [loop1] Loop Node (Type: 1, Traveled: true, Finished: false)
  🧠 Selecting relevant nodes from Global Tree...
  🤖 Calling LLM (Attempt 1)...

📊 Token Statistics:
   Prompt length: 6204 characters
   Estimated tokens: 1552 / 64000 (2.4%)
   ✅ Context usage is healthy

  ✅ Step processed successfully: 0 action(s)

📍 Step 628: Processing node [loop1] Loop Node (Type: 1, Traveled: true, Finished: false)
  🧠 Selecting relevant nodes from Global Tree...
  🤖 Calling LLM (Attempt 1)...

📊 Token Statistics:
   Prompt length: 6204 characters
   Estimated tokens: 1552 / 64000 (2.4%)
   ✅ Context usage is healthy

  ✅ Step processed successfully: 0 action(s)

📍 Step 629: Processing node [loop1] Loop Node (Type: 1, Traveled: true, Finished: false)
  🧠 Selecting relevant nodes from Global Tree...
  🤖 Calling LLM (Attempt 1)...

📊 Token Statistics:
   Prompt length: 6204 characters
   Estimated tokens: 1552 / 64000 (2.4%)
   ✅ Context usage is healthy

  ✅ Step processed successfully: 0 action(s)

📍 Step 630: Processing node [loop1] Loop Node (Type: 1, Traveled: true, Finished: false)
  🧠 Selecting relevant nodes from Global Tree...
  🤖 Calling LLM (Attempt 1)...

📊 Token Statistics:
   Prompt length: 6204 characters
   Estimated tokens: 1552 / 64000 (2.4%)
   ✅ Context usage is healthy

  ✅ Step processed successfully: 0 action(s)

📍 Step 631: Processing node [loop1] Loop Node (Type: 1, Traveled: true, Finished: false)
  🧠 Selecting relevant nodes from Global Tree...
  🤖 Calling LLM (Attempt 1)...

📊 Token Statistics:
   Prompt length: 6204 characters
   Estimated tokens: 1552 / 64000 (2.4%)
   ✅ Context usage is healthy

  ✅ Step processed successfully: 0 action(s)

📍 Step 632: Processing node [loop1] Loop Node (Type: 1, Traveled: true, Finished: false)
  🧠 Selecting relevant nodes from Global Tree...
  🤖 Calling LLM (Attempt 1)...

📊 Token Statistics:
   Prompt length: 6204 characters
   Estimated tokens: 1552 / 64000 (2.4%)
   ✅ Context usage is healthy

  ✅ Step processed successfully: 0 action(s)

📍 Step 633: Processing node [loop1] Loop Node (Type: 1, Traveled: true, Finished: false)
  🧠 Selecting relevant nodes from Global Tree...
  🤖 Calling LLM (Attempt 1)...

📊 Token Statistics:
   Prompt length: 6204 characters
   Estimated tokens: 1552 / 64000 (2.4%)
   ✅ Context usage is healthy

  ✅ Step processed successfully: 0 action(s)

📍 Step 634: Processing node [loop1] Loop Node (Type: 1, Traveled: true, Finished: false)
  🧠 Selecting relevant nodes from Global Tree...
  🤖 Calling LLM (Attempt 1)...

📊 Token Statistics:
   Prompt length: 6204 characters
   Estimated tokens: 1552 / 64000 (2.4%)
   ✅ Context usage is healthy

  ✅ Step processed successfully: 0 action(s)

📍 Step 635: Processing node [loop1] Loop Node (Type: 1, Traveled: true, Finished: false)
  🧠 Selecting relevant nodes from Global Tree...
  🤖 Calling LLM (Attempt 1)...

📊 Token Statistics:
   Prompt length: 6204 characters
   Estimated tokens: 1552 / 64000 (2.4%)
   ✅ Context usage is healthy

  ✅ Step processed successfully: 0 action(s)

📍 Step 636: Processing node [loop1] Loop Node (Type: 1, Traveled: true, Finished: false)
  🧠 Selecting relevant nodes from Global Tree...
  🤖 Calling LLM (Attempt 1)...

📊 Token Statistics:
   Prompt length: 6204 characters
   Estimated tokens: 1552 / 64000 (2.4%)
   ✅ Context usage is healthy

  ✅ Step processed successfully: 0 action(s)

📍 Step 637: Processing node [loop1] Loop Node (Type: 1, Traveled: true, Finished: false)
  🧠 Selecting relevant nodes from Global Tree...
  🤖 Calling LLM (Attempt 1)...

📊 Token Statistics:
   Prompt length: 6204 characters
   Estimated tokens: 1552 / 64000 (2.4%)
   ✅ Context usage is healthy

  ✅ Step processed successfully: 0 action(s)

📍 Step 638: Processing node [loop1] Loop Node (Type: 1, Traveled: true, Finished: false)
  🧠 Selecting relevant nodes from Global Tree...
  🤖 Calling LLM (Attempt 1)...

📊 Token Statistics:
   Prompt length: 6204 characters
   Estimated tokens: 1552 / 64000 (2.4%)
   ✅ Context usage is healthy

  ✅ Step processed successfully: 0 action(s)

📍 Step 639: Processing node [loop1] Loop Node (Type: 1, Traveled: true, Finished: false)
  🧠 Selecting relevant nodes from Global Tree...
  🤖 Calling LLM (Attempt 1)...

📊 Token Statistics:
   Prompt length: 6204 characters
   Estimated tokens: 1552 / 64000 (2.4%)
   ✅ Context usage is healthy

  ✅ Step processed successfully: 0 action(s)

📍 Step 640: Processing node [loop1] Loop Node (Type: 1, Traveled: true, Finished: false)
  🧠 Selecting relevant nodes from Global Tree...
  🤖 Calling LLM (Attempt 1)...

📊 Token Statistics:
   Prompt length: 6204 characters
   Estimated tokens: 1552 / 64000 (2.4%)
   ✅ Context usage is healthy

  ✅ Step processed successfully: 0 action(s)

📍 Step 641: Processing node [loop1] Loop Node (Type: 1, Traveled: true, Finished: false)
  🧠 Selecting relevant nodes from Global Tree...
  🤖 Calling LLM (Attempt 1)...

📊 Token Statistics:
   Prompt length: 6204 characters
   Estimated tokens: 1552 / 64000 (2.4%)
   ✅ Context usage is healthy

  ✅ Step processed successfully: 0 action(s)

📍 Step 642: Processing node [loop1] Loop Node (Type: 1, Traveled: true, Finished: false)
  🧠 Selecting relevant nodes from Global Tree...
  🤖 Calling LLM (Attempt 1)...

📊 Token Statistics:
   Prompt length: 6204 characters
   Estimated tokens: 1552 / 64000 (2.4%)
   ✅ Context usage is healthy

  ✅ Step processed successfully: 0 action(s)

📍 Step 643: Processing node [loop1] Loop Node (Type: 1, Traveled: true, Finished: false)
  🧠 Selecting relevant nodes from Global Tree...
  🤖 Calling LLM (Attempt 1)...

📊 Token Statistics:
   Prompt length: 6204 characters
   Estimated tokens: 1552 / 64000 (2.4%)
   ✅ Context usage is healthy

  ✅ Step processed successfully: 0 action(s)

📍 Step 644: Processing node [loop1] Loop Node (Type: 1, Traveled: true, Finished: false)
  🧠 Selecting relevant nodes from Global Tree...
  🤖 Calling LLM (Attempt 1)...

📊 Token Statistics:
   Prompt length: 6204 characters
   Estimated tokens: 1552 / 64000 (2.4%)
   ✅ Context usage is healthy

  ✅ Step processed successfully: 0 action(s)

📍 Step 645: Processing node [loop1] Loop Node (Type: 1, Traveled: true, Finished: false)
  🧠 Selecting relevant nodes from Global Tree...
  🤖 Calling LLM (Attempt 1)...

📊 Token Statistics:
   Prompt length: 6204 characters
   Estimated tokens: 1552 / 64000 (2.4%)
   ✅ Context usage is healthy

  ✅ Step processed successfully: 0 action(s)

📍 Step 646: Processing node [loop1] Loop Node (Type: 1, Traveled: true, Finished: false)
  🧠 Selecting relevant nodes from Global Tree...
  🤖 Calling LLM (Attempt 1)...

📊 Token Statistics:
   Prompt length: 6204 characters
   Estimated tokens: 1552 / 64000 (2.4%)
   ✅ Context usage is healthy

  ✅ Step processed successfully: 0 action(s)

📍 Step 647: Processing node [loop1] Loop Node (Type: 1, Traveled: true, Finished: false)
  🧠 Selecting relevant nodes from Global Tree...
  🤖 Calling LLM (Attempt 1)...

📊 Token Statistics:
   Prompt length: 6204 characters
   Estimated tokens: 1552 / 64000 (2.4%)
   ✅ Context usage is healthy

  ✅ Step processed successfully: 0 action(s)

📍 Step 648: Processing node [loop1] Loop Node (Type: 1, Traveled: true, Finished: false)
  🧠 Selecting relevant nodes from Global Tree...
  🤖 Calling LLM (Attempt 1)...

📊 Token Statistics:
   Prompt length: 6204 characters
   Estimated tokens: 1552 / 64000 (2.4%)
   ✅ Context usage is healthy

  ✅ Step processed successfully: 0 action(s)

📍 Step 649: Processing node [loop1] Loop Node (Type: 1, Traveled: true, Finished: false)
  🧠 Selecting relevant nodes from Global Tree...
  🤖 Calling LLM (Attempt 1)...

📊 Token Statistics:
   Prompt length: 6204 characters
   Estimated tokens: 1552 / 64000 (2.4%)
   ✅ Context usage is healthy

  ✅ Step processed successfully: 0 action(s)

📍 Step 650: Processing node [loop1] Loop Node (Type: 1, Traveled: true, Finished: false)
  🧠 Selecting relevant nodes from Global Tree...
  🤖 Calling LLM (Attempt 1)...

📊 Token Statistics:
   Prompt length: 6204 characters
   Estimated tokens: 1552 / 64000 (2.4%)
   ✅ Context usage is healthy

  ✅ Step processed successfully: 0 action(s)

📍 Step 651: Processing node [loop1] Loop Node (Type: 1, Traveled: true, Finished: false)
  🧠 Selecting relevant nodes from Global Tree...
  🤖 Calling LLM (Attempt 1)...

📊 Token Statistics:
   Prompt length: 6204 characters
   Estimated tokens: 1552 / 64000 (2.4%)
   ✅ Context usage is healthy

  ✅ Step processed successfully: 0 action(s)

📍 Step 652: Processing node [loop1] Loop Node (Type: 1, Traveled: true, Finished: false)
  🧠 Selecting relevant nodes from Global Tree...
  🤖 Calling LLM (Attempt 1)...

📊 Token Statistics:
   Prompt length: 6204 characters
   Estimated tokens: 1552 / 64000 (2.4%)
   ✅ Context usage is healthy

  ✅ Step processed successfully: 0 action(s)

📍 Step 653: Processing node [loop1] Loop Node (Type: 1, Traveled: true, Finished: false)
  🧠 Selecting relevant nodes from Global Tree...
  🤖 Calling LLM (Attempt 1)...

📊 Token Statistics:
   Prompt length: 6204 characters
   Estimated tokens: 1552 / 64000 (2.4%)
   ✅ Context usage is healthy

  ✅ Step processed successfully: 0 action(s)

📍 Step 654: Processing node [loop1] Loop Node (Type: 1, Traveled: true, Finished: false)
  🧠 Selecting relevant nodes from Global Tree...
  🤖 Calling LLM (Attempt 1)...

📊 Token Statistics:
   Prompt length: 6204 characters
   Estimated tokens: 1552 / 64000 (2.4%)
   ✅ Context usage is healthy

  ✅ Step processed successfully: 0 action(s)

📍 Step 655: Processing node [loop1] Loop Node (Type: 1, Traveled: true, Finished: false)
  🧠 Selecting relevant nodes from Global Tree...
  🤖 Calling LLM (Attempt 1)...

📊 Token Statistics:
   Prompt length: 6204 characters
   Estimated tokens: 1552 / 64000 (2.4%)
   ✅ Context usage is healthy

  ✅ Step processed successfully: 0 action(s)

📍 Step 656: Processing node [loop1] Loop Node (Type: 1, Traveled: true, Finished: false)
  🧠 Selecting relevant nodes from Global Tree...
  🤖 Calling LLM (Attempt 1)...

📊 Token Statistics:
   Prompt length: 6204 characters
   Estimated tokens: 1552 / 64000 (2.4%)
   ✅ Context usage is healthy

  ✅ Step processed successfully: 0 action(s)

📍 Step 657: Processing node [loop1] Loop Node (Type: 1, Traveled: true, Finished: false)
  🧠 Selecting relevant nodes from Global Tree...
  🤖 Calling LLM (Attempt 1)...

📊 Token Statistics:
   Prompt length: 6204 characters
   Estimated tokens: 1552 / 64000 (2.4%)
   ✅ Context usage is healthy

  ✅ Step processed successfully: 0 action(s)

📍 Step 658: Processing node [loop1] Loop Node (Type: 1, Traveled: true, Finished: false)
  🧠 Selecting relevant nodes from Global Tree...
  🤖 Calling LLM (Attempt 1)...

📊 Token Statistics:
   Prompt length: 6204 characters
   Estimated tokens: 1552 / 64000 (2.4%)
   ✅ Context usage is healthy

  ✅ Step processed successfully: 0 action(s)

📍 Step 659: Processing node [loop1] Loop Node (Type: 1, Traveled: true, Finished: false)
  🧠 Selecting relevant nodes from Global Tree...
  🤖 Calling LLM (Attempt 1)...

📊 Token Statistics:
   Prompt length: 6204 characters
   Estimated tokens: 1552 / 64000 (2.4%)
   ✅ Context usage is healthy

  ✅ Step processed successfully: 0 action(s)

📍 Step 660: Processing node [loop1] Loop Node (Type: 1, Traveled: true, Finished: false)
  🧠 Selecting relevant nodes from Global Tree...
  🤖 Calling LLM (Attempt 1)...

📊 Token Statistics:
   Prompt length: 6204 characters
   Estimated tokens: 1552 / 64000 (2.4%)
   ✅ Context usage is healthy

  ✅ Step processed successfully: 0 action(s)

📍 Step 661: Processing node [loop1] Loop Node (Type: 1, Traveled: true, Finished: false)
  🧠 Selecting relevant nodes from Global Tree...
  🤖 Calling LLM (Attempt 1)...

📊 Token Statistics:
   Prompt length: 6204 characters
   Estimated tokens: 1552 / 64000 (2.4%)
   ✅ Context usage is healthy

  ✅ Step processed successfully: 0 action(s)

📍 Step 662: Processing node [loop1] Loop Node (Type: 1, Traveled: true, Finished: false)
  🧠 Selecting relevant nodes from Global Tree...
  🤖 Calling LLM (Attempt 1)...

📊 Token Statistics:
   Prompt length: 6204 characters
   Estimated tokens: 1552 / 64000 (2.4%)
   ✅ Context usage is healthy

  ✅ Step processed successfully: 0 action(s)

📍 Step 663: Processing node [loop1] Loop Node (Type: 1, Traveled: true, Finished: false)
  🧠 Selecting relevant nodes from Global Tree...
  🤖 Calling LLM (Attempt 1)...

📊 Token Statistics:
   Prompt length: 6204 characters
   Estimated tokens: 1552 / 64000 (2.4%)
   ✅ Context usage is healthy

  ✅ Step processed successfully: 0 action(s)

📍 Step 664: Processing node [loop1] Loop Node (Type: 1, Traveled: true, Finished: false)
  🧠 Selecting relevant nodes from Global Tree...
  🤖 Calling LLM (Attempt 1)...

📊 Token Statistics:
   Prompt length: 6204 characters
   Estimated tokens: 1552 / 64000 (2.4%)
   ✅ Context usage is healthy

  ✅ Step processed successfully: 0 action(s)

📍 Step 665: Processing node [loop1] Loop Node (Type: 1, Traveled: true, Finished: false)
  🧠 Selecting relevant nodes from Global Tree...
  🤖 Calling LLM (Attempt 1)...

📊 Token Statistics:
   Prompt length: 6204 characters
   Estimated tokens: 1552 / 64000 (2.4%)
   ✅ Context usage is healthy

  ✅ Step processed successfully: 0 action(s)

📍 Step 666: Processing node [loop1] Loop Node (Type: 1, Traveled: true, Finished: false)
  🧠 Selecting relevant nodes from Global Tree...
  🤖 Calling LLM (Attempt 1)...

📊 Token Statistics:
   Prompt length: 6204 characters
   Estimated tokens: 1552 / 64000 (2.4%)
   ✅ Context usage is healthy

  ✅ Step processed successfully: 0 action(s)

📍 Step 667: Processing node [loop1] Loop Node (Type: 1, Traveled: true, Finished: false)
  🧠 Selecting relevant nodes from Global Tree...
  🤖 Calling LLM (Attempt 1)...

📊 Token Statistics:
   Prompt length: 6204 characters
   Estimated tokens: 1552 / 64000 (2.4%)
   ✅ Context usage is healthy

  ✅ Step processed successfully: 0 action(s)

📍 Step 668: Processing node [loop1] Loop Node (Type: 1, Traveled: true, Finished: false)
  🧠 Selecting relevant nodes from Global Tree...
  🤖 Calling LLM (Attempt 1)...

📊 Token Statistics:
   Prompt length: 6204 characters
   Estimated tokens: 1552 / 64000 (2.4%)
   ✅ Context usage is healthy

  ✅ Step processed successfully: 0 action(s)

📍 Step 669: Processing node [loop1] Loop Node (Type: 1, Traveled: true, Finished: false)
  🧠 Selecting relevant nodes from Global Tree...
  🤖 Calling LLM (Attempt 1)...

📊 Token Statistics:
   Prompt length: 6204 characters
   Estimated tokens: 1552 / 64000 (2.4%)
   ✅ Context usage is healthy

  ✅ Step processed successfully: 0 action(s)

📍 Step 670: Processing node [loop1] Loop Node (Type: 1, Traveled: true, Finished: false)
  🧠 Selecting relevant nodes from Global Tree...
  🤖 Calling LLM (Attempt 1)...

📊 Token Statistics:
   Prompt length: 6204 characters
   Estimated tokens: 1552 / 64000 (2.4%)
   ✅ Context usage is healthy

  ✅ Step processed successfully: 0 action(s)

📍 Step 671: Processing node [loop1] Loop Node (Type: 1, Traveled: true, Finished: false)
  🧠 Selecting relevant nodes from Global Tree...
  🤖 Calling LLM (Attempt 1)...

📊 Token Statistics:
   Prompt length: 6204 characters
   Estimated tokens: 1552 / 64000 (2.4%)
   ✅ Context usage is healthy

  ✅ Step processed successfully: 0 action(s)

📍 Step 672: Processing node [loop1] Loop Node (Type: 1, Traveled: true, Finished: false)
  🧠 Selecting relevant nodes from Global Tree...
  🤖 Calling LLM (Attempt 1)...

📊 Token Statistics:
   Prompt length: 6204 characters
   Estimated tokens: 1552 / 64000 (2.4%)
   ✅ Context usage is healthy

  ✅ Step processed successfully: 0 action(s)

📍 Step 673: Processing node [loop1] Loop Node (Type: 1, Traveled: true, Finished: false)
  🧠 Selecting relevant nodes from Global Tree...
  🤖 Calling LLM (Attempt 1)...

📊 Token Statistics:
   Prompt length: 6204 characters
   Estimated tokens: 1552 / 64000 (2.4%)
   ✅ Context usage is healthy

  ✅ Step processed successfully: 0 action(s)

📍 Step 674: Processing node [loop1] Loop Node (Type: 1, Traveled: true, Finished: false)
  🧠 Selecting relevant nodes from Global Tree...
  🤖 Calling LLM (Attempt 1)...

📊 Token Statistics:
   Prompt length: 6204 characters
   Estimated tokens: 1552 / 64000 (2.4%)
   ✅ Context usage is healthy

  ✅ Step processed successfully: 0 action(s)

📍 Step 675: Processing node [loop1] Loop Node (Type: 1, Traveled: true, Finished: false)
  🧠 Selecting relevant nodes from Global Tree...
  🤖 Calling LLM (Attempt 1)...

📊 Token Statistics:
   Prompt length: 6204 characters
   Estimated tokens: 1552 / 64000 (2.4%)
   ✅ Context usage is healthy

  ✅ Step processed successfully: 0 action(s)

📍 Step 676: Processing node [loop1] Loop Node (Type: 1, Traveled: true, Finished: false)
  🧠 Selecting relevant nodes from Global Tree...
  🤖 Calling LLM (Attempt 1)...

📊 Token Statistics:
   Prompt length: 6204 characters
   Estimated tokens: 1552 / 64000 (2.4%)
   ✅ Context usage is healthy

  ✅ Step processed successfully: 0 action(s)

📍 Step 677: Processing node [loop1] Loop Node (Type: 1, Traveled: true, Finished: false)
  🧠 Selecting relevant nodes from Global Tree...
  🤖 Calling LLM (Attempt 1)...

📊 Token Statistics:
   Prompt length: 6204 characters
   Estimated tokens: 1552 / 64000 (2.4%)
   ✅ Context usage is healthy

  ✅ Step processed successfully: 0 action(s)

📍 Step 678: Processing node [loop1] Loop Node (Type: 1, Traveled: true, Finished: false)
  🧠 Selecting relevant nodes from Global Tree...
  🤖 Calling LLM (Attempt 1)...

📊 Token Statistics:
   Prompt length: 6204 characters
   Estimated tokens: 1552 / 64000 (2.4%)
   ✅ Context usage is healthy

  ✅ Step processed successfully: 0 action(s)

📍 Step 679: Processing node [loop1] Loop Node (Type: 1, Traveled: true, Finished: false)
  🧠 Selecting relevant nodes from Global Tree...
  🤖 Calling LLM (Attempt 1)...

📊 Token Statistics:
   Prompt length: 6204 characters
   Estimated tokens: 1552 / 64000 (2.4%)
   ✅ Context usage is healthy

  ✅ Step processed successfully: 0 action(s)

📍 Step 680: Processing node [loop1] Loop Node (Type: 1, Traveled: true, Finished: false)
  🧠 Selecting relevant nodes from Global Tree...
  🤖 Calling LLM (Attempt 1)...

📊 Token Statistics:
   Prompt length: 6204 characters
   Estimated tokens: 1552 / 64000 (2.4%)
   ✅ Context usage is healthy

  ✅ Step processed successfully: 0 action(s)

📍 Step 681: Processing node [loop1] Loop Node (Type: 1, Traveled: true, Finished: false)
  🧠 Selecting relevant nodes from Global Tree...
  🤖 Calling LLM (Attempt 1)...

📊 Token Statistics:
   Prompt length: 6204 characters
   Estimated tokens: 1552 / 64000 (2.4%)
   ✅ Context usage is healthy

  ✅ Step processed successfully: 0 action(s)

📍 Step 682: Processing node [loop1] Loop Node (Type: 1, Traveled: true, Finished: false)
  🧠 Selecting relevant nodes from Global Tree...
  🤖 Calling LLM (Attempt 1)...

📊 Token Statistics:
   Prompt length: 6204 characters
   Estimated tokens: 1552 / 64000 (2.4%)
   ✅ Context usage is healthy

  ✅ Step processed successfully: 0 action(s)

📍 Step 683: Processing node [loop1] Loop Node (Type: 1, Traveled: true, Finished: false)
  🧠 Selecting relevant nodes from Global Tree...
  🤖 Calling LLM (Attempt 1)...

📊 Token Statistics:
   Prompt length: 6204 characters
   Estimated tokens: 1552 / 64000 (2.4%)
   ✅ Context usage is healthy

  ✅ Step processed successfully: 0 action(s)

📍 Step 684: Processing node [loop1] Loop Node (Type: 1, Traveled: true, Finished: false)
  🧠 Selecting relevant nodes from Global Tree...
  🤖 Calling LLM (Attempt 1)...

📊 Token Statistics:
   Prompt length: 6204 characters
   Estimated tokens: 1552 / 64000 (2.4%)
   ✅ Context usage is healthy

  ✅ Step processed successfully: 0 action(s)

📍 Step 685: Processing node [loop1] Loop Node (Type: 1, Traveled: true, Finished: false)
  🧠 Selecting relevant nodes from Global Tree...
  🤖 Calling LLM (Attempt 1)...

📊 Token Statistics:
   Prompt length: 6204 characters
   Estimated tokens: 1552 / 64000 (2.4%)
   ✅ Context usage is healthy

  ✅ Step processed successfully: 0 action(s)

📍 Step 686: Processing node [loop1] Loop Node (Type: 1, Traveled: true, Finished: false)
  🧠 Selecting relevant nodes from Global Tree...
  🤖 Calling LLM (Attempt 1)...

📊 Token Statistics:
   Prompt length: 6204 characters
   Estimated tokens: 1552 / 64000 (2.4%)
   ✅ Context usage is healthy

  ✅ Step processed successfully: 0 action(s)

📍 Step 687: Processing node [loop1] Loop Node (Type: 1, Traveled: true, Finished: false)
  🧠 Selecting relevant nodes from Global Tree...
  🤖 Calling LLM (Attempt 1)...

📊 Token Statistics:
   Prompt length: 6204 characters
   Estimated tokens: 1552 / 64000 (2.4%)
   ✅ Context usage is healthy

  ✅ Step processed successfully: 0 action(s)

📍 Step 688: Processing node [loop1] Loop Node (Type: 1, Traveled: true, Finished: false)
  🧠 Selecting relevant nodes from Global Tree...
  🤖 Calling LLM (Attempt 1)...

📊 Token Statistics:
   Prompt length: 6204 characters
   Estimated tokens: 1552 / 64000 (2.4%)
   ✅ Context usage is healthy

  ✅ Step processed successfully: 0 action(s)

📍 Step 689: Processing node [loop1] Loop Node (Type: 1, Traveled: true, Finished: false)
  🧠 Selecting relevant nodes from Global Tree...
  🤖 Calling LLM (Attempt 1)...

📊 Token Statistics:
   Prompt length: 6204 characters
   Estimated tokens: 1552 / 64000 (2.4%)
   ✅ Context usage is healthy

  ✅ Step processed successfully: 0 action(s)

📍 Step 690: Processing node [loop1] Loop Node (Type: 1, Traveled: true, Finished: false)
  🧠 Selecting relevant nodes from Global Tree...
  🤖 Calling LLM (Attempt 1)...

📊 Token Statistics:
   Prompt length: 6204 characters
   Estimated tokens: 1552 / 64000 (2.4%)
   ✅ Context usage is healthy

  ✅ Step processed successfully: 0 action(s)

📍 Step 691: Processing node [loop1] Loop Node (Type: 1, Traveled: true, Finished: false)
  🧠 Selecting relevant nodes from Global Tree...
  🤖 Calling LLM (Attempt 1)...

📊 Token Statistics:
   Prompt length: 6204 characters
   Estimated tokens: 1552 / 64000 (2.4%)
   ✅ Context usage is healthy

  ✅ Step processed successfully: 0 action(s)

📍 Step 692: Processing node [loop1] Loop Node (Type: 1, Traveled: true, Finished: false)
  🧠 Selecting relevant nodes from Global Tree...
  🤖 Calling LLM (Attempt 1)...

📊 Token Statistics:
   Prompt length: 6204 characters
   Estimated tokens: 1552 / 64000 (2.4%)
   ✅ Context usage is healthy

  ✅ Step processed successfully: 0 action(s)

📍 Step 693: Processing node [loop1] Loop Node (Type: 1, Traveled: true, Finished: false)
  🧠 Selecting relevant nodes from Global Tree...
  🤖 Calling LLM (Attempt 1)...

📊 Token Statistics:
   Prompt length: 6204 characters
   Estimated tokens: 1552 / 64000 (2.4%)
   ✅ Context usage is healthy

  ✅ Step processed successfully: 0 action(s)

📍 Step 694: Processing node [loop1] Loop Node (Type: 1, Traveled: true, Finished: false)
  🧠 Selecting relevant nodes from Global Tree...
  🤖 Calling LLM (Attempt 1)...

📊 Token Statistics:
   Prompt length: 6204 characters
   Estimated tokens: 1552 / 64000 (2.4%)
   ✅ Context usage is healthy

  ✅ Step processed successfully: 0 action(s)

📍 Step 695: Processing node [loop1] Loop Node (Type: 1, Traveled: true, Finished: false)
  🧠 Selecting relevant nodes from Global Tree...
  🤖 Calling LLM (Attempt 1)...

📊 Token Statistics:
   Prompt length: 6204 characters
   Estimated tokens: 1552 / 64000 (2.4%)
   ✅ Context usage is healthy

  ✅ Step processed successfully: 0 action(s)

📍 Step 696: Processing node [loop1] Loop Node (Type: 1, Traveled: true, Finished: false)
  🧠 Selecting relevant nodes from Global Tree...
  🤖 Calling LLM (Attempt 1)...

📊 Token Statistics:
   Prompt length: 6204 characters
   Estimated tokens: 1552 / 64000 (2.4%)
   ✅ Context usage is healthy

  ✅ Step processed successfully: 0 action(s)

📍 Step 697: Processing node [loop1] Loop Node (Type: 1, Traveled: true, Finished: false)
  🧠 Selecting relevant nodes from Global Tree...
  🤖 Calling LLM (Attempt 1)...

📊 Token Statistics:
   Prompt length: 6204 characters
   Estimated tokens: 1552 / 64000 (2.4%)
   ✅ Context usage is healthy

  ✅ Step processed successfully: 0 action(s)

📍 Step 698: Processing node [loop1] Loop Node (Type: 1, Traveled: true, Finished: false)
  🧠 Selecting relevant nodes from Global Tree...
  🤖 Calling LLM (Attempt 1)...

📊 Token Statistics:
   Prompt length: 6204 characters
   Estimated tokens: 1552 / 64000 (2.4%)
   ✅ Context usage is healthy

  ✅ Step processed successfully: 0 action(s)

📍 Step 699: Processing node [loop1] Loop Node (Type: 1, Traveled: true, Finished: false)
  🧠 Selecting relevant nodes from Global Tree...
  🤖 Calling LLM (Attempt 1)...

📊 Token Statistics:
   Prompt length: 6204 characters
   Estimated tokens: 1552 / 64000 (2.4%)
   ✅ Context usage is healthy

  ✅ Step processed successfully: 0 action(s)

📍 Step 700: Processing node [loop1] Loop Node (Type: 1, Traveled: true, Finished: false)
  🧠 Selecting relevant nodes from Global Tree...
  🤖 Calling LLM (Attempt 1)...

📊 Token Statistics:
   Prompt length: 6204 characters
   Estimated tokens: 1552 / 64000 (2.4%)
   ✅ Context usage is healthy

  ✅ Step processed successfully: 0 action(s)

📍 Step 701: Processing node [loop1] Loop Node (Type: 1, Traveled: true, Finished: false)
  🧠 Selecting relevant nodes from Global Tree...
  🤖 Calling LLM (Attempt 1)...

📊 Token Statistics:
   Prompt length: 6204 characters
   Estimated tokens: 1552 / 64000 (2.4%)
   ✅ Context usage is healthy

  ✅ Step processed successfully: 0 action(s)

📍 Step 702: Processing node [loop1] Loop Node (Type: 1, Traveled: true, Finished: false)
  🧠 Selecting relevant nodes from Global Tree...
  🤖 Calling LLM (Attempt 1)...

📊 Token Statistics:
   Prompt length: 6204 characters
   Estimated tokens: 1552 / 64000 (2.4%)
   ✅ Context usage is healthy

  ✅ Step processed successfully: 0 action(s)

📍 Step 703: Processing node [loop1] Loop Node (Type: 1, Traveled: true, Finished: false)
  🧠 Selecting relevant nodes from Global Tree...
  🤖 Calling LLM (Attempt 1)...

📊 Token Statistics:
   Prompt length: 6204 characters
   Estimated tokens: 1552 / 64000 (2.4%)
   ✅ Context usage is healthy

  ✅ Step processed successfully: 0 action(s)

📍 Step 704: Processing node [loop1] Loop Node (Type: 1, Traveled: true, Finished: false)
  🧠 Selecting relevant nodes from Global Tree...
  🤖 Calling LLM (Attempt 1)...

📊 Token Statistics:
   Prompt length: 6204 characters
   Estimated tokens: 1552 / 64000 (2.4%)
   ✅ Context usage is healthy

  ✅ Step processed successfully: 0 action(s)

📍 Step 705: Processing node [loop1] Loop Node (Type: 1, Traveled: true, Finished: false)
  🧠 Selecting relevant nodes from Global Tree...
  🤖 Calling LLM (Attempt 1)...

📊 Token Statistics:
   Prompt length: 6204 characters
   Estimated tokens: 1552 / 64000 (2.4%)
   ✅ Context usage is healthy

  ✅ Step processed successfully: 0 action(s)

📍 Step 706: Processing node [loop1] Loop Node (Type: 1, Traveled: true, Finished: false)
  🧠 Selecting relevant nodes from Global Tree...
  🤖 Calling LLM (Attempt 1)...

📊 Token Statistics:
   Prompt length: 6204 characters
   Estimated tokens: 1552 / 64000 (2.4%)
   ✅ Context usage is healthy

  ✅ Step processed successfully: 0 action(s)

📍 Step 707: Processing node [loop1] Loop Node (Type: 1, Traveled: true, Finished: false)
  🧠 Selecting relevant nodes from Global Tree...
  🤖 Calling LLM (Attempt 1)...

📊 Token Statistics:
   Prompt length: 6204 characters
   Estimated tokens: 1552 / 64000 (2.4%)
   ✅ Context usage is healthy

  ✅ Step processed successfully: 0 action(s)

📍 Step 708: Processing node [loop1] Loop Node (Type: 1, Traveled: true, Finished: false)
  🧠 Selecting relevant nodes from Global Tree...
  🤖 Calling LLM (Attempt 1)...

📊 Token Statistics:
   Prompt length: 6204 characters
   Estimated tokens: 1552 / 64000 (2.4%)
   ✅ Context usage is healthy

  ✅ Step processed successfully: 0 action(s)

📍 Step 709: Processing node [loop1] Loop Node (Type: 1, Traveled: true, Finished: false)
  🧠 Selecting relevant nodes from Global Tree...
  🤖 Calling LLM (Attempt 1)...

📊 Token Statistics:
   Prompt length: 6204 characters
   Estimated tokens: 1552 / 64000 (2.4%)
   ✅ Context usage is healthy

  ✅ Step processed successfully: 0 action(s)

📍 Step 710: Processing node [loop1] Loop Node (Type: 1, Traveled: true, Finished: false)
  🧠 Selecting relevant nodes from Global Tree...
  🤖 Calling LLM (Attempt 1)...

📊 Token Statistics:
   Prompt length: 6204 characters
   Estimated tokens: 1552 / 64000 (2.4%)
   ✅ Context usage is healthy

  ✅ Step processed successfully: 0 action(s)

📍 Step 711: Processing node [loop1] Loop Node (Type: 1, Traveled: true, Finished: false)
  🧠 Selecting relevant nodes from Global Tree...
  🤖 Calling LLM (Attempt 1)...

📊 Token Statistics:
   Prompt length: 6204 characters
   Estimated tokens: 1552 / 64000 (2.4%)
   ✅ Context usage is healthy

  ✅ Step processed successfully: 0 action(s)

📍 Step 712: Processing node [loop1] Loop Node (Type: 1, Traveled: true, Finished: false)
  🧠 Selecting relevant nodes from Global Tree...
  🤖 Calling LLM (Attempt 1)...

📊 Token Statistics:
   Prompt length: 6204 characters
   Estimated tokens: 1552 / 64000 (2.4%)
   ✅ Context usage is healthy

  ✅ Step processed successfully: 0 action(s)

📍 Step 713: Processing node [loop1] Loop Node (Type: 1, Traveled: true, Finished: false)
  🧠 Selecting relevant nodes from Global Tree...
  🤖 Calling LLM (Attempt 1)...

📊 Token Statistics:
   Prompt length: 6204 characters
   Estimated tokens: 1552 / 64000 (2.4%)
   ✅ Context usage is healthy

  ✅ Step processed successfully: 0 action(s)

📍 Step 714: Processing node [loop1] Loop Node (Type: 1, Traveled: true, Finished: false)
  🧠 Selecting relevant nodes from Global Tree...
  🤖 Calling LLM (Attempt 1)...

📊 Token Statistics:
   Prompt length: 6204 characters
   Estimated tokens: 1552 / 64000 (2.4%)
   ✅ Context usage is healthy

  ✅ Step processed successfully: 0 action(s)

📍 Step 715: Processing node [loop1] Loop Node (Type: 1, Traveled: true, Finished: false)
  🧠 Selecting relevant nodes from Global Tree...
  🤖 Calling LLM (Attempt 1)...

📊 Token Statistics:
   Prompt length: 6204 characters
   Estimated tokens: 1552 / 64000 (2.4%)
   ✅ Context usage is healthy

  ✅ Step processed successfully: 0 action(s)

📍 Step 716: Processing node [loop1] Loop Node (Type: 1, Traveled: true, Finished: false)
  🧠 Selecting relevant nodes from Global Tree...
  🤖 Calling LLM (Attempt 1)...

📊 Token Statistics:
   Prompt length: 6204 characters
   Estimated tokens: 1552 / 64000 (2.4%)
   ✅ Context usage is healthy

  ✅ Step processed successfully: 0 action(s)

📍 Step 717: Processing node [loop1] Loop Node (Type: 1, Traveled: true, Finished: false)
  🧠 Selecting relevant nodes from Global Tree...
  🤖 Calling LLM (Attempt 1)...

📊 Token Statistics:
   Prompt length: 6204 characters
   Estimated tokens: 1552 / 64000 (2.4%)
   ✅ Context usage is healthy

  ✅ Step processed successfully: 0 action(s)

📍 Step 718: Processing node [loop1] Loop Node (Type: 1, Traveled: true, Finished: false)
  🧠 Selecting relevant nodes from Global Tree...
  🤖 Calling LLM (Attempt 1)...

📊 Token Statistics:
   Prompt length: 6204 characters
   Estimated tokens: 1552 / 64000 (2.4%)
   ✅ Context usage is healthy

  ✅ Step processed successfully: 0 action(s)

📍 Step 719: Processing node [loop1] Loop Node (Type: 1, Traveled: true, Finished: false)
  🧠 Selecting relevant nodes from Global Tree...
  🤖 Calling LLM (Attempt 1)...

📊 Token Statistics:
   Prompt length: 6204 characters
   Estimated tokens: 1552 / 64000 (2.4%)
   ✅ Context usage is healthy

  ✅ Step processed successfully: 0 action(s)

📍 Step 720: Processing node [loop1] Loop Node (Type: 1, Traveled: true, Finished: false)
  🧠 Selecting relevant nodes from Global Tree...
  🤖 Calling LLM (Attempt 1)...

📊 Token Statistics:
   Prompt length: 6204 characters
   Estimated tokens: 1552 / 64000 (2.4%)
   ✅ Context usage is healthy

  ✅ Step processed successfully: 0 action(s)

📍 Step 721: Processing node [loop1] Loop Node (Type: 1, Traveled: true, Finished: false)
  🧠 Selecting relevant nodes from Global Tree...
  🤖 Calling LLM (Attempt 1)...

📊 Token Statistics:
   Prompt length: 6204 characters
   Estimated tokens: 1552 / 64000 (2.4%)
   ✅ Context usage is healthy

  ✅ Step processed successfully: 0 action(s)

📍 Step 722: Processing node [loop1] Loop Node (Type: 1, Traveled: true, Finished: false)
  🧠 Selecting relevant nodes from Global Tree...
  🤖 Calling LLM (Attempt 1)...

📊 Token Statistics:
   Prompt length: 6204 characters
   Estimated tokens: 1552 / 64000 (2.4%)
   ✅ Context usage is healthy

  ✅ Step processed successfully: 0 action(s)

📍 Step 723: Processing node [loop1] Loop Node (Type: 1, Traveled: true, Finished: false)
  🧠 Selecting relevant nodes from Global Tree...
  🤖 Calling LLM (Attempt 1)...

📊 Token Statistics:
   Prompt length: 6204 characters
   Estimated tokens: 1552 / 64000 (2.4%)
   ✅ Context usage is healthy

  ✅ Step processed successfully: 0 action(s)

📍 Step 724: Processing node [loop1] Loop Node (Type: 1, Traveled: true, Finished: false)
  🧠 Selecting relevant nodes from Global Tree...
  🤖 Calling LLM (Attempt 1)...

📊 Token Statistics:
   Prompt length: 6204 characters
   Estimated tokens: 1552 / 64000 (2.4%)
   ✅ Context usage is healthy

  ✅ Step processed successfully: 0 action(s)

📍 Step 725: Processing node [loop1] Loop Node (Type: 1, Traveled: true, Finished: false)
  🧠 Selecting relevant nodes from Global Tree...
  🤖 Calling LLM (Attempt 1)...

📊 Token Statistics:
   Prompt length: 6204 characters
   Estimated tokens: 1552 / 64000 (2.4%)
   ✅ Context usage is healthy

  ✅ Step processed successfully: 0 action(s)

📍 Step 726: Processing node [loop1] Loop Node (Type: 1, Traveled: true, Finished: false)
  🧠 Selecting relevant nodes from Global Tree...
  🤖 Calling LLM (Attempt 1)...

📊 Token Statistics:
   Prompt length: 6204 characters
   Estimated tokens: 1552 / 64000 (2.4%)
   ✅ Context usage is healthy

  ✅ Step processed successfully: 0 action(s)

📍 Step 727: Processing node [loop1] Loop Node (Type: 1, Traveled: true, Finished: false)
  🧠 Selecting relevant nodes from Global Tree...
  🤖 Calling LLM (Attempt 1)...

📊 Token Statistics:
   Prompt length: 6204 characters
   Estimated tokens: 1552 / 64000 (2.4%)
   ✅ Context usage is healthy

  ✅ Step processed successfully: 0 action(s)

📍 Step 728: Processing node [loop1] Loop Node (Type: 1, Traveled: true, Finished: false)
  🧠 Selecting relevant nodes from Global Tree...
  🤖 Calling LLM (Attempt 1)...

📊 Token Statistics:
   Prompt length: 6204 characters
   Estimated tokens: 1552 / 64000 (2.4%)
   ✅ Context usage is healthy

  ✅ Step processed successfully: 0 action(s)

📍 Step 729: Processing node [loop1] Loop Node (Type: 1, Traveled: true, Finished: false)
  🧠 Selecting relevant nodes from Global Tree...
  🤖 Calling LLM (Attempt 1)...

📊 Token Statistics:
   Prompt length: 6204 characters
   Estimated tokens: 1552 / 64000 (2.4%)
   ✅ Context usage is healthy

  ✅ Step processed successfully: 0 action(s)

📍 Step 730: Processing node [loop1] Loop Node (Type: 1, Traveled: true, Finished: false)
  🧠 Selecting relevant nodes from Global Tree...
  🤖 Calling LLM (Attempt 1)...

📊 Token Statistics:
   Prompt length: 6204 characters
   Estimated tokens: 1552 / 64000 (2.4%)
   ✅ Context usage is healthy

  ✅ Step processed successfully: 0 action(s)

📍 Step 731: Processing node [loop1] Loop Node (Type: 1, Traveled: true, Finished: false)
  🧠 Selecting relevant nodes from Global Tree...
  🤖 Calling LLM (Attempt 1)...

📊 Token Statistics:
   Prompt length: 6204 characters
   Estimated tokens: 1552 / 64000 (2.4%)
   ✅ Context usage is healthy

  ✅ Step processed successfully: 0 action(s)

📍 Step 732: Processing node [loop1] Loop Node (Type: 1, Traveled: true, Finished: false)
  🧠 Selecting relevant nodes from Global Tree...
  🤖 Calling LLM (Attempt 1)...

📊 Token Statistics:
   Prompt length: 6204 characters
   Estimated tokens: 1552 / 64000 (2.4%)
   ✅ Context usage is healthy

  ✅ Step processed successfully: 0 action(s)

📍 Step 733: Processing node [loop1] Loop Node (Type: 1, Traveled: true, Finished: false)
  🧠 Selecting relevant nodes from Global Tree...
  🤖 Calling LLM (Attempt 1)...

📊 Token Statistics:
   Prompt length: 6204 characters
   Estimated tokens: 1552 / 64000 (2.4%)
   ✅ Context usage is healthy

  ✅ Step processed successfully: 0 action(s)

📍 Step 734: Processing node [loop1] Loop Node (Type: 1, Traveled: true, Finished: false)
  🧠 Selecting relevant nodes from Global Tree...
  🤖 Calling LLM (Attempt 1)...

📊 Token Statistics:
   Prompt length: 6204 characters
   Estimated tokens: 1552 / 64000 (2.4%)
   ✅ Context usage is healthy

  ✅ Step processed successfully: 0 action(s)

📍 Step 735: Processing node [loop1] Loop Node (Type: 1, Traveled: true, Finished: false)
  🧠 Selecting relevant nodes from Global Tree...
  🤖 Calling LLM (Attempt 1)...

📊 Token Statistics:
   Prompt length: 6204 characters
   Estimated tokens: 1552 / 64000 (2.4%)
   ✅ Context usage is healthy

  ✅ Step processed successfully: 0 action(s)

📍 Step 736: Processing node [loop1] Loop Node (Type: 1, Traveled: true, Finished: false)
  🧠 Selecting relevant nodes from Global Tree...
  🤖 Calling LLM (Attempt 1)...

📊 Token Statistics:
   Prompt length: 6204 characters
   Estimated tokens: 1552 / 64000 (2.4%)
   ✅ Context usage is healthy

  ✅ Step processed successfully: 0 action(s)

📍 Step 737: Processing node [loop1] Loop Node (Type: 1, Traveled: true, Finished: false)
  🧠 Selecting relevant nodes from Global Tree...
  🤖 Calling LLM (Attempt 1)...

📊 Token Statistics:
   Prompt length: 6204 characters
   Estimated tokens: 1552 / 64000 (2.4%)
   ✅ Context usage is healthy

  ✅ Step processed successfully: 0 action(s)

📍 Step 738: Processing node [loop1] Loop Node (Type: 1, Traveled: true, Finished: false)
  🧠 Selecting relevant nodes from Global Tree...
  🤖 Calling LLM (Attempt 1)...

📊 Token Statistics:
   Prompt length: 6204 characters
   Estimated tokens: 1552 / 64000 (2.4%)
   ✅ Context usage is healthy

  ✅ Step processed successfully: 0 action(s)

📍 Step 739: Processing node [loop1] Loop Node (Type: 1, Traveled: true, Finished: false)
  🧠 Selecting relevant nodes from Global Tree...
  🤖 Calling LLM (Attempt 1)...

📊 Token Statistics:
   Prompt length: 6204 characters
   Estimated tokens: 1552 / 64000 (2.4%)
   ✅ Context usage is healthy

  ✅ Step processed successfully: 0 action(s)

📍 Step 740: Processing node [loop1] Loop Node (Type: 1, Traveled: true, Finished: false)
  🧠 Selecting relevant nodes from Global Tree...
  🤖 Calling LLM (Attempt 1)...

📊 Token Statistics:
   Prompt length: 6204 characters
   Estimated tokens: 1552 / 64000 (2.4%)
   ✅ Context usage is healthy

  ✅ Step processed successfully: 0 action(s)

📍 Step 741: Processing node [loop1] Loop Node (Type: 1, Traveled: true, Finished: false)
  🧠 Selecting relevant nodes from Global Tree...
  🤖 Calling LLM (Attempt 1)...

📊 Token Statistics:
   Prompt length: 6204 characters
   Estimated tokens: 1552 / 64000 (2.4%)
   ✅ Context usage is healthy

  ✅ Step processed successfully: 0 action(s)

📍 Step 742: Processing node [loop1] Loop Node (Type: 1, Traveled: true, Finished: false)
  🧠 Selecting relevant nodes from Global Tree...
  🤖 Calling LLM (Attempt 1)...

📊 Token Statistics:
   Prompt length: 6204 characters
   Estimated tokens: 1552 / 64000 (2.4%)
   ✅ Context usage is healthy

  ✅ Step processed successfully: 0 action(s)

📍 Step 743: Processing node [loop1] Loop Node (Type: 1, Traveled: true, Finished: false)
  🧠 Selecting relevant nodes from Global Tree...
  🤖 Calling LLM (Attempt 1)...

📊 Token Statistics:
   Prompt length: 6204 characters
   Estimated tokens: 1552 / 64000 (2.4%)
   ✅ Context usage is healthy

  ✅ Step processed successfully: 0 action(s)

📍 Step 744: Processing node [loop1] Loop Node (Type: 1, Traveled: true, Finished: false)
  🧠 Selecting relevant nodes from Global Tree...
  🤖 Calling LLM (Attempt 1)...

📊 Token Statistics:
   Prompt length: 6204 characters
   Estimated tokens: 1552 / 64000 (2.4%)
   ✅ Context usage is healthy

  ✅ Step processed successfully: 0 action(s)

📍 Step 745: Processing node [loop1] Loop Node (Type: 1, Traveled: true, Finished: false)
  🧠 Selecting relevant nodes from Global Tree...
  🤖 Calling LLM (Attempt 1)...

📊 Token Statistics:
   Prompt length: 6204 characters
   Estimated tokens: 1552 / 64000 (2.4%)
   ✅ Context usage is healthy

  ✅ Step processed successfully: 0 action(s)

📍 Step 746: Processing node [loop1] Loop Node (Type: 1, Traveled: true, Finished: false)
  🧠 Selecting relevant nodes from Global Tree...
  🤖 Calling LLM (Attempt 1)...

📊 Token Statistics:
   Prompt length: 6204 characters
   Estimated tokens: 1552 / 64000 (2.4%)
   ✅ Context usage is healthy

  ✅ Step processed successfully: 0 action(s)

📍 Step 747: Processing node [loop1] Loop Node (Type: 1, Traveled: true, Finished: false)
  🧠 Selecting relevant nodes from Global Tree...
  🤖 Calling LLM (Attempt 1)...

📊 Token Statistics:
   Prompt length: 6204 characters
   Estimated tokens: 1552 / 64000 (2.4%)
   ✅ Context usage is healthy

  ✅ Step processed successfully: 0 action(s)

📍 Step 748: Processing node [loop1] Loop Node (Type: 1, Traveled: true, Finished: false)
  🧠 Selecting relevant nodes from Global Tree...
  🤖 Calling LLM (Attempt 1)...

📊 Token Statistics:
   Prompt length: 6204 characters
   Estimated tokens: 1552 / 64000 (2.4%)
   ✅ Context usage is healthy

  ✅ Step processed successfully: 0 action(s)

📍 Step 749: Processing node [loop1] Loop Node (Type: 1, Traveled: true, Finished: false)
  🧠 Selecting relevant nodes from Global Tree...
  🤖 Calling LLM (Attempt 1)...

📊 Token Statistics:
   Prompt length: 6204 characters
   Estimated tokens: 1552 / 64000 (2.4%)
   ✅ Context usage is healthy

  ✅ Step processed successfully: 0 action(s)

📍 Step 750: Processing node [loop1] Loop Node (Type: 1, Traveled: true, Finished: false)
  🧠 Selecting relevant nodes from Global Tree...
  🤖 Calling LLM (Attempt 1)...

📊 Token Statistics:
   Prompt length: 6204 characters
   Estimated tokens: 1552 / 64000 (2.4%)
   ✅ Context usage is healthy

  ✅ Step processed successfully: 0 action(s)

📍 Step 751: Processing node [loop1] Loop Node (Type: 1, Traveled: true, Finished: false)
  🧠 Selecting relevant nodes from Global Tree...
  🤖 Calling LLM (Attempt 1)...

📊 Token Statistics:
   Prompt length: 6204 characters
   Estimated tokens: 1552 / 64000 (2.4%)
   ✅ Context usage is healthy

  ✅ Step processed successfully: 0 action(s)

📍 Step 752: Processing node [loop1] Loop Node (Type: 1, Traveled: true, Finished: false)
  🧠 Selecting relevant nodes from Global Tree...
  🤖 Calling LLM (Attempt 1)...

📊 Token Statistics:
   Prompt length: 6204 characters
   Estimated tokens: 1552 / 64000 (2.4%)
   ✅ Context usage is healthy

  ✅ Step processed successfully: 0 action(s)

📍 Step 753: Processing node [loop1] Loop Node (Type: 1, Traveled: true, Finished: false)
  🧠 Selecting relevant nodes from Global Tree...
  🤖 Calling LLM (Attempt 1)...

📊 Token Statistics:
   Prompt length: 6204 characters
   Estimated tokens: 1552 / 64000 (2.4%)
   ✅ Context usage is healthy

  ✅ Step processed successfully: 0 action(s)

📍 Step 754: Processing node [loop1] Loop Node (Type: 1, Traveled: true, Finished: false)
  🧠 Selecting relevant nodes from Global Tree...
  🤖 Calling LLM (Attempt 1)...

📊 Token Statistics:
   Prompt length: 6204 characters
   Estimated tokens: 1552 / 64000 (2.4%)
   ✅ Context usage is healthy

  ✅ Step processed successfully: 0 action(s)

📍 Step 755: Processing node [loop1] Loop Node (Type: 1, Traveled: true, Finished: false)
  🧠 Selecting relevant nodes from Global Tree...
  🤖 Calling LLM (Attempt 1)...

📊 Token Statistics:
   Prompt length: 6204 characters
   Estimated tokens: 1552 / 64000 (2.4%)
   ✅ Context usage is healthy

  ✅ Step processed successfully: 0 action(s)

📍 Step 756: Processing node [loop1] Loop Node (Type: 1, Traveled: true, Finished: false)
  🧠 Selecting relevant nodes from Global Tree...
  🤖 Calling LLM (Attempt 1)...

📊 Token Statistics:
   Prompt length: 6204 characters
   Estimated tokens: 1552 / 64000 (2.4%)
   ✅ Context usage is healthy

  ✅ Step processed successfully: 0 action(s)

📍 Step 757: Processing node [loop1] Loop Node (Type: 1, Traveled: true, Finished: false)
  🧠 Selecting relevant nodes from Global Tree...
  🤖 Calling LLM (Attempt 1)...

📊 Token Statistics:
   Prompt length: 6204 characters
   Estimated tokens: 1552 / 64000 (2.4%)
   ✅ Context usage is healthy

  ✅ Step processed successfully: 0 action(s)

📍 Step 758: Processing node [loop1] Loop Node (Type: 1, Traveled: true, Finished: false)
  🧠 Selecting relevant nodes from Global Tree...
  🤖 Calling LLM (Attempt 1)...

📊 Token Statistics:
   Prompt length: 6204 characters
   Estimated tokens: 1552 / 64000 (2.4%)
   ✅ Context usage is healthy

  ✅ Step processed successfully: 0 action(s)

📍 Step 759: Processing node [loop1] Loop Node (Type: 1, Traveled: true, Finished: false)
  🧠 Selecting relevant nodes from Global Tree...
  🤖 Calling LLM (Attempt 1)...

📊 Token Statistics:
   Prompt length: 6204 characters
   Estimated tokens: 1552 / 64000 (2.4%)
   ✅ Context usage is healthy

  ✅ Step processed successfully: 0 action(s)

📍 Step 760: Processing node [loop1] Loop Node (Type: 1, Traveled: true, Finished: false)
  🧠 Selecting relevant nodes from Global Tree...
  🤖 Calling LLM (Attempt 1)...

📊 Token Statistics:
   Prompt length: 6204 characters
   Estimated tokens: 1552 / 64000 (2.4%)
   ✅ Context usage is healthy

  ✅ Step processed successfully: 0 action(s)

📍 Step 761: Processing node [loop1] Loop Node (Type: 1, Traveled: true, Finished: false)
  🧠 Selecting relevant nodes from Global Tree...
  🤖 Calling LLM (Attempt 1)...

📊 Token Statistics:
   Prompt length: 6204 characters
   Estimated tokens: 1552 / 64000 (2.4%)
   ✅ Context usage is healthy

  ✅ Step processed successfully: 0 action(s)

📍 Step 762: Processing node [loop1] Loop Node (Type: 1, Traveled: true, Finished: false)
  🧠 Selecting relevant nodes from Global Tree...
  🤖 Calling LLM (Attempt 1)...

📊 Token Statistics:
   Prompt length: 6204 characters
   Estimated tokens: 1552 / 64000 (2.4%)
   ✅ Context usage is healthy

  ✅ Step processed successfully: 0 action(s)

📍 Step 763: Processing node [loop1] Loop Node (Type: 1, Traveled: true, Finished: false)
  🧠 Selecting relevant nodes from Global Tree...
  🤖 Calling LLM (Attempt 1)...

📊 Token Statistics:
   Prompt length: 6204 characters
   Estimated tokens: 1552 / 64000 (2.4%)
   ✅ Context usage is healthy

  ✅ Step processed successfully: 0 action(s)

📍 Step 764: Processing node [loop1] Loop Node (Type: 1, Traveled: true, Finished: false)
  🧠 Selecting relevant nodes from Global Tree...
  🤖 Calling LLM (Attempt 1)...

📊 Token Statistics:
   Prompt length: 6204 characters
   Estimated tokens: 1552 / 64000 (2.4%)
   ✅ Context usage is healthy

  ✅ Step processed successfully: 0 action(s)

📍 Step 765: Processing node [loop1] Loop Node (Type: 1, Traveled: true, Finished: false)
  🧠 Selecting relevant nodes from Global Tree...
  🤖 Calling LLM (Attempt 1)...

📊 Token Statistics:
   Prompt length: 6204 characters
   Estimated tokens: 1552 / 64000 (2.4%)
   ✅ Context usage is healthy

  ✅ Step processed successfully: 0 action(s)

📍 Step 766: Processing node [loop1] Loop Node (Type: 1, Traveled: true, Finished: false)
  🧠 Selecting relevant nodes from Global Tree...
  🤖 Calling LLM (Attempt 1)...

📊 Token Statistics:
   Prompt length: 6204 characters
   Estimated tokens: 1552 / 64000 (2.4%)
   ✅ Context usage is healthy

  ✅ Step processed successfully: 0 action(s)

📍 Step 767: Processing node [loop1] Loop Node (Type: 1, Traveled: true, Finished: false)
  🧠 Selecting relevant nodes from Global Tree...
  🤖 Calling LLM (Attempt 1)...

📊 Token Statistics:
   Prompt length: 6204 characters
   Estimated tokens: 1552 / 64000 (2.4%)
   ✅ Context usage is healthy

  ✅ Step processed successfully: 0 action(s)

📍 Step 768: Processing node [loop1] Loop Node (Type: 1, Traveled: true, Finished: false)
  🧠 Selecting relevant nodes from Global Tree...
  🤖 Calling LLM (Attempt 1)...

📊 Token Statistics:
   Prompt length: 6204 characters
   Estimated tokens: 1552 / 64000 (2.4%)
   ✅ Context usage is healthy

  ✅ Step processed successfully: 0 action(s)

📍 Step 769: Processing node [loop1] Loop Node (Type: 1, Traveled: true, Finished: false)
  🧠 Selecting relevant nodes from Global Tree...
  🤖 Calling LLM (Attempt 1)...

📊 Token Statistics:
   Prompt length: 6204 characters
   Estimated tokens: 1552 / 64000 (2.4%)
   ✅ Context usage is healthy

  ✅ Step processed successfully: 0 action(s)

📍 Step 770: Processing node [loop1] Loop Node (Type: 1, Traveled: true, Finished: false)
  🧠 Selecting relevant nodes from Global Tree...
  🤖 Calling LLM (Attempt 1)...

📊 Token Statistics:
   Prompt length: 6204 characters
   Estimated tokens: 1552 / 64000 (2.4%)
   ✅ Context usage is healthy

  ✅ Step processed successfully: 0 action(s)

📍 Step 771: Processing node [loop1] Loop Node (Type: 1, Traveled: true, Finished: false)
  🧠 Selecting relevant nodes from Global Tree...
  🤖 Calling LLM (Attempt 1)...

📊 Token Statistics:
   Prompt length: 6204 characters
   Estimated tokens: 1552 / 64000 (2.4%)
   ✅ Context usage is healthy

  ✅ Step processed successfully: 0 action(s)

📍 Step 772: Processing node [loop1] Loop Node (Type: 1, Traveled: true, Finished: false)
  🧠 Selecting relevant nodes from Global Tree...
  🤖 Calling LLM (Attempt 1)...

📊 Token Statistics:
   Prompt length: 6204 characters
   Estimated tokens: 1552 / 64000 (2.4%)
   ✅ Context usage is healthy

  ✅ Step processed successfully: 0 action(s)

📍 Step 773: Processing node [loop1] Loop Node (Type: 1, Traveled: true, Finished: false)
  🧠 Selecting relevant nodes from Global Tree...
  🤖 Calling LLM (Attempt 1)...

📊 Token Statistics:
   Prompt length: 6204 characters
   Estimated tokens: 1552 / 64000 (2.4%)
   ✅ Context usage is healthy

  ✅ Step processed successfully: 0 action(s)

📍 Step 774: Processing node [loop1] Loop Node (Type: 1, Traveled: true, Finished: false)
  🧠 Selecting relevant nodes from Global Tree...
  🤖 Calling LLM (Attempt 1)...

📊 Token Statistics:
   Prompt length: 6204 characters
   Estimated tokens: 1552 / 64000 (2.4%)
   ✅ Context usage is healthy

  ✅ Step processed successfully: 0 action(s)

📍 Step 775: Processing node [loop1] Loop Node (Type: 1, Traveled: true, Finished: false)
  🧠 Selecting relevant nodes from Global Tree...
  🤖 Calling LLM (Attempt 1)...

📊 Token Statistics:
   Prompt length: 6204 characters
   Estimated tokens: 1552 / 64000 (2.4%)
   ✅ Context usage is healthy

  ✅ Step processed successfully: 0 action(s)

📍 Step 776: Processing node [loop1] Loop Node (Type: 1, Traveled: true, Finished: false)
  🧠 Selecting relevant nodes from Global Tree...
  🤖 Calling LLM (Attempt 1)...

📊 Token Statistics:
   Prompt length: 6204 characters
   Estimated tokens: 1552 / 64000 (2.4%)
   ✅ Context usage is healthy

  ✅ Step processed successfully: 0 action(s)

📍 Step 777: Processing node [loop1] Loop Node (Type: 1, Traveled: true, Finished: false)
  🧠 Selecting relevant nodes from Global Tree...
  🤖 Calling LLM (Attempt 1)...

📊 Token Statistics:
   Prompt length: 6204 characters
   Estimated tokens: 1552 / 64000 (2.4%)
   ✅ Context usage is healthy

  ✅ Step processed successfully: 0 action(s)

📍 Step 778: Processing node [loop1] Loop Node (Type: 1, Traveled: true, Finished: false)
  🧠 Selecting relevant nodes from Global Tree...
  🤖 Calling LLM (Attempt 1)...

📊 Token Statistics:
   Prompt length: 6204 characters
   Estimated tokens: 1552 / 64000 (2.4%)
   ✅ Context usage is healthy

  ✅ Step processed successfully: 0 action(s)

📍 Step 779: Processing node [loop1] Loop Node (Type: 1, Traveled: true, Finished: false)
  🧠 Selecting relevant nodes from Global Tree...
  🤖 Calling LLM (Attempt 1)...

📊 Token Statistics:
   Prompt length: 6204 characters
   Estimated tokens: 1552 / 64000 (2.4%)
   ✅ Context usage is healthy

  ✅ Step processed successfully: 0 action(s)

📍 Step 780: Processing node [loop1] Loop Node (Type: 1, Traveled: true, Finished: false)
  🧠 Selecting relevant nodes from Global Tree...
  🤖 Calling LLM (Attempt 1)...

📊 Token Statistics:
   Prompt length: 6204 characters
   Estimated tokens: 1552 / 64000 (2.4%)
   ✅ Context usage is healthy

  ✅ Step processed successfully: 0 action(s)

📍 Step 781: Processing node [loop1] Loop Node (Type: 1, Traveled: true, Finished: false)
  🧠 Selecting relevant nodes from Global Tree...
  🤖 Calling LLM (Attempt 1)...

📊 Token Statistics:
   Prompt length: 6204 characters
   Estimated tokens: 1552 / 64000 (2.4%)
   ✅ Context usage is healthy

  ✅ Step processed successfully: 0 action(s)

📍 Step 782: Processing node [loop1] Loop Node (Type: 1, Traveled: true, Finished: false)
  🧠 Selecting relevant nodes from Global Tree...
  🤖 Calling LLM (Attempt 1)...

📊 Token Statistics:
   Prompt length: 6204 characters
   Estimated tokens: 1552 / 64000 (2.4%)
   ✅ Context usage is healthy

  ✅ Step processed successfully: 0 action(s)

📍 Step 783: Processing node [loop1] Loop Node (Type: 1, Traveled: true, Finished: false)
  🧠 Selecting relevant nodes from Global Tree...
  🤖 Calling LLM (Attempt 1)...

📊 Token Statistics:
   Prompt length: 6204 characters
   Estimated tokens: 1552 / 64000 (2.4%)
   ✅ Context usage is healthy

  ✅ Step processed successfully: 0 action(s)

📍 Step 784: Processing node [loop1] Loop Node (Type: 1, Traveled: true, Finished: false)
  🧠 Selecting relevant nodes from Global Tree...
  🤖 Calling LLM (Attempt 1)...

📊 Token Statistics:
   Prompt length: 6204 characters
   Estimated tokens: 1552 / 64000 (2.4%)
   ✅ Context usage is healthy

  ✅ Step processed successfully: 0 action(s)

📍 Step 785: Processing node [loop1] Loop Node (Type: 1, Traveled: true, Finished: false)
  🧠 Selecting relevant nodes from Global Tree...
  🤖 Calling LLM (Attempt 1)...

📊 Token Statistics:
   Prompt length: 6204 characters
   Estimated tokens: 1552 / 64000 (2.4%)
   ✅ Context usage is healthy

  ✅ Step processed successfully: 0 action(s)

📍 Step 786: Processing node [loop1] Loop Node (Type: 1, Traveled: true, Finished: false)
  🧠 Selecting relevant nodes from Global Tree...
  🤖 Calling LLM (Attempt 1)...

📊 Token Statistics:
   Prompt length: 6204 characters
   Estimated tokens: 1552 / 64000 (2.4%)
   ✅ Context usage is healthy

  ✅ Step processed successfully: 0 action(s)

📍 Step 787: Processing node [loop1] Loop Node (Type: 1, Traveled: true, Finished: false)
  🧠 Selecting relevant nodes from Global Tree...
  🤖 Calling LLM (Attempt 1)...

📊 Token Statistics:
   Prompt length: 6204 characters
   Estimated tokens: 1552 / 64000 (2.4%)
   ✅ Context usage is healthy

  ✅ Step processed successfully: 0 action(s)

📍 Step 788: Processing node [loop1] Loop Node (Type: 1, Traveled: true, Finished: false)
  🧠 Selecting relevant nodes from Global Tree...
  🤖 Calling LLM (Attempt 1)...

📊 Token Statistics:
   Prompt length: 6204 characters
   Estimated tokens: 1552 / 64000 (2.4%)
   ✅ Context usage is healthy

  ✅ Step processed successfully: 0 action(s)

📍 Step 789: Processing node [loop1] Loop Node (Type: 1, Traveled: true, Finished: false)
  🧠 Selecting relevant nodes from Global Tree...
  🤖 Calling LLM (Attempt 1)...

📊 Token Statistics:
   Prompt length: 6204 characters
   Estimated tokens: 1552 / 64000 (2.4%)
   ✅ Context usage is healthy

  ✅ Step processed successfully: 0 action(s)

📍 Step 790: Processing node [loop1] Loop Node (Type: 1, Traveled: true, Finished: false)
  🧠 Selecting relevant nodes from Global Tree...
  🤖 Calling LLM (Attempt 1)...

📊 Token Statistics:
   Prompt length: 6204 characters
   Estimated tokens: 1552 / 64000 (2.4%)
   ✅ Context usage is healthy

  ✅ Step processed successfully: 0 action(s)

📍 Step 791: Processing node [loop1] Loop Node (Type: 1, Traveled: true, Finished: false)
  🧠 Selecting relevant nodes from Global Tree...
  🤖 Calling LLM (Attempt 1)...

📊 Token Statistics:
   Prompt length: 6204 characters
   Estimated tokens: 1552 / 64000 (2.4%)
   ✅ Context usage is healthy

  ✅ Step processed successfully: 0 action(s)

📍 Step 792: Processing node [loop1] Loop Node (Type: 1, Traveled: true, Finished: false)
  🧠 Selecting relevant nodes from Global Tree...
  🤖 Calling LLM (Attempt 1)...

📊 Token Statistics:
   Prompt length: 6204 characters
   Estimated tokens: 1552 / 64000 (2.4%)
   ✅ Context usage is healthy

  ✅ Step processed successfully: 0 action(s)

📍 Step 793: Processing node [loop1] Loop Node (Type: 1, Traveled: true, Finished: false)
  🧠 Selecting relevant nodes from Global Tree...
  🤖 Calling LLM (Attempt 1)...

📊 Token Statistics:
   Prompt length: 6204 characters
   Estimated tokens: 1552 / 64000 (2.4%)
   ✅ Context usage is healthy

  ✅ Step processed successfully: 0 action(s)

📍 Step 794: Processing node [loop1] Loop Node (Type: 1, Traveled: true, Finished: false)
  🧠 Selecting relevant nodes from Global Tree...
  🤖 Calling LLM (Attempt 1)...

📊 Token Statistics:
   Prompt length: 6204 characters
   Estimated tokens: 1552 / 64000 (2.4%)
   ✅ Context usage is healthy

  ✅ Step processed successfully: 0 action(s)

📍 Step 795: Processing node [loop1] Loop Node (Type: 1, Traveled: true, Finished: false)
  🧠 Selecting relevant nodes from Global Tree...
  🤖 Calling LLM (Attempt 1)...

📊 Token Statistics:
   Prompt length: 6204 characters
   Estimated tokens: 1552 / 64000 (2.4%)
   ✅ Context usage is healthy

  ✅ Step processed successfully: 0 action(s)

📍 Step 796: Processing node [loop1] Loop Node (Type: 1, Traveled: true, Finished: false)
  🧠 Selecting relevant nodes from Global Tree...
  🤖 Calling LLM (Attempt 1)...

📊 Token Statistics:
   Prompt length: 6204 characters
   Estimated tokens: 1552 / 64000 (2.4%)
   ✅ Context usage is healthy

  ✅ Step processed successfully: 0 action(s)

📍 Step 797: Processing node [loop1] Loop Node (Type: 1, Traveled: true, Finished: false)
  🧠 Selecting relevant nodes from Global Tree...
  🤖 Calling LLM (Attempt 1)...

📊 Token Statistics:
   Prompt length: 6204 characters
   Estimated tokens: 1552 / 64000 (2.4%)
   ✅ Context usage is healthy

  ✅ Step processed successfully: 0 action(s)

📍 Step 798: Processing node [loop1] Loop Node (Type: 1, Traveled: true, Finished: false)
  🧠 Selecting relevant nodes from Global Tree...
  🤖 Calling LLM (Attempt 1)...

📊 Token Statistics:
   Prompt length: 6204 characters
   Estimated tokens: 1552 / 64000 (2.4%)
   ✅ Context usage is healthy

  ✅ Step processed successfully: 0 action(s)

📍 Step 799: Processing node [loop1] Loop Node (Type: 1, Traveled: true, Finished: false)
  🧠 Selecting relevant nodes from Global Tree...
  🤖 Calling LLM (Attempt 1)...

📊 Token Statistics:
   Prompt length: 6204 characters
   Estimated tokens: 1552 / 64000 (2.4%)
   ✅ Context usage is healthy

  ✅ Step processed successfully: 0 action(s)

📍 Step 800: Processing node [loop1] Loop Node (Type: 1, Traveled: true, Finished: false)
  🧠 Selecting relevant nodes from Global Tree...
  🤖 Calling LLM (Attempt 1)...

📊 Token Statistics:
   Prompt length: 6204 characters
   Estimated tokens: 1552 / 64000 (2.4%)
   ✅ Context usage is healthy

  ✅ Step processed successfully: 0 action(s)

📍 Step 801: Processing node [loop1] Loop Node (Type: 1, Traveled: true, Finished: false)
  🧠 Selecting relevant nodes from Global Tree...
  🤖 Calling LLM (Attempt 1)...

📊 Token Statistics:
   Prompt length: 6204 characters
   Estimated tokens: 1552 / 64000 (2.4%)
   ✅ Context usage is healthy

  ✅ Step processed successfully: 0 action(s)

📍 Step 802: Processing node [loop1] Loop Node (Type: 1, Traveled: true, Finished: false)
  🧠 Selecting relevant nodes from Global Tree...
  🤖 Calling LLM (Attempt 1)...

📊 Token Statistics:
   Prompt length: 6204 characters
   Estimated tokens: 1552 / 64000 (2.4%)
   ✅ Context usage is healthy

  ✅ Step processed successfully: 0 action(s)

📍 Step 803: Processing node [loop1] Loop Node (Type: 1, Traveled: true, Finished: false)
  🧠 Selecting relevant nodes from Global Tree...
  🤖 Calling LLM (Attempt 1)...

📊 Token Statistics:
   Prompt length: 6204 characters
   Estimated tokens: 1552 / 64000 (2.4%)
   ✅ Context usage is healthy

  ✅ Step processed successfully: 0 action(s)

📍 Step 804: Processing node [loop1] Loop Node (Type: 1, Traveled: true, Finished: false)
  🧠 Selecting relevant nodes from Global Tree...
  🤖 Calling LLM (Attempt 1)...

📊 Token Statistics:
   Prompt length: 6204 characters
   Estimated tokens: 1552 / 64000 (2.4%)
   ✅ Context usage is healthy

  ✅ Step processed successfully: 0 action(s)

📍 Step 805: Processing node [loop1] Loop Node (Type: 1, Traveled: true, Finished: false)
  🧠 Selecting relevant nodes from Global Tree...
  🤖 Calling LLM (Attempt 1)...

📊 Token Statistics:
   Prompt length: 6204 characters
   Estimated tokens: 1552 / 64000 (2.4%)
   ✅ Context usage is healthy

  ✅ Step processed successfully: 0 action(s)

📍 Step 806: Processing node [loop1] Loop Node (Type: 1, Traveled: true, Finished: false)
  🧠 Selecting relevant nodes from Global Tree...
  🤖 Calling LLM (Attempt 1)...

📊 Token Statistics:
   Prompt length: 6204 characters
   Estimated tokens: 1552 / 64000 (2.4%)
   ✅ Context usage is healthy

  ✅ Step processed successfully: 0 action(s)

📍 Step 807: Processing node [loop1] Loop Node (Type: 1, Traveled: true, Finished: false)
  🧠 Selecting relevant nodes from Global Tree...
  🤖 Calling LLM (Attempt 1)...

📊 Token Statistics:
   Prompt length: 6204 characters
   Estimated tokens: 1552 / 64000 (2.4%)
   ✅ Context usage is healthy

  ✅ Step processed successfully: 0 action(s)

📍 Step 808: Processing node [loop1] Loop Node (Type: 1, Traveled: true, Finished: false)
  🧠 Selecting relevant nodes from Global Tree...
  🤖 Calling LLM (Attempt 1)...

📊 Token Statistics:
   Prompt length: 6204 characters
   Estimated tokens: 1552 / 64000 (2.4%)
   ✅ Context usage is healthy

  ✅ Step processed successfully: 0 action(s)

📍 Step 809: Processing node [loop1] Loop Node (Type: 1, Traveled: true, Finished: false)
  🧠 Selecting relevant nodes from Global Tree...
  🤖 Calling LLM (Attempt 1)...

📊 Token Statistics:
   Prompt length: 6204 characters
   Estimated tokens: 1552 / 64000 (2.4%)
   ✅ Context usage is healthy

  ✅ Step processed successfully: 0 action(s)

📍 Step 810: Processing node [loop1] Loop Node (Type: 1, Traveled: true, Finished: false)
  🧠 Selecting relevant nodes from Global Tree...
  🤖 Calling LLM (Attempt 1)...

📊 Token Statistics:
   Prompt length: 6204 characters
   Estimated tokens: 1552 / 64000 (2.4%)
   ✅ Context usage is healthy

  ✅ Step processed successfully: 0 action(s)

📍 Step 811: Processing node [loop1] Loop Node (Type: 1, Traveled: true, Finished: false)
  🧠 Selecting relevant nodes from Global Tree...
  🤖 Calling LLM (Attempt 1)...

📊 Token Statistics:
   Prompt length: 6204 characters
   Estimated tokens: 1552 / 64000 (2.4%)
   ✅ Context usage is healthy

  ✅ Step processed successfully: 0 action(s)

📍 Step 812: Processing node [loop1] Loop Node (Type: 1, Traveled: true, Finished: false)
  🧠 Selecting relevant nodes from Global Tree...
  🤖 Calling LLM (Attempt 1)...

📊 Token Statistics:
   Prompt length: 6204 characters
   Estimated tokens: 1552 / 64000 (2.4%)
   ✅ Context usage is healthy

  ✅ Step processed successfully: 0 action(s)

📍 Step 813: Processing node [loop1] Loop Node (Type: 1, Traveled: true, Finished: false)
  🧠 Selecting relevant nodes from Global Tree...
  🤖 Calling LLM (Attempt 1)...

📊 Token Statistics:
   Prompt length: 6204 characters
   Estimated tokens: 1552 / 64000 (2.4%)
   ✅ Context usage is healthy

  ✅ Step processed successfully: 0 action(s)

📍 Step 814: Processing node [loop1] Loop Node (Type: 1, Traveled: true, Finished: false)
  🧠 Selecting relevant nodes from Global Tree...
  🤖 Calling LLM (Attempt 1)...

📊 Token Statistics:
   Prompt length: 6204 characters
   Estimated tokens: 1552 / 64000 (2.4%)
   ✅ Context usage is healthy

  ✅ Step processed successfully: 0 action(s)

📍 Step 815: Processing node [loop1] Loop Node (Type: 1, Traveled: true, Finished: false)
  🧠 Selecting relevant nodes from Global Tree...
  🤖 Calling LLM (Attempt 1)...

📊 Token Statistics:
   Prompt length: 6204 characters
   Estimated tokens: 1552 / 64000 (2.4%)
   ✅ Context usage is healthy

  ✅ Step processed successfully: 0 action(s)

📍 Step 816: Processing node [loop1] Loop Node (Type: 1, Traveled: true, Finished: false)
  🧠 Selecting relevant nodes from Global Tree...
  🤖 Calling LLM (Attempt 1)...

📊 Token Statistics:
   Prompt length: 6204 characters
   Estimated tokens: 1552 / 64000 (2.4%)
   ✅ Context usage is healthy

  ✅ Step processed successfully: 0 action(s)

📍 Step 817: Processing node [loop1] Loop Node (Type: 1, Traveled: true, Finished: false)
  🧠 Selecting relevant nodes from Global Tree...
  🤖 Calling LLM (Attempt 1)...

📊 Token Statistics:
   Prompt length: 6204 characters
   Estimated tokens: 1552 / 64000 (2.4%)
   ✅ Context usage is healthy

  ✅ Step processed successfully: 0 action(s)

📍 Step 818: Processing node [loop1] Loop Node (Type: 1, Traveled: true, Finished: false)
  🧠 Selecting relevant nodes from Global Tree...
  🤖 Calling LLM (Attempt 1)...

📊 Token Statistics:
   Prompt length: 6204 characters
   Estimated tokens: 1552 / 64000 (2.4%)
   ✅ Context usage is healthy

  ✅ Step processed successfully: 0 action(s)

📍 Step 819: Processing node [loop1] Loop Node (Type: 1, Traveled: true, Finished: false)
  🧠 Selecting relevant nodes from Global Tree...
  🤖 Calling LLM (Attempt 1)...

📊 Token Statistics:
   Prompt length: 6204 characters
   Estimated tokens: 1552 / 64000 (2.4%)
   ✅ Context usage is healthy

  ✅ Step processed successfully: 0 action(s)

📍 Step 820: Processing node [loop1] Loop Node (Type: 1, Traveled: true, Finished: false)
  🧠 Selecting relevant nodes from Global Tree...
  🤖 Calling LLM (Attempt 1)...

📊 Token Statistics:
   Prompt length: 6204 characters
   Estimated tokens: 1552 / 64000 (2.4%)
   ✅ Context usage is healthy

  ✅ Step processed successfully: 0 action(s)

📍 Step 821: Processing node [loop1] Loop Node (Type: 1, Traveled: true, Finished: false)
  🧠 Selecting relevant nodes from Global Tree...
  🤖 Calling LLM (Attempt 1)...

📊 Token Statistics:
   Prompt length: 6204 characters
   Estimated tokens: 1552 / 64000 (2.4%)
   ✅ Context usage is healthy

  ✅ Step processed successfully: 0 action(s)

📍 Step 822: Processing node [loop1] Loop Node (Type: 1, Traveled: true, Finished: false)
  🧠 Selecting relevant nodes from Global Tree...
  🤖 Calling LLM (Attempt 1)...

📊 Token Statistics:
   Prompt length: 6204 characters
   Estimated tokens: 1552 / 64000 (2.4%)
   ✅ Context usage is healthy

  ✅ Step processed successfully: 0 action(s)

📍 Step 823: Processing node [loop1] Loop Node (Type: 1, Traveled: true, Finished: false)
  🧠 Selecting relevant nodes from Global Tree...
  🤖 Calling LLM (Attempt 1)...

📊 Token Statistics:
   Prompt length: 6204 characters
   Estimated tokens: 1552 / 64000 (2.4%)
   ✅ Context usage is healthy

  ✅ Step processed successfully: 0 action(s)

📍 Step 824: Processing node [loop1] Loop Node (Type: 1, Traveled: true, Finished: false)
  🧠 Selecting relevant nodes from Global Tree...
  🤖 Calling LLM (Attempt 1)...

📊 Token Statistics:
   Prompt length: 6204 characters
   Estimated tokens: 1552 / 64000 (2.4%)
   ✅ Context usage is healthy

  ✅ Step processed successfully: 0 action(s)

📍 Step 825: Processing node [loop1] Loop Node (Type: 1, Traveled: true, Finished: false)
  🧠 Selecting relevant nodes from Global Tree...
  🤖 Calling LLM (Attempt 1)...

📊 Token Statistics:
   Prompt length: 6204 characters
   Estimated tokens: 1552 / 64000 (2.4%)
   ✅ Context usage is healthy

  ✅ Step processed successfully: 0 action(s)

📍 Step 826: Processing node [loop1] Loop Node (Type: 1, Traveled: true, Finished: false)
  🧠 Selecting relevant nodes from Global Tree...
  🤖 Calling LLM (Attempt 1)...

📊 Token Statistics:
   Prompt length: 6204 characters
   Estimated tokens: 1552 / 64000 (2.4%)
   ✅ Context usage is healthy

  ✅ Step processed successfully: 0 action(s)

📍 Step 827: Processing node [loop1] Loop Node (Type: 1, Traveled: true, Finished: false)
  🧠 Selecting relevant nodes from Global Tree...
  🤖 Calling LLM (Attempt 1)...

📊 Token Statistics:
   Prompt length: 6204 characters
   Estimated tokens: 1552 / 64000 (2.4%)
   ✅ Context usage is healthy

  ✅ Step processed successfully: 0 action(s)

📍 Step 828: Processing node [loop1] Loop Node (Type: 1, Traveled: true, Finished: false)
  🧠 Selecting relevant nodes from Global Tree...
  🤖 Calling LLM (Attempt 1)...

📊 Token Statistics:
   Prompt length: 6204 characters
   Estimated tokens: 1552 / 64000 (2.4%)
   ✅ Context usage is healthy

  ✅ Step processed successfully: 0 action(s)

📍 Step 829: Processing node [loop1] Loop Node (Type: 1, Traveled: true, Finished: false)
  🧠 Selecting relevant nodes from Global Tree...
  🤖 Calling LLM (Attempt 1)...

📊 Token Statistics:
   Prompt length: 6204 characters
   Estimated tokens: 1552 / 64000 (2.4%)
   ✅ Context usage is healthy

  ✅ Step processed successfully: 0 action(s)

📍 Step 830: Processing node [loop1] Loop Node (Type: 1, Traveled: true, Finished: false)
  🧠 Selecting relevant nodes from Global Tree...
  🤖 Calling LLM (Attempt 1)...

📊 Token Statistics:
   Prompt length: 6204 characters
   Estimated tokens: 1552 / 64000 (2.4%)
   ✅ Context usage is healthy

  ✅ Step processed successfully: 0 action(s)

📍 Step 831: Processing node [loop1] Loop Node (Type: 1, Traveled: true, Finished: false)
  🧠 Selecting relevant nodes from Global Tree...
  🤖 Calling LLM (Attempt 1)...

📊 Token Statistics:
   Prompt length: 6204 characters
   Estimated tokens: 1552 / 64000 (2.4%)
   ✅ Context usage is healthy

  ✅ Step processed successfully: 0 action(s)

📍 Step 832: Processing node [loop1] Loop Node (Type: 1, Traveled: true, Finished: false)
  🧠 Selecting relevant nodes from Global Tree...
  🤖 Calling LLM (Attempt 1)...

📊 Token Statistics:
   Prompt length: 6204 characters
   Estimated tokens: 1552 / 64000 (2.4%)
   ✅ Context usage is healthy

  ✅ Step processed successfully: 0 action(s)

📍 Step 833: Processing node [loop1] Loop Node (Type: 1, Traveled: true, Finished: false)
  🧠 Selecting relevant nodes from Global Tree...
  🤖 Calling LLM (Attempt 1)...

📊 Token Statistics:
   Prompt length: 6204 characters
   Estimated tokens: 1552 / 64000 (2.4%)
   ✅ Context usage is healthy

  ✅ Step processed successfully: 0 action(s)

📍 Step 834: Processing node [loop1] Loop Node (Type: 1, Traveled: true, Finished: false)
  🧠 Selecting relevant nodes from Global Tree...
  🤖 Calling LLM (Attempt 1)...

📊 Token Statistics:
   Prompt length: 6204 characters
   Estimated tokens: 1552 / 64000 (2.4%)
   ✅ Context usage is healthy

  ✅ Step processed successfully: 0 action(s)

📍 Step 835: Processing node [loop1] Loop Node (Type: 1, Traveled: true, Finished: false)
  🧠 Selecting relevant nodes from Global Tree...
  🤖 Calling LLM (Attempt 1)...

📊 Token Statistics:
   Prompt length: 6204 characters
   Estimated tokens: 1552 / 64000 (2.4%)
   ✅ Context usage is healthy

  ✅ Step processed successfully: 0 action(s)

📍 Step 836: Processing node [loop1] Loop Node (Type: 1, Traveled: true, Finished: false)
  🧠 Selecting relevant nodes from Global Tree...
  🤖 Calling LLM (Attempt 1)...

📊 Token Statistics:
   Prompt length: 6204 characters
   Estimated tokens: 1552 / 64000 (2.4%)
   ✅ Context usage is healthy

  ✅ Step processed successfully: 0 action(s)

📍 Step 837: Processing node [loop1] Loop Node (Type: 1, Traveled: true, Finished: false)
  🧠 Selecting relevant nodes from Global Tree...
  🤖 Calling LLM (Attempt 1)...

📊 Token Statistics:
   Prompt length: 6204 characters
   Estimated tokens: 1552 / 64000 (2.4%)
   ✅ Context usage is healthy

  ✅ Step processed successfully: 0 action(s)

📍 Step 838: Processing node [loop1] Loop Node (Type: 1, Traveled: true, Finished: false)
  🧠 Selecting relevant nodes from Global Tree...
  🤖 Calling LLM (Attempt 1)...

📊 Token Statistics:
   Prompt length: 6204 characters
   Estimated tokens: 1552 / 64000 (2.4%)
   ✅ Context usage is healthy

  ✅ Step processed successfully: 0 action(s)

📍 Step 839: Processing node [loop1] Loop Node (Type: 1, Traveled: true, Finished: false)
  🧠 Selecting relevant nodes from Global Tree...
  🤖 Calling LLM (Attempt 1)...

📊 Token Statistics:
   Prompt length: 6204 characters
   Estimated tokens: 1552 / 64000 (2.4%)
   ✅ Context usage is healthy

  ✅ Step processed successfully: 0 action(s)

📍 Step 840: Processing node [loop1] Loop Node (Type: 1, Traveled: true, Finished: false)
  🧠 Selecting relevant nodes from Global Tree...
  🤖 Calling LLM (Attempt 1)...

📊 Token Statistics:
   Prompt length: 6204 characters
   Estimated tokens: 1552 / 64000 (2.4%)
   ✅ Context usage is healthy

  ✅ Step processed successfully: 0 action(s)

📍 Step 841: Processing node [loop1] Loop Node (Type: 1, Traveled: true, Finished: false)
  🧠 Selecting relevant nodes from Global Tree...
  🤖 Calling LLM (Attempt 1)...

📊 Token Statistics:
   Prompt length: 6204 characters
   Estimated tokens: 1552 / 64000 (2.4%)
   ✅ Context usage is healthy

  ✅ Step processed successfully: 0 action(s)

📍 Step 842: Processing node [loop1] Loop Node (Type: 1, Traveled: true, Finished: false)
  🧠 Selecting relevant nodes from Global Tree...
  🤖 Calling LLM (Attempt 1)...

📊 Token Statistics:
   Prompt length: 6204 characters
   Estimated tokens: 1552 / 64000 (2.4%)
   ✅ Context usage is healthy

  ✅ Step processed successfully: 0 action(s)

📍 Step 843: Processing node [loop1] Loop Node (Type: 1, Traveled: true, Finished: false)
  🧠 Selecting relevant nodes from Global Tree...
  🤖 Calling LLM (Attempt 1)...

📊 Token Statistics:
   Prompt length: 6204 characters
   Estimated tokens: 1552 / 64000 (2.4%)
   ✅ Context usage is healthy

  ✅ Step processed successfully: 0 action(s)

📍 Step 844: Processing node [loop1] Loop Node (Type: 1, Traveled: true, Finished: false)
  🧠 Selecting relevant nodes from Global Tree...
  🤖 Calling LLM (Attempt 1)...

📊 Token Statistics:
   Prompt length: 6204 characters
   Estimated tokens: 1552 / 64000 (2.4%)
   ✅ Context usage is healthy

  ✅ Step processed successfully: 0 action(s)

📍 Step 845: Processing node [loop1] Loop Node (Type: 1, Traveled: true, Finished: false)
  🧠 Selecting relevant nodes from Global Tree...
  🤖 Calling LLM (Attempt 1)...

📊 Token Statistics:
   Prompt length: 6204 characters
   Estimated tokens: 1552 / 64000 (2.4%)
   ✅ Context usage is healthy

  ✅ Step processed successfully: 0 action(s)

📍 Step 846: Processing node [loop1] Loop Node (Type: 1, Traveled: true, Finished: false)
  🧠 Selecting relevant nodes from Global Tree...
  🤖 Calling LLM (Attempt 1)...

📊 Token Statistics:
   Prompt length: 6204 characters
   Estimated tokens: 1552 / 64000 (2.4%)
   ✅ Context usage is healthy

  ✅ Step processed successfully: 0 action(s)

📍 Step 847: Processing node [loop1] Loop Node (Type: 1, Traveled: true, Finished: false)
  🧠 Selecting relevant nodes from Global Tree...
  🤖 Calling LLM (Attempt 1)...

📊 Token Statistics:
   Prompt length: 6204 characters
   Estimated tokens: 1552 / 64000 (2.4%)
   ✅ Context usage is healthy

  ✅ Step processed successfully: 0 action(s)

📍 Step 848: Processing node [loop1] Loop Node (Type: 1, Traveled: true, Finished: false)
  🧠 Selecting relevant nodes from Global Tree...
  🤖 Calling LLM (Attempt 1)...

📊 Token Statistics:
   Prompt length: 6204 characters
   Estimated tokens: 1552 / 64000 (2.4%)
   ✅ Context usage is healthy

  ✅ Step processed successfully: 0 action(s)

📍 Step 849: Processing node [loop1] Loop Node (Type: 1, Traveled: true, Finished: false)
  🧠 Selecting relevant nodes from Global Tree...
  🤖 Calling LLM (Attempt 1)...

📊 Token Statistics:
   Prompt length: 6204 characters
   Estimated tokens: 1552 / 64000 (2.4%)
   ✅ Context usage is healthy

  ✅ Step processed successfully: 0 action(s)

📍 Step 850: Processing node [loop1] Loop Node (Type: 1, Traveled: true, Finished: false)
  🧠 Selecting relevant nodes from Global Tree...
  🤖 Calling LLM (Attempt 1)...

📊 Token Statistics:
   Prompt length: 6204 characters
   Estimated tokens: 1552 / 64000 (2.4%)
   ✅ Context usage is healthy

  ✅ Step processed successfully: 0 action(s)

📍 Step 851: Processing node [loop1] Loop Node (Type: 1, Traveled: true, Finished: false)
  🧠 Selecting relevant nodes from Global Tree...
  🤖 Calling LLM (Attempt 1)...

📊 Token Statistics:
   Prompt length: 6204 characters
   Estimated tokens: 1552 / 64000 (2.4%)
   ✅ Context usage is healthy

  ✅ Step processed successfully: 0 action(s)

📍 Step 852: Processing node [loop1] Loop Node (Type: 1, Traveled: true, Finished: false)
  🧠 Selecting relevant nodes from Global Tree...
  🤖 Calling LLM (Attempt 1)...

📊 Token Statistics:
   Prompt length: 6204 characters
   Estimated tokens: 1552 / 64000 (2.4%)
   ✅ Context usage is healthy

  ✅ Step processed successfully: 0 action(s)

📍 Step 853: Processing node [loop1] Loop Node (Type: 1, Traveled: true, Finished: false)
  🧠 Selecting relevant nodes from Global Tree...
  🤖 Calling LLM (Attempt 1)...

📊 Token Statistics:
   Prompt length: 6204 characters
   Estimated tokens: 1552 / 64000 (2.4%)
   ✅ Context usage is healthy

  ✅ Step processed successfully: 0 action(s)

📍 Step 854: Processing node [loop1] Loop Node (Type: 1, Traveled: true, Finished: false)
  🧠 Selecting relevant nodes from Global Tree...
  🤖 Calling LLM (Attempt 1)...

📊 Token Statistics:
   Prompt length: 6204 characters
   Estimated tokens: 1552 / 64000 (2.4%)
   ✅ Context usage is healthy

  ✅ Step processed successfully: 0 action(s)

📍 Step 855: Processing node [loop1] Loop Node (Type: 1, Traveled: true, Finished: false)
  🧠 Selecting relevant nodes from Global Tree...
  🤖 Calling LLM (Attempt 1)...

📊 Token Statistics:
   Prompt length: 6204 characters
   Estimated tokens: 1552 / 64000 (2.4%)
   ✅ Context usage is healthy

  ✅ Step processed successfully: 0 action(s)

📍 Step 856: Processing node [loop1] Loop Node (Type: 1, Traveled: true, Finished: false)
  🧠 Selecting relevant nodes from Global Tree...
  🤖 Calling LLM (Attempt 1)...

📊 Token Statistics:
   Prompt length: 6204 characters
   Estimated tokens: 1552 / 64000 (2.4%)
   ✅ Context usage is healthy

  ✅ Step processed successfully: 0 action(s)

📍 Step 857: Processing node [loop1] Loop Node (Type: 1, Traveled: true, Finished: false)
  🧠 Selecting relevant nodes from Global Tree...
  🤖 Calling LLM (Attempt 1)...

📊 Token Statistics:
   Prompt length: 6204 characters
   Estimated tokens: 1552 / 64000 (2.4%)
   ✅ Context usage is healthy

  ✅ Step processed successfully: 0 action(s)

📍 Step 858: Processing node [loop1] Loop Node (Type: 1, Traveled: true, Finished: false)
  🧠 Selecting relevant nodes from Global Tree...
  🤖 Calling LLM (Attempt 1)...

📊 Token Statistics:
   Prompt length: 6204 characters
   Estimated tokens: 1552 / 64000 (2.4%)
   ✅ Context usage is healthy

  ✅ Step processed successfully: 0 action(s)

📍 Step 859: Processing node [loop1] Loop Node (Type: 1, Traveled: true, Finished: false)
  🧠 Selecting relevant nodes from Global Tree...
  🤖 Calling LLM (Attempt 1)...

📊 Token Statistics:
   Prompt length: 6204 characters
   Estimated tokens: 1552 / 64000 (2.4%)
   ✅ Context usage is healthy

  ✅ Step processed successfully: 0 action(s)

📍 Step 860: Processing node [loop1] Loop Node (Type: 1, Traveled: true, Finished: false)
  🧠 Selecting relevant nodes from Global Tree...
  🤖 Calling LLM (Attempt 1)...

📊 Token Statistics:
   Prompt length: 6204 characters
   Estimated tokens: 1552 / 64000 (2.4%)
   ✅ Context usage is healthy

  ✅ Step processed successfully: 0 action(s)

📍 Step 861: Processing node [loop1] Loop Node (Type: 1, Traveled: true, Finished: false)
  🧠 Selecting relevant nodes from Global Tree...
  🤖 Calling LLM (Attempt 1)...

📊 Token Statistics:
   Prompt length: 6204 characters
   Estimated tokens: 1552 / 64000 (2.4%)
   ✅ Context usage is healthy

  ✅ Step processed successfully: 0 action(s)

📍 Step 862: Processing node [loop1] Loop Node (Type: 1, Traveled: true, Finished: false)
  🧠 Selecting relevant nodes from Global Tree...
  🤖 Calling LLM (Attempt 1)...

📊 Token Statistics:
   Prompt length: 6204 characters
   Estimated tokens: 1552 / 64000 (2.4%)
   ✅ Context usage is healthy

  ✅ Step processed successfully: 0 action(s)

📍 Step 863: Processing node [loop1] Loop Node (Type: 1, Traveled: true, Finished: false)
  🧠 Selecting relevant nodes from Global Tree...
  🤖 Calling LLM (Attempt 1)...

📊 Token Statistics:
   Prompt length: 6204 characters
   Estimated tokens: 1552 / 64000 (2.4%)
   ✅ Context usage is healthy

  ✅ Step processed successfully: 0 action(s)

📍 Step 864: Processing node [loop1] Loop Node (Type: 1, Traveled: true, Finished: false)
  🧠 Selecting relevant nodes from Global Tree...
  🤖 Calling LLM (Attempt 1)...

📊 Token Statistics:
   Prompt length: 6204 characters
   Estimated tokens: 1552 / 64000 (2.4%)
   ✅ Context usage is healthy

  ✅ Step processed successfully: 0 action(s)

📍 Step 865: Processing node [loop1] Loop Node (Type: 1, Traveled: true, Finished: false)
  🧠 Selecting relevant nodes from Global Tree...
  🤖 Calling LLM (Attempt 1)...

📊 Token Statistics:
   Prompt length: 6204 characters
   Estimated tokens: 1552 / 64000 (2.4%)
   ✅ Context usage is healthy

  ✅ Step processed successfully: 0 action(s)

📍 Step 866: Processing node [loop1] Loop Node (Type: 1, Traveled: true, Finished: false)
  🧠 Selecting relevant nodes from Global Tree...
  🤖 Calling LLM (Attempt 1)...

📊 Token Statistics:
   Prompt length: 6204 characters
   Estimated tokens: 1552 / 64000 (2.4%)
   ✅ Context usage is healthy

  ✅ Step processed successfully: 0 action(s)

📍 Step 867: Processing node [loop1] Loop Node (Type: 1, Traveled: true, Finished: false)
  🧠 Selecting relevant nodes from Global Tree...
  🤖 Calling LLM (Attempt 1)...

📊 Token Statistics:
   Prompt length: 6204 characters
   Estimated tokens: 1552 / 64000 (2.4%)
   ✅ Context usage is healthy

  ✅ Step processed successfully: 0 action(s)

📍 Step 868: Processing node [loop1] Loop Node (Type: 1, Traveled: true, Finished: false)
  🧠 Selecting relevant nodes from Global Tree...
  🤖 Calling LLM (Attempt 1)...

📊 Token Statistics:
   Prompt length: 6204 characters
   Estimated tokens: 1552 / 64000 (2.4%)
   ✅ Context usage is healthy

  ✅ Step processed successfully: 0 action(s)

📍 Step 869: Processing node [loop1] Loop Node (Type: 1, Traveled: true, Finished: false)
  🧠 Selecting relevant nodes from Global Tree...
  🤖 Calling LLM (Attempt 1)...

📊 Token Statistics:
   Prompt length: 6204 characters
   Estimated tokens: 1552 / 64000 (2.4%)
   ✅ Context usage is healthy

  ✅ Step processed successfully: 0 action(s)

📍 Step 870: Processing node [loop1] Loop Node (Type: 1, Traveled: true, Finished: false)
  🧠 Selecting relevant nodes from Global Tree...
  🤖 Calling LLM (Attempt 1)...

📊 Token Statistics:
   Prompt length: 6204 characters
   Estimated tokens: 1552 / 64000 (2.4%)
   ✅ Context usage is healthy

  ✅ Step processed successfully: 0 action(s)

📍 Step 871: Processing node [loop1] Loop Node (Type: 1, Traveled: true, Finished: false)
  🧠 Selecting relevant nodes from Global Tree...
  🤖 Calling LLM (Attempt 1)...

📊 Token Statistics:
   Prompt length: 6204 characters
   Estimated tokens: 1552 / 64000 (2.4%)
   ✅ Context usage is healthy

  ✅ Step processed successfully: 0 action(s)

📍 Step 872: Processing node [loop1] Loop Node (Type: 1, Traveled: true, Finished: false)
  🧠 Selecting relevant nodes from Global Tree...
  🤖 Calling LLM (Attempt 1)...

📊 Token Statistics:
   Prompt length: 6204 characters
   Estimated tokens: 1552 / 64000 (2.4%)
   ✅ Context usage is healthy

  ✅ Step processed successfully: 0 action(s)

📍 Step 873: Processing node [loop1] Loop Node (Type: 1, Traveled: true, Finished: false)
  🧠 Selecting relevant nodes from Global Tree...
  🤖 Calling LLM (Attempt 1)...

📊 Token Statistics:
   Prompt length: 6204 characters
   Estimated tokens: 1552 / 64000 (2.4%)
   ✅ Context usage is healthy

  ✅ Step processed successfully: 0 action(s)

📍 Step 874: Processing node [loop1] Loop Node (Type: 1, Traveled: true, Finished: false)
  🧠 Selecting relevant nodes from Global Tree...
  🤖 Calling LLM (Attempt 1)...

📊 Token Statistics:
   Prompt length: 6204 characters
   Estimated tokens: 1552 / 64000 (2.4%)
   ✅ Context usage is healthy

  ✅ Step processed successfully: 0 action(s)

📍 Step 875: Processing node [loop1] Loop Node (Type: 1, Traveled: true, Finished: false)
  🧠 Selecting relevant nodes from Global Tree...
  🤖 Calling LLM (Attempt 1)...

📊 Token Statistics:
   Prompt length: 6204 characters
   Estimated tokens: 1552 / 64000 (2.4%)
   ✅ Context usage is healthy

  ✅ Step processed successfully: 0 action(s)

📍 Step 876: Processing node [loop1] Loop Node (Type: 1, Traveled: true, Finished: false)
  🧠 Selecting relevant nodes from Global Tree...
  🤖 Calling LLM (Attempt 1)...

📊 Token Statistics:
   Prompt length: 6204 characters
   Estimated tokens: 1552 / 64000 (2.4%)
   ✅ Context usage is healthy

  ✅ Step processed successfully: 0 action(s)

📍 Step 877: Processing node [loop1] Loop Node (Type: 1, Traveled: true, Finished: false)
  🧠 Selecting relevant nodes from Global Tree...
  🤖 Calling LLM (Attempt 1)...

📊 Token Statistics:
   Prompt length: 6204 characters
   Estimated tokens: 1552 / 64000 (2.4%)
   ✅ Context usage is healthy

  ✅ Step processed successfully: 0 action(s)

📍 Step 878: Processing node [loop1] Loop Node (Type: 1, Traveled: true, Finished: false)
  🧠 Selecting relevant nodes from Global Tree...
  🤖 Calling LLM (Attempt 1)...

📊 Token Statistics:
   Prompt length: 6204 characters
   Estimated tokens: 1552 / 64000 (2.4%)
   ✅ Context usage is healthy

  ✅ Step processed successfully: 0 action(s)

📍 Step 879: Processing node [loop1] Loop Node (Type: 1, Traveled: true, Finished: false)
  🧠 Selecting relevant nodes from Global Tree...
  🤖 Calling LLM (Attempt 1)...

📊 Token Statistics:
   Prompt length: 6204 characters
   Estimated tokens: 1552 / 64000 (2.4%)
   ✅ Context usage is healthy

  ✅ Step processed successfully: 0 action(s)

📍 Step 880: Processing node [loop1] Loop Node (Type: 1, Traveled: true, Finished: false)
  🧠 Selecting relevant nodes from Global Tree...
  🤖 Calling LLM (Attempt 1)...

📊 Token Statistics:
   Prompt length: 6204 characters
   Estimated tokens: 1552 / 64000 (2.4%)
   ✅ Context usage is healthy

  ✅ Step processed successfully: 0 action(s)

📍 Step 881: Processing node [loop1] Loop Node (Type: 1, Traveled: true, Finished: false)
  🧠 Selecting relevant nodes from Global Tree...
  🤖 Calling LLM (Attempt 1)...

📊 Token Statistics:
   Prompt length: 6204 characters
   Estimated tokens: 1552 / 64000 (2.4%)
   ✅ Context usage is healthy

  ✅ Step processed successfully: 0 action(s)

📍 Step 882: Processing node [loop1] Loop Node (Type: 1, Traveled: true, Finished: false)
  🧠 Selecting relevant nodes from Global Tree...
  🤖 Calling LLM (Attempt 1)...

📊 Token Statistics:
   Prompt length: 6204 characters
   Estimated tokens: 1552 / 64000 (2.4%)
   ✅ Context usage is healthy

  ✅ Step processed successfully: 0 action(s)

📍 Step 883: Processing node [loop1] Loop Node (Type: 1, Traveled: true, Finished: false)
  🧠 Selecting relevant nodes from Global Tree...
  🤖 Calling LLM (Attempt 1)...

📊 Token Statistics:
   Prompt length: 6204 characters
   Estimated tokens: 1552 / 64000 (2.4%)
   ✅ Context usage is healthy

  ✅ Step processed successfully: 0 action(s)

📍 Step 884: Processing node [loop1] Loop Node (Type: 1, Traveled: true, Finished: false)
  🧠 Selecting relevant nodes from Global Tree...
  🤖 Calling LLM (Attempt 1)...

📊 Token Statistics:
   Prompt length: 6204 characters
   Estimated tokens: 1552 / 64000 (2.4%)
   ✅ Context usage is healthy

  ✅ Step processed successfully: 0 action(s)

📍 Step 885: Processing node [loop1] Loop Node (Type: 1, Traveled: true, Finished: false)
  🧠 Selecting relevant nodes from Global Tree...
  🤖 Calling LLM (Attempt 1)...

📊 Token Statistics:
   Prompt length: 6204 characters
   Estimated tokens: 1552 / 64000 (2.4%)
   ✅ Context usage is healthy

  ✅ Step processed successfully: 0 action(s)

📍 Step 886: Processing node [loop1] Loop Node (Type: 1, Traveled: true, Finished: false)
  🧠 Selecting relevant nodes from Global Tree...
  🤖 Calling LLM (Attempt 1)...

📊 Token Statistics:
   Prompt length: 6204 characters
   Estimated tokens: 1552 / 64000 (2.4%)
   ✅ Context usage is healthy

  ✅ Step processed successfully: 0 action(s)

📍 Step 887: Processing node [loop1] Loop Node (Type: 1, Traveled: true, Finished: false)
  🧠 Selecting relevant nodes from Global Tree...
  🤖 Calling LLM (Attempt 1)...

📊 Token Statistics:
   Prompt length: 6204 characters
   Estimated tokens: 1552 / 64000 (2.4%)
   ✅ Context usage is healthy

  ✅ Step processed successfully: 0 action(s)

📍 Step 888: Processing node [loop1] Loop Node (Type: 1, Traveled: true, Finished: false)
  🧠 Selecting relevant nodes from Global Tree...
  🤖 Calling LLM (Attempt 1)...

📊 Token Statistics:
   Prompt length: 6204 characters
   Estimated tokens: 1552 / 64000 (2.4%)
   ✅ Context usage is healthy

  ✅ Step processed successfully: 0 action(s)

📍 Step 889: Processing node [loop1] Loop Node (Type: 1, Traveled: true, Finished: false)
  🧠 Selecting relevant nodes from Global Tree...
  🤖 Calling LLM (Attempt 1)...

📊 Token Statistics:
   Prompt length: 6204 characters
   Estimated tokens: 1552 / 64000 (2.4%)
   ✅ Context usage is healthy

  ✅ Step processed successfully: 0 action(s)

📍 Step 890: Processing node [loop1] Loop Node (Type: 1, Traveled: true, Finished: false)
  🧠 Selecting relevant nodes from Global Tree...
  🤖 Calling LLM (Attempt 1)...

📊 Token Statistics:
   Prompt length: 6204 characters
   Estimated tokens: 1552 / 64000 (2.4%)
   ✅ Context usage is healthy

  ✅ Step processed successfully: 0 action(s)

📍 Step 891: Processing node [loop1] Loop Node (Type: 1, Traveled: true, Finished: false)
  🧠 Selecting relevant nodes from Global Tree...
  🤖 Calling LLM (Attempt 1)...

📊 Token Statistics:
   Prompt length: 6204 characters
   Estimated tokens: 1552 / 64000 (2.4%)
   ✅ Context usage is healthy

  ✅ Step processed successfully: 0 action(s)

📍 Step 892: Processing node [loop1] Loop Node (Type: 1, Traveled: true, Finished: false)
  🧠 Selecting relevant nodes from Global Tree...
  🤖 Calling LLM (Attempt 1)...

📊 Token Statistics:
   Prompt length: 6204 characters
   Estimated tokens: 1552 / 64000 (2.4%)
   ✅ Context usage is healthy

  ✅ Step processed successfully: 0 action(s)

📍 Step 893: Processing node [loop1] Loop Node (Type: 1, Traveled: true, Finished: false)
  🧠 Selecting relevant nodes from Global Tree...
  🤖 Calling LLM (Attempt 1)...

📊 Token Statistics:
   Prompt length: 6204 characters
   Estimated tokens: 1552 / 64000 (2.4%)
   ✅ Context usage is healthy

  ✅ Step processed successfully: 0 action(s)

📍 Step 894: Processing node [loop1] Loop Node (Type: 1, Traveled: true, Finished: false)
  🧠 Selecting relevant nodes from Global Tree...
  🤖 Calling LLM (Attempt 1)...

📊 Token Statistics:
   Prompt length: 6204 characters
   Estimated tokens: 1552 / 64000 (2.4%)
   ✅ Context usage is healthy

  ✅ Step processed successfully: 0 action(s)

📍 Step 895: Processing node [loop1] Loop Node (Type: 1, Traveled: true, Finished: false)
  🧠 Selecting relevant nodes from Global Tree...
  🤖 Calling LLM (Attempt 1)...

📊 Token Statistics:
   Prompt length: 6204 characters
   Estimated tokens: 1552 / 64000 (2.4%)
   ✅ Context usage is healthy

  ✅ Step processed successfully: 0 action(s)

📍 Step 896: Processing node [loop1] Loop Node (Type: 1, Traveled: true, Finished: false)
  🧠 Selecting relevant nodes from Global Tree...
  🤖 Calling LLM (Attempt 1)...

📊 Token Statistics:
   Prompt length: 6204 characters
   Estimated tokens: 1552 / 64000 (2.4%)
   ✅ Context usage is healthy

  ✅ Step processed successfully: 0 action(s)

📍 Step 897: Processing node [loop1] Loop Node (Type: 1, Traveled: true, Finished: false)
  🧠 Selecting relevant nodes from Global Tree...
  🤖 Calling LLM (Attempt 1)...

📊 Token Statistics:
   Prompt length: 6204 characters
   Estimated tokens: 1552 / 64000 (2.4%)
   ✅ Context usage is healthy

  ✅ Step processed successfully: 0 action(s)

📍 Step 898: Processing node [loop1] Loop Node (Type: 1, Traveled: true, Finished: false)
  🧠 Selecting relevant nodes from Global Tree...
  🤖 Calling LLM (Attempt 1)...

📊 Token Statistics:
   Prompt length: 6204 characters
   Estimated tokens: 1552 / 64000 (2.4%)
   ✅ Context usage is healthy

  ✅ Step processed successfully: 0 action(s)

📍 Step 899: Processing node [loop1] Loop Node (Type: 1, Traveled: true, Finished: false)
  🧠 Selecting relevant nodes from Global Tree...
  🤖 Calling LLM (Attempt 1)...

📊 Token Statistics:
   Prompt length: 6204 characters
   Estimated tokens: 1552 / 64000 (2.4%)
   ✅ Context usage is healthy

  ✅ Step processed successfully: 0 action(s)

📍 Step 900: Processing node [loop1] Loop Node (Type: 1, Traveled: true, Finished: false)
  🧠 Selecting relevant nodes from Global Tree...
  🤖 Calling LLM (Attempt 1)...

📊 Token Statistics:
   Prompt length: 6204 characters
   Estimated tokens: 1552 / 64000 (2.4%)
   ✅ Context usage is healthy

  ✅ Step processed successfully: 0 action(s)

📍 Step 901: Processing node [loop1] Loop Node (Type: 1, Traveled: true, Finished: false)
  🧠 Selecting relevant nodes from Global Tree...
  🤖 Calling LLM (Attempt 1)...

📊 Token Statistics:
   Prompt length: 6204 characters
   Estimated tokens: 1552 / 64000 (2.4%)
   ✅ Context usage is healthy

  ✅ Step processed successfully: 0 action(s)

📍 Step 902: Processing node [loop1] Loop Node (Type: 1, Traveled: true, Finished: false)
  🧠 Selecting relevant nodes from Global Tree...
  🤖 Calling LLM (Attempt 1)...

📊 Token Statistics:
   Prompt length: 6204 characters
   Estimated tokens: 1552 / 64000 (2.4%)
   ✅ Context usage is healthy

  ✅ Step processed successfully: 0 action(s)

📍 Step 903: Processing node [loop1] Loop Node (Type: 1, Traveled: true, Finished: false)
  🧠 Selecting relevant nodes from Global Tree...
  🤖 Calling LLM (Attempt 1)...

📊 Token Statistics:
   Prompt length: 6204 characters
   Estimated tokens: 1552 / 64000 (2.4%)
   ✅ Context usage is healthy

  ✅ Step processed successfully: 0 action(s)

📍 Step 904: Processing node [loop1] Loop Node (Type: 1, Traveled: true, Finished: false)
  🧠 Selecting relevant nodes from Global Tree...
  🤖 Calling LLM (Attempt 1)...

📊 Token Statistics:
   Prompt length: 6204 characters
   Estimated tokens: 1552 / 64000 (2.4%)
   ✅ Context usage is healthy

  ✅ Step processed successfully: 0 action(s)

📍 Step 905: Processing node [loop1] Loop Node (Type: 1, Traveled: true, Finished: false)
  🧠 Selecting relevant nodes from Global Tree...
  🤖 Calling LLM (Attempt 1)...

📊 Token Statistics:
   Prompt length: 6204 characters
   Estimated tokens: 1552 / 64000 (2.4%)
   ✅ Context usage is healthy

  ✅ Step processed successfully: 0 action(s)

📍 Step 906: Processing node [loop1] Loop Node (Type: 1, Traveled: true, Finished: false)
  🧠 Selecting relevant nodes from Global Tree...
  🤖 Calling LLM (Attempt 1)...

📊 Token Statistics:
   Prompt length: 6204 characters
   Estimated tokens: 1552 / 64000 (2.4%)
   ✅ Context usage is healthy

  ✅ Step processed successfully: 0 action(s)

📍 Step 907: Processing node [loop1] Loop Node (Type: 1, Traveled: true, Finished: false)
  🧠 Selecting relevant nodes from Global Tree...
  🤖 Calling LLM (Attempt 1)...

📊 Token Statistics:
   Prompt length: 6204 characters
   Estimated tokens: 1552 / 64000 (2.4%)
   ✅ Context usage is healthy

  ✅ Step processed successfully: 0 action(s)

📍 Step 908: Processing node [loop1] Loop Node (Type: 1, Traveled: true, Finished: false)
  🧠 Selecting relevant nodes from Global Tree...
  🤖 Calling LLM (Attempt 1)...

📊 Token Statistics:
   Prompt length: 6204 characters
   Estimated tokens: 1552 / 64000 (2.4%)
   ✅ Context usage is healthy

  ✅ Step processed successfully: 0 action(s)

📍 Step 909: Processing node [loop1] Loop Node (Type: 1, Traveled: true, Finished: false)
  🧠 Selecting relevant nodes from Global Tree...
  🤖 Calling LLM (Attempt 1)...

📊 Token Statistics:
   Prompt length: 6204 characters
   Estimated tokens: 1552 / 64000 (2.4%)
   ✅ Context usage is healthy

  ✅ Step processed successfully: 0 action(s)

📍 Step 910: Processing node [loop1] Loop Node (Type: 1, Traveled: true, Finished: false)
  🧠 Selecting relevant nodes from Global Tree...
  🤖 Calling LLM (Attempt 1)...

📊 Token Statistics:
   Prompt length: 6204 characters
   Estimated tokens: 1552 / 64000 (2.4%)
   ✅ Context usage is healthy

  ✅ Step processed successfully: 0 action(s)

📍 Step 911: Processing node [loop1] Loop Node (Type: 1, Traveled: true, Finished: false)
  🧠 Selecting relevant nodes from Global Tree...
  🤖 Calling LLM (Attempt 1)...

📊 Token Statistics:
   Prompt length: 6204 characters
   Estimated tokens: 1552 / 64000 (2.4%)
   ✅ Context usage is healthy

  ✅ Step processed successfully: 0 action(s)

📍 Step 912: Processing node [loop1] Loop Node (Type: 1, Traveled: true, Finished: false)
  🧠 Selecting relevant nodes from Global Tree...
  🤖 Calling LLM (Attempt 1)...

📊 Token Statistics:
   Prompt length: 6204 characters
   Estimated tokens: 1552 / 64000 (2.4%)
   ✅ Context usage is healthy

  ✅ Step processed successfully: 0 action(s)

📍 Step 913: Processing node [loop1] Loop Node (Type: 1, Traveled: true, Finished: false)
  🧠 Selecting relevant nodes from Global Tree...
  🤖 Calling LLM (Attempt 1)...

📊 Token Statistics:
   Prompt length: 6204 characters
   Estimated tokens: 1552 / 64000 (2.4%)
   ✅ Context usage is healthy

  ✅ Step processed successfully: 0 action(s)

📍 Step 914: Processing node [loop1] Loop Node (Type: 1, Traveled: true, Finished: false)
  🧠 Selecting relevant nodes from Global Tree...
  🤖 Calling LLM (Attempt 1)...

📊 Token Statistics:
   Prompt length: 6204 characters
   Estimated tokens: 1552 / 64000 (2.4%)
   ✅ Context usage is healthy

  ✅ Step processed successfully: 0 action(s)

📍 Step 915: Processing node [loop1] Loop Node (Type: 1, Traveled: true, Finished: false)
  🧠 Selecting relevant nodes from Global Tree...
  🤖 Calling LLM (Attempt 1)...

📊 Token Statistics:
   Prompt length: 6204 characters
   Estimated tokens: 1552 / 64000 (2.4%)
   ✅ Context usage is healthy

  ✅ Step processed successfully: 0 action(s)

📍 Step 916: Processing node [loop1] Loop Node (Type: 1, Traveled: true, Finished: false)
  🧠 Selecting relevant nodes from Global Tree...
  🤖 Calling LLM (Attempt 1)...

📊 Token Statistics:
   Prompt length: 6204 characters
   Estimated tokens: 1552 / 64000 (2.4%)
   ✅ Context usage is healthy

  ✅ Step processed successfully: 0 action(s)

📍 Step 917: Processing node [loop1] Loop Node (Type: 1, Traveled: true, Finished: false)
  🧠 Selecting relevant nodes from Global Tree...
  🤖 Calling LLM (Attempt 1)...

📊 Token Statistics:
   Prompt length: 6204 characters
   Estimated tokens: 1552 / 64000 (2.4%)
   ✅ Context usage is healthy

  ✅ Step processed successfully: 0 action(s)

📍 Step 918: Processing node [loop1] Loop Node (Type: 1, Traveled: true, Finished: false)
  🧠 Selecting relevant nodes from Global Tree...
  🤖 Calling LLM (Attempt 1)...

📊 Token Statistics:
   Prompt length: 6204 characters
   Estimated tokens: 1552 / 64000 (2.4%)
   ✅ Context usage is healthy

  ✅ Step processed successfully: 0 action(s)

📍 Step 919: Processing node [loop1] Loop Node (Type: 1, Traveled: true, Finished: false)
  🧠 Selecting relevant nodes from Global Tree...
  🤖 Calling LLM (Attempt 1)...

📊 Token Statistics:
   Prompt length: 6204 characters
   Estimated tokens: 1552 / 64000 (2.4%)
   ✅ Context usage is healthy

  ✅ Step processed successfully: 0 action(s)

📍 Step 920: Processing node [loop1] Loop Node (Type: 1, Traveled: true, Finished: false)
  🧠 Selecting relevant nodes from Global Tree...
  🤖 Calling LLM (Attempt 1)...

📊 Token Statistics:
   Prompt length: 6204 characters
   Estimated tokens: 1552 / 64000 (2.4%)
   ✅ Context usage is healthy

  ✅ Step processed successfully: 0 action(s)

📍 Step 921: Processing node [loop1] Loop Node (Type: 1, Traveled: true, Finished: false)
  🧠 Selecting relevant nodes from Global Tree...
  🤖 Calling LLM (Attempt 1)...

📊 Token Statistics:
   Prompt length: 6204 characters
   Estimated tokens: 1552 / 64000 (2.4%)
   ✅ Context usage is healthy

  ✅ Step processed successfully: 0 action(s)

📍 Step 922: Processing node [loop1] Loop Node (Type: 1, Traveled: true, Finished: false)
  🧠 Selecting relevant nodes from Global Tree...
  🤖 Calling LLM (Attempt 1)...

📊 Token Statistics:
   Prompt length: 6204 characters
   Estimated tokens: 1552 / 64000 (2.4%)
   ✅ Context usage is healthy

  ✅ Step processed successfully: 0 action(s)

📍 Step 923: Processing node [loop1] Loop Node (Type: 1, Traveled: true, Finished: false)
  🧠 Selecting relevant nodes from Global Tree...
  🤖 Calling LLM (Attempt 1)...

📊 Token Statistics:
   Prompt length: 6204 characters
   Estimated tokens: 1552 / 64000 (2.4%)
   ✅ Context usage is healthy

  ✅ Step processed successfully: 0 action(s)

📍 Step 924: Processing node [loop1] Loop Node (Type: 1, Traveled: true, Finished: false)
  🧠 Selecting relevant nodes from Global Tree...
  🤖 Calling LLM (Attempt 1)...

📊 Token Statistics:
   Prompt length: 6204 characters
   Estimated tokens: 1552 / 64000 (2.4%)
   ✅ Context usage is healthy

  ✅ Step processed successfully: 0 action(s)

📍 Step 925: Processing node [loop1] Loop Node (Type: 1, Traveled: true, Finished: false)
  🧠 Selecting relevant nodes from Global Tree...
  🤖 Calling LLM (Attempt 1)...

📊 Token Statistics:
   Prompt length: 6204 characters
   Estimated tokens: 1552 / 64000 (2.4%)
   ✅ Context usage is healthy

  ✅ Step processed successfully: 0 action(s)

📍 Step 926: Processing node [loop1] Loop Node (Type: 1, Traveled: true, Finished: false)
  🧠 Selecting relevant nodes from Global Tree...
  🤖 Calling LLM (Attempt 1)...

📊 Token Statistics:
   Prompt length: 6204 characters
   Estimated tokens: 1552 / 64000 (2.4%)
   ✅ Context usage is healthy

  ✅ Step processed successfully: 0 action(s)

📍 Step 927: Processing node [loop1] Loop Node (Type: 1, Traveled: true, Finished: false)
  🧠 Selecting relevant nodes from Global Tree...
  🤖 Calling LLM (Attempt 1)...

📊 Token Statistics:
   Prompt length: 6204 characters
   Estimated tokens: 1552 / 64000 (2.4%)
   ✅ Context usage is healthy

  ✅ Step processed successfully: 0 action(s)

📍 Step 928: Processing node [loop1] Loop Node (Type: 1, Traveled: true, Finished: false)
  🧠 Selecting relevant nodes from Global Tree...
  🤖 Calling LLM (Attempt 1)...

📊 Token Statistics:
   Prompt length: 6204 characters
   Estimated tokens: 1552 / 64000 (2.4%)
   ✅ Context usage is healthy

  ✅ Step processed successfully: 0 action(s)

📍 Step 929: Processing node [loop1] Loop Node (Type: 1, Traveled: true, Finished: false)
  🧠 Selecting relevant nodes from Global Tree...
  🤖 Calling LLM (Attempt 1)...

📊 Token Statistics:
   Prompt length: 6204 characters
   Estimated tokens: 1552 / 64000 (2.4%)
   ✅ Context usage is healthy

  ✅ Step processed successfully: 0 action(s)

📍 Step 930: Processing node [loop1] Loop Node (Type: 1, Traveled: true, Finished: false)
  🧠 Selecting relevant nodes from Global Tree...
  🤖 Calling LLM (Attempt 1)...

📊 Token Statistics:
   Prompt length: 6204 characters
   Estimated tokens: 1552 / 64000 (2.4%)
   ✅ Context usage is healthy

  ✅ Step processed successfully: 0 action(s)

📍 Step 931: Processing node [loop1] Loop Node (Type: 1, Traveled: true, Finished: false)
  🧠 Selecting relevant nodes from Global Tree...
  🤖 Calling LLM (Attempt 1)...

📊 Token Statistics:
   Prompt length: 6204 characters
   Estimated tokens: 1552 / 64000 (2.4%)
   ✅ Context usage is healthy

  ✅ Step processed successfully: 0 action(s)

📍 Step 932: Processing node [loop1] Loop Node (Type: 1, Traveled: true, Finished: false)
  🧠 Selecting relevant nodes from Global Tree...
  🤖 Calling LLM (Attempt 1)...

📊 Token Statistics:
   Prompt length: 6204 characters
   Estimated tokens: 1552 / 64000 (2.4%)
   ✅ Context usage is healthy

  ✅ Step processed successfully: 0 action(s)

📍 Step 933: Processing node [loop1] Loop Node (Type: 1, Traveled: true, Finished: false)
  🧠 Selecting relevant nodes from Global Tree...
  🤖 Calling LLM (Attempt 1)...

📊 Token Statistics:
   Prompt length: 6204 characters
   Estimated tokens: 1552 / 64000 (2.4%)
   ✅ Context usage is healthy

  ✅ Step processed successfully: 0 action(s)

📍 Step 934: Processing node [loop1] Loop Node (Type: 1, Traveled: true, Finished: false)
  🧠 Selecting relevant nodes from Global Tree...
  🤖 Calling LLM (Attempt 1)...

📊 Token Statistics:
   Prompt length: 6204 characters
   Estimated tokens: 1552 / 64000 (2.4%)
   ✅ Context usage is healthy

  ✅ Step processed successfully: 0 action(s)

📍 Step 935: Processing node [loop1] Loop Node (Type: 1, Traveled: true, Finished: false)
  🧠 Selecting relevant nodes from Global Tree...
  🤖 Calling LLM (Attempt 1)...

📊 Token Statistics:
   Prompt length: 6204 characters
   Estimated tokens: 1552 / 64000 (2.4%)
   ✅ Context usage is healthy

  ✅ Step processed successfully: 0 action(s)

📍 Step 936: Processing node [loop1] Loop Node (Type: 1, Traveled: true, Finished: false)
  🧠 Selecting relevant nodes from Global Tree...
  🤖 Calling LLM (Attempt 1)...

📊 Token Statistics:
   Prompt length: 6204 characters
   Estimated tokens: 1552 / 64000 (2.4%)
   ✅ Context usage is healthy

  ✅ Step processed successfully: 0 action(s)

📍 Step 937: Processing node [loop1] Loop Node (Type: 1, Traveled: true, Finished: false)
  🧠 Selecting relevant nodes from Global Tree...
  🤖 Calling LLM (Attempt 1)...

📊 Token Statistics:
   Prompt length: 6204 characters
   Estimated tokens: 1552 / 64000 (2.4%)
   ✅ Context usage is healthy

  ✅ Step processed successfully: 0 action(s)

📍 Step 938: Processing node [loop1] Loop Node (Type: 1, Traveled: true, Finished: false)
  🧠 Selecting relevant nodes from Global Tree...
  🤖 Calling LLM (Attempt 1)...

📊 Token Statistics:
   Prompt length: 6204 characters
   Estimated tokens: 1552 / 64000 (2.4%)
   ✅ Context usage is healthy

  ✅ Step processed successfully: 0 action(s)

📍 Step 939: Processing node [loop1] Loop Node (Type: 1, Traveled: true, Finished: false)
  🧠 Selecting relevant nodes from Global Tree...
  🤖 Calling LLM (Attempt 1)...

📊 Token Statistics:
   Prompt length: 6204 characters
   Estimated tokens: 1552 / 64000 (2.4%)
   ✅ Context usage is healthy

  ✅ Step processed successfully: 0 action(s)

📍 Step 940: Processing node [loop1] Loop Node (Type: 1, Traveled: true, Finished: false)
  🧠 Selecting relevant nodes from Global Tree...
  🤖 Calling LLM (Attempt 1)...

📊 Token Statistics:
   Prompt length: 6204 characters
   Estimated tokens: 1552 / 64000 (2.4%)
   ✅ Context usage is healthy

  ✅ Step processed successfully: 0 action(s)

📍 Step 941: Processing node [loop1] Loop Node (Type: 1, Traveled: true, Finished: false)
  🧠 Selecting relevant nodes from Global Tree...
  🤖 Calling LLM (Attempt 1)...

📊 Token Statistics:
   Prompt length: 6204 characters
   Estimated tokens: 1552 / 64000 (2.4%)
   ✅ Context usage is healthy

  ✅ Step processed successfully: 0 action(s)

📍 Step 942: Processing node [loop1] Loop Node (Type: 1, Traveled: true, Finished: false)
  🧠 Selecting relevant nodes from Global Tree...
  🤖 Calling LLM (Attempt 1)...

📊 Token Statistics:
   Prompt length: 6204 characters
   Estimated tokens: 1552 / 64000 (2.4%)
   ✅ Context usage is healthy

  ✅ Step processed successfully: 0 action(s)

📍 Step 943: Processing node [loop1] Loop Node (Type: 1, Traveled: true, Finished: false)
  🧠 Selecting relevant nodes from Global Tree...
  🤖 Calling LLM (Attempt 1)...

📊 Token Statistics:
   Prompt length: 6204 characters
   Estimated tokens: 1552 / 64000 (2.4%)
   ✅ Context usage is healthy

  ✅ Step processed successfully: 0 action(s)

📍 Step 944: Processing node [loop1] Loop Node (Type: 1, Traveled: true, Finished: false)
  🧠 Selecting relevant nodes from Global Tree...
  🤖 Calling LLM (Attempt 1)...

📊 Token Statistics:
   Prompt length: 6204 characters
   Estimated tokens: 1552 / 64000 (2.4%)
   ✅ Context usage is healthy

  ✅ Step processed successfully: 0 action(s)

📍 Step 945: Processing node [loop1] Loop Node (Type: 1, Traveled: true, Finished: false)
  🧠 Selecting relevant nodes from Global Tree...
  🤖 Calling LLM (Attempt 1)...

📊 Token Statistics:
   Prompt length: 6204 characters
   Estimated tokens: 1552 / 64000 (2.4%)
   ✅ Context usage is healthy

  ✅ Step processed successfully: 0 action(s)

📍 Step 946: Processing node [loop1] Loop Node (Type: 1, Traveled: true, Finished: false)
  🧠 Selecting relevant nodes from Global Tree...
  🤖 Calling LLM (Attempt 1)...

📊 Token Statistics:
   Prompt length: 6204 characters
   Estimated tokens: 1552 / 64000 (2.4%)
   ✅ Context usage is healthy

  ✅ Step processed successfully: 0 action(s)

📍 Step 947: Processing node [loop1] Loop Node (Type: 1, Traveled: true, Finished: false)
  🧠 Selecting relevant nodes from Global Tree...
  🤖 Calling LLM (Attempt 1)...

📊 Token Statistics:
   Prompt length: 6204 characters
   Estimated tokens: 1552 / 64000 (2.4%)
   ✅ Context usage is healthy

  ✅ Step processed successfully: 0 action(s)

📍 Step 948: Processing node [loop1] Loop Node (Type: 1, Traveled: true, Finished: false)
  🧠 Selecting relevant nodes from Global Tree...
  🤖 Calling LLM (Attempt 1)...

📊 Token Statistics:
   Prompt length: 6204 characters
   Estimated tokens: 1552 / 64000 (2.4%)
   ✅ Context usage is healthy

  ✅ Step processed successfully: 0 action(s)

📍 Step 949: Processing node [loop1] Loop Node (Type: 1, Traveled: true, Finished: false)
  🧠 Selecting relevant nodes from Global Tree...
  🤖 Calling LLM (Attempt 1)...

📊 Token Statistics:
   Prompt length: 6204 characters
   Estimated tokens: 1552 / 64000 (2.4%)
   ✅ Context usage is healthy

  ✅ Step processed successfully: 0 action(s)

📍 Step 950: Processing node [loop1] Loop Node (Type: 1, Traveled: true, Finished: false)
  🧠 Selecting relevant nodes from Global Tree...
  🤖 Calling LLM (Attempt 1)...

📊 Token Statistics:
   Prompt length: 6204 characters
   Estimated tokens: 1552 / 64000 (2.4%)
   ✅ Context usage is healthy

  ✅ Step processed successfully: 0 action(s)

📍 Step 951: Processing node [loop1] Loop Node (Type: 1, Traveled: true, Finished: false)
  🧠 Selecting relevant nodes from Global Tree...
  🤖 Calling LLM (Attempt 1)...

📊 Token Statistics:
   Prompt length: 6204 characters
   Estimated tokens: 1552 / 64000 (2.4%)
   ✅ Context usage is healthy

  ✅ Step processed successfully: 0 action(s)

📍 Step 952: Processing node [loop1] Loop Node (Type: 1, Traveled: true, Finished: false)
  🧠 Selecting relevant nodes from Global Tree...
  🤖 Calling LLM (Attempt 1)...

📊 Token Statistics:
   Prompt length: 6204 characters
   Estimated tokens: 1552 / 64000 (2.4%)
   ✅ Context usage is healthy

  ✅ Step processed successfully: 0 action(s)

📍 Step 953: Processing node [loop1] Loop Node (Type: 1, Traveled: true, Finished: false)
  🧠 Selecting relevant nodes from Global Tree...
  🤖 Calling LLM (Attempt 1)...

📊 Token Statistics:
   Prompt length: 6204 characters
   Estimated tokens: 1552 / 64000 (2.4%)
   ✅ Context usage is healthy

  ✅ Step processed successfully: 0 action(s)

📍 Step 954: Processing node [loop1] Loop Node (Type: 1, Traveled: true, Finished: false)
  🧠 Selecting relevant nodes from Global Tree...
  🤖 Calling LLM (Attempt 1)...

📊 Token Statistics:
   Prompt length: 6204 characters
   Estimated tokens: 1552 / 64000 (2.4%)
   ✅ Context usage is healthy

  ✅ Step processed successfully: 0 action(s)

📍 Step 955: Processing node [loop1] Loop Node (Type: 1, Traveled: true, Finished: false)
  🧠 Selecting relevant nodes from Global Tree...
  🤖 Calling LLM (Attempt 1)...

📊 Token Statistics:
   Prompt length: 6204 characters
   Estimated tokens: 1552 / 64000 (2.4%)
   ✅ Context usage is healthy

  ✅ Step processed successfully: 0 action(s)

📍 Step 956: Processing node [loop1] Loop Node (Type: 1, Traveled: true, Finished: false)
  🧠 Selecting relevant nodes from Global Tree...
  🤖 Calling LLM (Attempt 1)...

📊 Token Statistics:
   Prompt length: 6204 characters
   Estimated tokens: 1552 / 64000 (2.4%)
   ✅ Context usage is healthy

  ✅ Step processed successfully: 0 action(s)

📍 Step 957: Processing node [loop1] Loop Node (Type: 1, Traveled: true, Finished: false)
  🧠 Selecting relevant nodes from Global Tree...
  🤖 Calling LLM (Attempt 1)...

📊 Token Statistics:
   Prompt length: 6204 characters
   Estimated tokens: 1552 / 64000 (2.4%)
   ✅ Context usage is healthy

  ✅ Step processed successfully: 0 action(s)

📍 Step 958: Processing node [loop1] Loop Node (Type: 1, Traveled: true, Finished: false)
  🧠 Selecting relevant nodes from Global Tree...
  🤖 Calling LLM (Attempt 1)...

📊 Token Statistics:
   Prompt length: 6204 characters
   Estimated tokens: 1552 / 64000 (2.4%)
   ✅ Context usage is healthy

  ✅ Step processed successfully: 0 action(s)

📍 Step 959: Processing node [loop1] Loop Node (Type: 1, Traveled: true, Finished: false)
  🧠 Selecting relevant nodes from Global Tree...
  🤖 Calling LLM (Attempt 1)...

📊 Token Statistics:
   Prompt length: 6204 characters
   Estimated tokens: 1552 / 64000 (2.4%)
   ✅ Context usage is healthy

  ✅ Step processed successfully: 0 action(s)

📍 Step 960: Processing node [loop1] Loop Node (Type: 1, Traveled: true, Finished: false)
  🧠 Selecting relevant nodes from Global Tree...
  🤖 Calling LLM (Attempt 1)...

📊 Token Statistics:
   Prompt length: 6204 characters
   Estimated tokens: 1552 / 64000 (2.4%)
   ✅ Context usage is healthy

  ✅ Step processed successfully: 0 action(s)

📍 Step 961: Processing node [loop1] Loop Node (Type: 1, Traveled: true, Finished: false)
  🧠 Selecting relevant nodes from Global Tree...
  🤖 Calling LLM (Attempt 1)...

📊 Token Statistics:
   Prompt length: 6204 characters
   Estimated tokens: 1552 / 64000 (2.4%)
   ✅ Context usage is healthy

  ✅ Step processed successfully: 0 action(s)

📍 Step 962: Processing node [loop1] Loop Node (Type: 1, Traveled: true, Finished: false)
  🧠 Selecting relevant nodes from Global Tree...
  🤖 Calling LLM (Attempt 1)...

📊 Token Statistics:
   Prompt length: 6204 characters
   Estimated tokens: 1552 / 64000 (2.4%)
   ✅ Context usage is healthy

  ✅ Step processed successfully: 0 action(s)

📍 Step 963: Processing node [loop1] Loop Node (Type: 1, Traveled: true, Finished: false)
  🧠 Selecting relevant nodes from Global Tree...
  🤖 Calling LLM (Attempt 1)...

📊 Token Statistics:
   Prompt length: 6204 characters
   Estimated tokens: 1552 / 64000 (2.4%)
   ✅ Context usage is healthy

  ✅ Step processed successfully: 0 action(s)

📍 Step 964: Processing node [loop1] Loop Node (Type: 1, Traveled: true, Finished: false)
  🧠 Selecting relevant nodes from Global Tree...
  🤖 Calling LLM (Attempt 1)...

📊 Token Statistics:
   Prompt length: 6204 characters
   Estimated tokens: 1552 / 64000 (2.4%)
   ✅ Context usage is healthy

  ✅ Step processed successfully: 0 action(s)

📍 Step 965: Processing node [loop1] Loop Node (Type: 1, Traveled: true, Finished: false)
  🧠 Selecting relevant nodes from Global Tree...
  🤖 Calling LLM (Attempt 1)...

📊 Token Statistics:
   Prompt length: 6204 characters
   Estimated tokens: 1552 / 64000 (2.4%)
   ✅ Context usage is healthy

  ✅ Step processed successfully: 0 action(s)

📍 Step 966: Processing node [loop1] Loop Node (Type: 1, Traveled: true, Finished: false)
  🧠 Selecting relevant nodes from Global Tree...
  🤖 Calling LLM (Attempt 1)...

📊 Token Statistics:
   Prompt length: 6204 characters
   Estimated tokens: 1552 / 64000 (2.4%)
   ✅ Context usage is healthy

  ✅ Step processed successfully: 0 action(s)

📍 Step 967: Processing node [loop1] Loop Node (Type: 1, Traveled: true, Finished: false)
  🧠 Selecting relevant nodes from Global Tree...
  🤖 Calling LLM (Attempt 1)...

📊 Token Statistics:
   Prompt length: 6204 characters
   Estimated tokens: 1552 / 64000 (2.4%)
   ✅ Context usage is healthy

  ✅ Step processed successfully: 0 action(s)

📍 Step 968: Processing node [loop1] Loop Node (Type: 1, Traveled: true, Finished: false)
  🧠 Selecting relevant nodes from Global Tree...
  🤖 Calling LLM (Attempt 1)...

📊 Token Statistics:
   Prompt length: 6204 characters
   Estimated tokens: 1552 / 64000 (2.4%)
   ✅ Context usage is healthy

  ✅ Step processed successfully: 0 action(s)

📍 Step 969: Processing node [loop1] Loop Node (Type: 1, Traveled: true, Finished: false)
  🧠 Selecting relevant nodes from Global Tree...
  🤖 Calling LLM (Attempt 1)...

📊 Token Statistics:
   Prompt length: 6204 characters
   Estimated tokens: 1552 / 64000 (2.4%)
   ✅ Context usage is healthy

  ✅ Step processed successfully: 0 action(s)

📍 Step 970: Processing node [loop1] Loop Node (Type: 1, Traveled: true, Finished: false)
  🧠 Selecting relevant nodes from Global Tree...
  🤖 Calling LLM (Attempt 1)...

📊 Token Statistics:
   Prompt length: 6204 characters
   Estimated tokens: 1552 / 64000 (2.4%)
   ✅ Context usage is healthy

  ✅ Step processed successfully: 0 action(s)

📍 Step 971: Processing node [loop1] Loop Node (Type: 1, Traveled: true, Finished: false)
  🧠 Selecting relevant nodes from Global Tree...
  🤖 Calling LLM (Attempt 1)...

📊 Token Statistics:
   Prompt length: 6204 characters
   Estimated tokens: 1552 / 64000 (2.4%)
   ✅ Context usage is healthy

  ✅ Step processed successfully: 0 action(s)

📍 Step 972: Processing node [loop1] Loop Node (Type: 1, Traveled: true, Finished: false)
  🧠 Selecting relevant nodes from Global Tree...
  🤖 Calling LLM (Attempt 1)...

📊 Token Statistics:
   Prompt length: 6204 characters
   Estimated tokens: 1552 / 64000 (2.4%)
   ✅ Context usage is healthy

  ✅ Step processed successfully: 0 action(s)

📍 Step 973: Processing node [loop1] Loop Node (Type: 1, Traveled: true, Finished: false)
  🧠 Selecting relevant nodes from Global Tree...
  🤖 Calling LLM (Attempt 1)...

📊 Token Statistics:
   Prompt length: 6204 characters
   Estimated tokens: 1552 / 64000 (2.4%)
   ✅ Context usage is healthy

  ✅ Step processed successfully: 0 action(s)

📍 Step 974: Processing node [loop1] Loop Node (Type: 1, Traveled: true, Finished: false)
  🧠 Selecting relevant nodes from Global Tree...
  🤖 Calling LLM (Attempt 1)...

📊 Token Statistics:
   Prompt length: 6204 characters
   Estimated tokens: 1552 / 64000 (2.4%)
   ✅ Context usage is healthy

  ✅ Step processed successfully: 0 action(s)

📍 Step 975: Processing node [loop1] Loop Node (Type: 1, Traveled: true, Finished: false)
  🧠 Selecting relevant nodes from Global Tree...
  🤖 Calling LLM (Attempt 1)...

📊 Token Statistics:
   Prompt length: 6204 characters
   Estimated tokens: 1552 / 64000 (2.4%)
   ✅ Context usage is healthy

  ✅ Step processed successfully: 0 action(s)

📍 Step 976: Processing node [loop1] Loop Node (Type: 1, Traveled: true, Finished: false)
  🧠 Selecting relevant nodes from Global Tree...
  🤖 Calling LLM (Attempt 1)...

📊 Token Statistics:
   Prompt length: 6204 characters
   Estimated tokens: 1552 / 64000 (2.4%)
   ✅ Context usage is healthy

  ✅ Step processed successfully: 0 action(s)

📍 Step 977: Processing node [loop1] Loop Node (Type: 1, Traveled: true, Finished: false)
  🧠 Selecting relevant nodes from Global Tree...
  🤖 Calling LLM (Attempt 1)...

📊 Token Statistics:
   Prompt length: 6204 characters
   Estimated tokens: 1552 / 64000 (2.4%)
   ✅ Context usage is healthy

  ✅ Step processed successfully: 0 action(s)

📍 Step 978: Processing node [loop1] Loop Node (Type: 1, Traveled: true, Finished: false)
  🧠 Selecting relevant nodes from Global Tree...
  🤖 Calling LLM (Attempt 1)...

📊 Token Statistics:
   Prompt length: 6204 characters
   Estimated tokens: 1552 / 64000 (2.4%)
   ✅ Context usage is healthy

  ✅ Step processed successfully: 0 action(s)

📍 Step 979: Processing node [loop1] Loop Node (Type: 1, Traveled: true, Finished: false)
  🧠 Selecting relevant nodes from Global Tree...
  🤖 Calling LLM (Attempt 1)...

📊 Token Statistics:
   Prompt length: 6204 characters
   Estimated tokens: 1552 / 64000 (2.4%)
   ✅ Context usage is healthy

  ✅ Step processed successfully: 0 action(s)

📍 Step 980: Processing node [loop1] Loop Node (Type: 1, Traveled: true, Finished: false)
  🧠 Selecting relevant nodes from Global Tree...
  🤖 Calling LLM (Attempt 1)...

📊 Token Statistics:
   Prompt length: 6204 characters
   Estimated tokens: 1552 / 64000 (2.4%)
   ✅ Context usage is healthy

  ✅ Step processed successfully: 0 action(s)

📍 Step 981: Processing node [loop1] Loop Node (Type: 1, Traveled: true, Finished: false)
  🧠 Selecting relevant nodes from Global Tree...
  🤖 Calling LLM (Attempt 1)...

📊 Token Statistics:
   Prompt length: 6204 characters
   Estimated tokens: 1552 / 64000 (2.4%)
   ✅ Context usage is healthy

  ✅ Step processed successfully: 0 action(s)

📍 Step 982: Processing node [loop1] Loop Node (Type: 1, Traveled: true, Finished: false)
  🧠 Selecting relevant nodes from Global Tree...
  🤖 Calling LLM (Attempt 1)...

📊 Token Statistics:
   Prompt length: 6204 characters
   Estimated tokens: 1552 / 64000 (2.4%)
   ✅ Context usage is healthy

  ✅ Step processed successfully: 0 action(s)

📍 Step 983: Processing node [loop1] Loop Node (Type: 1, Traveled: true, Finished: false)
  🧠 Selecting relevant nodes from Global Tree...
  🤖 Calling LLM (Attempt 1)...

📊 Token Statistics:
   Prompt length: 6204 characters
   Estimated tokens: 1552 / 64000 (2.4%)
   ✅ Context usage is healthy

  ✅ Step processed successfully: 0 action(s)

📍 Step 984: Processing node [loop1] Loop Node (Type: 1, Traveled: true, Finished: false)
  🧠 Selecting relevant nodes from Global Tree...
  🤖 Calling LLM (Attempt 1)...

📊 Token Statistics:
   Prompt length: 6204 characters
   Estimated tokens: 1552 / 64000 (2.4%)
   ✅ Context usage is healthy

  ✅ Step processed successfully: 0 action(s)

📍 Step 985: Processing node [loop1] Loop Node (Type: 1, Traveled: true, Finished: false)
  🧠 Selecting relevant nodes from Global Tree...
  🤖 Calling LLM (Attempt 1)...

📊 Token Statistics:
   Prompt length: 6204 characters
   Estimated tokens: 1552 / 64000 (2.4%)
   ✅ Context usage is healthy

  ✅ Step processed successfully: 0 action(s)

📍 Step 986: Processing node [loop1] Loop Node (Type: 1, Traveled: true, Finished: false)
  🧠 Selecting relevant nodes from Global Tree...
  🤖 Calling LLM (Attempt 1)...

📊 Token Statistics:
   Prompt length: 6204 characters
   Estimated tokens: 1552 / 64000 (2.4%)
   ✅ Context usage is healthy

  ✅ Step processed successfully: 0 action(s)

📍 Step 987: Processing node [loop1] Loop Node (Type: 1, Traveled: true, Finished: false)
  🧠 Selecting relevant nodes from Global Tree...
  🤖 Calling LLM (Attempt 1)...

📊 Token Statistics:
   Prompt length: 6204 characters
   Estimated tokens: 1552 / 64000 (2.4%)
   ✅ Context usage is healthy

  ✅ Step processed successfully: 0 action(s)

📍 Step 988: Processing node [loop1] Loop Node (Type: 1, Traveled: true, Finished: false)
  🧠 Selecting relevant nodes from Global Tree...
  🤖 Calling LLM (Attempt 1)...

📊 Token Statistics:
   Prompt length: 6204 characters
   Estimated tokens: 1552 / 64000 (2.4%)
   ✅ Context usage is healthy

  ✅ Step processed successfully: 0 action(s)

📍 Step 989: Processing node [loop1] Loop Node (Type: 1, Traveled: true, Finished: false)
  🧠 Selecting relevant nodes from Global Tree...
  🤖 Calling LLM (Attempt 1)...

📊 Token Statistics:
   Prompt length: 6204 characters
   Estimated tokens: 1552 / 64000 (2.4%)
   ✅ Context usage is healthy

  ✅ Step processed successfully: 0 action(s)

📍 Step 990: Processing node [loop1] Loop Node (Type: 1, Traveled: true, Finished: false)
  🧠 Selecting relevant nodes from Global Tree...
  🤖 Calling LLM (Attempt 1)...

📊 Token Statistics:
   Prompt length: 6204 characters
   Estimated tokens: 1552 / 64000 (2.4%)
   ✅ Context usage is healthy

  ✅ Step processed successfully: 0 action(s)

📍 Step 991: Processing node [loop1] Loop Node (Type: 1, Traveled: true, Finished: false)
  🧠 Selecting relevant nodes from Global Tree...
  🤖 Calling LLM (Attempt 1)...

📊 Token Statistics:
   Prompt length: 6204 characters
   Estimated tokens: 1552 / 64000 (2.4%)
   ✅ Context usage is healthy

  ✅ Step processed successfully: 0 action(s)

📍 Step 992: Processing node [loop1] Loop Node (Type: 1, Traveled: true, Finished: false)
  🧠 Selecting relevant nodes from Global Tree...
  🤖 Calling LLM (Attempt 1)...

📊 Token Statistics:
   Prompt length: 6204 characters
   Estimated tokens: 1552 / 64000 (2.4%)
   ✅ Context usage is healthy

  ✅ Step processed successfully: 0 action(s)

📍 Step 993: Processing node [loop1] Loop Node (Type: 1, Traveled: true, Finished: false)
  🧠 Selecting relevant nodes from Global Tree...
  🤖 Calling LLM (Attempt 1)...

📊 Token Statistics:
   Prompt length: 6204 characters
   Estimated tokens: 1552 / 64000 (2.4%)
   ✅ Context usage is healthy

  ✅ Step processed successfully: 0 action(s)

📍 Step 994: Processing node [loop1] Loop Node (Type: 1, Traveled: true, Finished: false)
  🧠 Selecting relevant nodes from Global Tree...
  🤖 Calling LLM (Attempt 1)...

📊 Token Statistics:
   Prompt length: 6204 characters
   Estimated tokens: 1552 / 64000 (2.4%)
   ✅ Context usage is healthy

  ✅ Step processed successfully: 0 action(s)

📍 Step 995: Processing node [loop1] Loop Node (Type: 1, Traveled: true, Finished: false)
  🧠 Selecting relevant nodes from Global Tree...
  🤖 Calling LLM (Attempt 1)...

📊 Token Statistics:
   Prompt length: 6204 characters
   Estimated tokens: 1552 / 64000 (2.4%)
   ✅ Context usage is healthy

  ✅ Step processed successfully: 0 action(s)

📍 Step 996: Processing node [loop1] Loop Node (Type: 1, Traveled: true, Finished: false)
  🧠 Selecting relevant nodes from Global Tree...
  🤖 Calling LLM (Attempt 1)...

📊 Token Statistics:
   Prompt length: 6204 characters
   Estimated tokens: 1552 / 64000 (2.4%)
   ✅ Context usage is healthy

  ✅ Step processed successfully: 0 action(s)

📍 Step 997: Processing node [loop1] Loop Node (Type: 1, Traveled: true, Finished: false)
  🧠 Selecting relevant nodes from Global Tree...
  🤖 Calling LLM (Attempt 1)...

📊 Token Statistics:
   Prompt length: 6204 characters
   Estimated tokens: 1552 / 64000 (2.4%)
   ✅ Context usage is healthy

  ✅ Step processed successfully: 0 action(s)

📍 Step 998: Processing node [loop1] Loop Node (Type: 1, Traveled: true, Finished: false)
  🧠 Selecting relevant nodes from Global Tree...
  🤖 Calling LLM (Attempt 1)...

📊 Token Statistics:
   Prompt length: 6204 characters
   Estimated tokens: 1552 / 64000 (2.4%)
   ✅ Context usage is healthy

  ✅ Step processed successfully: 0 action(s)

📍 Step 999: Processing node [loop1] Loop Node (Type: 1, Traveled: true, Finished: false)
  🧠 Selecting relevant nodes from Global Tree...
  🤖 Calling LLM (Attempt 1)...

📊 Token Statistics:
   Prompt length: 6204 characters
   Estimated tokens: 1552 / 64000 (2.4%)
   ✅ Context usage is healthy

  ✅ Step processed successfully: 0 action(s)

📍 Step 1000: Processing node [loop1] Loop Node (Type: 1, Traveled: true, Finished: false)
  🧠 Selecting relevant nodes from Global Tree...
  🤖 Calling LLM (Attempt 1)...

📊 Token Statistics:
   Prompt length: 6204 characters
   Estimated tokens: 1552 / 64000 (2.4%)
   ✅ Context usage is healthy

  ✅ Step processed successfully: 0 action(s)

    loop_reset_v11_test.go:26: Execution failed: maximum iterations (1000) reached, possible infinite loop
--- FAIL: TestLoopResetStatus (0.03s)
=== RUN   TestRuntimeRetryLogic
📍 Step 1: Processing node [root] Root (Type: 2, Traveled: false, Finished: false)
  🧠 Selecting relevant nodes from Global Tree...
  🤖 Calling LLM (Attempt 1)...

📊 Token Statistics:
   Prompt length: 5273 characters
   Estimated tokens: 1318 / 64000 (2.1%)
   ✅ Context usage is healthy

  🤖 Calling LLM (Attempt 1)...

📊 Token Statistics:
   Prompt length: 5966 characters
   Estimated tokens: 1492 / 64000 (2.3%)
   ✅ Context usage is healthy

  ✅ Step processed successfully: 1 action(s)

--- PASS: TestRuntimeRetryLogic (0.00s)
=== RUN   TestRuntimeMaxRetriesReached
📍 Step 1: Processing node [root] Root (Type: 2, Traveled: false, Finished: false)
  🧠 Selecting relevant nodes from Global Tree...
  🤖 Calling LLM (Attempt 1)...

📊 Token Statistics:
   Prompt length: 5273 characters
   Estimated tokens: 1318 / 64000 (2.1%)
   ✅ Context usage is healthy

  🤖 Calling LLM (Attempt 1)...

📊 Token Statistics:
   Prompt length: 5966 characters
   Estimated tokens: 1492 / 64000 (2.3%)
   ✅ Context usage is healthy

  🤖 Calling LLM (Attempt 1)...

📊 Token Statistics:
   Prompt length: 5966 characters
   Estimated tokens: 1492 / 64000 (2.3%)
   ✅ Context usage is healthy

  🤖 Calling LLM (Attempt 1)...

📊 Token Statistics:
   Prompt length: 5966 characters
   Estimated tokens: 1492 / 64000 (2.3%)
   ✅ Context usage is healthy

  🤖 Calling LLM (Attempt 1)...

📊 Token Statistics:
   Prompt length: 5966 characters
   Estimated tokens: 1492 / 64000 (2.3%)
   ✅ Context usage is healthy

  🤖 Calling LLM (Attempt 1)...

📊 Token Statistics:
   Prompt length: 5966 characters
   Estimated tokens: 1492 / 64000 (2.3%)
   ✅ Context usage is healthy

  🤖 Calling LLM (Attempt 1)...

📊 Token Statistics:
   Prompt length: 5966 characters
   Estimated tokens: 1492 / 64000 (2.3%)
   ✅ Context usage is healthy

  🤖 Calling LLM (Attempt 1)...

📊 Token Statistics:
   Prompt length: 5966 characters
   Estimated tokens: 1492 / 64000 (2.3%)
   ✅ Context usage is healthy

  🤖 Calling LLM (Attempt 1)...

📊 Token Statistics:
   Prompt length: 5966 characters
   Estimated tokens: 1492 / 64000 (2.3%)
   ✅ Context usage is healthy

  🤖 Calling LLM (Attempt 1)...

📊 Token Statistics:
   Prompt length: 5966 characters
   Estimated tokens: 1492 / 64000 (2.3%)
   ✅ Context usage is healthy

--- PASS: TestRuntimeMaxRetriesReached (0.00s)
=== RUN   TestNestedLoopTraversal
📍 Step 1: Processing node [root] Root (Type: 0, Traveled: false, Finished: false)
  🧠 Selecting relevant nodes from Global Tree...
  🤖 Calling LLM (Attempt 1)...

📊 Token Statistics:
   Prompt length: 5327 characters
   Estimated tokens: 1332 / 64000 (2.1%)
   ✅ Context usage is healthy

  ✅ Step processed successfully: 1 action(s)

📍 Step 2: Processing node [outer] Outer Loop (Type: 1, Traveled: false, Finished: false)
  🧠 Selecting relevant nodes from Global Tree...
  🤖 Calling LLM (Attempt 1)...

📊 Token Statistics:
   Prompt length: 5387 characters
   Estimated tokens: 1347 / 64000 (2.1%)
   ✅ Context usage is healthy

  ✅ Step processed successfully: 1 action(s)

📍 Step 3: Processing node [inner_1] Inner Loop (Type: 1, Traveled: false, Finished: false)
  🧠 Selecting relevant nodes from Global Tree...
  🤖 Calling LLM (Attempt 1)...

📊 Token Statistics:
   Prompt length: 5768 characters
   Estimated tokens: 1442 / 64000 (2.3%)
   ✅ Context usage is healthy

  ✅ Step processed successfully: 1 action(s)

📍 Step 4: Processing node [leaf] Leaf (Type: 2, Traveled: false, Finished: false)
  🧠 Selecting relevant nodes from Global Tree...
  🤖 Calling LLM (Attempt 1)...

📊 Token Statistics:
   Prompt length: 5778 characters
   Estimated tokens: 1445 / 64000 (2.3%)
   ✅ Context usage is healthy

  ✅ Step processed successfully: 1 action(s)

📍 Step 5: Processing node [leaf] Leaf (Type: 2, Traveled: false, Finished: false)
  🧠 Selecting relevant nodes from Global Tree...
  🤖 Calling LLM (Attempt 1)...

📊 Token Statistics:
   Prompt length: 6130 characters
   Estimated tokens: 1533 / 64000 (2.4%)
   ✅ Context usage is healthy

  ✅ Step processed successfully: 1 action(s)

📍 Step 6: Processing node [leaf] Leaf (Type: 2, Traveled: false, Finished: false)
  🧠 Selecting relevant nodes from Global Tree...
  🤖 Calling LLM (Attempt 1)...

📊 Token Statistics:
   Prompt length: 6228 characters
   Estimated tokens: 1558 / 64000 (2.4%)
   ✅ Context usage is healthy

  ✅ Step processed successfully: 1 action(s)

📍 Step 7: Processing node [leaf] Leaf (Type: 2, Traveled: false, Finished: false)
  🧠 Selecting relevant nodes from Global Tree...
  🤖 Calling LLM (Attempt 1)...

📊 Token Statistics:
   Prompt length: 6326 characters
   Estimated tokens: 1583 / 64000 (2.5%)
   ✅ Context usage is healthy

  ✅ Step processed successfully: 1 action(s)

📍 Step 8: Processing node [inner_1] Inner Loop (Type: 1, Traveled: true, Finished: false)
  🧠 Selecting relevant nodes from Global Tree...
  🤖 Calling LLM (Attempt 1)...

📊 Token Statistics:
   Prompt length: 6130 characters
   Estimated tokens: 1533 / 64000 (2.4%)
   ✅ Context usage is healthy

  ✅ Step processed successfully: 1 action(s)

📍 Step 9: Processing node [inner_1] Inner Loop (Type: 1, Traveled: true, Finished: false)
  🧠 Selecting relevant nodes from Global Tree...
  🤖 Calling LLM (Attempt 1)...

📊 Token Statistics:
   Prompt length: 6130 characters
   Estimated tokens: 1533 / 64000 (2.4%)
   ✅ Context usage is healthy

  ✅ Step processed successfully: 1 action(s)

📍 Step 10: Processing node [inner_1] Inner Loop (Type: 1, Traveled: true, Finished: false)
  🧠 Selecting relevant nodes from Global Tree...
  🤖 Calling LLM (Attempt 1)...

📊 Token Statistics:
   Prompt length: 6130 characters
   Estimated tokens: 1533 / 64000 (2.4%)
   ✅ Context usage is healthy

  ✅ Step processed successfully: 1 action(s)

📍 Step 11: Processing node [inner_1] Inner Loop (Type: 1, Traveled: true, Finished: false)
  🧠 Selecting relevant nodes from Global Tree...
  🤖 Calling LLM (Attempt 1)...

📊 Token Statistics:
   Prompt length: 6130 characters
   Estimated tokens: 1533 / 64000 (2.4%)
   ✅ Context usage is healthy

  ✅ Step processed successfully: 1 action(s)

📍 Step 12: Processing node [inner_1] Inner Loop (Type: 1, Traveled: true, Finished: false)
  🧠 Selecting relevant nodes from Global Tree...
  🤖 Calling LLM (Attempt 1)...

📊 Token Statistics:
   Prompt length: 6130 characters
   Estimated tokens: 1533 / 64000 (2.4%)
   ✅ Context usage is healthy

  ✅ Step processed successfully: 1 action(s)

📍 Step 13: Processing node [inner_1] Inner Loop (Type: 1, Traveled: true, Finished: false)
  🧠 Selecting relevant nodes from Global Tree...
  🤖 Calling LLM (Attempt 1)...

📊 Token Statistics:
   Prompt length: 6130 characters
   Estimated tokens: 1533 / 64000 (2.4%)
   ✅ Context usage is healthy

  ✅ Step processed successfully: 1 action(s)

📍 Step 14: Processing node [inner_1] Inner Loop (Type: 1, Traveled: true, Finished: false)
  🧠 Selecting relevant nodes from Global Tree...
  🤖 Calling LLM (Attempt 1)...

📊 Token Statistics:
   Prompt length: 6130 characters
   Estimated tokens: 1533 / 64000 (2.4%)
   ✅ Context usage is healthy

  ✅ Step processed successfully: 1 action(s)

📍 Step 15: Processing node [inner_1] Inner Loop (Type: 1, Traveled: true, Finished: false)
  🧠 Selecting relevant nodes from Global Tree...
  🤖 Calling LLM (Attempt 1)...

📊 Token Statistics:
   Prompt length: 6130 characters
   Estimated tokens: 1533 / 64000 (2.4%)
   ✅ Context usage is healthy

  ✅ Step processed successfully: 1 action(s)

📍 Step 16: Processing node [inner_1] Inner Loop (Type: 1, Traveled: true, Finished: false)
  🧠 Selecting relevant nodes from Global Tree...
  🤖 Calling LLM (Attempt 1)...

📊 Token Statistics:
   Prompt length: 6130 characters
   Estimated tokens: 1533 / 64000 (2.4%)
   ✅ Context usage is healthy

  ✅ Step processed successfully: 1 action(s)

📍 Step 17: Processing node [inner_1] Inner Loop (Type: 1, Traveled: true, Finished: false)
  🧠 Selecting relevant nodes from Global Tree...
  🤖 Calling LLM (Attempt 1)...

📊 Token Statistics:
   Prompt length: 6130 characters
   Estimated tokens: 1533 / 64000 (2.4%)
   ✅ Context usage is healthy

  ✅ Step processed successfully: 1 action(s)

📍 Step 18: Processing node [inner_1] Inner Loop (Type: 1, Traveled: true, Finished: false)
  🧠 Selecting relevant nodes from Global Tree...
  🤖 Calling LLM (Attempt 1)...

📊 Token Statistics:
   Prompt length: 6130 characters
   Estimated tokens: 1533 / 64000 (2.4%)
   ✅ Context usage is healthy

  ✅ Step processed successfully: 1 action(s)

📍 Step 19: Processing node [inner_1] Inner Loop (Type: 1, Traveled: true, Finished: false)
  🧠 Selecting relevant nodes from Global Tree...
  🤖 Calling LLM (Attempt 1)...

📊 Token Statistics:
   Prompt length: 6130 characters
   Estimated tokens: 1533 / 64000 (2.4%)
   ✅ Context usage is healthy

  ✅ Step processed successfully: 1 action(s)

📍 Step 20: Processing node [inner_1] Inner Loop (Type: 1, Traveled: true, Finished: false)
  🧠 Selecting relevant nodes from Global Tree...
  🤖 Calling LLM (Attempt 1)...

📊 Token Statistics:
   Prompt length: 6130 characters
   Estimated tokens: 1533 / 64000 (2.4%)
   ✅ Context usage is healthy

  ✅ Step processed successfully: 1 action(s)

📍 Step 21: Processing node [inner_1] Inner Loop (Type: 1, Traveled: true, Finished: false)
  🧠 Selecting relevant nodes from Global Tree...
  🤖 Calling LLM (Attempt 1)...

📊 Token Statistics:
   Prompt length: 6130 characters
   Estimated tokens: 1533 / 64000 (2.4%)
   ✅ Context usage is healthy

  ✅ Step processed successfully: 1 action(s)

📍 Step 22: Processing node [inner_1] Inner Loop (Type: 1, Traveled: true, Finished: false)
  🧠 Selecting relevant nodes from Global Tree...
  🤖 Calling LLM (Attempt 1)...

📊 Token Statistics:
   Prompt length: 6130 characters
   Estimated tokens: 1533 / 64000 (2.4%)
   ✅ Context usage is healthy

  ✅ Step processed successfully: 1 action(s)

📍 Step 23: Processing node [inner_1] Inner Loop (Type: 1, Traveled: true, Finished: false)
  🧠 Selecting relevant nodes from Global Tree...
  🤖 Calling LLM (Attempt 1)...

📊 Token Statistics:
   Prompt length: 6130 characters
   Estimated tokens: 1533 / 64000 (2.4%)
   ✅ Context usage is healthy

  ✅ Step processed successfully: 1 action(s)

📍 Step 24: Processing node [inner_1] Inner Loop (Type: 1, Traveled: true, Finished: false)
  🧠 Selecting relevant nodes from Global Tree...
  🤖 Calling LLM (Attempt 1)...

📊 Token Statistics:
   Prompt length: 6130 characters
   Estimated tokens: 1533 / 64000 (2.4%)
   ✅ Context usage is healthy

  ✅ Step processed successfully: 1 action(s)

📍 Step 25: Processing node [inner_1] Inner Loop (Type: 1, Traveled: true, Finished: false)
  🧠 Selecting relevant nodes from Global Tree...
  🤖 Calling LLM (Attempt 1)...

📊 Token Statistics:
   Prompt length: 6130 characters
   Estimated tokens: 1533 / 64000 (2.4%)
   ✅ Context usage is healthy

  ✅ Step processed successfully: 1 action(s)

📍 Step 26: Processing node [inner_1] Inner Loop (Type: 1, Traveled: true, Finished: false)
  🧠 Selecting relevant nodes from Global Tree...
  🤖 Calling LLM (Attempt 1)...

📊 Token Statistics:
   Prompt length: 6130 characters
   Estimated tokens: 1533 / 64000 (2.4%)
   ✅ Context usage is healthy

  ✅ Step processed successfully: 1 action(s)

📍 Step 27: Processing node [inner_1] Inner Loop (Type: 1, Traveled: true, Finished: false)
  🧠 Selecting relevant nodes from Global Tree...
  🤖 Calling LLM (Attempt 1)...

📊 Token Statistics:
   Prompt length: 6130 characters
   Estimated tokens: 1533 / 64000 (2.4%)
   ✅ Context usage is healthy

  ✅ Step processed successfully: 1 action(s)

📍 Step 28: Processing node [inner_1] Inner Loop (Type: 1, Traveled: true, Finished: false)
  🧠 Selecting relevant nodes from Global Tree...
  🤖 Calling LLM (Attempt 1)...

📊 Token Statistics:
   Prompt length: 6130 characters
   Estimated tokens: 1533 / 64000 (2.4%)
   ✅ Context usage is healthy

  ✅ Step processed successfully: 1 action(s)

📍 Step 29: Processing node [inner_1] Inner Loop (Type: 1, Traveled: true, Finished: false)
  🧠 Selecting relevant nodes from Global Tree...
  🤖 Calling LLM (Attempt 1)...

📊 Token Statistics:
   Prompt length: 6130 characters
   Estimated tokens: 1533 / 64000 (2.4%)
   ✅ Context usage is healthy

  ✅ Step processed successfully: 1 action(s)

📍 Step 30: Processing node [inner_1] Inner Loop (Type: 1, Traveled: true, Finished: false)
  🧠 Selecting relevant nodes from Global Tree...
  🤖 Calling LLM (Attempt 1)...

📊 Token Statistics:
   Prompt length: 6130 characters
   Estimated tokens: 1533 / 64000 (2.4%)
   ✅ Context usage is healthy

  ✅ Step processed successfully: 1 action(s)

📍 Step 31: Processing node [inner_1] Inner Loop (Type: 1, Traveled: true, Finished: false)
  🧠 Selecting relevant nodes from Global Tree...
  🤖 Calling LLM (Attempt 1)...

📊 Token Statistics:
   Prompt length: 6130 characters
   Estimated tokens: 1533 / 64000 (2.4%)
   ✅ Context usage is healthy

  ✅ Step processed successfully: 1 action(s)

📍 Step 32: Processing node [inner_1] Inner Loop (Type: 1, Traveled: true, Finished: false)
  🧠 Selecting relevant nodes from Global Tree...
  🤖 Calling LLM (Attempt 1)...

📊 Token Statistics:
   Prompt length: 6130 characters
   Estimated tokens: 1533 / 64000 (2.4%)
   ✅ Context usage is healthy

  ✅ Step processed successfully: 1 action(s)

📍 Step 33: Processing node [inner_1] Inner Loop (Type: 1, Traveled: true, Finished: false)
  🧠 Selecting relevant nodes from Global Tree...
  🤖 Calling LLM (Attempt 1)...

📊 Token Statistics:
   Prompt length: 6130 characters
   Estimated tokens: 1533 / 64000 (2.4%)
   ✅ Context usage is healthy

  ✅ Step processed successfully: 1 action(s)

📍 Step 34: Processing node [inner_1] Inner Loop (Type: 1, Traveled: true, Finished: false)
  🧠 Selecting relevant nodes from Global Tree...
  🤖 Calling LLM (Attempt 1)...

📊 Token Statistics:
   Prompt length: 6130 characters
   Estimated tokens: 1533 / 64000 (2.4%)
   ✅ Context usage is healthy

  ✅ Step processed successfully: 1 action(s)

📍 Step 35: Processing node [inner_1] Inner Loop (Type: 1, Traveled: true, Finished: false)
  🧠 Selecting relevant nodes from Global Tree...
  🤖 Calling LLM (Attempt 1)...

📊 Token Statistics:
   Prompt length: 6130 characters
   Estimated tokens: 1533 / 64000 (2.4%)
   ✅ Context usage is healthy

  ✅ Step processed successfully: 1 action(s)

📍 Step 36: Processing node [inner_1] Inner Loop (Type: 1, Traveled: true, Finished: false)
  🧠 Selecting relevant nodes from Global Tree...
  🤖 Calling LLM (Attempt 1)...

📊 Token Statistics:
   Prompt length: 6130 characters
   Estimated tokens: 1533 / 64000 (2.4%)
   ✅ Context usage is healthy

  ✅ Step processed successfully: 1 action(s)

📍 Step 37: Processing node [inner_1] Inner Loop (Type: 1, Traveled: true, Finished: false)
  🧠 Selecting relevant nodes from Global Tree...
  🤖 Calling LLM (Attempt 1)...

📊 Token Statistics:
   Prompt length: 6130 characters
   Estimated tokens: 1533 / 64000 (2.4%)
   ✅ Context usage is healthy

  ✅ Step processed successfully: 1 action(s)

📍 Step 38: Processing node [inner_1] Inner Loop (Type: 1, Traveled: true, Finished: false)
  🧠 Selecting relevant nodes from Global Tree...
  🤖 Calling LLM (Attempt 1)...

📊 Token Statistics:
   Prompt length: 6130 characters
   Estimated tokens: 1533 / 64000 (2.4%)
   ✅ Context usage is healthy

  ✅ Step processed successfully: 1 action(s)

📍 Step 39: Processing node [inner_1] Inner Loop (Type: 1, Traveled: true, Finished: false)
  🧠 Selecting relevant nodes from Global Tree...
  🤖 Calling LLM (Attempt 1)...

📊 Token Statistics:
   Prompt length: 6130 characters
   Estimated tokens: 1533 / 64000 (2.4%)
   ✅ Context usage is healthy

  ✅ Step processed successfully: 1 action(s)

📍 Step 40: Processing node [inner_1] Inner Loop (Type: 1, Traveled: true, Finished: false)
  🧠 Selecting relevant nodes from Global Tree...
  🤖 Calling LLM (Attempt 1)...

📊 Token Statistics:
   Prompt length: 6130 characters
   Estimated tokens: 1533 / 64000 (2.4%)
   ✅ Context usage is healthy

  ✅ Step processed successfully: 1 action(s)

📍 Step 41: Processing node [inner_1] Inner Loop (Type: 1, Traveled: true, Finished: false)
  🧠 Selecting relevant nodes from Global Tree...
  🤖 Calling LLM (Attempt 1)...

📊 Token Statistics:
   Prompt length: 6130 characters
   Estimated tokens: 1533 / 64000 (2.4%)
   ✅ Context usage is healthy

  ✅ Step processed successfully: 1 action(s)

📍 Step 42: Processing node [inner_1] Inner Loop (Type: 1, Traveled: true, Finished: false)
  🧠 Selecting relevant nodes from Global Tree...
  🤖 Calling LLM (Attempt 1)...

📊 Token Statistics:
   Prompt length: 6130 characters
   Estimated tokens: 1533 / 64000 (2.4%)
   ✅ Context usage is healthy

  ✅ Step processed successfully: 1 action(s)

📍 Step 43: Processing node [inner_1] Inner Loop (Type: 1, Traveled: true, Finished: false)
  🧠 Selecting relevant nodes from Global Tree...
  🤖 Calling LLM (Attempt 1)...

📊 Token Statistics:
   Prompt length: 6130 characters
   Estimated tokens: 1533 / 64000 (2.4%)
   ✅ Context usage is healthy

  ✅ Step processed successfully: 1 action(s)

📍 Step 44: Processing node [inner_1] Inner Loop (Type: 1, Traveled: true, Finished: false)
  🧠 Selecting relevant nodes from Global Tree...
  🤖 Calling LLM (Attempt 1)...

📊 Token Statistics:
   Prompt length: 6130 characters
   Estimated tokens: 1533 / 64000 (2.4%)
   ✅ Context usage is healthy

  ✅ Step processed successfully: 1 action(s)

📍 Step 45: Processing node [inner_1] Inner Loop (Type: 1, Traveled: true, Finished: false)
  🧠 Selecting relevant nodes from Global Tree...
  🤖 Calling LLM (Attempt 1)...

📊 Token Statistics:
   Prompt length: 6130 characters
   Estimated tokens: 1533 / 64000 (2.4%)
   ✅ Context usage is healthy

  ✅ Step processed successfully: 1 action(s)

📍 Step 46: Processing node [inner_1] Inner Loop (Type: 1, Traveled: true, Finished: false)
  🧠 Selecting relevant nodes from Global Tree...
  🤖 Calling LLM (Attempt 1)...

📊 Token Statistics:
   Prompt length: 6130 characters
   Estimated tokens: 1533 / 64000 (2.4%)
   ✅ Context usage is healthy

  ✅ Step processed successfully: 1 action(s)

📍 Step 47: Processing node [inner_1] Inner Loop (Type: 1, Traveled: true, Finished: false)
  🧠 Selecting relevant nodes from Global Tree...
  🤖 Calling LLM (Attempt 1)...

📊 Token Statistics:
   Prompt length: 6130 characters
   Estimated tokens: 1533 / 64000 (2.4%)
   ✅ Context usage is healthy

  ✅ Step processed successfully: 1 action(s)

📍 Step 48: Processing node [inner_1] Inner Loop (Type: 1, Traveled: true, Finished: false)
  🧠 Selecting relevant nodes from Global Tree...
  🤖 Calling LLM (Attempt 1)...

📊 Token Statistics:
   Prompt length: 6130 characters
   Estimated tokens: 1533 / 64000 (2.4%)
   ✅ Context usage is healthy

  ✅ Step processed successfully: 1 action(s)

📍 Step 49: Processing node [inner_1] Inner Loop (Type: 1, Traveled: true, Finished: false)
  🧠 Selecting relevant nodes from Global Tree...
  🤖 Calling LLM (Attempt 1)...

📊 Token Statistics:
   Prompt length: 6130 characters
   Estimated tokens: 1533 / 64000 (2.4%)
   ✅ Context usage is healthy

  ✅ Step processed successfully: 1 action(s)

📍 Step 50: Processing node [inner_1] Inner Loop (Type: 1, Traveled: true, Finished: false)
  🧠 Selecting relevant nodes from Global Tree...
  🤖 Calling LLM (Attempt 1)...

📊 Token Statistics:
   Prompt length: 6130 characters
   Estimated tokens: 1533 / 64000 (2.4%)
   ✅ Context usage is healthy

  ✅ Step processed successfully: 1 action(s)

📍 Step 51: Processing node [inner_1] Inner Loop (Type: 1, Traveled: true, Finished: false)
  🧠 Selecting relevant nodes from Global Tree...
  🤖 Calling LLM (Attempt 1)...

📊 Token Statistics:
   Prompt length: 6130 characters
   Estimated tokens: 1533 / 64000 (2.4%)
   ✅ Context usage is healthy

  ✅ Step processed successfully: 1 action(s)

📍 Step 52: Processing node [inner_1] Inner Loop (Type: 1, Traveled: true, Finished: false)
  🧠 Selecting relevant nodes from Global Tree...
  🤖 Calling LLM (Attempt 1)...

📊 Token Statistics:
   Prompt length: 6130 characters
   Estimated tokens: 1533 / 64000 (2.4%)
   ✅ Context usage is healthy

  ✅ Step processed successfully: 1 action(s)

📍 Step 53: Processing node [inner_1] Inner Loop (Type: 1, Traveled: true, Finished: false)
  🧠 Selecting relevant nodes from Global Tree...
  🤖 Calling LLM (Attempt 1)...

📊 Token Statistics:
   Prompt length: 6130 characters
   Estimated tokens: 1533 / 64000 (2.4%)
   ✅ Context usage is healthy

  ✅ Step processed successfully: 1 action(s)

📍 Step 54: Processing node [inner_1] Inner Loop (Type: 1, Traveled: true, Finished: false)
  🧠 Selecting relevant nodes from Global Tree...
  🤖 Calling LLM (Attempt 1)...

📊 Token Statistics:
   Prompt length: 6130 characters
   Estimated tokens: 1533 / 64000 (2.4%)
   ✅ Context usage is healthy

  ✅ Step processed successfully: 1 action(s)

📍 Step 55: Processing node [inner_1] Inner Loop (Type: 1, Traveled: true, Finished: false)
  🧠 Selecting relevant nodes from Global Tree...
  🤖 Calling LLM (Attempt 1)...

📊 Token Statistics:
   Prompt length: 6130 characters
   Estimated tokens: 1533 / 64000 (2.4%)
   ✅ Context usage is healthy

  ✅ Step processed successfully: 1 action(s)

📍 Step 56: Processing node [inner_1] Inner Loop (Type: 1, Traveled: true, Finished: false)
  🧠 Selecting relevant nodes from Global Tree...
  🤖 Calling LLM (Attempt 1)...

📊 Token Statistics:
   Prompt length: 6130 characters
   Estimated tokens: 1533 / 64000 (2.4%)
   ✅ Context usage is healthy

  ✅ Step processed successfully: 1 action(s)

📍 Step 57: Processing node [inner_1] Inner Loop (Type: 1, Traveled: true, Finished: false)
  🧠 Selecting relevant nodes from Global Tree...
  🤖 Calling LLM (Attempt 1)...

📊 Token Statistics:
   Prompt length: 6130 characters
   Estimated tokens: 1533 / 64000 (2.4%)
   ✅ Context usage is healthy

  ✅ Step processed successfully: 1 action(s)

📍 Step 58: Processing node [inner_1] Inner Loop (Type: 1, Traveled: true, Finished: false)
  🧠 Selecting relevant nodes from Global Tree...
  🤖 Calling LLM (Attempt 1)...

📊 Token Statistics:
   Prompt length: 6130 characters
   Estimated tokens: 1533 / 64000 (2.4%)
   ✅ Context usage is healthy

  ✅ Step processed successfully: 1 action(s)

📍 Step 59: Processing node [inner_1] Inner Loop (Type: 1, Traveled: true, Finished: false)
  🧠 Selecting relevant nodes from Global Tree...
  🤖 Calling LLM (Attempt 1)...

📊 Token Statistics:
   Prompt length: 6130 characters
   Estimated tokens: 1533 / 64000 (2.4%)
   ✅ Context usage is healthy

  ✅ Step processed successfully: 1 action(s)

📍 Step 60: Processing node [inner_1] Inner Loop (Type: 1, Traveled: true, Finished: false)
  🧠 Selecting relevant nodes from Global Tree...
  🤖 Calling LLM (Attempt 1)...

📊 Token Statistics:
   Prompt length: 6130 characters
   Estimated tokens: 1533 / 64000 (2.4%)
   ✅ Context usage is healthy

  ✅ Step processed successfully: 1 action(s)

📍 Step 61: Processing node [inner_1] Inner Loop (Type: 1, Traveled: true, Finished: false)
  🧠 Selecting relevant nodes from Global Tree...
  🤖 Calling LLM (Attempt 1)...

📊 Token Statistics:
   Prompt length: 6130 characters
   Estimated tokens: 1533 / 64000 (2.4%)
   ✅ Context usage is healthy

  ✅ Step processed successfully: 1 action(s)

📍 Step 62: Processing node [inner_1] Inner Loop (Type: 1, Traveled: true, Finished: false)
  🧠 Selecting relevant nodes from Global Tree...
  🤖 Calling LLM (Attempt 1)...

📊 Token Statistics:
   Prompt length: 6130 characters
   Estimated tokens: 1533 / 64000 (2.4%)
   ✅ Context usage is healthy

  ✅ Step processed successfully: 1 action(s)

📍 Step 63: Processing node [inner_1] Inner Loop (Type: 1, Traveled: true, Finished: false)
  🧠 Selecting relevant nodes from Global Tree...
  🤖 Calling LLM (Attempt 1)...

📊 Token Statistics:
   Prompt length: 6130 characters
   Estimated tokens: 1533 / 64000 (2.4%)
   ✅ Context usage is healthy

  ✅ Step processed successfully: 1 action(s)

📍 Step 64: Processing node [inner_1] Inner Loop (Type: 1, Traveled: true, Finished: false)
  🧠 Selecting relevant nodes from Global Tree...
  🤖 Calling LLM (Attempt 1)...

📊 Token Statistics:
   Prompt length: 6130 characters
   Estimated tokens: 1533 / 64000 (2.4%)
   ✅ Context usage is healthy

  ✅ Step processed successfully: 1 action(s)

📍 Step 65: Processing node [inner_1] Inner Loop (Type: 1, Traveled: true, Finished: false)
  🧠 Selecting relevant nodes from Global Tree...
  🤖 Calling LLM (Attempt 1)...

📊 Token Statistics:
   Prompt length: 6130 characters
   Estimated tokens: 1533 / 64000 (2.4%)
   ✅ Context usage is healthy

  ✅ Step processed successfully: 1 action(s)

📍 Step 66: Processing node [inner_1] Inner Loop (Type: 1, Traveled: true, Finished: false)
  🧠 Selecting relevant nodes from Global Tree...
  🤖 Calling LLM (Attempt 1)...

📊 Token Statistics:
   Prompt length: 6130 characters
   Estimated tokens: 1533 / 64000 (2.4%)
   ✅ Context usage is healthy

  ✅ Step processed successfully: 1 action(s)

📍 Step 67: Processing node [inner_1] Inner Loop (Type: 1, Traveled: true, Finished: false)
  🧠 Selecting relevant nodes from Global Tree...
  🤖 Calling LLM (Attempt 1)...

📊 Token Statistics:
   Prompt length: 6130 characters
   Estimated tokens: 1533 / 64000 (2.4%)
   ✅ Context usage is healthy

  ✅ Step processed successfully: 1 action(s)

📍 Step 68: Processing node [inner_1] Inner Loop (Type: 1, Traveled: true, Finished: false)
  🧠 Selecting relevant nodes from Global Tree...
  🤖 Calling LLM (Attempt 1)...

📊 Token Statistics:
   Prompt length: 6130 characters
   Estimated tokens: 1533 / 64000 (2.4%)
   ✅ Context usage is healthy

  ✅ Step processed successfully: 1 action(s)

📍 Step 69: Processing node [inner_1] Inner Loop (Type: 1, Traveled: true, Finished: false)
  🧠 Selecting relevant nodes from Global Tree...
  🤖 Calling LLM (Attempt 1)...

📊 Token Statistics:
   Prompt length: 6130 characters
   Estimated tokens: 1533 / 64000 (2.4%)
   ✅ Context usage is healthy

  ✅ Step processed successfully: 1 action(s)

📍 Step 70: Processing node [inner_1] Inner Loop (Type: 1, Traveled: true, Finished: false)
  🧠 Selecting relevant nodes from Global Tree...
  🤖 Calling LLM (Attempt 1)...

📊 Token Statistics:
   Prompt length: 6130 characters
   Estimated tokens: 1533 / 64000 (2.4%)
   ✅ Context usage is healthy

  ✅ Step processed successfully: 1 action(s)

📍 Step 71: Processing node [inner_1] Inner Loop (Type: 1, Traveled: true, Finished: false)
  🧠 Selecting relevant nodes from Global Tree...
  🤖 Calling LLM (Attempt 1)...

📊 Token Statistics:
   Prompt length: 6130 characters
   Estimated tokens: 1533 / 64000 (2.4%)
   ✅ Context usage is healthy

  ✅ Step processed successfully: 1 action(s)

📍 Step 72: Processing node [inner_1] Inner Loop (Type: 1, Traveled: true, Finished: false)
  🧠 Selecting relevant nodes from Global Tree...
  🤖 Calling LLM (Attempt 1)...

📊 Token Statistics:
   Prompt length: 6130 characters
   Estimated tokens: 1533 / 64000 (2.4%)
   ✅ Context usage is healthy

  ✅ Step processed successfully: 1 action(s)

📍 Step 73: Processing node [inner_1] Inner Loop (Type: 1, Traveled: true, Finished: false)
  🧠 Selecting relevant nodes from Global Tree...
  🤖 Calling LLM (Attempt 1)...

📊 Token Statistics:
   Prompt length: 6130 characters
   Estimated tokens: 1533 / 64000 (2.4%)
   ✅ Context usage is healthy

  ✅ Step processed successfully: 1 action(s)

📍 Step 74: Processing node [inner_1] Inner Loop (Type: 1, Traveled: true, Finished: false)
  🧠 Selecting relevant nodes from Global Tree...
  🤖 Calling LLM (Attempt 1)...

📊 Token Statistics:
   Prompt length: 6130 characters
   Estimated tokens: 1533 / 64000 (2.4%)
   ✅ Context usage is healthy

  ✅ Step processed successfully: 1 action(s)

📍 Step 75: Processing node [inner_1] Inner Loop (Type: 1, Traveled: true, Finished: false)
  🧠 Selecting relevant nodes from Global Tree...
  🤖 Calling LLM (Attempt 1)...

📊 Token Statistics:
   Prompt length: 6130 characters
   Estimated tokens: 1533 / 64000 (2.4%)
   ✅ Context usage is healthy

  ✅ Step processed successfully: 1 action(s)

📍 Step 76: Processing node [inner_1] Inner Loop (Type: 1, Traveled: true, Finished: false)
  🧠 Selecting relevant nodes from Global Tree...
  🤖 Calling LLM (Attempt 1)...

📊 Token Statistics:
   Prompt length: 6130 characters
   Estimated tokens: 1533 / 64000 (2.4%)
   ✅ Context usage is healthy

  ✅ Step processed successfully: 1 action(s)

📍 Step 77: Processing node [inner_1] Inner Loop (Type: 1, Traveled: true, Finished: false)
  🧠 Selecting relevant nodes from Global Tree...
  🤖 Calling LLM (Attempt 1)...

📊 Token Statistics:
   Prompt length: 6130 characters
   Estimated tokens: 1533 / 64000 (2.4%)
   ✅ Context usage is healthy

  ✅ Step processed successfully: 1 action(s)

📍 Step 78: Processing node [inner_1] Inner Loop (Type: 1, Traveled: true, Finished: false)
  🧠 Selecting relevant nodes from Global Tree...
  🤖 Calling LLM (Attempt 1)...

📊 Token Statistics:
   Prompt length: 6130 characters
   Estimated tokens: 1533 / 64000 (2.4%)
   ✅ Context usage is healthy

  ✅ Step processed successfully: 1 action(s)

📍 Step 79: Processing node [inner_1] Inner Loop (Type: 1, Traveled: true, Finished: false)
  🧠 Selecting relevant nodes from Global Tree...
  🤖 Calling LLM (Attempt 1)...

📊 Token Statistics:
   Prompt length: 6130 characters
   Estimated tokens: 1533 / 64000 (2.4%)
   ✅ Context usage is healthy

  ✅ Step processed successfully: 1 action(s)

📍 Step 80: Processing node [inner_1] Inner Loop (Type: 1, Traveled: true, Finished: false)
  🧠 Selecting relevant nodes from Global Tree...
  🤖 Calling LLM (Attempt 1)...

📊 Token Statistics:
   Prompt length: 6130 characters
   Estimated tokens: 1533 / 64000 (2.4%)
   ✅ Context usage is healthy

  ✅ Step processed successfully: 1 action(s)

📍 Step 81: Processing node [inner_1] Inner Loop (Type: 1, Traveled: true, Finished: false)
  🧠 Selecting relevant nodes from Global Tree...
  🤖 Calling LLM (Attempt 1)...

📊 Token Statistics:
   Prompt length: 6130 characters
   Estimated tokens: 1533 / 64000 (2.4%)
   ✅ Context usage is healthy

  ✅ Step processed successfully: 1 action(s)

📍 Step 82: Processing node [inner_1] Inner Loop (Type: 1, Traveled: true, Finished: false)
  🧠 Selecting relevant nodes from Global Tree...
  🤖 Calling LLM (Attempt 1)...

📊 Token Statistics:
   Prompt length: 6130 characters
   Estimated tokens: 1533 / 64000 (2.4%)
   ✅ Context usage is healthy

  ✅ Step processed successfully: 1 action(s)

📍 Step 83: Processing node [inner_1] Inner Loop (Type: 1, Traveled: true, Finished: false)
  🧠 Selecting relevant nodes from Global Tree...
  🤖 Calling LLM (Attempt 1)...

📊 Token Statistics:
   Prompt length: 6130 characters
   Estimated tokens: 1533 / 64000 (2.4%)
   ✅ Context usage is healthy

  ✅ Step processed successfully: 1 action(s)

📍 Step 84: Processing node [inner_1] Inner Loop (Type: 1, Traveled: true, Finished: false)
  🧠 Selecting relevant nodes from Global Tree...
  🤖 Calling LLM (Attempt 1)...

📊 Token Statistics:
   Prompt length: 6130 characters
   Estimated tokens: 1533 / 64000 (2.4%)
   ✅ Context usage is healthy

  ✅ Step processed successfully: 1 action(s)

📍 Step 85: Processing node [inner_1] Inner Loop (Type: 1, Traveled: true, Finished: false)
  🧠 Selecting relevant nodes from Global Tree...
  🤖 Calling LLM (Attempt 1)...

📊 Token Statistics:
   Prompt length: 6130 characters
   Estimated tokens: 1533 / 64000 (2.4%)
   ✅ Context usage is healthy

  ✅ Step processed successfully: 1 action(s)

📍 Step 86: Processing node [inner_1] Inner Loop (Type: 1, Traveled: true, Finished: false)
  🧠 Selecting relevant nodes from Global Tree...
  🤖 Calling LLM (Attempt 1)...

📊 Token Statistics:
   Prompt length: 6130 characters
   Estimated tokens: 1533 / 64000 (2.4%)
   ✅ Context usage is healthy

  ✅ Step processed successfully: 1 action(s)

📍 Step 87: Processing node [inner_1] Inner Loop (Type: 1, Traveled: true, Finished: false)
  🧠 Selecting relevant nodes from Global Tree...
  🤖 Calling LLM (Attempt 1)...

📊 Token Statistics:
   Prompt length: 6130 characters
   Estimated tokens: 1533 / 64000 (2.4%)
   ✅ Context usage is healthy

  ✅ Step processed successfully: 1 action(s)

📍 Step 88: Processing node [inner_1] Inner Loop (Type: 1, Traveled: true, Finished: false)
  🧠 Selecting relevant nodes from Global Tree...
  🤖 Calling LLM (Attempt 1)...

📊 Token Statistics:
   Prompt length: 6130 characters
   Estimated tokens: 1533 / 64000 (2.4%)
   ✅ Context usage is healthy

  ✅ Step processed successfully: 1 action(s)

📍 Step 89: Processing node [inner_1] Inner Loop (Type: 1, Traveled: true, Finished: false)
  🧠 Selecting relevant nodes from Global Tree...
  🤖 Calling LLM (Attempt 1)...

📊 Token Statistics:
   Prompt length: 6130 characters
   Estimated tokens: 1533 / 64000 (2.4%)
   ✅ Context usage is healthy

  ✅ Step processed successfully: 1 action(s)

📍 Step 90: Processing node [inner_1] Inner Loop (Type: 1, Traveled: true, Finished: false)
  🧠 Selecting relevant nodes from Global Tree...
  🤖 Calling LLM (Attempt 1)...

📊 Token Statistics:
   Prompt length: 6130 characters
   Estimated tokens: 1533 / 64000 (2.4%)
   ✅ Context usage is healthy

  ✅ Step processed successfully: 1 action(s)

📍 Step 91: Processing node [inner_1] Inner Loop (Type: 1, Traveled: true, Finished: false)
  🧠 Selecting relevant nodes from Global Tree...
  🤖 Calling LLM (Attempt 1)...

📊 Token Statistics:
   Prompt length: 6130 characters
   Estimated tokens: 1533 / 64000 (2.4%)
   ✅ Context usage is healthy

  ✅ Step processed successfully: 1 action(s)

📍 Step 92: Processing node [inner_1] Inner Loop (Type: 1, Traveled: true, Finished: false)
  🧠 Selecting relevant nodes from Global Tree...
  🤖 Calling LLM (Attempt 1)...

📊 Token Statistics:
   Prompt length: 6130 characters
   Estimated tokens: 1533 / 64000 (2.4%)
   ✅ Context usage is healthy

  ✅ Step processed successfully: 1 action(s)

📍 Step 93: Processing node [inner_1] Inner Loop (Type: 1, Traveled: true, Finished: false)
  🧠 Selecting relevant nodes from Global Tree...
  🤖 Calling LLM (Attempt 1)...

📊 Token Statistics:
   Prompt length: 6130 characters
   Estimated tokens: 1533 / 64000 (2.4%)
   ✅ Context usage is healthy

  ✅ Step processed successfully: 1 action(s)

📍 Step 94: Processing node [inner_1] Inner Loop (Type: 1, Traveled: true, Finished: false)
  🧠 Selecting relevant nodes from Global Tree...
  🤖 Calling LLM (Attempt 1)...

📊 Token Statistics:
   Prompt length: 6130 characters
   Estimated tokens: 1533 / 64000 (2.4%)
   ✅ Context usage is healthy

  ✅ Step processed successfully: 1 action(s)

📍 Step 95: Processing node [inner_1] Inner Loop (Type: 1, Traveled: true, Finished: false)
  🧠 Selecting relevant nodes from Global Tree...
  🤖 Calling LLM (Attempt 1)...

📊 Token Statistics:
   Prompt length: 6130 characters
   Estimated tokens: 1533 / 64000 (2.4%)
   ✅ Context usage is healthy

  ✅ Step processed successfully: 1 action(s)

📍 Step 96: Processing node [inner_1] Inner Loop (Type: 1, Traveled: true, Finished: false)
  🧠 Selecting relevant nodes from Global Tree...
  🤖 Calling LLM (Attempt 1)...

📊 Token Statistics:
   Prompt length: 6130 characters
   Estimated tokens: 1533 / 64000 (2.4%)
   ✅ Context usage is healthy

  ✅ Step processed successfully: 1 action(s)

📍 Step 97: Processing node [inner_1] Inner Loop (Type: 1, Traveled: true, Finished: false)
  🧠 Selecting relevant nodes from Global Tree...
  🤖 Calling LLM (Attempt 1)...

📊 Token Statistics:
   Prompt length: 6130 characters
   Estimated tokens: 1533 / 64000 (2.4%)
   ✅ Context usage is healthy

  ✅ Step processed successfully: 1 action(s)

📍 Step 98: Processing node [inner_1] Inner Loop (Type: 1, Traveled: true, Finished: false)
  🧠 Selecting relevant nodes from Global Tree...
  🤖 Calling LLM (Attempt 1)...

📊 Token Statistics:
   Prompt length: 6130 characters
   Estimated tokens: 1533 / 64000 (2.4%)
   ✅ Context usage is healthy

  ✅ Step processed successfully: 1 action(s)

📍 Step 99: Processing node [inner_1] Inner Loop (Type: 1, Traveled: true, Finished: false)
  🧠 Selecting relevant nodes from Global Tree...
  🤖 Calling LLM (Attempt 1)...

📊 Token Statistics:
   Prompt length: 6130 characters
   Estimated tokens: 1533 / 64000 (2.4%)
   ✅ Context usage is healthy

  ✅ Step processed successfully: 1 action(s)

📍 Step 100: Processing node [inner_1] Inner Loop (Type: 1, Traveled: true, Finished: false)
  🧠 Selecting relevant nodes from Global Tree...
  🤖 Calling LLM (Attempt 1)...

📊 Token Statistics:
   Prompt length: 6130 characters
   Estimated tokens: 1533 / 64000 (2.4%)
   ✅ Context usage is healthy

  ✅ Step processed successfully: 1 action(s)

📍 Step 101: Processing node [inner_1] Inner Loop (Type: 1, Traveled: true, Finished: false)
  🧠 Selecting relevant nodes from Global Tree...
  🤖 Calling LLM (Attempt 1)...

📊 Token Statistics:
   Prompt length: 6130 characters
   Estimated tokens: 1533 / 64000 (2.4%)
   ✅ Context usage is healthy

  ✅ Step processed successfully: 1 action(s)

📍 Step 102: Processing node [inner_1] Inner Loop (Type: 1, Traveled: true, Finished: false)
  🧠 Selecting relevant nodes from Global Tree...
  🤖 Calling LLM (Attempt 1)...

📊 Token Statistics:
   Prompt length: 6130 characters
   Estimated tokens: 1533 / 64000 (2.4%)
   ✅ Context usage is healthy

  ✅ Step processed successfully: 1 action(s)

📍 Step 103: Processing node [inner_1] Inner Loop (Type: 1, Traveled: true, Finished: false)
  🧠 Selecting relevant nodes from Global Tree...
  🤖 Calling LLM (Attempt 1)...

📊 Token Statistics:
   Prompt length: 6130 characters
   Estimated tokens: 1533 / 64000 (2.4%)
   ✅ Context usage is healthy

  ✅ Step processed successfully: 1 action(s)

📍 Step 104: Processing node [inner_1] Inner Loop (Type: 1, Traveled: true, Finished: false)
  🧠 Selecting relevant nodes from Global Tree...
  🤖 Calling LLM (Attempt 1)...

📊 Token Statistics:
   Prompt length: 6130 characters
   Estimated tokens: 1533 / 64000 (2.4%)
   ✅ Context usage is healthy

  ✅ Step processed successfully: 1 action(s)

📍 Step 105: Processing node [inner_1] Inner Loop (Type: 1, Traveled: true, Finished: false)
  🧠 Selecting relevant nodes from Global Tree...
  🤖 Calling LLM (Attempt 1)...

📊 Token Statistics:
   Prompt length: 6130 characters
   Estimated tokens: 1533 / 64000 (2.4%)
   ✅ Context usage is healthy

  ✅ Step processed successfully: 1 action(s)

📍 Step 106: Processing node [inner_1] Inner Loop (Type: 1, Traveled: true, Finished: false)
  🧠 Selecting relevant nodes from Global Tree...
  🤖 Calling LLM (Attempt 1)...

📊 Token Statistics:
   Prompt length: 6130 characters
   Estimated tokens: 1533 / 64000 (2.4%)
   ✅ Context usage is healthy

  ✅ Step processed successfully: 1 action(s)

📍 Step 107: Processing node [inner_1] Inner Loop (Type: 1, Traveled: true, Finished: false)
  🧠 Selecting relevant nodes from Global Tree...
  🤖 Calling LLM (Attempt 1)...

📊 Token Statistics:
   Prompt length: 6130 characters
   Estimated tokens: 1533 / 64000 (2.4%)
   ✅ Context usage is healthy

  ✅ Step processed successfully: 1 action(s)

📍 Step 108: Processing node [inner_1] Inner Loop (Type: 1, Traveled: true, Finished: false)
  🧠 Selecting relevant nodes from Global Tree...
  🤖 Calling LLM (Attempt 1)...

📊 Token Statistics:
   Prompt length: 6130 characters
   Estimated tokens: 1533 / 64000 (2.4%)
   ✅ Context usage is healthy

  ✅ Step processed successfully: 1 action(s)

📍 Step 109: Processing node [inner_1] Inner Loop (Type: 1, Traveled: true, Finished: false)
  🧠 Selecting relevant nodes from Global Tree...
  🤖 Calling LLM (Attempt 1)...

📊 Token Statistics:
   Prompt length: 6130 characters
   Estimated tokens: 1533 / 64000 (2.4%)
   ✅ Context usage is healthy

  ✅ Step processed successfully: 1 action(s)

📍 Step 110: Processing node [inner_1] Inner Loop (Type: 1, Traveled: true, Finished: false)
  🧠 Selecting relevant nodes from Global Tree...
  🤖 Calling LLM (Attempt 1)...

📊 Token Statistics:
   Prompt length: 6130 characters
   Estimated tokens: 1533 / 64000 (2.4%)
   ✅ Context usage is healthy

  ✅ Step processed successfully: 1 action(s)

📍 Step 111: Processing node [inner_1] Inner Loop (Type: 1, Traveled: true, Finished: false)
  🧠 Selecting relevant nodes from Global Tree...
  🤖 Calling LLM (Attempt 1)...

📊 Token Statistics:
   Prompt length: 6130 characters
   Estimated tokens: 1533 / 64000 (2.4%)
   ✅ Context usage is healthy

  ✅ Step processed successfully: 1 action(s)

📍 Step 112: Processing node [inner_1] Inner Loop (Type: 1, Traveled: true, Finished: false)
  🧠 Selecting relevant nodes from Global Tree...
  🤖 Calling LLM (Attempt 1)...

📊 Token Statistics:
   Prompt length: 6130 characters
   Estimated tokens: 1533 / 64000 (2.4%)
   ✅ Context usage is healthy

  ✅ Step processed successfully: 1 action(s)

📍 Step 113: Processing node [inner_1] Inner Loop (Type: 1, Traveled: true, Finished: false)
  🧠 Selecting relevant nodes from Global Tree...
  🤖 Calling LLM (Attempt 1)...

📊 Token Statistics:
   Prompt length: 6130 characters
   Estimated tokens: 1533 / 64000 (2.4%)
   ✅ Context usage is healthy

  ✅ Step processed successfully: 1 action(s)

📍 Step 114: Processing node [inner_1] Inner Loop (Type: 1, Traveled: true, Finished: false)
  🧠 Selecting relevant nodes from Global Tree...
  🤖 Calling LLM (Attempt 1)...

📊 Token Statistics:
   Prompt length: 6130 characters
   Estimated tokens: 1533 / 64000 (2.4%)
   ✅ Context usage is healthy

  ✅ Step processed successfully: 1 action(s)

📍 Step 115: Processing node [inner_1] Inner Loop (Type: 1, Traveled: true, Finished: false)
  🧠 Selecting relevant nodes from Global Tree...
  🤖 Calling LLM (Attempt 1)...

📊 Token Statistics:
   Prompt length: 6130 characters
   Estimated tokens: 1533 / 64000 (2.4%)
   ✅ Context usage is healthy

  ✅ Step processed successfully: 1 action(s)

📍 Step 116: Processing node [inner_1] Inner Loop (Type: 1, Traveled: true, Finished: false)
  🧠 Selecting relevant nodes from Global Tree...
  🤖 Calling LLM (Attempt 1)...

📊 Token Statistics:
   Prompt length: 6130 characters
   Estimated tokens: 1533 / 64000 (2.4%)
   ✅ Context usage is healthy

  ✅ Step processed successfully: 1 action(s)

📍 Step 117: Processing node [inner_1] Inner Loop (Type: 1, Traveled: true, Finished: false)
  🧠 Selecting relevant nodes from Global Tree...
  🤖 Calling LLM (Attempt 1)...

📊 Token Statistics:
   Prompt length: 6130 characters
   Estimated tokens: 1533 / 64000 (2.4%)
   ✅ Context usage is healthy

  ✅ Step processed successfully: 1 action(s)

📍 Step 118: Processing node [inner_1] Inner Loop (Type: 1, Traveled: true, Finished: false)
  🧠 Selecting relevant nodes from Global Tree...
  🤖 Calling LLM (Attempt 1)...

📊 Token Statistics:
   Prompt length: 6130 characters
   Estimated tokens: 1533 / 64000 (2.4%)
   ✅ Context usage is healthy

  ✅ Step processed successfully: 1 action(s)

📍 Step 119: Processing node [inner_1] Inner Loop (Type: 1, Traveled: true, Finished: false)
  🧠 Selecting relevant nodes from Global Tree...
  🤖 Calling LLM (Attempt 1)...

📊 Token Statistics:
   Prompt length: 6130 characters
   Estimated tokens: 1533 / 64000 (2.4%)
   ✅ Context usage is healthy

  ✅ Step processed successfully: 1 action(s)

📍 Step 120: Processing node [inner_1] Inner Loop (Type: 1, Traveled: true, Finished: false)
  🧠 Selecting relevant nodes from Global Tree...
  🤖 Calling LLM (Attempt 1)...

📊 Token Statistics:
   Prompt length: 6130 characters
   Estimated tokens: 1533 / 64000 (2.4%)
   ✅ Context usage is healthy

  ✅ Step processed successfully: 1 action(s)

📍 Step 121: Processing node [inner_1] Inner Loop (Type: 1, Traveled: true, Finished: false)
  🧠 Selecting relevant nodes from Global Tree...
  🤖 Calling LLM (Attempt 1)...

📊 Token Statistics:
   Prompt length: 6130 characters
   Estimated tokens: 1533 / 64000 (2.4%)
   ✅ Context usage is healthy

  ✅ Step processed successfully: 1 action(s)

📍 Step 122: Processing node [inner_1] Inner Loop (Type: 1, Traveled: true, Finished: false)
  🧠 Selecting relevant nodes from Global Tree...
  🤖 Calling LLM (Attempt 1)...

📊 Token Statistics:
   Prompt length: 6130 characters
   Estimated tokens: 1533 / 64000 (2.4%)
   ✅ Context usage is healthy

  ✅ Step processed successfully: 1 action(s)

📍 Step 123: Processing node [inner_1] Inner Loop (Type: 1, Traveled: true, Finished: false)
  🧠 Selecting relevant nodes from Global Tree...
  🤖 Calling LLM (Attempt 1)...

📊 Token Statistics:
   Prompt length: 6130 characters
   Estimated tokens: 1533 / 64000 (2.4%)
   ✅ Context usage is healthy

  ✅ Step processed successfully: 1 action(s)

📍 Step 124: Processing node [inner_1] Inner Loop (Type: 1, Traveled: true, Finished: false)
  🧠 Selecting relevant nodes from Global Tree...
  🤖 Calling LLM (Attempt 1)...

📊 Token Statistics:
   Prompt length: 6130 characters
   Estimated tokens: 1533 / 64000 (2.4%)
   ✅ Context usage is healthy

  ✅ Step processed successfully: 1 action(s)

📍 Step 125: Processing node [inner_1] Inner Loop (Type: 1, Traveled: true, Finished: false)
  🧠 Selecting relevant nodes from Global Tree...
  🤖 Calling LLM (Attempt 1)...

📊 Token Statistics:
   Prompt length: 6130 characters
   Estimated tokens: 1533 / 64000 (2.4%)
   ✅ Context usage is healthy

  ✅ Step processed successfully: 1 action(s)

📍 Step 126: Processing node [inner_1] Inner Loop (Type: 1, Traveled: true, Finished: false)
  🧠 Selecting relevant nodes from Global Tree...
  🤖 Calling LLM (Attempt 1)...

📊 Token Statistics:
   Prompt length: 6130 characters
   Estimated tokens: 1533 / 64000 (2.4%)
   ✅ Context usage is healthy

  ✅ Step processed successfully: 1 action(s)

📍 Step 127: Processing node [inner_1] Inner Loop (Type: 1, Traveled: true, Finished: false)
  🧠 Selecting relevant nodes from Global Tree...
  🤖 Calling LLM (Attempt 1)...

📊 Token Statistics:
   Prompt length: 6130 characters
   Estimated tokens: 1533 / 64000 (2.4%)
   ✅ Context usage is healthy

  ✅ Step processed successfully: 1 action(s)

📍 Step 128: Processing node [inner_1] Inner Loop (Type: 1, Traveled: true, Finished: false)
  🧠 Selecting relevant nodes from Global Tree...
  🤖 Calling LLM (Attempt 1)...

📊 Token Statistics:
   Prompt length: 6130 characters
   Estimated tokens: 1533 / 64000 (2.4%)
   ✅ Context usage is healthy

  ✅ Step processed successfully: 1 action(s)

📍 Step 129: Processing node [inner_1] Inner Loop (Type: 1, Traveled: true, Finished: false)
  🧠 Selecting relevant nodes from Global Tree...
  🤖 Calling LLM (Attempt 1)...

📊 Token Statistics:
   Prompt length: 6130 characters
   Estimated tokens: 1533 / 64000 (2.4%)
   ✅ Context usage is healthy

  ✅ Step processed successfully: 1 action(s)

📍 Step 130: Processing node [inner_1] Inner Loop (Type: 1, Traveled: true, Finished: false)
  🧠 Selecting relevant nodes from Global Tree...
  🤖 Calling LLM (Attempt 1)...

📊 Token Statistics:
   Prompt length: 6130 characters
   Estimated tokens: 1533 / 64000 (2.4%)
   ✅ Context usage is healthy

  ✅ Step processed successfully: 1 action(s)

📍 Step 131: Processing node [inner_1] Inner Loop (Type: 1, Traveled: true, Finished: false)
  🧠 Selecting relevant nodes from Global Tree...
  🤖 Calling LLM (Attempt 1)...

📊 Token Statistics:
   Prompt length: 6130 characters
   Estimated tokens: 1533 / 64000 (2.4%)
   ✅ Context usage is healthy

  ✅ Step processed successfully: 1 action(s)

📍 Step 132: Processing node [inner_1] Inner Loop (Type: 1, Traveled: true, Finished: false)
  🧠 Selecting relevant nodes from Global Tree...
  🤖 Calling LLM (Attempt 1)...

📊 Token Statistics:
   Prompt length: 6130 characters
   Estimated tokens: 1533 / 64000 (2.4%)
   ✅ Context usage is healthy

  ✅ Step processed successfully: 1 action(s)

📍 Step 133: Processing node [inner_1] Inner Loop (Type: 1, Traveled: true, Finished: false)
  🧠 Selecting relevant nodes from Global Tree...
  🤖 Calling LLM (Attempt 1)...

📊 Token Statistics:
   Prompt length: 6130 characters
   Estimated tokens: 1533 / 64000 (2.4%)
   ✅ Context usage is healthy

  ✅ Step processed successfully: 1 action(s)

📍 Step 134: Processing node [inner_1] Inner Loop (Type: 1, Traveled: true, Finished: false)
  🧠 Selecting relevant nodes from Global Tree...
  🤖 Calling LLM (Attempt 1)...

📊 Token Statistics:
   Prompt length: 6130 characters
   Estimated tokens: 1533 / 64000 (2.4%)
   ✅ Context usage is healthy

  ✅ Step processed successfully: 1 action(s)

📍 Step 135: Processing node [inner_1] Inner Loop (Type: 1, Traveled: true, Finished: false)
  🧠 Selecting relevant nodes from Global Tree...
  🤖 Calling LLM (Attempt 1)...

📊 Token Statistics:
   Prompt length: 6130 characters
   Estimated tokens: 1533 / 64000 (2.4%)
   ✅ Context usage is healthy

  ✅ Step processed successfully: 1 action(s)

📍 Step 136: Processing node [inner_1] Inner Loop (Type: 1, Traveled: true, Finished: false)
  🧠 Selecting relevant nodes from Global Tree...
  🤖 Calling LLM (Attempt 1)...

📊 Token Statistics:
   Prompt length: 6130 characters
   Estimated tokens: 1533 / 64000 (2.4%)
   ✅ Context usage is healthy

  ✅ Step processed successfully: 1 action(s)

📍 Step 137: Processing node [inner_1] Inner Loop (Type: 1, Traveled: true, Finished: false)
  🧠 Selecting relevant nodes from Global Tree...
  🤖 Calling LLM (Attempt 1)...

📊 Token Statistics:
   Prompt length: 6130 characters
   Estimated tokens: 1533 / 64000 (2.4%)
   ✅ Context usage is healthy

  ✅ Step processed successfully: 1 action(s)

📍 Step 138: Processing node [inner_1] Inner Loop (Type: 1, Traveled: true, Finished: false)
  🧠 Selecting relevant nodes from Global Tree...
  🤖 Calling LLM (Attempt 1)...

📊 Token Statistics:
   Prompt length: 6130 characters
   Estimated tokens: 1533 / 64000 (2.4%)
   ✅ Context usage is healthy

  ✅ Step processed successfully: 1 action(s)

📍 Step 139: Processing node [inner_1] Inner Loop (Type: 1, Traveled: true, Finished: false)
  🧠 Selecting relevant nodes from Global Tree...
  🤖 Calling LLM (Attempt 1)...

📊 Token Statistics:
   Prompt length: 6130 characters
   Estimated tokens: 1533 / 64000 (2.4%)
   ✅ Context usage is healthy

  ✅ Step processed successfully: 1 action(s)

📍 Step 140: Processing node [inner_1] Inner Loop (Type: 1, Traveled: true, Finished: false)
  🧠 Selecting relevant nodes from Global Tree...
  🤖 Calling LLM (Attempt 1)...

📊 Token Statistics:
   Prompt length: 6130 characters
   Estimated tokens: 1533 / 64000 (2.4%)
   ✅ Context usage is healthy

  ✅ Step processed successfully: 1 action(s)

📍 Step 141: Processing node [inner_1] Inner Loop (Type: 1, Traveled: true, Finished: false)
  🧠 Selecting relevant nodes from Global Tree...
  🤖 Calling LLM (Attempt 1)...

📊 Token Statistics:
   Prompt length: 6130 characters
   Estimated tokens: 1533 / 64000 (2.4%)
   ✅ Context usage is healthy

  ✅ Step processed successfully: 1 action(s)

📍 Step 142: Processing node [inner_1] Inner Loop (Type: 1, Traveled: true, Finished: false)
  🧠 Selecting relevant nodes from Global Tree...
  🤖 Calling LLM (Attempt 1)...

📊 Token Statistics:
   Prompt length: 6130 characters
   Estimated tokens: 1533 / 64000 (2.4%)
   ✅ Context usage is healthy

  ✅ Step processed successfully: 1 action(s)

📍 Step 143: Processing node [inner_1] Inner Loop (Type: 1, Traveled: true, Finished: false)
  🧠 Selecting relevant nodes from Global Tree...
  🤖 Calling LLM (Attempt 1)...

📊 Token Statistics:
   Prompt length: 6130 characters
   Estimated tokens: 1533 / 64000 (2.4%)
   ✅ Context usage is healthy

  ✅ Step processed successfully: 1 action(s)

📍 Step 144: Processing node [inner_1] Inner Loop (Type: 1, Traveled: true, Finished: false)
  🧠 Selecting relevant nodes from Global Tree...
  🤖 Calling LLM (Attempt 1)...

📊 Token Statistics:
   Prompt length: 6130 characters
   Estimated tokens: 1533 / 64000 (2.4%)
   ✅ Context usage is healthy

  ✅ Step processed successfully: 1 action(s)

📍 Step 145: Processing node [inner_1] Inner Loop (Type: 1, Traveled: true, Finished: false)
  🧠 Selecting relevant nodes from Global Tree...
  🤖 Calling LLM (Attempt 1)...

📊 Token Statistics:
   Prompt length: 6130 characters
   Estimated tokens: 1533 / 64000 (2.4%)
   ✅ Context usage is healthy

  ✅ Step processed successfully: 1 action(s)

📍 Step 146: Processing node [inner_1] Inner Loop (Type: 1, Traveled: true, Finished: false)
  🧠 Selecting relevant nodes from Global Tree...
  🤖 Calling LLM (Attempt 1)...

📊 Token Statistics:
   Prompt length: 6130 characters
   Estimated tokens: 1533 / 64000 (2.4%)
   ✅ Context usage is healthy

  ✅ Step processed successfully: 1 action(s)

📍 Step 147: Processing node [inner_1] Inner Loop (Type: 1, Traveled: true, Finished: false)
  🧠 Selecting relevant nodes from Global Tree...
  🤖 Calling LLM (Attempt 1)...

📊 Token Statistics:
   Prompt length: 6130 characters
   Estimated tokens: 1533 / 64000 (2.4%)
   ✅ Context usage is healthy

  ✅ Step processed successfully: 1 action(s)

📍 Step 148: Processing node [inner_1] Inner Loop (Type: 1, Traveled: true, Finished: false)
  🧠 Selecting relevant nodes from Global Tree...
  🤖 Calling LLM (Attempt 1)...

📊 Token Statistics:
   Prompt length: 6130 characters
   Estimated tokens: 1533 / 64000 (2.4%)
   ✅ Context usage is healthy

  ✅ Step processed successfully: 1 action(s)

📍 Step 149: Processing node [inner_1] Inner Loop (Type: 1, Traveled: true, Finished: false)
  🧠 Selecting relevant nodes from Global Tree...
  🤖 Calling LLM (Attempt 1)...

📊 Token Statistics:
   Prompt length: 6130 characters
   Estimated tokens: 1533 / 64000 (2.4%)
   ✅ Context usage is healthy

  ✅ Step processed successfully: 1 action(s)

📍 Step 150: Processing node [inner_1] Inner Loop (Type: 1, Traveled: true, Finished: false)
  🧠 Selecting relevant nodes from Global Tree...
  🤖 Calling LLM (Attempt 1)...

📊 Token Statistics:
   Prompt length: 6130 characters
   Estimated tokens: 1533 / 64000 (2.4%)
   ✅ Context usage is healthy

  ✅ Step processed successfully: 1 action(s)

📍 Step 151: Processing node [inner_1] Inner Loop (Type: 1, Traveled: true, Finished: false)
  🧠 Selecting relevant nodes from Global Tree...
  🤖 Calling LLM (Attempt 1)...

📊 Token Statistics:
   Prompt length: 6130 characters
   Estimated tokens: 1533 / 64000 (2.4%)
   ✅ Context usage is healthy

  ✅ Step processed successfully: 1 action(s)

📍 Step 152: Processing node [inner_1] Inner Loop (Type: 1, Traveled: true, Finished: false)
  🧠 Selecting relevant nodes from Global Tree...
  🤖 Calling LLM (Attempt 1)...

📊 Token Statistics:
   Prompt length: 6130 characters
   Estimated tokens: 1533 / 64000 (2.4%)
   ✅ Context usage is healthy

  ✅ Step processed successfully: 1 action(s)

📍 Step 153: Processing node [inner_1] Inner Loop (Type: 1, Traveled: true, Finished: false)
  🧠 Selecting relevant nodes from Global Tree...
  🤖 Calling LLM (Attempt 1)...

📊 Token Statistics:
   Prompt length: 6130 characters
   Estimated tokens: 1533 / 64000 (2.4%)
   ✅ Context usage is healthy

  ✅ Step processed successfully: 1 action(s)

📍 Step 154: Processing node [inner_1] Inner Loop (Type: 1, Traveled: true, Finished: false)
  🧠 Selecting relevant nodes from Global Tree...
  🤖 Calling LLM (Attempt 1)...

📊 Token Statistics:
   Prompt length: 6130 characters
   Estimated tokens: 1533 / 64000 (2.4%)
   ✅ Context usage is healthy

  ✅ Step processed successfully: 1 action(s)

📍 Step 155: Processing node [inner_1] Inner Loop (Type: 1, Traveled: true, Finished: false)
  🧠 Selecting relevant nodes from Global Tree...
  🤖 Calling LLM (Attempt 1)...

📊 Token Statistics:
   Prompt length: 6130 characters
   Estimated tokens: 1533 / 64000 (2.4%)
   ✅ Context usage is healthy

  ✅ Step processed successfully: 1 action(s)

📍 Step 156: Processing node [inner_1] Inner Loop (Type: 1, Traveled: true, Finished: false)
  🧠 Selecting relevant nodes from Global Tree...
  🤖 Calling LLM (Attempt 1)...

📊 Token Statistics:
   Prompt length: 6130 characters
   Estimated tokens: 1533 / 64000 (2.4%)
   ✅ Context usage is healthy

  ✅ Step processed successfully: 1 action(s)

📍 Step 157: Processing node [inner_1] Inner Loop (Type: 1, Traveled: true, Finished: false)
  🧠 Selecting relevant nodes from Global Tree...
  🤖 Calling LLM (Attempt 1)...

📊 Token Statistics:
   Prompt length: 6130 characters
   Estimated tokens: 1533 / 64000 (2.4%)
   ✅ Context usage is healthy

  ✅ Step processed successfully: 1 action(s)

📍 Step 158: Processing node [inner_1] Inner Loop (Type: 1, Traveled: true, Finished: false)
  🧠 Selecting relevant nodes from Global Tree...
  🤖 Calling LLM (Attempt 1)...

📊 Token Statistics:
   Prompt length: 6130 characters
   Estimated tokens: 1533 / 64000 (2.4%)
   ✅ Context usage is healthy

  ✅ Step processed successfully: 1 action(s)

📍 Step 159: Processing node [inner_1] Inner Loop (Type: 1, Traveled: true, Finished: false)
  🧠 Selecting relevant nodes from Global Tree...
  🤖 Calling LLM (Attempt 1)...

📊 Token Statistics:
   Prompt length: 6130 characters
   Estimated tokens: 1533 / 64000 (2.4%)
   ✅ Context usage is healthy

  ✅ Step processed successfully: 1 action(s)

📍 Step 160: Processing node [inner_1] Inner Loop (Type: 1, Traveled: true, Finished: false)
  🧠 Selecting relevant nodes from Global Tree...
  🤖 Calling LLM (Attempt 1)...

📊 Token Statistics:
   Prompt length: 6130 characters
   Estimated tokens: 1533 / 64000 (2.4%)
   ✅ Context usage is healthy

  ✅ Step processed successfully: 1 action(s)

📍 Step 161: Processing node [inner_1] Inner Loop (Type: 1, Traveled: true, Finished: false)
  🧠 Selecting relevant nodes from Global Tree...
  🤖 Calling LLM (Attempt 1)...

📊 Token Statistics:
   Prompt length: 6130 characters
   Estimated tokens: 1533 / 64000 (2.4%)
   ✅ Context usage is healthy

  ✅ Step processed successfully: 1 action(s)

📍 Step 162: Processing node [inner_1] Inner Loop (Type: 1, Traveled: true, Finished: false)
  🧠 Selecting relevant nodes from Global Tree...
  🤖 Calling LLM (Attempt 1)...

📊 Token Statistics:
   Prompt length: 6130 characters
   Estimated tokens: 1533 / 64000 (2.4%)
   ✅ Context usage is healthy

  ✅ Step processed successfully: 1 action(s)

📍 Step 163: Processing node [inner_1] Inner Loop (Type: 1, Traveled: true, Finished: false)
  🧠 Selecting relevant nodes from Global Tree...
  🤖 Calling LLM (Attempt 1)...

📊 Token Statistics:
   Prompt length: 6130 characters
   Estimated tokens: 1533 / 64000 (2.4%)
   ✅ Context usage is healthy

  ✅ Step processed successfully: 1 action(s)

📍 Step 164: Processing node [inner_1] Inner Loop (Type: 1, Traveled: true, Finished: false)
  🧠 Selecting relevant nodes from Global Tree...
  🤖 Calling LLM (Attempt 1)...

📊 Token Statistics:
   Prompt length: 6130 characters
   Estimated tokens: 1533 / 64000 (2.4%)
   ✅ Context usage is healthy

  ✅ Step processed successfully: 1 action(s)

📍 Step 165: Processing node [inner_1] Inner Loop (Type: 1, Traveled: true, Finished: false)
  🧠 Selecting relevant nodes from Global Tree...
  🤖 Calling LLM (Attempt 1)...

📊 Token Statistics:
   Prompt length: 6130 characters
   Estimated tokens: 1533 / 64000 (2.4%)
   ✅ Context usage is healthy

  ✅ Step processed successfully: 1 action(s)

📍 Step 166: Processing node [inner_1] Inner Loop (Type: 1, Traveled: true, Finished: false)
  🧠 Selecting relevant nodes from Global Tree...
  🤖 Calling LLM (Attempt 1)...

📊 Token Statistics:
   Prompt length: 6130 characters
   Estimated tokens: 1533 / 64000 (2.4%)
   ✅ Context usage is healthy

  ✅ Step processed successfully: 1 action(s)

📍 Step 167: Processing node [inner_1] Inner Loop (Type: 1, Traveled: true, Finished: false)
  🧠 Selecting relevant nodes from Global Tree...
  🤖 Calling LLM (Attempt 1)...

📊 Token Statistics:
   Prompt length: 6130 characters
   Estimated tokens: 1533 / 64000 (2.4%)
   ✅ Context usage is healthy

  ✅ Step processed successfully: 1 action(s)

📍 Step 168: Processing node [inner_1] Inner Loop (Type: 1, Traveled: true, Finished: false)
  🧠 Selecting relevant nodes from Global Tree...
  🤖 Calling LLM (Attempt 1)...

📊 Token Statistics:
   Prompt length: 6130 characters
   Estimated tokens: 1533 / 64000 (2.4%)
   ✅ Context usage is healthy

  ✅ Step processed successfully: 1 action(s)

📍 Step 169: Processing node [inner_1] Inner Loop (Type: 1, Traveled: true, Finished: false)
  🧠 Selecting relevant nodes from Global Tree...
  🤖 Calling LLM (Attempt 1)...

📊 Token Statistics:
   Prompt length: 6130 characters
   Estimated tokens: 1533 / 64000 (2.4%)
   ✅ Context usage is healthy

  ✅ Step processed successfully: 1 action(s)

📍 Step 170: Processing node [inner_1] Inner Loop (Type: 1, Traveled: true, Finished: false)
  🧠 Selecting relevant nodes from Global Tree...
  🤖 Calling LLM (Attempt 1)...

📊 Token Statistics:
   Prompt length: 6130 characters
   Estimated tokens: 1533 / 64000 (2.4%)
   ✅ Context usage is healthy

  ✅ Step processed successfully: 1 action(s)

📍 Step 171: Processing node [inner_1] Inner Loop (Type: 1, Traveled: true, Finished: false)
  🧠 Selecting relevant nodes from Global Tree...
  🤖 Calling LLM (Attempt 1)...

📊 Token Statistics:
   Prompt length: 6130 characters
   Estimated tokens: 1533 / 64000 (2.4%)
   ✅ Context usage is healthy

  ✅ Step processed successfully: 1 action(s)

📍 Step 172: Processing node [inner_1] Inner Loop (Type: 1, Traveled: true, Finished: false)
  🧠 Selecting relevant nodes from Global Tree...
  🤖 Calling LLM (Attempt 1)...

📊 Token Statistics:
   Prompt length: 6130 characters
   Estimated tokens: 1533 / 64000 (2.4%)
   ✅ Context usage is healthy

  ✅ Step processed successfully: 1 action(s)

📍 Step 173: Processing node [inner_1] Inner Loop (Type: 1, Traveled: true, Finished: false)
  🧠 Selecting relevant nodes from Global Tree...
  🤖 Calling LLM (Attempt 1)...

📊 Token Statistics:
   Prompt length: 6130 characters
   Estimated tokens: 1533 / 64000 (2.4%)
   ✅ Context usage is healthy

  ✅ Step processed successfully: 1 action(s)

📍 Step 174: Processing node [inner_1] Inner Loop (Type: 1, Traveled: true, Finished: false)
  🧠 Selecting relevant nodes from Global Tree...
  🤖 Calling LLM (Attempt 1)...

📊 Token Statistics:
   Prompt length: 6130 characters
   Estimated tokens: 1533 / 64000 (2.4%)
   ✅ Context usage is healthy

  ✅ Step processed successfully: 1 action(s)

📍 Step 175: Processing node [inner_1] Inner Loop (Type: 1, Traveled: true, Finished: false)
  🧠 Selecting relevant nodes from Global Tree...
  🤖 Calling LLM (Attempt 1)...

📊 Token Statistics:
   Prompt length: 6130 characters
   Estimated tokens: 1533 / 64000 (2.4%)
   ✅ Context usage is healthy

  ✅ Step processed successfully: 1 action(s)

📍 Step 176: Processing node [inner_1] Inner Loop (Type: 1, Traveled: true, Finished: false)
  🧠 Selecting relevant nodes from Global Tree...
  🤖 Calling LLM (Attempt 1)...

📊 Token Statistics:
   Prompt length: 6130 characters
   Estimated tokens: 1533 / 64000 (2.4%)
   ✅ Context usage is healthy

  ✅ Step processed successfully: 1 action(s)

📍 Step 177: Processing node [inner_1] Inner Loop (Type: 1, Traveled: true, Finished: false)
  🧠 Selecting relevant nodes from Global Tree...
  🤖 Calling LLM (Attempt 1)...

📊 Token Statistics:
   Prompt length: 6130 characters
   Estimated tokens: 1533 / 64000 (2.4%)
   ✅ Context usage is healthy

  ✅ Step processed successfully: 1 action(s)

📍 Step 178: Processing node [inner_1] Inner Loop (Type: 1, Traveled: true, Finished: false)
  🧠 Selecting relevant nodes from Global Tree...
  🤖 Calling LLM (Attempt 1)...

📊 Token Statistics:
   Prompt length: 6130 characters
   Estimated tokens: 1533 / 64000 (2.4%)
   ✅ Context usage is healthy

  ✅ Step processed successfully: 1 action(s)

📍 Step 179: Processing node [inner_1] Inner Loop (Type: 1, Traveled: true, Finished: false)
  🧠 Selecting relevant nodes from Global Tree...
  🤖 Calling LLM (Attempt 1)...

📊 Token Statistics:
   Prompt length: 6130 characters
   Estimated tokens: 1533 / 64000 (2.4%)
   ✅ Context usage is healthy

  ✅ Step processed successfully: 1 action(s)

📍 Step 180: Processing node [inner_1] Inner Loop (Type: 1, Traveled: true, Finished: false)
  🧠 Selecting relevant nodes from Global Tree...
  🤖 Calling LLM (Attempt 1)...

📊 Token Statistics:
   Prompt length: 6130 characters
   Estimated tokens: 1533 / 64000 (2.4%)
   ✅ Context usage is healthy

  ✅ Step processed successfully: 1 action(s)

📍 Step 181: Processing node [inner_1] Inner Loop (Type: 1, Traveled: true, Finished: false)
  🧠 Selecting relevant nodes from Global Tree...
  🤖 Calling LLM (Attempt 1)...

📊 Token Statistics:
   Prompt length: 6130 characters
   Estimated tokens: 1533 / 64000 (2.4%)
   ✅ Context usage is healthy

  ✅ Step processed successfully: 1 action(s)

📍 Step 182: Processing node [inner_1] Inner Loop (Type: 1, Traveled: true, Finished: false)
  🧠 Selecting relevant nodes from Global Tree...
  🤖 Calling LLM (Attempt 1)...

📊 Token Statistics:
   Prompt length: 6130 characters
   Estimated tokens: 1533 / 64000 (2.4%)
   ✅ Context usage is healthy

  ✅ Step processed successfully: 1 action(s)

📍 Step 183: Processing node [inner_1] Inner Loop (Type: 1, Traveled: true, Finished: false)
  🧠 Selecting relevant nodes from Global Tree...
  🤖 Calling LLM (Attempt 1)...

📊 Token Statistics:
   Prompt length: 6130 characters
   Estimated tokens: 1533 / 64000 (2.4%)
   ✅ Context usage is healthy

  ✅ Step processed successfully: 1 action(s)

📍 Step 184: Processing node [inner_1] Inner Loop (Type: 1, Traveled: true, Finished: false)
  🧠 Selecting relevant nodes from Global Tree...
  🤖 Calling LLM (Attempt 1)...

📊 Token Statistics:
   Prompt length: 6130 characters
   Estimated tokens: 1533 / 64000 (2.4%)
   ✅ Context usage is healthy

  ✅ Step processed successfully: 1 action(s)

📍 Step 185: Processing node [inner_1] Inner Loop (Type: 1, Traveled: true, Finished: false)
  🧠 Selecting relevant nodes from Global Tree...
  🤖 Calling LLM (Attempt 1)...

📊 Token Statistics:
   Prompt length: 6130 characters
   Estimated tokens: 1533 / 64000 (2.4%)
   ✅ Context usage is healthy

  ✅ Step processed successfully: 1 action(s)

📍 Step 186: Processing node [inner_1] Inner Loop (Type: 1, Traveled: true, Finished: false)
  🧠 Selecting relevant nodes from Global Tree...
  🤖 Calling LLM (Attempt 1)...

📊 Token Statistics:
   Prompt length: 6130 characters
   Estimated tokens: 1533 / 64000 (2.4%)
   ✅ Context usage is healthy

  ✅ Step processed successfully: 1 action(s)

📍 Step 187: Processing node [inner_1] Inner Loop (Type: 1, Traveled: true, Finished: false)
  🧠 Selecting relevant nodes from Global Tree...
  🤖 Calling LLM (Attempt 1)...

📊 Token Statistics:
   Prompt length: 6130 characters
   Estimated tokens: 1533 / 64000 (2.4%)
   ✅ Context usage is healthy

  ✅ Step processed successfully: 1 action(s)

📍 Step 188: Processing node [inner_1] Inner Loop (Type: 1, Traveled: true, Finished: false)
  🧠 Selecting relevant nodes from Global Tree...
  🤖 Calling LLM (Attempt 1)...

📊 Token Statistics:
   Prompt length: 6130 characters
   Estimated tokens: 1533 / 64000 (2.4%)
   ✅ Context usage is healthy

  ✅ Step processed successfully: 1 action(s)

📍 Step 189: Processing node [inner_1] Inner Loop (Type: 1, Traveled: true, Finished: false)
  🧠 Selecting relevant nodes from Global Tree...
  🤖 Calling LLM (Attempt 1)...

📊 Token Statistics:
   Prompt length: 6130 characters
   Estimated tokens: 1533 / 64000 (2.4%)
   ✅ Context usage is healthy

  ✅ Step processed successfully: 1 action(s)

📍 Step 190: Processing node [inner_1] Inner Loop (Type: 1, Traveled: true, Finished: false)
  🧠 Selecting relevant nodes from Global Tree...
  🤖 Calling LLM (Attempt 1)...

📊 Token Statistics:
   Prompt length: 6130 characters
   Estimated tokens: 1533 / 64000 (2.4%)
   ✅ Context usage is healthy

  ✅ Step processed successfully: 1 action(s)

📍 Step 191: Processing node [inner_1] Inner Loop (Type: 1, Traveled: true, Finished: false)
  🧠 Selecting relevant nodes from Global Tree...
  🤖 Calling LLM (Attempt 1)...

📊 Token Statistics:
   Prompt length: 6130 characters
   Estimated tokens: 1533 / 64000 (2.4%)
   ✅ Context usage is healthy

  ✅ Step processed successfully: 1 action(s)

📍 Step 192: Processing node [inner_1] Inner Loop (Type: 1, Traveled: true, Finished: false)
  🧠 Selecting relevant nodes from Global Tree...
  🤖 Calling LLM (Attempt 1)...

📊 Token Statistics:
   Prompt length: 6130 characters
   Estimated tokens: 1533 / 64000 (2.4%)
   ✅ Context usage is healthy

  ✅ Step processed successfully: 1 action(s)

📍 Step 193: Processing node [inner_1] Inner Loop (Type: 1, Traveled: true, Finished: false)
  🧠 Selecting relevant nodes from Global Tree...
  🤖 Calling LLM (Attempt 1)...

📊 Token Statistics:
   Prompt length: 6130 characters
   Estimated tokens: 1533 / 64000 (2.4%)
   ✅ Context usage is healthy

  ✅ Step processed successfully: 1 action(s)

📍 Step 194: Processing node [inner_1] Inner Loop (Type: 1, Traveled: true, Finished: false)
  🧠 Selecting relevant nodes from Global Tree...
  🤖 Calling LLM (Attempt 1)...

📊 Token Statistics:
   Prompt length: 6130 characters
   Estimated tokens: 1533 / 64000 (2.4%)
   ✅ Context usage is healthy

  ✅ Step processed successfully: 1 action(s)

📍 Step 195: Processing node [inner_1] Inner Loop (Type: 1, Traveled: true, Finished: false)
  🧠 Selecting relevant nodes from Global Tree...
  🤖 Calling LLM (Attempt 1)...

📊 Token Statistics:
   Prompt length: 6130 characters
   Estimated tokens: 1533 / 64000 (2.4%)
   ✅ Context usage is healthy

  ✅ Step processed successfully: 1 action(s)

📍 Step 196: Processing node [inner_1] Inner Loop (Type: 1, Traveled: true, Finished: false)
  🧠 Selecting relevant nodes from Global Tree...
  🤖 Calling LLM (Attempt 1)...

📊 Token Statistics:
   Prompt length: 6130 characters
   Estimated tokens: 1533 / 64000 (2.4%)
   ✅ Context usage is healthy

  ✅ Step processed successfully: 1 action(s)

📍 Step 197: Processing node [inner_1] Inner Loop (Type: 1, Traveled: true, Finished: false)
  🧠 Selecting relevant nodes from Global Tree...
  🤖 Calling LLM (Attempt 1)...

📊 Token Statistics:
   Prompt length: 6130 characters
   Estimated tokens: 1533 / 64000 (2.4%)
   ✅ Context usage is healthy

  ✅ Step processed successfully: 1 action(s)

📍 Step 198: Processing node [inner_1] Inner Loop (Type: 1, Traveled: true, Finished: false)
  🧠 Selecting relevant nodes from Global Tree...
  🤖 Calling LLM (Attempt 1)...

📊 Token Statistics:
   Prompt length: 6130 characters
   Estimated tokens: 1533 / 64000 (2.4%)
   ✅ Context usage is healthy

  ✅ Step processed successfully: 1 action(s)

📍 Step 199: Processing node [inner_1] Inner Loop (Type: 1, Traveled: true, Finished: false)
  🧠 Selecting relevant nodes from Global Tree...
  🤖 Calling LLM (Attempt 1)...

📊 Token Statistics:
   Prompt length: 6130 characters
   Estimated tokens: 1533 / 64000 (2.4%)
   ✅ Context usage is healthy

  ✅ Step processed successfully: 1 action(s)

📍 Step 200: Processing node [inner_1] Inner Loop (Type: 1, Traveled: true, Finished: false)
  🧠 Selecting relevant nodes from Global Tree...
  🤖 Calling LLM (Attempt 1)...

📊 Token Statistics:
   Prompt length: 6130 characters
   Estimated tokens: 1533 / 64000 (2.4%)
   ✅ Context usage is healthy

  ✅ Step processed successfully: 1 action(s)

📍 Step 201: Processing node [inner_1] Inner Loop (Type: 1, Traveled: true, Finished: false)
  🧠 Selecting relevant nodes from Global Tree...
  🤖 Calling LLM (Attempt 1)...

📊 Token Statistics:
   Prompt length: 6130 characters
   Estimated tokens: 1533 / 64000 (2.4%)
   ✅ Context usage is healthy

  ✅ Step processed successfully: 1 action(s)

📍 Step 202: Processing node [inner_1] Inner Loop (Type: 1, Traveled: true, Finished: false)
  🧠 Selecting relevant nodes from Global Tree...
  🤖 Calling LLM (Attempt 1)...

📊 Token Statistics:
   Prompt length: 6130 characters
   Estimated tokens: 1533 / 64000 (2.4%)
   ✅ Context usage is healthy

  ✅ Step processed successfully: 1 action(s)

📍 Step 203: Processing node [inner_1] Inner Loop (Type: 1, Traveled: true, Finished: false)
  🧠 Selecting relevant nodes from Global Tree...
  🤖 Calling LLM (Attempt 1)...

📊 Token Statistics:
   Prompt length: 6130 characters
   Estimated tokens: 1533 / 64000 (2.4%)
   ✅ Context usage is healthy

  ✅ Step processed successfully: 1 action(s)

📍 Step 204: Processing node [inner_1] Inner Loop (Type: 1, Traveled: true, Finished: false)
  🧠 Selecting relevant nodes from Global Tree...
  🤖 Calling LLM (Attempt 1)...

📊 Token Statistics:
   Prompt length: 6130 characters
   Estimated tokens: 1533 / 64000 (2.4%)
   ✅ Context usage is healthy

  ✅ Step processed successfully: 1 action(s)

📍 Step 205: Processing node [inner_1] Inner Loop (Type: 1, Traveled: true, Finished: false)
  🧠 Selecting relevant nodes from Global Tree...
  🤖 Calling LLM (Attempt 1)...

📊 Token Statistics:
   Prompt length: 6130 characters
   Estimated tokens: 1533 / 64000 (2.4%)
   ✅ Context usage is healthy

  ✅ Step processed successfully: 1 action(s)

📍 Step 206: Processing node [inner_1] Inner Loop (Type: 1, Traveled: true, Finished: false)
  🧠 Selecting relevant nodes from Global Tree...
  🤖 Calling LLM (Attempt 1)...

📊 Token Statistics:
   Prompt length: 6130 characters
   Estimated tokens: 1533 / 64000 (2.4%)
   ✅ Context usage is healthy

  ✅ Step processed successfully: 1 action(s)

📍 Step 207: Processing node [inner_1] Inner Loop (Type: 1, Traveled: true, Finished: false)
  🧠 Selecting relevant nodes from Global Tree...
  🤖 Calling LLM (Attempt 1)...

📊 Token Statistics:
   Prompt length: 6130 characters
   Estimated tokens: 1533 / 64000 (2.4%)
   ✅ Context usage is healthy

  ✅ Step processed successfully: 1 action(s)

📍 Step 208: Processing node [inner_1] Inner Loop (Type: 1, Traveled: true, Finished: false)
  🧠 Selecting relevant nodes from Global Tree...
  🤖 Calling LLM (Attempt 1)...

📊 Token Statistics:
   Prompt length: 6130 characters
   Estimated tokens: 1533 / 64000 (2.4%)
   ✅ Context usage is healthy

  ✅ Step processed successfully: 1 action(s)

📍 Step 209: Processing node [inner_1] Inner Loop (Type: 1, Traveled: true, Finished: false)
  🧠 Selecting relevant nodes from Global Tree...
  🤖 Calling LLM (Attempt 1)...

📊 Token Statistics:
   Prompt length: 6130 characters
   Estimated tokens: 1533 / 64000 (2.4%)
   ✅ Context usage is healthy

  ✅ Step processed successfully: 1 action(s)

📍 Step 210: Processing node [inner_1] Inner Loop (Type: 1, Traveled: true, Finished: false)
  🧠 Selecting relevant nodes from Global Tree...
  🤖 Calling LLM (Attempt 1)...

📊 Token Statistics:
   Prompt length: 6130 characters
   Estimated tokens: 1533 / 64000 (2.4%)
   ✅ Context usage is healthy

  ✅ Step processed successfully: 1 action(s)

📍 Step 211: Processing node [inner_1] Inner Loop (Type: 1, Traveled: true, Finished: false)
  🧠 Selecting relevant nodes from Global Tree...
  🤖 Calling LLM (Attempt 1)...

📊 Token Statistics:
   Prompt length: 6130 characters
   Estimated tokens: 1533 / 64000 (2.4%)
   ✅ Context usage is healthy

  ✅ Step processed successfully: 1 action(s)

📍 Step 212: Processing node [inner_1] Inner Loop (Type: 1, Traveled: true, Finished: false)
  🧠 Selecting relevant nodes from Global Tree...
  🤖 Calling LLM (Attempt 1)...

📊 Token Statistics:
   Prompt length: 6130 characters
   Estimated tokens: 1533 / 64000 (2.4%)
   ✅ Context usage is healthy

  ✅ Step processed successfully: 1 action(s)

📍 Step 213: Processing node [inner_1] Inner Loop (Type: 1, Traveled: true, Finished: false)
  🧠 Selecting relevant nodes from Global Tree...
  🤖 Calling LLM (Attempt 1)...

📊 Token Statistics:
   Prompt length: 6130 characters
   Estimated tokens: 1533 / 64000 (2.4%)
   ✅ Context usage is healthy

  ✅ Step processed successfully: 1 action(s)

📍 Step 214: Processing node [inner_1] Inner Loop (Type: 1, Traveled: true, Finished: false)
  🧠 Selecting relevant nodes from Global Tree...
  🤖 Calling LLM (Attempt 1)...

📊 Token Statistics:
   Prompt length: 6130 characters
   Estimated tokens: 1533 / 64000 (2.4%)
   ✅ Context usage is healthy

  ✅ Step processed successfully: 1 action(s)

📍 Step 215: Processing node [inner_1] Inner Loop (Type: 1, Traveled: true, Finished: false)
  🧠 Selecting relevant nodes from Global Tree...
  🤖 Calling LLM (Attempt 1)...

📊 Token Statistics:
   Prompt length: 6130 characters
   Estimated tokens: 1533 / 64000 (2.4%)
   ✅ Context usage is healthy

  ✅ Step processed successfully: 1 action(s)

📍 Step 216: Processing node [inner_1] Inner Loop (Type: 1, Traveled: true, Finished: false)
  🧠 Selecting relevant nodes from Global Tree...
  🤖 Calling LLM (Attempt 1)...

📊 Token Statistics:
   Prompt length: 6130 characters
   Estimated tokens: 1533 / 64000 (2.4%)
   ✅ Context usage is healthy

  ✅ Step processed successfully: 1 action(s)

📍 Step 217: Processing node [inner_1] Inner Loop (Type: 1, Traveled: true, Finished: false)
  🧠 Selecting relevant nodes from Global Tree...
  🤖 Calling LLM (Attempt 1)...

📊 Token Statistics:
   Prompt length: 6130 characters
   Estimated tokens: 1533 / 64000 (2.4%)
   ✅ Context usage is healthy

  ✅ Step processed successfully: 1 action(s)

📍 Step 218: Processing node [inner_1] Inner Loop (Type: 1, Traveled: true, Finished: false)
  🧠 Selecting relevant nodes from Global Tree...
  🤖 Calling LLM (Attempt 1)...

📊 Token Statistics:
   Prompt length: 6130 characters
   Estimated tokens: 1533 / 64000 (2.4%)
   ✅ Context usage is healthy

  ✅ Step processed successfully: 1 action(s)

📍 Step 219: Processing node [inner_1] Inner Loop (Type: 1, Traveled: true, Finished: false)
  🧠 Selecting relevant nodes from Global Tree...
  🤖 Calling LLM (Attempt 1)...

📊 Token Statistics:
   Prompt length: 6130 characters
   Estimated tokens: 1533 / 64000 (2.4%)
   ✅ Context usage is healthy

  ✅ Step processed successfully: 1 action(s)

📍 Step 220: Processing node [inner_1] Inner Loop (Type: 1, Traveled: true, Finished: false)
  🧠 Selecting relevant nodes from Global Tree...
  🤖 Calling LLM (Attempt 1)...

📊 Token Statistics:
   Prompt length: 6130 characters
   Estimated tokens: 1533 / 64000 (2.4%)
   ✅ Context usage is healthy

  ✅ Step processed successfully: 1 action(s)

📍 Step 221: Processing node [inner_1] Inner Loop (Type: 1, Traveled: true, Finished: false)
  🧠 Selecting relevant nodes from Global Tree...
  🤖 Calling LLM (Attempt 1)...

📊 Token Statistics:
   Prompt length: 6130 characters
   Estimated tokens: 1533 / 64000 (2.4%)
   ✅ Context usage is healthy

  ✅ Step processed successfully: 1 action(s)

📍 Step 222: Processing node [inner_1] Inner Loop (Type: 1, Traveled: true, Finished: false)
  🧠 Selecting relevant nodes from Global Tree...
  🤖 Calling LLM (Attempt 1)...

📊 Token Statistics:
   Prompt length: 6130 characters
   Estimated tokens: 1533 / 64000 (2.4%)
   ✅ Context usage is healthy

  ✅ Step processed successfully: 1 action(s)

📍 Step 223: Processing node [inner_1] Inner Loop (Type: 1, Traveled: true, Finished: false)
  🧠 Selecting relevant nodes from Global Tree...
  🤖 Calling LLM (Attempt 1)...

📊 Token Statistics:
   Prompt length: 6130 characters
   Estimated tokens: 1533 / 64000 (2.4%)
   ✅ Context usage is healthy

  ✅ Step processed successfully: 1 action(s)

📍 Step 224: Processing node [inner_1] Inner Loop (Type: 1, Traveled: true, Finished: false)
  🧠 Selecting relevant nodes from Global Tree...
  🤖 Calling LLM (Attempt 1)...

📊 Token Statistics:
   Prompt length: 6130 characters
   Estimated tokens: 1533 / 64000 (2.4%)
   ✅ Context usage is healthy

  ✅ Step processed successfully: 1 action(s)

📍 Step 225: Processing node [inner_1] Inner Loop (Type: 1, Traveled: true, Finished: false)
  🧠 Selecting relevant nodes from Global Tree...
  🤖 Calling LLM (Attempt 1)...

📊 Token Statistics:
   Prompt length: 6130 characters
   Estimated tokens: 1533 / 64000 (2.4%)
   ✅ Context usage is healthy

  ✅ Step processed successfully: 1 action(s)

📍 Step 226: Processing node [inner_1] Inner Loop (Type: 1, Traveled: true, Finished: false)
  🧠 Selecting relevant nodes from Global Tree...
  🤖 Calling LLM (Attempt 1)...

📊 Token Statistics:
   Prompt length: 6130 characters
   Estimated tokens: 1533 / 64000 (2.4%)
   ✅ Context usage is healthy

  ✅ Step processed successfully: 1 action(s)

📍 Step 227: Processing node [inner_1] Inner Loop (Type: 1, Traveled: true, Finished: false)
  🧠 Selecting relevant nodes from Global Tree...
  🤖 Calling LLM (Attempt 1)...

📊 Token Statistics:
   Prompt length: 6130 characters
   Estimated tokens: 1533 / 64000 (2.4%)
   ✅ Context usage is healthy

  ✅ Step processed successfully: 1 action(s)

📍 Step 228: Processing node [inner_1] Inner Loop (Type: 1, Traveled: true, Finished: false)
  🧠 Selecting relevant nodes from Global Tree...
  🤖 Calling LLM (Attempt 1)...

📊 Token Statistics:
   Prompt length: 6130 characters
   Estimated tokens: 1533 / 64000 (2.4%)
   ✅ Context usage is healthy

  ✅ Step processed successfully: 1 action(s)

📍 Step 229: Processing node [inner_1] Inner Loop (Type: 1, Traveled: true, Finished: false)
  🧠 Selecting relevant nodes from Global Tree...
  🤖 Calling LLM (Attempt 1)...

📊 Token Statistics:
   Prompt length: 6130 characters
   Estimated tokens: 1533 / 64000 (2.4%)
   ✅ Context usage is healthy

  ✅ Step processed successfully: 1 action(s)

📍 Step 230: Processing node [inner_1] Inner Loop (Type: 1, Traveled: true, Finished: false)
  🧠 Selecting relevant nodes from Global Tree...
  🤖 Calling LLM (Attempt 1)...

📊 Token Statistics:
   Prompt length: 6130 characters
   Estimated tokens: 1533 / 64000 (2.4%)
   ✅ Context usage is healthy

  ✅ Step processed successfully: 1 action(s)

📍 Step 231: Processing node [inner_1] Inner Loop (Type: 1, Traveled: true, Finished: false)
  🧠 Selecting relevant nodes from Global Tree...
  🤖 Calling LLM (Attempt 1)...

📊 Token Statistics:
   Prompt length: 6130 characters
   Estimated tokens: 1533 / 64000 (2.4%)
   ✅ Context usage is healthy

  ✅ Step processed successfully: 1 action(s)

📍 Step 232: Processing node [inner_1] Inner Loop (Type: 1, Traveled: true, Finished: false)
  🧠 Selecting relevant nodes from Global Tree...
  🤖 Calling LLM (Attempt 1)...

📊 Token Statistics:
   Prompt length: 6130 characters
   Estimated tokens: 1533 / 64000 (2.4%)
   ✅ Context usage is healthy

  ✅ Step processed successfully: 1 action(s)

📍 Step 233: Processing node [inner_1] Inner Loop (Type: 1, Traveled: true, Finished: false)
  🧠 Selecting relevant nodes from Global Tree...
  🤖 Calling LLM (Attempt 1)...

📊 Token Statistics:
   Prompt length: 6130 characters
   Estimated tokens: 1533 / 64000 (2.4%)
   ✅ Context usage is healthy

  ✅ Step processed successfully: 1 action(s)

📍 Step 234: Processing node [inner_1] Inner Loop (Type: 1, Traveled: true, Finished: false)
  🧠 Selecting relevant nodes from Global Tree...
  🤖 Calling LLM (Attempt 1)...

📊 Token Statistics:
   Prompt length: 6130 characters
   Estimated tokens: 1533 / 64000 (2.4%)
   ✅ Context usage is healthy

  ✅ Step processed successfully: 1 action(s)

📍 Step 235: Processing node [inner_1] Inner Loop (Type: 1, Traveled: true, Finished: false)
  🧠 Selecting relevant nodes from Global Tree...
  🤖 Calling LLM (Attempt 1)...

📊 Token Statistics:
   Prompt length: 6130 characters
   Estimated tokens: 1533 / 64000 (2.4%)
   ✅ Context usage is healthy

  ✅ Step processed successfully: 1 action(s)

📍 Step 236: Processing node [inner_1] Inner Loop (Type: 1, Traveled: true, Finished: false)
  🧠 Selecting relevant nodes from Global Tree...
  🤖 Calling LLM (Attempt 1)...

📊 Token Statistics:
   Prompt length: 6130 characters
   Estimated tokens: 1533 / 64000 (2.4%)
   ✅ Context usage is healthy

  ✅ Step processed successfully: 1 action(s)

📍 Step 237: Processing node [inner_1] Inner Loop (Type: 1, Traveled: true, Finished: false)
  🧠 Selecting relevant nodes from Global Tree...
  🤖 Calling LLM (Attempt 1)...

📊 Token Statistics:
   Prompt length: 6130 characters
   Estimated tokens: 1533 / 64000 (2.4%)
   ✅ Context usage is healthy

  ✅ Step processed successfully: 1 action(s)

📍 Step 238: Processing node [inner_1] Inner Loop (Type: 1, Traveled: true, Finished: false)
  🧠 Selecting relevant nodes from Global Tree...
  🤖 Calling LLM (Attempt 1)...

📊 Token Statistics:
   Prompt length: 6130 characters
   Estimated tokens: 1533 / 64000 (2.4%)
   ✅ Context usage is healthy

  ✅ Step processed successfully: 1 action(s)

📍 Step 239: Processing node [inner_1] Inner Loop (Type: 1, Traveled: true, Finished: false)
  🧠 Selecting relevant nodes from Global Tree...
  🤖 Calling LLM (Attempt 1)...

📊 Token Statistics:
   Prompt length: 6130 characters
   Estimated tokens: 1533 / 64000 (2.4%)
   ✅ Context usage is healthy

  ✅ Step processed successfully: 1 action(s)

📍 Step 240: Processing node [inner_1] Inner Loop (Type: 1, Traveled: true, Finished: false)
  🧠 Selecting relevant nodes from Global Tree...
  🤖 Calling LLM (Attempt 1)...

📊 Token Statistics:
   Prompt length: 6130 characters
   Estimated tokens: 1533 / 64000 (2.4%)
   ✅ Context usage is healthy

  ✅ Step processed successfully: 1 action(s)

📍 Step 241: Processing node [inner_1] Inner Loop (Type: 1, Traveled: true, Finished: false)
  🧠 Selecting relevant nodes from Global Tree...
  🤖 Calling LLM (Attempt 1)...

📊 Token Statistics:
   Prompt length: 6130 characters
   Estimated tokens: 1533 / 64000 (2.4%)
   ✅ Context usage is healthy

  ✅ Step processed successfully: 1 action(s)

📍 Step 242: Processing node [inner_1] Inner Loop (Type: 1, Traveled: true, Finished: false)
  🧠 Selecting relevant nodes from Global Tree...
  🤖 Calling LLM (Attempt 1)...

📊 Token Statistics:
   Prompt length: 6130 characters
   Estimated tokens: 1533 / 64000 (2.4%)
   ✅ Context usage is healthy

  ✅ Step processed successfully: 1 action(s)

📍 Step 243: Processing node [inner_1] Inner Loop (Type: 1, Traveled: true, Finished: false)
  🧠 Selecting relevant nodes from Global Tree...
  🤖 Calling LLM (Attempt 1)...

📊 Token Statistics:
   Prompt length: 6130 characters
   Estimated tokens: 1533 / 64000 (2.4%)
   ✅ Context usage is healthy

  ✅ Step processed successfully: 1 action(s)

📍 Step 244: Processing node [inner_1] Inner Loop (Type: 1, Traveled: true, Finished: false)
  🧠 Selecting relevant nodes from Global Tree...
  🤖 Calling LLM (Attempt 1)...

📊 Token Statistics:
   Prompt length: 6130 characters
   Estimated tokens: 1533 / 64000 (2.4%)
   ✅ Context usage is healthy

  ✅ Step processed successfully: 1 action(s)

📍 Step 245: Processing node [inner_1] Inner Loop (Type: 1, Traveled: true, Finished: false)
  🧠 Selecting relevant nodes from Global Tree...
  🤖 Calling LLM (Attempt 1)...

📊 Token Statistics:
   Prompt length: 6130 characters
   Estimated tokens: 1533 / 64000 (2.4%)
   ✅ Context usage is healthy

  ✅ Step processed successfully: 1 action(s)

📍 Step 246: Processing node [inner_1] Inner Loop (Type: 1, Traveled: true, Finished: false)
  🧠 Selecting relevant nodes from Global Tree...
  🤖 Calling LLM (Attempt 1)...

📊 Token Statistics:
   Prompt length: 6130 characters
   Estimated tokens: 1533 / 64000 (2.4%)
   ✅ Context usage is healthy

  ✅ Step processed successfully: 1 action(s)

📍 Step 247: Processing node [inner_1] Inner Loop (Type: 1, Traveled: true, Finished: false)
  🧠 Selecting relevant nodes from Global Tree...
  🤖 Calling LLM (Attempt 1)...

📊 Token Statistics:
   Prompt length: 6130 characters
   Estimated tokens: 1533 / 64000 (2.4%)
   ✅ Context usage is healthy

  ✅ Step processed successfully: 1 action(s)

📍 Step 248: Processing node [inner_1] Inner Loop (Type: 1, Traveled: true, Finished: false)
  🧠 Selecting relevant nodes from Global Tree...
  🤖 Calling LLM (Attempt 1)...

📊 Token Statistics:
   Prompt length: 6130 characters
   Estimated tokens: 1533 / 64000 (2.4%)
   ✅ Context usage is healthy

  ✅ Step processed successfully: 1 action(s)

📍 Step 249: Processing node [inner_1] Inner Loop (Type: 1, Traveled: true, Finished: false)
  🧠 Selecting relevant nodes from Global Tree...
  🤖 Calling LLM (Attempt 1)...

📊 Token Statistics:
   Prompt length: 6130 characters
   Estimated tokens: 1533 / 64000 (2.4%)
   ✅ Context usage is healthy

  ✅ Step processed successfully: 1 action(s)

📍 Step 250: Processing node [inner_1] Inner Loop (Type: 1, Traveled: true, Finished: false)
  🧠 Selecting relevant nodes from Global Tree...
  🤖 Calling LLM (Attempt 1)...

📊 Token Statistics:
   Prompt length: 6130 characters
   Estimated tokens: 1533 / 64000 (2.4%)
   ✅ Context usage is healthy

  ✅ Step processed successfully: 1 action(s)

📍 Step 251: Processing node [inner_1] Inner Loop (Type: 1, Traveled: true, Finished: false)
  🧠 Selecting relevant nodes from Global Tree...
  🤖 Calling LLM (Attempt 1)...

📊 Token Statistics:
   Prompt length: 6130 characters
   Estimated tokens: 1533 / 64000 (2.4%)
   ✅ Context usage is healthy

  ✅ Step processed successfully: 1 action(s)

📍 Step 252: Processing node [inner_1] Inner Loop (Type: 1, Traveled: true, Finished: false)
  🧠 Selecting relevant nodes from Global Tree...
  🤖 Calling LLM (Attempt 1)...

📊 Token Statistics:
   Prompt length: 6130 characters
   Estimated tokens: 1533 / 64000 (2.4%)
   ✅ Context usage is healthy

  ✅ Step processed successfully: 1 action(s)

📍 Step 253: Processing node [inner_1] Inner Loop (Type: 1, Traveled: true, Finished: false)
  🧠 Selecting relevant nodes from Global Tree...
  🤖 Calling LLM (Attempt 1)...

📊 Token Statistics:
   Prompt length: 6130 characters
   Estimated tokens: 1533 / 64000 (2.4%)
   ✅ Context usage is healthy

  ✅ Step processed successfully: 1 action(s)

📍 Step 254: Processing node [inner_1] Inner Loop (Type: 1, Traveled: true, Finished: false)
  🧠 Selecting relevant nodes from Global Tree...
  🤖 Calling LLM (Attempt 1)...

📊 Token Statistics:
   Prompt length: 6130 characters
   Estimated tokens: 1533 / 64000 (2.4%)
   ✅ Context usage is healthy

  ✅ Step processed successfully: 1 action(s)

📍 Step 255: Processing node [inner_1] Inner Loop (Type: 1, Traveled: true, Finished: false)
  🧠 Selecting relevant nodes from Global Tree...
  🤖 Calling LLM (Attempt 1)...

📊 Token Statistics:
   Prompt length: 6130 characters
   Estimated tokens: 1533 / 64000 (2.4%)
   ✅ Context usage is healthy

  ✅ Step processed successfully: 1 action(s)

📍 Step 256: Processing node [inner_1] Inner Loop (Type: 1, Traveled: true, Finished: false)
  🧠 Selecting relevant nodes from Global Tree...
  🤖 Calling LLM (Attempt 1)...

📊 Token Statistics:
   Prompt length: 6130 characters
   Estimated tokens: 1533 / 64000 (2.4%)
   ✅ Context usage is healthy

  ✅ Step processed successfully: 1 action(s)

📍 Step 257: Processing node [inner_1] Inner Loop (Type: 1, Traveled: true, Finished: false)
  🧠 Selecting relevant nodes from Global Tree...
  🤖 Calling LLM (Attempt 1)...

📊 Token Statistics:
   Prompt length: 6130 characters
   Estimated tokens: 1533 / 64000 (2.4%)
   ✅ Context usage is healthy

  ✅ Step processed successfully: 1 action(s)

📍 Step 258: Processing node [inner_1] Inner Loop (Type: 1, Traveled: true, Finished: false)
  🧠 Selecting relevant nodes from Global Tree...
  🤖 Calling LLM (Attempt 1)...

📊 Token Statistics:
   Prompt length: 6130 characters
   Estimated tokens: 1533 / 64000 (2.4%)
   ✅ Context usage is healthy

  ✅ Step processed successfully: 1 action(s)

📍 Step 259: Processing node [inner_1] Inner Loop (Type: 1, Traveled: true, Finished: false)
  🧠 Selecting relevant nodes from Global Tree...
  🤖 Calling LLM (Attempt 1)...

📊 Token Statistics:
   Prompt length: 6130 characters
   Estimated tokens: 1533 / 64000 (2.4%)
   ✅ Context usage is healthy

  ✅ Step processed successfully: 1 action(s)

📍 Step 260: Processing node [inner_1] Inner Loop (Type: 1, Traveled: true, Finished: false)
  🧠 Selecting relevant nodes from Global Tree...
  🤖 Calling LLM (Attempt 1)...

📊 Token Statistics:
   Prompt length: 6130 characters
   Estimated tokens: 1533 / 64000 (2.4%)
   ✅ Context usage is healthy

  ✅ Step processed successfully: 1 action(s)

📍 Step 261: Processing node [inner_1] Inner Loop (Type: 1, Traveled: true, Finished: false)
  🧠 Selecting relevant nodes from Global Tree...
  🤖 Calling LLM (Attempt 1)...

📊 Token Statistics:
   Prompt length: 6130 characters
   Estimated tokens: 1533 / 64000 (2.4%)
   ✅ Context usage is healthy

  ✅ Step processed successfully: 1 action(s)

📍 Step 262: Processing node [inner_1] Inner Loop (Type: 1, Traveled: true, Finished: false)
  🧠 Selecting relevant nodes from Global Tree...
  🤖 Calling LLM (Attempt 1)...

📊 Token Statistics:
   Prompt length: 6130 characters
   Estimated tokens: 1533 / 64000 (2.4%)
   ✅ Context usage is healthy

  ✅ Step processed successfully: 1 action(s)

📍 Step 263: Processing node [inner_1] Inner Loop (Type: 1, Traveled: true, Finished: false)
  🧠 Selecting relevant nodes from Global Tree...
  🤖 Calling LLM (Attempt 1)...

📊 Token Statistics:
   Prompt length: 6130 characters
   Estimated tokens: 1533 / 64000 (2.4%)
   ✅ Context usage is healthy

  ✅ Step processed successfully: 1 action(s)

📍 Step 264: Processing node [inner_1] Inner Loop (Type: 1, Traveled: true, Finished: false)
  🧠 Selecting relevant nodes from Global Tree...
  🤖 Calling LLM (Attempt 1)...

📊 Token Statistics:
   Prompt length: 6130 characters
   Estimated tokens: 1533 / 64000 (2.4%)
   ✅ Context usage is healthy

  ✅ Step processed successfully: 1 action(s)

📍 Step 265: Processing node [inner_1] Inner Loop (Type: 1, Traveled: true, Finished: false)
  🧠 Selecting relevant nodes from Global Tree...
  🤖 Calling LLM (Attempt 1)...

📊 Token Statistics:
   Prompt length: 6130 characters
   Estimated tokens: 1533 / 64000 (2.4%)
   ✅ Context usage is healthy

  ✅ Step processed successfully: 1 action(s)

📍 Step 266: Processing node [inner_1] Inner Loop (Type: 1, Traveled: true, Finished: false)
  🧠 Selecting relevant nodes from Global Tree...
  🤖 Calling LLM (Attempt 1)...

📊 Token Statistics:
   Prompt length: 6130 characters
   Estimated tokens: 1533 / 64000 (2.4%)
   ✅ Context usage is healthy

  ✅ Step processed successfully: 1 action(s)

📍 Step 267: Processing node [inner_1] Inner Loop (Type: 1, Traveled: true, Finished: false)
  🧠 Selecting relevant nodes from Global Tree...
  🤖 Calling LLM (Attempt 1)...

📊 Token Statistics:
   Prompt length: 6130 characters
   Estimated tokens: 1533 / 64000 (2.4%)
   ✅ Context usage is healthy

  ✅ Step processed successfully: 1 action(s)

📍 Step 268: Processing node [inner_1] Inner Loop (Type: 1, Traveled: true, Finished: false)
  🧠 Selecting relevant nodes from Global Tree...
  🤖 Calling LLM (Attempt 1)...

📊 Token Statistics:
   Prompt length: 6130 characters
   Estimated tokens: 1533 / 64000 (2.4%)
   ✅ Context usage is healthy

  ✅ Step processed successfully: 1 action(s)

📍 Step 269: Processing node [inner_1] Inner Loop (Type: 1, Traveled: true, Finished: false)
  🧠 Selecting relevant nodes from Global Tree...
  🤖 Calling LLM (Attempt 1)...

📊 Token Statistics:
   Prompt length: 6130 characters
   Estimated tokens: 1533 / 64000 (2.4%)
   ✅ Context usage is healthy

  ✅ Step processed successfully: 1 action(s)

📍 Step 270: Processing node [inner_1] Inner Loop (Type: 1, Traveled: true, Finished: false)
  🧠 Selecting relevant nodes from Global Tree...
  🤖 Calling LLM (Attempt 1)...

📊 Token Statistics:
   Prompt length: 6130 characters
   Estimated tokens: 1533 / 64000 (2.4%)
   ✅ Context usage is healthy

  ✅ Step processed successfully: 1 action(s)

📍 Step 271: Processing node [inner_1] Inner Loop (Type: 1, Traveled: true, Finished: false)
  🧠 Selecting relevant nodes from Global Tree...
  🤖 Calling LLM (Attempt 1)...

📊 Token Statistics:
   Prompt length: 6130 characters
   Estimated tokens: 1533 / 64000 (2.4%)
   ✅ Context usage is healthy

  ✅ Step processed successfully: 1 action(s)

📍 Step 272: Processing node [inner_1] Inner Loop (Type: 1, Traveled: true, Finished: false)
  🧠 Selecting relevant nodes from Global Tree...
  🤖 Calling LLM (Attempt 1)...

📊 Token Statistics:
   Prompt length: 6130 characters
   Estimated tokens: 1533 / 64000 (2.4%)
   ✅ Context usage is healthy

  ✅ Step processed successfully: 1 action(s)

📍 Step 273: Processing node [inner_1] Inner Loop (Type: 1, Traveled: true, Finished: false)
  🧠 Selecting relevant nodes from Global Tree...
  🤖 Calling LLM (Attempt 1)...

📊 Token Statistics:
   Prompt length: 6130 characters
   Estimated tokens: 1533 / 64000 (2.4%)
   ✅ Context usage is healthy

  ✅ Step processed successfully: 1 action(s)

📍 Step 274: Processing node [inner_1] Inner Loop (Type: 1, Traveled: true, Finished: false)
  🧠 Selecting relevant nodes from Global Tree...
  🤖 Calling LLM (Attempt 1)...

📊 Token Statistics:
   Prompt length: 6130 characters
   Estimated tokens: 1533 / 64000 (2.4%)
   ✅ Context usage is healthy

  ✅ Step processed successfully: 1 action(s)

📍 Step 275: Processing node [inner_1] Inner Loop (Type: 1, Traveled: true, Finished: false)
  🧠 Selecting relevant nodes from Global Tree...
  🤖 Calling LLM (Attempt 1)...

📊 Token Statistics:
   Prompt length: 6130 characters
   Estimated tokens: 1533 / 64000 (2.4%)
   ✅ Context usage is healthy

  ✅ Step processed successfully: 1 action(s)

📍 Step 276: Processing node [inner_1] Inner Loop (Type: 1, Traveled: true, Finished: false)
  🧠 Selecting relevant nodes from Global Tree...
  🤖 Calling LLM (Attempt 1)...

📊 Token Statistics:
   Prompt length: 6130 characters
   Estimated tokens: 1533 / 64000 (2.4%)
   ✅ Context usage is healthy

  ✅ Step processed successfully: 1 action(s)

📍 Step 277: Processing node [inner_1] Inner Loop (Type: 1, Traveled: true, Finished: false)
  🧠 Selecting relevant nodes from Global Tree...
  🤖 Calling LLM (Attempt 1)...

📊 Token Statistics:
   Prompt length: 6130 characters
   Estimated tokens: 1533 / 64000 (2.4%)
   ✅ Context usage is healthy

  ✅ Step processed successfully: 1 action(s)

📍 Step 278: Processing node [inner_1] Inner Loop (Type: 1, Traveled: true, Finished: false)
  🧠 Selecting relevant nodes from Global Tree...
  🤖 Calling LLM (Attempt 1)...

📊 Token Statistics:
   Prompt length: 6130 characters
   Estimated tokens: 1533 / 64000 (2.4%)
   ✅ Context usage is healthy

  ✅ Step processed successfully: 1 action(s)

📍 Step 279: Processing node [inner_1] Inner Loop (Type: 1, Traveled: true, Finished: false)
  🧠 Selecting relevant nodes from Global Tree...
  🤖 Calling LLM (Attempt 1)...

📊 Token Statistics:
   Prompt length: 6130 characters
   Estimated tokens: 1533 / 64000 (2.4%)
   ✅ Context usage is healthy

  ✅ Step processed successfully: 1 action(s)

📍 Step 280: Processing node [inner_1] Inner Loop (Type: 1, Traveled: true, Finished: false)
  🧠 Selecting relevant nodes from Global Tree...
  🤖 Calling LLM (Attempt 1)...

📊 Token Statistics:
   Prompt length: 6130 characters
   Estimated tokens: 1533 / 64000 (2.4%)
   ✅ Context usage is healthy

  ✅ Step processed successfully: 1 action(s)

📍 Step 281: Processing node [inner_1] Inner Loop (Type: 1, Traveled: true, Finished: false)
  🧠 Selecting relevant nodes from Global Tree...
  🤖 Calling LLM (Attempt 1)...

📊 Token Statistics:
   Prompt length: 6130 characters
   Estimated tokens: 1533 / 64000 (2.4%)
   ✅ Context usage is healthy

  ✅ Step processed successfully: 1 action(s)

📍 Step 282: Processing node [inner_1] Inner Loop (Type: 1, Traveled: true, Finished: false)
  🧠 Selecting relevant nodes from Global Tree...
  🤖 Calling LLM (Attempt 1)...

📊 Token Statistics:
   Prompt length: 6130 characters
   Estimated tokens: 1533 / 64000 (2.4%)
   ✅ Context usage is healthy

  ✅ Step processed successfully: 1 action(s)

📍 Step 283: Processing node [inner_1] Inner Loop (Type: 1, Traveled: true, Finished: false)
  🧠 Selecting relevant nodes from Global Tree...
  🤖 Calling LLM (Attempt 1)...

📊 Token Statistics:
   Prompt length: 6130 characters
   Estimated tokens: 1533 / 64000 (2.4%)
   ✅ Context usage is healthy

  ✅ Step processed successfully: 1 action(s)

📍 Step 284: Processing node [inner_1] Inner Loop (Type: 1, Traveled: true, Finished: false)
  🧠 Selecting relevant nodes from Global Tree...
  🤖 Calling LLM (Attempt 1)...

📊 Token Statistics:
   Prompt length: 6130 characters
   Estimated tokens: 1533 / 64000 (2.4%)
   ✅ Context usage is healthy

  ✅ Step processed successfully: 1 action(s)

📍 Step 285: Processing node [inner_1] Inner Loop (Type: 1, Traveled: true, Finished: false)
  🧠 Selecting relevant nodes from Global Tree...
  🤖 Calling LLM (Attempt 1)...

📊 Token Statistics:
   Prompt length: 6130 characters
   Estimated tokens: 1533 / 64000 (2.4%)
   ✅ Context usage is healthy

  ✅ Step processed successfully: 1 action(s)

📍 Step 286: Processing node [inner_1] Inner Loop (Type: 1, Traveled: true, Finished: false)
  🧠 Selecting relevant nodes from Global Tree...
  🤖 Calling LLM (Attempt 1)...

📊 Token Statistics:
   Prompt length: 6130 characters
   Estimated tokens: 1533 / 64000 (2.4%)
   ✅ Context usage is healthy

  ✅ Step processed successfully: 1 action(s)

📍 Step 287: Processing node [inner_1] Inner Loop (Type: 1, Traveled: true, Finished: false)
  🧠 Selecting relevant nodes from Global Tree...
  🤖 Calling LLM (Attempt 1)...

📊 Token Statistics:
   Prompt length: 6130 characters
   Estimated tokens: 1533 / 64000 (2.4%)
   ✅ Context usage is healthy

  ✅ Step processed successfully: 1 action(s)

📍 Step 288: Processing node [inner_1] Inner Loop (Type: 1, Traveled: true, Finished: false)
  🧠 Selecting relevant nodes from Global Tree...
  🤖 Calling LLM (Attempt 1)...

📊 Token Statistics:
   Prompt length: 6130 characters
   Estimated tokens: 1533 / 64000 (2.4%)
   ✅ Context usage is healthy

  ✅ Step processed successfully: 1 action(s)

📍 Step 289: Processing node [inner_1] Inner Loop (Type: 1, Traveled: true, Finished: false)
  🧠 Selecting relevant nodes from Global Tree...
  🤖 Calling LLM (Attempt 1)...

📊 Token Statistics:
   Prompt length: 6130 characters
   Estimated tokens: 1533 / 64000 (2.4%)
   ✅ Context usage is healthy

  ✅ Step processed successfully: 1 action(s)

📍 Step 290: Processing node [inner_1] Inner Loop (Type: 1, Traveled: true, Finished: false)
  🧠 Selecting relevant nodes from Global Tree...
  🤖 Calling LLM (Attempt 1)...

📊 Token Statistics:
   Prompt length: 6130 characters
   Estimated tokens: 1533 / 64000 (2.4%)
   ✅ Context usage is healthy

  ✅ Step processed successfully: 1 action(s)

📍 Step 291: Processing node [inner_1] Inner Loop (Type: 1, Traveled: true, Finished: false)
  🧠 Selecting relevant nodes from Global Tree...
  🤖 Calling LLM (Attempt 1)...

📊 Token Statistics:
   Prompt length: 6130 characters
   Estimated tokens: 1533 / 64000 (2.4%)
   ✅ Context usage is healthy

  ✅ Step processed successfully: 1 action(s)

📍 Step 292: Processing node [inner_1] Inner Loop (Type: 1, Traveled: true, Finished: false)
  🧠 Selecting relevant nodes from Global Tree...
  🤖 Calling LLM (Attempt 1)...

📊 Token Statistics:
   Prompt length: 6130 characters
   Estimated tokens: 1533 / 64000 (2.4%)
   ✅ Context usage is healthy

  ✅ Step processed successfully: 1 action(s)

📍 Step 293: Processing node [inner_1] Inner Loop (Type: 1, Traveled: true, Finished: false)
  🧠 Selecting relevant nodes from Global Tree...
  🤖 Calling LLM (Attempt 1)...

📊 Token Statistics:
   Prompt length: 6130 characters
   Estimated tokens: 1533 / 64000 (2.4%)
   ✅ Context usage is healthy

  ✅ Step processed successfully: 1 action(s)

📍 Step 294: Processing node [inner_1] Inner Loop (Type: 1, Traveled: true, Finished: false)
  🧠 Selecting relevant nodes from Global Tree...
  🤖 Calling LLM (Attempt 1)...

📊 Token Statistics:
   Prompt length: 6130 characters
   Estimated tokens: 1533 / 64000 (2.4%)
   ✅ Context usage is healthy

  ✅ Step processed successfully: 1 action(s)

📍 Step 295: Processing node [inner_1] Inner Loop (Type: 1, Traveled: true, Finished: false)
  🧠 Selecting relevant nodes from Global Tree...
  🤖 Calling LLM (Attempt 1)...

📊 Token Statistics:
   Prompt length: 6130 characters
   Estimated tokens: 1533 / 64000 (2.4%)
   ✅ Context usage is healthy

  ✅ Step processed successfully: 1 action(s)

📍 Step 296: Processing node [inner_1] Inner Loop (Type: 1, Traveled: true, Finished: false)
  🧠 Selecting relevant nodes from Global Tree...
  🤖 Calling LLM (Attempt 1)...

📊 Token Statistics:
   Prompt length: 6130 characters
   Estimated tokens: 1533 / 64000 (2.4%)
   ✅ Context usage is healthy

  ✅ Step processed successfully: 1 action(s)

📍 Step 297: Processing node [inner_1] Inner Loop (Type: 1, Traveled: true, Finished: false)
  🧠 Selecting relevant nodes from Global Tree...
  🤖 Calling LLM (Attempt 1)...

📊 Token Statistics:
   Prompt length: 6130 characters
   Estimated tokens: 1533 / 64000 (2.4%)
   ✅ Context usage is healthy

  ✅ Step processed successfully: 1 action(s)

📍 Step 298: Processing node [inner_1] Inner Loop (Type: 1, Traveled: true, Finished: false)
  🧠 Selecting relevant nodes from Global Tree...
  🤖 Calling LLM (Attempt 1)...

📊 Token Statistics:
   Prompt length: 6130 characters
   Estimated tokens: 1533 / 64000 (2.4%)
   ✅ Context usage is healthy

  ✅ Step processed successfully: 1 action(s)

📍 Step 299: Processing node [inner_1] Inner Loop (Type: 1, Traveled: true, Finished: false)
  🧠 Selecting relevant nodes from Global Tree...
  🤖 Calling LLM (Attempt 1)...

📊 Token Statistics:
   Prompt length: 6130 characters
   Estimated tokens: 1533 / 64000 (2.4%)
   ✅ Context usage is healthy

  ✅ Step processed successfully: 1 action(s)

📍 Step 300: Processing node [inner_1] Inner Loop (Type: 1, Traveled: true, Finished: false)
  🧠 Selecting relevant nodes from Global Tree...
  🤖 Calling LLM (Attempt 1)...

📊 Token Statistics:
   Prompt length: 6130 characters
   Estimated tokens: 1533 / 64000 (2.4%)
   ✅ Context usage is healthy

  ✅ Step processed successfully: 1 action(s)

📍 Step 301: Processing node [inner_1] Inner Loop (Type: 1, Traveled: true, Finished: false)
  🧠 Selecting relevant nodes from Global Tree...
  🤖 Calling LLM (Attempt 1)...

📊 Token Statistics:
   Prompt length: 6130 characters
   Estimated tokens: 1533 / 64000 (2.4%)
   ✅ Context usage is healthy

  ✅ Step processed successfully: 1 action(s)

📍 Step 302: Processing node [inner_1] Inner Loop (Type: 1, Traveled: true, Finished: false)
  🧠 Selecting relevant nodes from Global Tree...
  🤖 Calling LLM (Attempt 1)...

📊 Token Statistics:
   Prompt length: 6130 characters
   Estimated tokens: 1533 / 64000 (2.4%)
   ✅ Context usage is healthy

  ✅ Step processed successfully: 1 action(s)

📍 Step 303: Processing node [inner_1] Inner Loop (Type: 1, Traveled: true, Finished: false)
  🧠 Selecting relevant nodes from Global Tree...
  🤖 Calling LLM (Attempt 1)...

📊 Token Statistics:
   Prompt length: 6130 characters
   Estimated tokens: 1533 / 64000 (2.4%)
   ✅ Context usage is healthy

  ✅ Step processed successfully: 1 action(s)

📍 Step 304: Processing node [inner_1] Inner Loop (Type: 1, Traveled: true, Finished: false)
  🧠 Selecting relevant nodes from Global Tree...
  🤖 Calling LLM (Attempt 1)...

📊 Token Statistics:
   Prompt length: 6130 characters
   Estimated tokens: 1533 / 64000 (2.4%)
   ✅ Context usage is healthy

  ✅ Step processed successfully: 1 action(s)

📍 Step 305: Processing node [inner_1] Inner Loop (Type: 1, Traveled: true, Finished: false)
  🧠 Selecting relevant nodes from Global Tree...
  🤖 Calling LLM (Attempt 1)...

📊 Token Statistics:
   Prompt length: 6130 characters
   Estimated tokens: 1533 / 64000 (2.4%)
   ✅ Context usage is healthy

  ✅ Step processed successfully: 1 action(s)

📍 Step 306: Processing node [inner_1] Inner Loop (Type: 1, Traveled: true, Finished: false)
  🧠 Selecting relevant nodes from Global Tree...
  🤖 Calling LLM (Attempt 1)...

📊 Token Statistics:
   Prompt length: 6130 characters
   Estimated tokens: 1533 / 64000 (2.4%)
   ✅ Context usage is healthy

  ✅ Step processed successfully: 1 action(s)

📍 Step 307: Processing node [inner_1] Inner Loop (Type: 1, Traveled: true, Finished: false)
  🧠 Selecting relevant nodes from Global Tree...
  🤖 Calling LLM (Attempt 1)...

📊 Token Statistics:
   Prompt length: 6130 characters
   Estimated tokens: 1533 / 64000 (2.4%)
   ✅ Context usage is healthy

  ✅ Step processed successfully: 1 action(s)

📍 Step 308: Processing node [inner_1] Inner Loop (Type: 1, Traveled: true, Finished: false)
  🧠 Selecting relevant nodes from Global Tree...
  🤖 Calling LLM (Attempt 1)...

📊 Token Statistics:
   Prompt length: 6130 characters
   Estimated tokens: 1533 / 64000 (2.4%)
   ✅ Context usage is healthy

  ✅ Step processed successfully: 1 action(s)

📍 Step 309: Processing node [inner_1] Inner Loop (Type: 1, Traveled: true, Finished: false)
  🧠 Selecting relevant nodes from Global Tree...
  🤖 Calling LLM (Attempt 1)...

📊 Token Statistics:
   Prompt length: 6130 characters
   Estimated tokens: 1533 / 64000 (2.4%)
   ✅ Context usage is healthy

  ✅ Step processed successfully: 1 action(s)

📍 Step 310: Processing node [inner_1] Inner Loop (Type: 1, Traveled: true, Finished: false)
  🧠 Selecting relevant nodes from Global Tree...
  🤖 Calling LLM (Attempt 1)...

📊 Token Statistics:
   Prompt length: 6130 characters
   Estimated tokens: 1533 / 64000 (2.4%)
   ✅ Context usage is healthy

  ✅ Step processed successfully: 1 action(s)

📍 Step 311: Processing node [inner_1] Inner Loop (Type: 1, Traveled: true, Finished: false)
  🧠 Selecting relevant nodes from Global Tree...
  🤖 Calling LLM (Attempt 1)...

📊 Token Statistics:
   Prompt length: 6130 characters
   Estimated tokens: 1533 / 64000 (2.4%)
   ✅ Context usage is healthy

  ✅ Step processed successfully: 1 action(s)

📍 Step 312: Processing node [inner_1] Inner Loop (Type: 1, Traveled: true, Finished: false)
  🧠 Selecting relevant nodes from Global Tree...
  🤖 Calling LLM (Attempt 1)...

📊 Token Statistics:
   Prompt length: 6130 characters
   Estimated tokens: 1533 / 64000 (2.4%)
   ✅ Context usage is healthy

  ✅ Step processed successfully: 1 action(s)

📍 Step 313: Processing node [inner_1] Inner Loop (Type: 1, Traveled: true, Finished: false)
  🧠 Selecting relevant nodes from Global Tree...
  🤖 Calling LLM (Attempt 1)...

📊 Token Statistics:
   Prompt length: 6130 characters
   Estimated tokens: 1533 / 64000 (2.4%)
   ✅ Context usage is healthy

  ✅ Step processed successfully: 1 action(s)

📍 Step 314: Processing node [inner_1] Inner Loop (Type: 1, Traveled: true, Finished: false)
  🧠 Selecting relevant nodes from Global Tree...
  🤖 Calling LLM (Attempt 1)...

📊 Token Statistics:
   Prompt length: 6130 characters
   Estimated tokens: 1533 / 64000 (2.4%)
   ✅ Context usage is healthy

  ✅ Step processed successfully: 1 action(s)

📍 Step 315: Processing node [inner_1] Inner Loop (Type: 1, Traveled: true, Finished: false)
  🧠 Selecting relevant nodes from Global Tree...
  🤖 Calling LLM (Attempt 1)...

📊 Token Statistics:
   Prompt length: 6130 characters
   Estimated tokens: 1533 / 64000 (2.4%)
   ✅ Context usage is healthy

  ✅ Step processed successfully: 1 action(s)

📍 Step 316: Processing node [inner_1] Inner Loop (Type: 1, Traveled: true, Finished: false)
  🧠 Selecting relevant nodes from Global Tree...
  🤖 Calling LLM (Attempt 1)...

📊 Token Statistics:
   Prompt length: 6130 characters
   Estimated tokens: 1533 / 64000 (2.4%)
   ✅ Context usage is healthy

  ✅ Step processed successfully: 1 action(s)

📍 Step 317: Processing node [inner_1] Inner Loop (Type: 1, Traveled: true, Finished: false)
  🧠 Selecting relevant nodes from Global Tree...
  🤖 Calling LLM (Attempt 1)...

📊 Token Statistics:
   Prompt length: 6130 characters
   Estimated tokens: 1533 / 64000 (2.4%)
   ✅ Context usage is healthy

  ✅ Step processed successfully: 1 action(s)

📍 Step 318: Processing node [inner_1] Inner Loop (Type: 1, Traveled: true, Finished: false)
  🧠 Selecting relevant nodes from Global Tree...
  🤖 Calling LLM (Attempt 1)...

📊 Token Statistics:
   Prompt length: 6130 characters
   Estimated tokens: 1533 / 64000 (2.4%)
   ✅ Context usage is healthy

  ✅ Step processed successfully: 1 action(s)

📍 Step 319: Processing node [inner_1] Inner Loop (Type: 1, Traveled: true, Finished: false)
  🧠 Selecting relevant nodes from Global Tree...
  🤖 Calling LLM (Attempt 1)...

📊 Token Statistics:
   Prompt length: 6130 characters
   Estimated tokens: 1533 / 64000 (2.4%)
   ✅ Context usage is healthy

  ✅ Step processed successfully: 1 action(s)

📍 Step 320: Processing node [inner_1] Inner Loop (Type: 1, Traveled: true, Finished: false)
  🧠 Selecting relevant nodes from Global Tree...
  🤖 Calling LLM (Attempt 1)...

📊 Token Statistics:
   Prompt length: 6130 characters
   Estimated tokens: 1533 / 64000 (2.4%)
   ✅ Context usage is healthy

  ✅ Step processed successfully: 1 action(s)

📍 Step 321: Processing node [inner_1] Inner Loop (Type: 1, Traveled: true, Finished: false)
  🧠 Selecting relevant nodes from Global Tree...
  🤖 Calling LLM (Attempt 1)...

📊 Token Statistics:
   Prompt length: 6130 characters
   Estimated tokens: 1533 / 64000 (2.4%)
   ✅ Context usage is healthy

  ✅ Step processed successfully: 1 action(s)

📍 Step 322: Processing node [inner_1] Inner Loop (Type: 1, Traveled: true, Finished: false)
  🧠 Selecting relevant nodes from Global Tree...
  🤖 Calling LLM (Attempt 1)...

📊 Token Statistics:
   Prompt length: 6130 characters
   Estimated tokens: 1533 / 64000 (2.4%)
   ✅ Context usage is healthy

  ✅ Step processed successfully: 1 action(s)

📍 Step 323: Processing node [inner_1] Inner Loop (Type: 1, Traveled: true, Finished: false)
  🧠 Selecting relevant nodes from Global Tree...
  🤖 Calling LLM (Attempt 1)...

📊 Token Statistics:
   Prompt length: 6130 characters
   Estimated tokens: 1533 / 64000 (2.4%)
   ✅ Context usage is healthy

  ✅ Step processed successfully: 1 action(s)

📍 Step 324: Processing node [inner_1] Inner Loop (Type: 1, Traveled: true, Finished: false)
  🧠 Selecting relevant nodes from Global Tree...
  🤖 Calling LLM (Attempt 1)...

📊 Token Statistics:
   Prompt length: 6130 characters
   Estimated tokens: 1533 / 64000 (2.4%)
   ✅ Context usage is healthy

  ✅ Step processed successfully: 1 action(s)

📍 Step 325: Processing node [inner_1] Inner Loop (Type: 1, Traveled: true, Finished: false)
  🧠 Selecting relevant nodes from Global Tree...
  🤖 Calling LLM (Attempt 1)...

📊 Token Statistics:
   Prompt length: 6130 characters
   Estimated tokens: 1533 / 64000 (2.4%)
   ✅ Context usage is healthy

  ✅ Step processed successfully: 1 action(s)

📍 Step 326: Processing node [inner_1] Inner Loop (Type: 1, Traveled: true, Finished: false)
  🧠 Selecting relevant nodes from Global Tree...
  🤖 Calling LLM (Attempt 1)...

📊 Token Statistics:
   Prompt length: 6130 characters
   Estimated tokens: 1533 / 64000 (2.4%)
   ✅ Context usage is healthy

  ✅ Step processed successfully: 1 action(s)

📍 Step 327: Processing node [inner_1] Inner Loop (Type: 1, Traveled: true, Finished: false)
  🧠 Selecting relevant nodes from Global Tree...
  🤖 Calling LLM (Attempt 1)...

📊 Token Statistics:
   Prompt length: 6130 characters
   Estimated tokens: 1533 / 64000 (2.4%)
   ✅ Context usage is healthy

  ✅ Step processed successfully: 1 action(s)

📍 Step 328: Processing node [inner_1] Inner Loop (Type: 1, Traveled: true, Finished: false)
  🧠 Selecting relevant nodes from Global Tree...
  🤖 Calling LLM (Attempt 1)...

📊 Token Statistics:
   Prompt length: 6130 characters
   Estimated tokens: 1533 / 64000 (2.4%)
   ✅ Context usage is healthy

  ✅ Step processed successfully: 1 action(s)

📍 Step 329: Processing node [inner_1] Inner Loop (Type: 1, Traveled: true, Finished: false)
  🧠 Selecting relevant nodes from Global Tree...
  🤖 Calling LLM (Attempt 1)...

📊 Token Statistics:
   Prompt length: 6130 characters
   Estimated tokens: 1533 / 64000 (2.4%)
   ✅ Context usage is healthy

  ✅ Step processed successfully: 1 action(s)

📍 Step 330: Processing node [inner_1] Inner Loop (Type: 1, Traveled: true, Finished: false)
  🧠 Selecting relevant nodes from Global Tree...
  🤖 Calling LLM (Attempt 1)...

📊 Token Statistics:
   Prompt length: 6130 characters
   Estimated tokens: 1533 / 64000 (2.4%)
   ✅ Context usage is healthy

  ✅ Step processed successfully: 1 action(s)

📍 Step 331: Processing node [inner_1] Inner Loop (Type: 1, Traveled: true, Finished: false)
  🧠 Selecting relevant nodes from Global Tree...
  🤖 Calling LLM (Attempt 1)...

📊 Token Statistics:
   Prompt length: 6130 characters
   Estimated tokens: 1533 / 64000 (2.4%)
   ✅ Context usage is healthy

  ✅ Step processed successfully: 1 action(s)

📍 Step 332: Processing node [inner_1] Inner Loop (Type: 1, Traveled: true, Finished: false)
  🧠 Selecting relevant nodes from Global Tree...
  🤖 Calling LLM (Attempt 1)...

📊 Token Statistics:
   Prompt length: 6130 characters
   Estimated tokens: 1533 / 64000 (2.4%)
   ✅ Context usage is healthy

  ✅ Step processed successfully: 1 action(s)

📍 Step 333: Processing node [inner_1] Inner Loop (Type: 1, Traveled: true, Finished: false)
  🧠 Selecting relevant nodes from Global Tree...
  🤖 Calling LLM (Attempt 1)...

📊 Token Statistics:
   Prompt length: 6130 characters
   Estimated tokens: 1533 / 64000 (2.4%)
   ✅ Context usage is healthy

  ✅ Step processed successfully: 1 action(s)

📍 Step 334: Processing node [inner_1] Inner Loop (Type: 1, Traveled: true, Finished: false)
  🧠 Selecting relevant nodes from Global Tree...
  🤖 Calling LLM (Attempt 1)...

📊 Token Statistics:
   Prompt length: 6130 characters
   Estimated tokens: 1533 / 64000 (2.4%)
   ✅ Context usage is healthy

  ✅ Step processed successfully: 1 action(s)

📍 Step 335: Processing node [inner_1] Inner Loop (Type: 1, Traveled: true, Finished: false)
  🧠 Selecting relevant nodes from Global Tree...
  🤖 Calling LLM (Attempt 1)...

📊 Token Statistics:
   Prompt length: 6130 characters
   Estimated tokens: 1533 / 64000 (2.4%)
   ✅ Context usage is healthy

  ✅ Step processed successfully: 1 action(s)

📍 Step 336: Processing node [inner_1] Inner Loop (Type: 1, Traveled: true, Finished: false)
  🧠 Selecting relevant nodes from Global Tree...
  🤖 Calling LLM (Attempt 1)...

📊 Token Statistics:
   Prompt length: 6130 characters
   Estimated tokens: 1533 / 64000 (2.4%)
   ✅ Context usage is healthy

  ✅ Step processed successfully: 1 action(s)

📍 Step 337: Processing node [inner_1] Inner Loop (Type: 1, Traveled: true, Finished: false)
  🧠 Selecting relevant nodes from Global Tree...
  🤖 Calling LLM (Attempt 1)...

📊 Token Statistics:
   Prompt length: 6130 characters
   Estimated tokens: 1533 / 64000 (2.4%)
   ✅ Context usage is healthy

  ✅ Step processed successfully: 1 action(s)

📍 Step 338: Processing node [inner_1] Inner Loop (Type: 1, Traveled: true, Finished: false)
  🧠 Selecting relevant nodes from Global Tree...
  🤖 Calling LLM (Attempt 1)...

📊 Token Statistics:
   Prompt length: 6130 characters
   Estimated tokens: 1533 / 64000 (2.4%)
   ✅ Context usage is healthy

  ✅ Step processed successfully: 1 action(s)

📍 Step 339: Processing node [inner_1] Inner Loop (Type: 1, Traveled: true, Finished: false)
  🧠 Selecting relevant nodes from Global Tree...
  🤖 Calling LLM (Attempt 1)...

📊 Token Statistics:
   Prompt length: 6130 characters
   Estimated tokens: 1533 / 64000 (2.4%)
   ✅ Context usage is healthy

  ✅ Step processed successfully: 1 action(s)

📍 Step 340: Processing node [inner_1] Inner Loop (Type: 1, Traveled: true, Finished: false)
  🧠 Selecting relevant nodes from Global Tree...
  🤖 Calling LLM (Attempt 1)...

📊 Token Statistics:
   Prompt length: 6130 characters
   Estimated tokens: 1533 / 64000 (2.4%)
   ✅ Context usage is healthy

  ✅ Step processed successfully: 1 action(s)

📍 Step 341: Processing node [inner_1] Inner Loop (Type: 1, Traveled: true, Finished: false)
  🧠 Selecting relevant nodes from Global Tree...
  🤖 Calling LLM (Attempt 1)...

📊 Token Statistics:
   Prompt length: 6130 characters
   Estimated tokens: 1533 / 64000 (2.4%)
   ✅ Context usage is healthy

  ✅ Step processed successfully: 1 action(s)

📍 Step 342: Processing node [inner_1] Inner Loop (Type: 1, Traveled: true, Finished: false)
  🧠 Selecting relevant nodes from Global Tree...
  🤖 Calling LLM (Attempt 1)...

📊 Token Statistics:
   Prompt length: 6130 characters
   Estimated tokens: 1533 / 64000 (2.4%)
   ✅ Context usage is healthy

  ✅ Step processed successfully: 1 action(s)

📍 Step 343: Processing node [inner_1] Inner Loop (Type: 1, Traveled: true, Finished: false)
  🧠 Selecting relevant nodes from Global Tree...
  🤖 Calling LLM (Attempt 1)...

📊 Token Statistics:
   Prompt length: 6130 characters
   Estimated tokens: 1533 / 64000 (2.4%)
   ✅ Context usage is healthy

  ✅ Step processed successfully: 1 action(s)

📍 Step 344: Processing node [inner_1] Inner Loop (Type: 1, Traveled: true, Finished: false)
  🧠 Selecting relevant nodes from Global Tree...
  🤖 Calling LLM (Attempt 1)...

📊 Token Statistics:
   Prompt length: 6130 characters
   Estimated tokens: 1533 / 64000 (2.4%)
   ✅ Context usage is healthy

  ✅ Step processed successfully: 1 action(s)

📍 Step 345: Processing node [inner_1] Inner Loop (Type: 1, Traveled: true, Finished: false)
  🧠 Selecting relevant nodes from Global Tree...
  🤖 Calling LLM (Attempt 1)...

📊 Token Statistics:
   Prompt length: 6130 characters
   Estimated tokens: 1533 / 64000 (2.4%)
   ✅ Context usage is healthy

  ✅ Step processed successfully: 1 action(s)

📍 Step 346: Processing node [inner_1] Inner Loop (Type: 1, Traveled: true, Finished: false)
  🧠 Selecting relevant nodes from Global Tree...
  🤖 Calling LLM (Attempt 1)...

📊 Token Statistics:
   Prompt length: 6130 characters
   Estimated tokens: 1533 / 64000 (2.4%)
   ✅ Context usage is healthy

  ✅ Step processed successfully: 1 action(s)

📍 Step 347: Processing node [inner_1] Inner Loop (Type: 1, Traveled: true, Finished: false)
  🧠 Selecting relevant nodes from Global Tree...
  🤖 Calling LLM (Attempt 1)...

📊 Token Statistics:
   Prompt length: 6130 characters
   Estimated tokens: 1533 / 64000 (2.4%)
   ✅ Context usage is healthy

  ✅ Step processed successfully: 1 action(s)

📍 Step 348: Processing node [inner_1] Inner Loop (Type: 1, Traveled: true, Finished: false)
  🧠 Selecting relevant nodes from Global Tree...
  🤖 Calling LLM (Attempt 1)...

📊 Token Statistics:
   Prompt length: 6130 characters
   Estimated tokens: 1533 / 64000 (2.4%)
   ✅ Context usage is healthy

  ✅ Step processed successfully: 1 action(s)

📍 Step 349: Processing node [inner_1] Inner Loop (Type: 1, Traveled: true, Finished: false)
  🧠 Selecting relevant nodes from Global Tree...
  🤖 Calling LLM (Attempt 1)...

📊 Token Statistics:
   Prompt length: 6130 characters
   Estimated tokens: 1533 / 64000 (2.4%)
   ✅ Context usage is healthy

  ✅ Step processed successfully: 1 action(s)

📍 Step 350: Processing node [inner_1] Inner Loop (Type: 1, Traveled: true, Finished: false)
  🧠 Selecting relevant nodes from Global Tree...
  🤖 Calling LLM (Attempt 1)...

📊 Token Statistics:
   Prompt length: 6130 characters
   Estimated tokens: 1533 / 64000 (2.4%)
   ✅ Context usage is healthy

  ✅ Step processed successfully: 1 action(s)

📍 Step 351: Processing node [inner_1] Inner Loop (Type: 1, Traveled: true, Finished: false)
  🧠 Selecting relevant nodes from Global Tree...
  🤖 Calling LLM (Attempt 1)...

📊 Token Statistics:
   Prompt length: 6130 characters
   Estimated tokens: 1533 / 64000 (2.4%)
   ✅ Context usage is healthy

  ✅ Step processed successfully: 1 action(s)

📍 Step 352: Processing node [inner_1] Inner Loop (Type: 1, Traveled: true, Finished: false)
  🧠 Selecting relevant nodes from Global Tree...
  🤖 Calling LLM (Attempt 1)...

📊 Token Statistics:
   Prompt length: 6130 characters
   Estimated tokens: 1533 / 64000 (2.4%)
   ✅ Context usage is healthy

  ✅ Step processed successfully: 1 action(s)

📍 Step 353: Processing node [inner_1] Inner Loop (Type: 1, Traveled: true, Finished: false)
  🧠 Selecting relevant nodes from Global Tree...
  🤖 Calling LLM (Attempt 1)...

📊 Token Statistics:
   Prompt length: 6130 characters
   Estimated tokens: 1533 / 64000 (2.4%)
   ✅ Context usage is healthy

  ✅ Step processed successfully: 1 action(s)

📍 Step 354: Processing node [inner_1] Inner Loop (Type: 1, Traveled: true, Finished: false)
  🧠 Selecting relevant nodes from Global Tree...
  🤖 Calling LLM (Attempt 1)...

📊 Token Statistics:
   Prompt length: 6130 characters
   Estimated tokens: 1533 / 64000 (2.4%)
   ✅ Context usage is healthy

  ✅ Step processed successfully: 1 action(s)

📍 Step 355: Processing node [inner_1] Inner Loop (Type: 1, Traveled: true, Finished: false)
  🧠 Selecting relevant nodes from Global Tree...
  🤖 Calling LLM (Attempt 1)...

📊 Token Statistics:
   Prompt length: 6130 characters
   Estimated tokens: 1533 / 64000 (2.4%)
   ✅ Context usage is healthy

  ✅ Step processed successfully: 1 action(s)

📍 Step 356: Processing node [inner_1] Inner Loop (Type: 1, Traveled: true, Finished: false)
  🧠 Selecting relevant nodes from Global Tree...
  🤖 Calling LLM (Attempt 1)...

📊 Token Statistics:
   Prompt length: 6130 characters
   Estimated tokens: 1533 / 64000 (2.4%)
   ✅ Context usage is healthy

  ✅ Step processed successfully: 1 action(s)

📍 Step 357: Processing node [inner_1] Inner Loop (Type: 1, Traveled: true, Finished: false)
  🧠 Selecting relevant nodes from Global Tree...
  🤖 Calling LLM (Attempt 1)...

📊 Token Statistics:
   Prompt length: 6130 characters
   Estimated tokens: 1533 / 64000 (2.4%)
   ✅ Context usage is healthy

  ✅ Step processed successfully: 1 action(s)

📍 Step 358: Processing node [inner_1] Inner Loop (Type: 1, Traveled: true, Finished: false)
  🧠 Selecting relevant nodes from Global Tree...
  🤖 Calling LLM (Attempt 1)...

📊 Token Statistics:
   Prompt length: 6130 characters
   Estimated tokens: 1533 / 64000 (2.4%)
   ✅ Context usage is healthy

  ✅ Step processed successfully: 1 action(s)

📍 Step 359: Processing node [inner_1] Inner Loop (Type: 1, Traveled: true, Finished: false)
  🧠 Selecting relevant nodes from Global Tree...
  🤖 Calling LLM (Attempt 1)...

📊 Token Statistics:
   Prompt length: 6130 characters
   Estimated tokens: 1533 / 64000 (2.4%)
   ✅ Context usage is healthy

  ✅ Step processed successfully: 1 action(s)

📍 Step 360: Processing node [inner_1] Inner Loop (Type: 1, Traveled: true, Finished: false)
  🧠 Selecting relevant nodes from Global Tree...
  🤖 Calling LLM (Attempt 1)...

📊 Token Statistics:
   Prompt length: 6130 characters
   Estimated tokens: 1533 / 64000 (2.4%)
   ✅ Context usage is healthy

  ✅ Step processed successfully: 1 action(s)

📍 Step 361: Processing node [inner_1] Inner Loop (Type: 1, Traveled: true, Finished: false)
  🧠 Selecting relevant nodes from Global Tree...
  🤖 Calling LLM (Attempt 1)...

📊 Token Statistics:
   Prompt length: 6130 characters
   Estimated tokens: 1533 / 64000 (2.4%)
   ✅ Context usage is healthy

  ✅ Step processed successfully: 1 action(s)

📍 Step 362: Processing node [inner_1] Inner Loop (Type: 1, Traveled: true, Finished: false)
  🧠 Selecting relevant nodes from Global Tree...
  🤖 Calling LLM (Attempt 1)...

📊 Token Statistics:
   Prompt length: 6130 characters
   Estimated tokens: 1533 / 64000 (2.4%)
   ✅ Context usage is healthy

  ✅ Step processed successfully: 1 action(s)

📍 Step 363: Processing node [inner_1] Inner Loop (Type: 1, Traveled: true, Finished: false)
  🧠 Selecting relevant nodes from Global Tree...
  🤖 Calling LLM (Attempt 1)...

📊 Token Statistics:
   Prompt length: 6130 characters
   Estimated tokens: 1533 / 64000 (2.4%)
   ✅ Context usage is healthy

  ✅ Step processed successfully: 1 action(s)

📍 Step 364: Processing node [inner_1] Inner Loop (Type: 1, Traveled: true, Finished: false)
  🧠 Selecting relevant nodes from Global Tree...
  🤖 Calling LLM (Attempt 1)...

📊 Token Statistics:
   Prompt length: 6130 characters
   Estimated tokens: 1533 / 64000 (2.4%)
   ✅ Context usage is healthy

  ✅ Step processed successfully: 1 action(s)

📍 Step 365: Processing node [inner_1] Inner Loop (Type: 1, Traveled: true, Finished: false)
  🧠 Selecting relevant nodes from Global Tree...
  🤖 Calling LLM (Attempt 1)...

📊 Token Statistics:
   Prompt length: 6130 characters
   Estimated tokens: 1533 / 64000 (2.4%)
   ✅ Context usage is healthy

  ✅ Step processed successfully: 1 action(s)

📍 Step 366: Processing node [inner_1] Inner Loop (Type: 1, Traveled: true, Finished: false)
  🧠 Selecting relevant nodes from Global Tree...
  🤖 Calling LLM (Attempt 1)...

📊 Token Statistics:
   Prompt length: 6130 characters
   Estimated tokens: 1533 / 64000 (2.4%)
   ✅ Context usage is healthy

  ✅ Step processed successfully: 1 action(s)

📍 Step 367: Processing node [inner_1] Inner Loop (Type: 1, Traveled: true, Finished: false)
  🧠 Selecting relevant nodes from Global Tree...
  🤖 Calling LLM (Attempt 1)...

📊 Token Statistics:
   Prompt length: 6130 characters
   Estimated tokens: 1533 / 64000 (2.4%)
   ✅ Context usage is healthy

  ✅ Step processed successfully: 1 action(s)

📍 Step 368: Processing node [inner_1] Inner Loop (Type: 1, Traveled: true, Finished: false)
  🧠 Selecting relevant nodes from Global Tree...
  🤖 Calling LLM (Attempt 1)...

📊 Token Statistics:
   Prompt length: 6130 characters
   Estimated tokens: 1533 / 64000 (2.4%)
   ✅ Context usage is healthy

  ✅ Step processed successfully: 1 action(s)

📍 Step 369: Processing node [inner_1] Inner Loop (Type: 1, Traveled: true, Finished: false)
  🧠 Selecting relevant nodes from Global Tree...
  🤖 Calling LLM (Attempt 1)...

📊 Token Statistics:
   Prompt length: 6130 characters
   Estimated tokens: 1533 / 64000 (2.4%)
   ✅ Context usage is healthy

  ✅ Step processed successfully: 1 action(s)

📍 Step 370: Processing node [inner_1] Inner Loop (Type: 1, Traveled: true, Finished: false)
  🧠 Selecting relevant nodes from Global Tree...
  🤖 Calling LLM (Attempt 1)...

📊 Token Statistics:
   Prompt length: 6130 characters
   Estimated tokens: 1533 / 64000 (2.4%)
   ✅ Context usage is healthy

  ✅ Step processed successfully: 1 action(s)

📍 Step 371: Processing node [inner_1] Inner Loop (Type: 1, Traveled: true, Finished: false)
  🧠 Selecting relevant nodes from Global Tree...
  🤖 Calling LLM (Attempt 1)...

📊 Token Statistics:
   Prompt length: 6130 characters
   Estimated tokens: 1533 / 64000 (2.4%)
   ✅ Context usage is healthy

  ✅ Step processed successfully: 1 action(s)

📍 Step 372: Processing node [inner_1] Inner Loop (Type: 1, Traveled: true, Finished: false)
  🧠 Selecting relevant nodes from Global Tree...
  🤖 Calling LLM (Attempt 1)...

📊 Token Statistics:
   Prompt length: 6130 characters
   Estimated tokens: 1533 / 64000 (2.4%)
   ✅ Context usage is healthy

  ✅ Step processed successfully: 1 action(s)

📍 Step 373: Processing node [inner_1] Inner Loop (Type: 1, Traveled: true, Finished: false)
  🧠 Selecting relevant nodes from Global Tree...
  🤖 Calling LLM (Attempt 1)...

📊 Token Statistics:
   Prompt length: 6130 characters
   Estimated tokens: 1533 / 64000 (2.4%)
   ✅ Context usage is healthy

  ✅ Step processed successfully: 1 action(s)

📍 Step 374: Processing node [inner_1] Inner Loop (Type: 1, Traveled: true, Finished: false)
  🧠 Selecting relevant nodes from Global Tree...
  🤖 Calling LLM (Attempt 1)...

📊 Token Statistics:
   Prompt length: 6130 characters
   Estimated tokens: 1533 / 64000 (2.4%)
   ✅ Context usage is healthy

  ✅ Step processed successfully: 1 action(s)

📍 Step 375: Processing node [inner_1] Inner Loop (Type: 1, Traveled: true, Finished: false)
  🧠 Selecting relevant nodes from Global Tree...
  🤖 Calling LLM (Attempt 1)...

📊 Token Statistics:
   Prompt length: 6130 characters
   Estimated tokens: 1533 / 64000 (2.4%)
   ✅ Context usage is healthy

  ✅ Step processed successfully: 1 action(s)

📍 Step 376: Processing node [inner_1] Inner Loop (Type: 1, Traveled: true, Finished: false)
  🧠 Selecting relevant nodes from Global Tree...
  🤖 Calling LLM (Attempt 1)...

📊 Token Statistics:
   Prompt length: 6130 characters
   Estimated tokens: 1533 / 64000 (2.4%)
   ✅ Context usage is healthy

  ✅ Step processed successfully: 1 action(s)

📍 Step 377: Processing node [inner_1] Inner Loop (Type: 1, Traveled: true, Finished: false)
  🧠 Selecting relevant nodes from Global Tree...
  🤖 Calling LLM (Attempt 1)...

📊 Token Statistics:
   Prompt length: 6130 characters
   Estimated tokens: 1533 / 64000 (2.4%)
   ✅ Context usage is healthy

  ✅ Step processed successfully: 1 action(s)

📍 Step 378: Processing node [inner_1] Inner Loop (Type: 1, Traveled: true, Finished: false)
  🧠 Selecting relevant nodes from Global Tree...
  🤖 Calling LLM (Attempt 1)...

📊 Token Statistics:
   Prompt length: 6130 characters
   Estimated tokens: 1533 / 64000 (2.4%)
   ✅ Context usage is healthy

  ✅ Step processed successfully: 1 action(s)

📍 Step 379: Processing node [inner_1] Inner Loop (Type: 1, Traveled: true, Finished: false)
  🧠 Selecting relevant nodes from Global Tree...
  🤖 Calling LLM (Attempt 1)...

📊 Token Statistics:
   Prompt length: 6130 characters
   Estimated tokens: 1533 / 64000 (2.4%)
   ✅ Context usage is healthy

  ✅ Step processed successfully: 1 action(s)

📍 Step 380: Processing node [inner_1] Inner Loop (Type: 1, Traveled: true, Finished: false)
  🧠 Selecting relevant nodes from Global Tree...
  🤖 Calling LLM (Attempt 1)...

📊 Token Statistics:
   Prompt length: 6130 characters
   Estimated tokens: 1533 / 64000 (2.4%)
   ✅ Context usage is healthy

  ✅ Step processed successfully: 1 action(s)

📍 Step 381: Processing node [inner_1] Inner Loop (Type: 1, Traveled: true, Finished: false)
  🧠 Selecting relevant nodes from Global Tree...
  🤖 Calling LLM (Attempt 1)...

📊 Token Statistics:
   Prompt length: 6130 characters
   Estimated tokens: 1533 / 64000 (2.4%)
   ✅ Context usage is healthy

  ✅ Step processed successfully: 1 action(s)

📍 Step 382: Processing node [inner_1] Inner Loop (Type: 1, Traveled: true, Finished: false)
  🧠 Selecting relevant nodes from Global Tree...
  🤖 Calling LLM (Attempt 1)...

📊 Token Statistics:
   Prompt length: 6130 characters
   Estimated tokens: 1533 / 64000 (2.4%)
   ✅ Context usage is healthy

  ✅ Step processed successfully: 1 action(s)

📍 Step 383: Processing node [inner_1] Inner Loop (Type: 1, Traveled: true, Finished: false)
  🧠 Selecting relevant nodes from Global Tree...
  🤖 Calling LLM (Attempt 1)...

📊 Token Statistics:
   Prompt length: 6130 characters
   Estimated tokens: 1533 / 64000 (2.4%)
   ✅ Context usage is healthy

  ✅ Step processed successfully: 1 action(s)

📍 Step 384: Processing node [inner_1] Inner Loop (Type: 1, Traveled: true, Finished: false)
  🧠 Selecting relevant nodes from Global Tree...
  🤖 Calling LLM (Attempt 1)...

📊 Token Statistics:
   Prompt length: 6130 characters
   Estimated tokens: 1533 / 64000 (2.4%)
   ✅ Context usage is healthy

  ✅ Step processed successfully: 1 action(s)

📍 Step 385: Processing node [inner_1] Inner Loop (Type: 1, Traveled: true, Finished: false)
  🧠 Selecting relevant nodes from Global Tree...
  🤖 Calling LLM (Attempt 1)...

📊 Token Statistics:
   Prompt length: 6130 characters
   Estimated tokens: 1533 / 64000 (2.4%)
   ✅ Context usage is healthy

  ✅ Step processed successfully: 1 action(s)

📍 Step 386: Processing node [inner_1] Inner Loop (Type: 1, Traveled: true, Finished: false)
  🧠 Selecting relevant nodes from Global Tree...
  🤖 Calling LLM (Attempt 1)...

📊 Token Statistics:
   Prompt length: 6130 characters
   Estimated tokens: 1533 / 64000 (2.4%)
   ✅ Context usage is healthy

  ✅ Step processed successfully: 1 action(s)

📍 Step 387: Processing node [inner_1] Inner Loop (Type: 1, Traveled: true, Finished: false)
  🧠 Selecting relevant nodes from Global Tree...
  🤖 Calling LLM (Attempt 1)...

📊 Token Statistics:
   Prompt length: 6130 characters
   Estimated tokens: 1533 / 64000 (2.4%)
   ✅ Context usage is healthy

  ✅ Step processed successfully: 1 action(s)

📍 Step 388: Processing node [inner_1] Inner Loop (Type: 1, Traveled: true, Finished: false)
  🧠 Selecting relevant nodes from Global Tree...
  🤖 Calling LLM (Attempt 1)...

📊 Token Statistics:
   Prompt length: 6130 characters
   Estimated tokens: 1533 / 64000 (2.4%)
   ✅ Context usage is healthy

  ✅ Step processed successfully: 1 action(s)

📍 Step 389: Processing node [inner_1] Inner Loop (Type: 1, Traveled: true, Finished: false)
  🧠 Selecting relevant nodes from Global Tree...
  🤖 Calling LLM (Attempt 1)...

📊 Token Statistics:
   Prompt length: 6130 characters
   Estimated tokens: 1533 / 64000 (2.4%)
   ✅ Context usage is healthy

  ✅ Step processed successfully: 1 action(s)

📍 Step 390: Processing node [inner_1] Inner Loop (Type: 1, Traveled: true, Finished: false)
  🧠 Selecting relevant nodes from Global Tree...
  🤖 Calling LLM (Attempt 1)...

📊 Token Statistics:
   Prompt length: 6130 characters
   Estimated tokens: 1533 / 64000 (2.4%)
   ✅ Context usage is healthy

  ✅ Step processed successfully: 1 action(s)

📍 Step 391: Processing node [inner_1] Inner Loop (Type: 1, Traveled: true, Finished: false)
  🧠 Selecting relevant nodes from Global Tree...
  🤖 Calling LLM (Attempt 1)...

📊 Token Statistics:
   Prompt length: 6130 characters
   Estimated tokens: 1533 / 64000 (2.4%)
   ✅ Context usage is healthy

  ✅ Step processed successfully: 1 action(s)

📍 Step 392: Processing node [inner_1] Inner Loop (Type: 1, Traveled: true, Finished: false)
  🧠 Selecting relevant nodes from Global Tree...
  🤖 Calling LLM (Attempt 1)...

📊 Token Statistics:
   Prompt length: 6130 characters
   Estimated tokens: 1533 / 64000 (2.4%)
   ✅ Context usage is healthy

  ✅ Step processed successfully: 1 action(s)

📍 Step 393: Processing node [inner_1] Inner Loop (Type: 1, Traveled: true, Finished: false)
  🧠 Selecting relevant nodes from Global Tree...
  🤖 Calling LLM (Attempt 1)...

📊 Token Statistics:
   Prompt length: 6130 characters
   Estimated tokens: 1533 / 64000 (2.4%)
   ✅ Context usage is healthy

  ✅ Step processed successfully: 1 action(s)

📍 Step 394: Processing node [inner_1] Inner Loop (Type: 1, Traveled: true, Finished: false)
  🧠 Selecting relevant nodes from Global Tree...
  🤖 Calling LLM (Attempt 1)...

📊 Token Statistics:
   Prompt length: 6130 characters
   Estimated tokens: 1533 / 64000 (2.4%)
   ✅ Context usage is healthy

  ✅ Step processed successfully: 1 action(s)

📍 Step 395: Processing node [inner_1] Inner Loop (Type: 1, Traveled: true, Finished: false)
  🧠 Selecting relevant nodes from Global Tree...
  🤖 Calling LLM (Attempt 1)...

📊 Token Statistics:
   Prompt length: 6130 characters
   Estimated tokens: 1533 / 64000 (2.4%)
   ✅ Context usage is healthy

  ✅ Step processed successfully: 1 action(s)

📍 Step 396: Processing node [inner_1] Inner Loop (Type: 1, Traveled: true, Finished: false)
  🧠 Selecting relevant nodes from Global Tree...
  🤖 Calling LLM (Attempt 1)...

📊 Token Statistics:
   Prompt length: 6130 characters
   Estimated tokens: 1533 / 64000 (2.4%)
   ✅ Context usage is healthy

  ✅ Step processed successfully: 1 action(s)

📍 Step 397: Processing node [inner_1] Inner Loop (Type: 1, Traveled: true, Finished: false)
  🧠 Selecting relevant nodes from Global Tree...
  🤖 Calling LLM (Attempt 1)...

📊 Token Statistics:
   Prompt length: 6130 characters
   Estimated tokens: 1533 / 64000 (2.4%)
   ✅ Context usage is healthy

  ✅ Step processed successfully: 1 action(s)

📍 Step 398: Processing node [inner_1] Inner Loop (Type: 1, Traveled: true, Finished: false)
  🧠 Selecting relevant nodes from Global Tree...
  🤖 Calling LLM (Attempt 1)...

📊 Token Statistics:
   Prompt length: 6130 characters
   Estimated tokens: 1533 / 64000 (2.4%)
   ✅ Context usage is healthy

  ✅ Step processed successfully: 1 action(s)

📍 Step 399: Processing node [inner_1] Inner Loop (Type: 1, Traveled: true, Finished: false)
  🧠 Selecting relevant nodes from Global Tree...
  🤖 Calling LLM (Attempt 1)...

📊 Token Statistics:
   Prompt length: 6130 characters
   Estimated tokens: 1533 / 64000 (2.4%)
   ✅ Context usage is healthy

  ✅ Step processed successfully: 1 action(s)

📍 Step 400: Processing node [inner_1] Inner Loop (Type: 1, Traveled: true, Finished: false)
  🧠 Selecting relevant nodes from Global Tree...
  🤖 Calling LLM (Attempt 1)...

📊 Token Statistics:
   Prompt length: 6130 characters
   Estimated tokens: 1533 / 64000 (2.4%)
   ✅ Context usage is healthy

  ✅ Step processed successfully: 1 action(s)

📍 Step 401: Processing node [inner_1] Inner Loop (Type: 1, Traveled: true, Finished: false)
  🧠 Selecting relevant nodes from Global Tree...
  🤖 Calling LLM (Attempt 1)...

📊 Token Statistics:
   Prompt length: 6130 characters
   Estimated tokens: 1533 / 64000 (2.4%)
   ✅ Context usage is healthy

  ✅ Step processed successfully: 1 action(s)

📍 Step 402: Processing node [inner_1] Inner Loop (Type: 1, Traveled: true, Finished: false)
  🧠 Selecting relevant nodes from Global Tree...
  🤖 Calling LLM (Attempt 1)...

📊 Token Statistics:
   Prompt length: 6130 characters
   Estimated tokens: 1533 / 64000 (2.4%)
   ✅ Context usage is healthy

  ✅ Step processed successfully: 1 action(s)

📍 Step 403: Processing node [inner_1] Inner Loop (Type: 1, Traveled: true, Finished: false)
  🧠 Selecting relevant nodes from Global Tree...
  🤖 Calling LLM (Attempt 1)...

📊 Token Statistics:
   Prompt length: 6130 characters
   Estimated tokens: 1533 / 64000 (2.4%)
   ✅ Context usage is healthy

  ✅ Step processed successfully: 1 action(s)

📍 Step 404: Processing node [inner_1] Inner Loop (Type: 1, Traveled: true, Finished: false)
  🧠 Selecting relevant nodes from Global Tree...
  🤖 Calling LLM (Attempt 1)...

📊 Token Statistics:
   Prompt length: 6130 characters
   Estimated tokens: 1533 / 64000 (2.4%)
   ✅ Context usage is healthy

  ✅ Step processed successfully: 1 action(s)

📍 Step 405: Processing node [inner_1] Inner Loop (Type: 1, Traveled: true, Finished: false)
  🧠 Selecting relevant nodes from Global Tree...
  🤖 Calling LLM (Attempt 1)...

📊 Token Statistics:
   Prompt length: 6130 characters
   Estimated tokens: 1533 / 64000 (2.4%)
   ✅ Context usage is healthy

  ✅ Step processed successfully: 1 action(s)

📍 Step 406: Processing node [inner_1] Inner Loop (Type: 1, Traveled: true, Finished: false)
  🧠 Selecting relevant nodes from Global Tree...
  🤖 Calling LLM (Attempt 1)...

📊 Token Statistics:
   Prompt length: 6130 characters
   Estimated tokens: 1533 / 64000 (2.4%)
   ✅ Context usage is healthy

  ✅ Step processed successfully: 1 action(s)

📍 Step 407: Processing node [inner_1] Inner Loop (Type: 1, Traveled: true, Finished: false)
  🧠 Selecting relevant nodes from Global Tree...
  🤖 Calling LLM (Attempt 1)...

📊 Token Statistics:
   Prompt length: 6130 characters
   Estimated tokens: 1533 / 64000 (2.4%)
   ✅ Context usage is healthy

  ✅ Step processed successfully: 1 action(s)

📍 Step 408: Processing node [inner_1] Inner Loop (Type: 1, Traveled: true, Finished: false)
  🧠 Selecting relevant nodes from Global Tree...
  🤖 Calling LLM (Attempt 1)...

📊 Token Statistics:
   Prompt length: 6130 characters
   Estimated tokens: 1533 / 64000 (2.4%)
   ✅ Context usage is healthy

  ✅ Step processed successfully: 1 action(s)

📍 Step 409: Processing node [inner_1] Inner Loop (Type: 1, Traveled: true, Finished: false)
  🧠 Selecting relevant nodes from Global Tree...
  🤖 Calling LLM (Attempt 1)...

📊 Token Statistics:
   Prompt length: 6130 characters
   Estimated tokens: 1533 / 64000 (2.4%)
   ✅ Context usage is healthy

  ✅ Step processed successfully: 1 action(s)

📍 Step 410: Processing node [inner_1] Inner Loop (Type: 1, Traveled: true, Finished: false)
  🧠 Selecting relevant nodes from Global Tree...
  🤖 Calling LLM (Attempt 1)...

📊 Token Statistics:
   Prompt length: 6130 characters
   Estimated tokens: 1533 / 64000 (2.4%)
   ✅ Context usage is healthy

  ✅ Step processed successfully: 1 action(s)

📍 Step 411: Processing node [inner_1] Inner Loop (Type: 1, Traveled: true, Finished: false)
  🧠 Selecting relevant nodes from Global Tree...
  🤖 Calling LLM (Attempt 1)...

📊 Token Statistics:
   Prompt length: 6130 characters
   Estimated tokens: 1533 / 64000 (2.4%)
   ✅ Context usage is healthy

  ✅ Step processed successfully: 1 action(s)

📍 Step 412: Processing node [inner_1] Inner Loop (Type: 1, Traveled: true, Finished: false)
  🧠 Selecting relevant nodes from Global Tree...
  🤖 Calling LLM (Attempt 1)...

📊 Token Statistics:
   Prompt length: 6130 characters
   Estimated tokens: 1533 / 64000 (2.4%)
   ✅ Context usage is healthy

  ✅ Step processed successfully: 1 action(s)

📍 Step 413: Processing node [inner_1] Inner Loop (Type: 1, Traveled: true, Finished: false)
  🧠 Selecting relevant nodes from Global Tree...
  🤖 Calling LLM (Attempt 1)...

📊 Token Statistics:
   Prompt length: 6130 characters
   Estimated tokens: 1533 / 64000 (2.4%)
   ✅ Context usage is healthy

  ✅ Step processed successfully: 1 action(s)

📍 Step 414: Processing node [inner_1] Inner Loop (Type: 1, Traveled: true, Finished: false)
  🧠 Selecting relevant nodes from Global Tree...
  🤖 Calling LLM (Attempt 1)...

📊 Token Statistics:
   Prompt length: 6130 characters
   Estimated tokens: 1533 / 64000 (2.4%)
   ✅ Context usage is healthy

  ✅ Step processed successfully: 1 action(s)

📍 Step 415: Processing node [inner_1] Inner Loop (Type: 1, Traveled: true, Finished: false)
  🧠 Selecting relevant nodes from Global Tree...
  🤖 Calling LLM (Attempt 1)...

📊 Token Statistics:
   Prompt length: 6130 characters
   Estimated tokens: 1533 / 64000 (2.4%)
   ✅ Context usage is healthy

  ✅ Step processed successfully: 1 action(s)

📍 Step 416: Processing node [inner_1] Inner Loop (Type: 1, Traveled: true, Finished: false)
  🧠 Selecting relevant nodes from Global Tree...
  🤖 Calling LLM (Attempt 1)...

📊 Token Statistics:
   Prompt length: 6130 characters
   Estimated tokens: 1533 / 64000 (2.4%)
   ✅ Context usage is healthy

  ✅ Step processed successfully: 1 action(s)

📍 Step 417: Processing node [inner_1] Inner Loop (Type: 1, Traveled: true, Finished: false)
  🧠 Selecting relevant nodes from Global Tree...
  🤖 Calling LLM (Attempt 1)...

📊 Token Statistics:
   Prompt length: 6130 characters
   Estimated tokens: 1533 / 64000 (2.4%)
   ✅ Context usage is healthy

  ✅ Step processed successfully: 1 action(s)

📍 Step 418: Processing node [inner_1] Inner Loop (Type: 1, Traveled: true, Finished: false)
  🧠 Selecting relevant nodes from Global Tree...
  🤖 Calling LLM (Attempt 1)...

📊 Token Statistics:
   Prompt length: 6130 characters
   Estimated tokens: 1533 / 64000 (2.4%)
   ✅ Context usage is healthy

  ✅ Step processed successfully: 1 action(s)

📍 Step 419: Processing node [inner_1] Inner Loop (Type: 1, Traveled: true, Finished: false)
  🧠 Selecting relevant nodes from Global Tree...
  🤖 Calling LLM (Attempt 1)...

📊 Token Statistics:
   Prompt length: 6130 characters
   Estimated tokens: 1533 / 64000 (2.4%)
   ✅ Context usage is healthy

  ✅ Step processed successfully: 1 action(s)

📍 Step 420: Processing node [inner_1] Inner Loop (Type: 1, Traveled: true, Finished: false)
  🧠 Selecting relevant nodes from Global Tree...
  🤖 Calling LLM (Attempt 1)...

📊 Token Statistics:
   Prompt length: 6130 characters
   Estimated tokens: 1533 / 64000 (2.4%)
   ✅ Context usage is healthy

  ✅ Step processed successfully: 1 action(s)

📍 Step 421: Processing node [inner_1] Inner Loop (Type: 1, Traveled: true, Finished: false)
  🧠 Selecting relevant nodes from Global Tree...
  🤖 Calling LLM (Attempt 1)...

📊 Token Statistics:
   Prompt length: 6130 characters
   Estimated tokens: 1533 / 64000 (2.4%)
   ✅ Context usage is healthy

  ✅ Step processed successfully: 1 action(s)

📍 Step 422: Processing node [inner_1] Inner Loop (Type: 1, Traveled: true, Finished: false)
  🧠 Selecting relevant nodes from Global Tree...
  🤖 Calling LLM (Attempt 1)...

📊 Token Statistics:
   Prompt length: 6130 characters
   Estimated tokens: 1533 / 64000 (2.4%)
   ✅ Context usage is healthy

  ✅ Step processed successfully: 1 action(s)

📍 Step 423: Processing node [inner_1] Inner Loop (Type: 1, Traveled: true, Finished: false)
  🧠 Selecting relevant nodes from Global Tree...
  🤖 Calling LLM (Attempt 1)...

📊 Token Statistics:
   Prompt length: 6130 characters
   Estimated tokens: 1533 / 64000 (2.4%)
   ✅ Context usage is healthy

  ✅ Step processed successfully: 1 action(s)

📍 Step 424: Processing node [inner_1] Inner Loop (Type: 1, Traveled: true, Finished: false)
  🧠 Selecting relevant nodes from Global Tree...
  🤖 Calling LLM (Attempt 1)...

📊 Token Statistics:
   Prompt length: 6130 characters
   Estimated tokens: 1533 / 64000 (2.4%)
   ✅ Context usage is healthy

  ✅ Step processed successfully: 1 action(s)

📍 Step 425: Processing node [inner_1] Inner Loop (Type: 1, Traveled: true, Finished: false)
  🧠 Selecting relevant nodes from Global Tree...
  🤖 Calling LLM (Attempt 1)...

📊 Token Statistics:
   Prompt length: 6130 characters
   Estimated tokens: 1533 / 64000 (2.4%)
   ✅ Context usage is healthy

  ✅ Step processed successfully: 1 action(s)

📍 Step 426: Processing node [inner_1] Inner Loop (Type: 1, Traveled: true, Finished: false)
  🧠 Selecting relevant nodes from Global Tree...
  🤖 Calling LLM (Attempt 1)...

📊 Token Statistics:
   Prompt length: 6130 characters
   Estimated tokens: 1533 / 64000 (2.4%)
   ✅ Context usage is healthy

  ✅ Step processed successfully: 1 action(s)

📍 Step 427: Processing node [inner_1] Inner Loop (Type: 1, Traveled: true, Finished: false)
  🧠 Selecting relevant nodes from Global Tree...
  🤖 Calling LLM (Attempt 1)...

📊 Token Statistics:
   Prompt length: 6130 characters
   Estimated tokens: 1533 / 64000 (2.4%)
   ✅ Context usage is healthy

  ✅ Step processed successfully: 1 action(s)

📍 Step 428: Processing node [inner_1] Inner Loop (Type: 1, Traveled: true, Finished: false)
  🧠 Selecting relevant nodes from Global Tree...
  🤖 Calling LLM (Attempt 1)...

📊 Token Statistics:
   Prompt length: 6130 characters
   Estimated tokens: 1533 / 64000 (2.4%)
   ✅ Context usage is healthy

  ✅ Step processed successfully: 1 action(s)

📍 Step 429: Processing node [inner_1] Inner Loop (Type: 1, Traveled: true, Finished: false)
  🧠 Selecting relevant nodes from Global Tree...
  🤖 Calling LLM (Attempt 1)...

📊 Token Statistics:
   Prompt length: 6130 characters
   Estimated tokens: 1533 / 64000 (2.4%)
   ✅ Context usage is healthy

  ✅ Step processed successfully: 1 action(s)

📍 Step 430: Processing node [inner_1] Inner Loop (Type: 1, Traveled: true, Finished: false)
  🧠 Selecting relevant nodes from Global Tree...
  🤖 Calling LLM (Attempt 1)...

📊 Token Statistics:
   Prompt length: 6130 characters
   Estimated tokens: 1533 / 64000 (2.4%)
   ✅ Context usage is healthy

  ✅ Step processed successfully: 1 action(s)

📍 Step 431: Processing node [inner_1] Inner Loop (Type: 1, Traveled: true, Finished: false)
  🧠 Selecting relevant nodes from Global Tree...
  🤖 Calling LLM (Attempt 1)...

📊 Token Statistics:
   Prompt length: 6130 characters
   Estimated tokens: 1533 / 64000 (2.4%)
   ✅ Context usage is healthy

  ✅ Step processed successfully: 1 action(s)

📍 Step 432: Processing node [inner_1] Inner Loop (Type: 1, Traveled: true, Finished: false)
  🧠 Selecting relevant nodes from Global Tree...
  🤖 Calling LLM (Attempt 1)...

📊 Token Statistics:
   Prompt length: 6130 characters
   Estimated tokens: 1533 / 64000 (2.4%)
   ✅ Context usage is healthy

  ✅ Step processed successfully: 1 action(s)

📍 Step 433: Processing node [inner_1] Inner Loop (Type: 1, Traveled: true, Finished: false)
  🧠 Selecting relevant nodes from Global Tree...
  🤖 Calling LLM (Attempt 1)...

📊 Token Statistics:
   Prompt length: 6130 characters
   Estimated tokens: 1533 / 64000 (2.4%)
   ✅ Context usage is healthy

  ✅ Step processed successfully: 1 action(s)

📍 Step 434: Processing node [inner_1] Inner Loop (Type: 1, Traveled: true, Finished: false)
  🧠 Selecting relevant nodes from Global Tree...
  🤖 Calling LLM (Attempt 1)...

📊 Token Statistics:
   Prompt length: 6130 characters
   Estimated tokens: 1533 / 64000 (2.4%)
   ✅ Context usage is healthy

  ✅ Step processed successfully: 1 action(s)

📍 Step 435: Processing node [inner_1] Inner Loop (Type: 1, Traveled: true, Finished: false)
  🧠 Selecting relevant nodes from Global Tree...
  🤖 Calling LLM (Attempt 1)...

📊 Token Statistics:
   Prompt length: 6130 characters
   Estimated tokens: 1533 / 64000 (2.4%)
   ✅ Context usage is healthy

  ✅ Step processed successfully: 1 action(s)

📍 Step 436: Processing node [inner_1] Inner Loop (Type: 1, Traveled: true, Finished: false)
  🧠 Selecting relevant nodes from Global Tree...
  🤖 Calling LLM (Attempt 1)...

📊 Token Statistics:
   Prompt length: 6130 characters
   Estimated tokens: 1533 / 64000 (2.4%)
   ✅ Context usage is healthy

  ✅ Step processed successfully: 1 action(s)

📍 Step 437: Processing node [inner_1] Inner Loop (Type: 1, Traveled: true, Finished: false)
  🧠 Selecting relevant nodes from Global Tree...
  🤖 Calling LLM (Attempt 1)...

📊 Token Statistics:
   Prompt length: 6130 characters
   Estimated tokens: 1533 / 64000 (2.4%)
   ✅ Context usage is healthy

  ✅ Step processed successfully: 1 action(s)

📍 Step 438: Processing node [inner_1] Inner Loop (Type: 1, Traveled: true, Finished: false)
  🧠 Selecting relevant nodes from Global Tree...
  🤖 Calling LLM (Attempt 1)...

📊 Token Statistics:
   Prompt length: 6130 characters
   Estimated tokens: 1533 / 64000 (2.4%)
   ✅ Context usage is healthy

  ✅ Step processed successfully: 1 action(s)

📍 Step 439: Processing node [inner_1] Inner Loop (Type: 1, Traveled: true, Finished: false)
  🧠 Selecting relevant nodes from Global Tree...
  🤖 Calling LLM (Attempt 1)...

📊 Token Statistics:
   Prompt length: 6130 characters
   Estimated tokens: 1533 / 64000 (2.4%)
   ✅ Context usage is healthy

  ✅ Step processed successfully: 1 action(s)

📍 Step 440: Processing node [inner_1] Inner Loop (Type: 1, Traveled: true, Finished: false)
  🧠 Selecting relevant nodes from Global Tree...
  🤖 Calling LLM (Attempt 1)...

📊 Token Statistics:
   Prompt length: 6130 characters
   Estimated tokens: 1533 / 64000 (2.4%)
   ✅ Context usage is healthy

  ✅ Step processed successfully: 1 action(s)

📍 Step 441: Processing node [inner_1] Inner Loop (Type: 1, Traveled: true, Finished: false)
  🧠 Selecting relevant nodes from Global Tree...
  🤖 Calling LLM (Attempt 1)...

📊 Token Statistics:
   Prompt length: 6130 characters
   Estimated tokens: 1533 / 64000 (2.4%)
   ✅ Context usage is healthy

  ✅ Step processed successfully: 1 action(s)

📍 Step 442: Processing node [inner_1] Inner Loop (Type: 1, Traveled: true, Finished: false)
  🧠 Selecting relevant nodes from Global Tree...
  🤖 Calling LLM (Attempt 1)...

📊 Token Statistics:
   Prompt length: 6130 characters
   Estimated tokens: 1533 / 64000 (2.4%)
   ✅ Context usage is healthy

  ✅ Step processed successfully: 1 action(s)

📍 Step 443: Processing node [inner_1] Inner Loop (Type: 1, Traveled: true, Finished: false)
  🧠 Selecting relevant nodes from Global Tree...
  🤖 Calling LLM (Attempt 1)...

📊 Token Statistics:
   Prompt length: 6130 characters
   Estimated tokens: 1533 / 64000 (2.4%)
   ✅ Context usage is healthy

  ✅ Step processed successfully: 1 action(s)

📍 Step 444: Processing node [inner_1] Inner Loop (Type: 1, Traveled: true, Finished: false)
  🧠 Selecting relevant nodes from Global Tree...
  🤖 Calling LLM (Attempt 1)...

📊 Token Statistics:
   Prompt length: 6130 characters
   Estimated tokens: 1533 / 64000 (2.4%)
   ✅ Context usage is healthy

  ✅ Step processed successfully: 1 action(s)

📍 Step 445: Processing node [inner_1] Inner Loop (Type: 1, Traveled: true, Finished: false)
  🧠 Selecting relevant nodes from Global Tree...
  🤖 Calling LLM (Attempt 1)...

📊 Token Statistics:
   Prompt length: 6130 characters
   Estimated tokens: 1533 / 64000 (2.4%)
   ✅ Context usage is healthy

  ✅ Step processed successfully: 1 action(s)

📍 Step 446: Processing node [inner_1] Inner Loop (Type: 1, Traveled: true, Finished: false)
  🧠 Selecting relevant nodes from Global Tree...
  🤖 Calling LLM (Attempt 1)...

📊 Token Statistics:
   Prompt length: 6130 characters
   Estimated tokens: 1533 / 64000 (2.4%)
   ✅ Context usage is healthy

  ✅ Step processed successfully: 1 action(s)

📍 Step 447: Processing node [inner_1] Inner Loop (Type: 1, Traveled: true, Finished: false)
  🧠 Selecting relevant nodes from Global Tree...
  🤖 Calling LLM (Attempt 1)...

📊 Token Statistics:
   Prompt length: 6130 characters
   Estimated tokens: 1533 / 64000 (2.4%)
   ✅ Context usage is healthy

  ✅ Step processed successfully: 1 action(s)

📍 Step 448: Processing node [inner_1] Inner Loop (Type: 1, Traveled: true, Finished: false)
  🧠 Selecting relevant nodes from Global Tree...
  🤖 Calling LLM (Attempt 1)...

📊 Token Statistics:
   Prompt length: 6130 characters
   Estimated tokens: 1533 / 64000 (2.4%)
   ✅ Context usage is healthy

  ✅ Step processed successfully: 1 action(s)

📍 Step 449: Processing node [inner_1] Inner Loop (Type: 1, Traveled: true, Finished: false)
  🧠 Selecting relevant nodes from Global Tree...
  🤖 Calling LLM (Attempt 1)...

📊 Token Statistics:
   Prompt length: 6130 characters
   Estimated tokens: 1533 / 64000 (2.4%)
   ✅ Context usage is healthy

  ✅ Step processed successfully: 1 action(s)

📍 Step 450: Processing node [inner_1] Inner Loop (Type: 1, Traveled: true, Finished: false)
  🧠 Selecting relevant nodes from Global Tree...
  🤖 Calling LLM (Attempt 1)...

📊 Token Statistics:
   Prompt length: 6130 characters
   Estimated tokens: 1533 / 64000 (2.4%)
   ✅ Context usage is healthy

  ✅ Step processed successfully: 1 action(s)

📍 Step 451: Processing node [inner_1] Inner Loop (Type: 1, Traveled: true, Finished: false)
  🧠 Selecting relevant nodes from Global Tree...
  🤖 Calling LLM (Attempt 1)...

📊 Token Statistics:
   Prompt length: 6130 characters
   Estimated tokens: 1533 / 64000 (2.4%)
   ✅ Context usage is healthy

  ✅ Step processed successfully: 1 action(s)

📍 Step 452: Processing node [inner_1] Inner Loop (Type: 1, Traveled: true, Finished: false)
  🧠 Selecting relevant nodes from Global Tree...
  🤖 Calling LLM (Attempt 1)...

📊 Token Statistics:
   Prompt length: 6130 characters
   Estimated tokens: 1533 / 64000 (2.4%)
   ✅ Context usage is healthy

  ✅ Step processed successfully: 1 action(s)

📍 Step 453: Processing node [inner_1] Inner Loop (Type: 1, Traveled: true, Finished: false)
  🧠 Selecting relevant nodes from Global Tree...
  🤖 Calling LLM (Attempt 1)...

📊 Token Statistics:
   Prompt length: 6130 characters
   Estimated tokens: 1533 / 64000 (2.4%)
   ✅ Context usage is healthy

  ✅ Step processed successfully: 1 action(s)

📍 Step 454: Processing node [inner_1] Inner Loop (Type: 1, Traveled: true, Finished: false)
  🧠 Selecting relevant nodes from Global Tree...
  🤖 Calling LLM (Attempt 1)...

📊 Token Statistics:
   Prompt length: 6130 characters
   Estimated tokens: 1533 / 64000 (2.4%)
   ✅ Context usage is healthy

  ✅ Step processed successfully: 1 action(s)

📍 Step 455: Processing node [inner_1] Inner Loop (Type: 1, Traveled: true, Finished: false)
  🧠 Selecting relevant nodes from Global Tree...
  🤖 Calling LLM (Attempt 1)...

📊 Token Statistics:
   Prompt length: 6130 characters
   Estimated tokens: 1533 / 64000 (2.4%)
   ✅ Context usage is healthy

  ✅ Step processed successfully: 1 action(s)

📍 Step 456: Processing node [inner_1] Inner Loop (Type: 1, Traveled: true, Finished: false)
  🧠 Selecting relevant nodes from Global Tree...
  🤖 Calling LLM (Attempt 1)...

📊 Token Statistics:
   Prompt length: 6130 characters
   Estimated tokens: 1533 / 64000 (2.4%)
   ✅ Context usage is healthy

  ✅ Step processed successfully: 1 action(s)

📍 Step 457: Processing node [inner_1] Inner Loop (Type: 1, Traveled: true, Finished: false)
  🧠 Selecting relevant nodes from Global Tree...
  🤖 Calling LLM (Attempt 1)...

📊 Token Statistics:
   Prompt length: 6130 characters
   Estimated tokens: 1533 / 64000 (2.4%)
   ✅ Context usage is healthy

  ✅ Step processed successfully: 1 action(s)

📍 Step 458: Processing node [inner_1] Inner Loop (Type: 1, Traveled: true, Finished: false)
  🧠 Selecting relevant nodes from Global Tree...
  🤖 Calling LLM (Attempt 1)...

📊 Token Statistics:
   Prompt length: 6130 characters
   Estimated tokens: 1533 / 64000 (2.4%)
   ✅ Context usage is healthy

  ✅ Step processed successfully: 1 action(s)

📍 Step 459: Processing node [inner_1] Inner Loop (Type: 1, Traveled: true, Finished: false)
  🧠 Selecting relevant nodes from Global Tree...
  🤖 Calling LLM (Attempt 1)...

📊 Token Statistics:
   Prompt length: 6130 characters
   Estimated tokens: 1533 / 64000 (2.4%)
   ✅ Context usage is healthy

  ✅ Step processed successfully: 1 action(s)

📍 Step 460: Processing node [inner_1] Inner Loop (Type: 1, Traveled: true, Finished: false)
  🧠 Selecting relevant nodes from Global Tree...
  🤖 Calling LLM (Attempt 1)...

📊 Token Statistics:
   Prompt length: 6130 characters
   Estimated tokens: 1533 / 64000 (2.4%)
   ✅ Context usage is healthy

  ✅ Step processed successfully: 1 action(s)

📍 Step 461: Processing node [inner_1] Inner Loop (Type: 1, Traveled: true, Finished: false)
  🧠 Selecting relevant nodes from Global Tree...
  🤖 Calling LLM (Attempt 1)...

📊 Token Statistics:
   Prompt length: 6130 characters
   Estimated tokens: 1533 / 64000 (2.4%)
   ✅ Context usage is healthy

  ✅ Step processed successfully: 1 action(s)

📍 Step 462: Processing node [inner_1] Inner Loop (Type: 1, Traveled: true, Finished: false)
  🧠 Selecting relevant nodes from Global Tree...
  🤖 Calling LLM (Attempt 1)...

📊 Token Statistics:
   Prompt length: 6130 characters
   Estimated tokens: 1533 / 64000 (2.4%)
   ✅ Context usage is healthy

  ✅ Step processed successfully: 1 action(s)

📍 Step 463: Processing node [inner_1] Inner Loop (Type: 1, Traveled: true, Finished: false)
  🧠 Selecting relevant nodes from Global Tree...
  🤖 Calling LLM (Attempt 1)...

📊 Token Statistics:
   Prompt length: 6130 characters
   Estimated tokens: 1533 / 64000 (2.4%)
   ✅ Context usage is healthy

  ✅ Step processed successfully: 1 action(s)

📍 Step 464: Processing node [inner_1] Inner Loop (Type: 1, Traveled: true, Finished: false)
  🧠 Selecting relevant nodes from Global Tree...
  🤖 Calling LLM (Attempt 1)...

📊 Token Statistics:
   Prompt length: 6130 characters
   Estimated tokens: 1533 / 64000 (2.4%)
   ✅ Context usage is healthy

  ✅ Step processed successfully: 1 action(s)

📍 Step 465: Processing node [inner_1] Inner Loop (Type: 1, Traveled: true, Finished: false)
  🧠 Selecting relevant nodes from Global Tree...
  🤖 Calling LLM (Attempt 1)...

📊 Token Statistics:
   Prompt length: 6130 characters
   Estimated tokens: 1533 / 64000 (2.4%)
   ✅ Context usage is healthy

  ✅ Step processed successfully: 1 action(s)

📍 Step 466: Processing node [inner_1] Inner Loop (Type: 1, Traveled: true, Finished: false)
  🧠 Selecting relevant nodes from Global Tree...
  🤖 Calling LLM (Attempt 1)...

📊 Token Statistics:
   Prompt length: 6130 characters
   Estimated tokens: 1533 / 64000 (2.4%)
   ✅ Context usage is healthy

  ✅ Step processed successfully: 1 action(s)

📍 Step 467: Processing node [inner_1] Inner Loop (Type: 1, Traveled: true, Finished: false)
  🧠 Selecting relevant nodes from Global Tree...
  🤖 Calling LLM (Attempt 1)...

📊 Token Statistics:
   Prompt length: 6130 characters
   Estimated tokens: 1533 / 64000 (2.4%)
   ✅ Context usage is healthy

  ✅ Step processed successfully: 1 action(s)

📍 Step 468: Processing node [inner_1] Inner Loop (Type: 1, Traveled: true, Finished: false)
  🧠 Selecting relevant nodes from Global Tree...
  🤖 Calling LLM (Attempt 1)...

📊 Token Statistics:
   Prompt length: 6130 characters
   Estimated tokens: 1533 / 64000 (2.4%)
   ✅ Context usage is healthy

  ✅ Step processed successfully: 1 action(s)

📍 Step 469: Processing node [inner_1] Inner Loop (Type: 1, Traveled: true, Finished: false)
  🧠 Selecting relevant nodes from Global Tree...
  🤖 Calling LLM (Attempt 1)...

📊 Token Statistics:
   Prompt length: 6130 characters
   Estimated tokens: 1533 / 64000 (2.4%)
   ✅ Context usage is healthy

  ✅ Step processed successfully: 1 action(s)

📍 Step 470: Processing node [inner_1] Inner Loop (Type: 1, Traveled: true, Finished: false)
  🧠 Selecting relevant nodes from Global Tree...
  🤖 Calling LLM (Attempt 1)...

📊 Token Statistics:
   Prompt length: 6130 characters
   Estimated tokens: 1533 / 64000 (2.4%)
   ✅ Context usage is healthy

  ✅ Step processed successfully: 1 action(s)

📍 Step 471: Processing node [inner_1] Inner Loop (Type: 1, Traveled: true, Finished: false)
  🧠 Selecting relevant nodes from Global Tree...
  🤖 Calling LLM (Attempt 1)...

📊 Token Statistics:
   Prompt length: 6130 characters
   Estimated tokens: 1533 / 64000 (2.4%)
   ✅ Context usage is healthy

  ✅ Step processed successfully: 1 action(s)

📍 Step 472: Processing node [inner_1] Inner Loop (Type: 1, Traveled: true, Finished: false)
  🧠 Selecting relevant nodes from Global Tree...
  🤖 Calling LLM (Attempt 1)...

📊 Token Statistics:
   Prompt length: 6130 characters
   Estimated tokens: 1533 / 64000 (2.4%)
   ✅ Context usage is healthy

  ✅ Step processed successfully: 1 action(s)

📍 Step 473: Processing node [inner_1] Inner Loop (Type: 1, Traveled: true, Finished: false)
  🧠 Selecting relevant nodes from Global Tree...
  🤖 Calling LLM (Attempt 1)...

📊 Token Statistics:
   Prompt length: 6130 characters
   Estimated tokens: 1533 / 64000 (2.4%)
   ✅ Context usage is healthy

  ✅ Step processed successfully: 1 action(s)

📍 Step 474: Processing node [inner_1] Inner Loop (Type: 1, Traveled: true, Finished: false)
  🧠 Selecting relevant nodes from Global Tree...
  🤖 Calling LLM (Attempt 1)...

📊 Token Statistics:
   Prompt length: 6130 characters
   Estimated tokens: 1533 / 64000 (2.4%)
   ✅ Context usage is healthy

  ✅ Step processed successfully: 1 action(s)

📍 Step 475: Processing node [inner_1] Inner Loop (Type: 1, Traveled: true, Finished: false)
  🧠 Selecting relevant nodes from Global Tree...
  🤖 Calling LLM (Attempt 1)...

📊 Token Statistics:
   Prompt length: 6130 characters
   Estimated tokens: 1533 / 64000 (2.4%)
   ✅ Context usage is healthy

  ✅ Step processed successfully: 1 action(s)

📍 Step 476: Processing node [inner_1] Inner Loop (Type: 1, Traveled: true, Finished: false)
  🧠 Selecting relevant nodes from Global Tree...
  🤖 Calling LLM (Attempt 1)...

📊 Token Statistics:
   Prompt length: 6130 characters
   Estimated tokens: 1533 / 64000 (2.4%)
   ✅ Context usage is healthy

  ✅ Step processed successfully: 1 action(s)

📍 Step 477: Processing node [inner_1] Inner Loop (Type: 1, Traveled: true, Finished: false)
  🧠 Selecting relevant nodes from Global Tree...
  🤖 Calling LLM (Attempt 1)...

📊 Token Statistics:
   Prompt length: 6130 characters
   Estimated tokens: 1533 / 64000 (2.4%)
   ✅ Context usage is healthy

  ✅ Step processed successfully: 1 action(s)

📍 Step 478: Processing node [inner_1] Inner Loop (Type: 1, Traveled: true, Finished: false)
  🧠 Selecting relevant nodes from Global Tree...
  🤖 Calling LLM (Attempt 1)...

📊 Token Statistics:
   Prompt length: 6130 characters
   Estimated tokens: 1533 / 64000 (2.4%)
   ✅ Context usage is healthy

  ✅ Step processed successfully: 1 action(s)

📍 Step 479: Processing node [inner_1] Inner Loop (Type: 1, Traveled: true, Finished: false)
  🧠 Selecting relevant nodes from Global Tree...
  🤖 Calling LLM (Attempt 1)...

📊 Token Statistics:
   Prompt length: 6130 characters
   Estimated tokens: 1533 / 64000 (2.4%)
   ✅ Context usage is healthy

  ✅ Step processed successfully: 1 action(s)

📍 Step 480: Processing node [inner_1] Inner Loop (Type: 1, Traveled: true, Finished: false)
  🧠 Selecting relevant nodes from Global Tree...
  🤖 Calling LLM (Attempt 1)...

📊 Token Statistics:
   Prompt length: 6130 characters
   Estimated tokens: 1533 / 64000 (2.4%)
   ✅ Context usage is healthy

  ✅ Step processed successfully: 1 action(s)

📍 Step 481: Processing node [inner_1] Inner Loop (Type: 1, Traveled: true, Finished: false)
  🧠 Selecting relevant nodes from Global Tree...
  🤖 Calling LLM (Attempt 1)...

📊 Token Statistics:
   Prompt length: 6130 characters
   Estimated tokens: 1533 / 64000 (2.4%)
   ✅ Context usage is healthy

  ✅ Step processed successfully: 1 action(s)

📍 Step 482: Processing node [inner_1] Inner Loop (Type: 1, Traveled: true, Finished: false)
  🧠 Selecting relevant nodes from Global Tree...
  🤖 Calling LLM (Attempt 1)...

📊 Token Statistics:
   Prompt length: 6130 characters
   Estimated tokens: 1533 / 64000 (2.4%)
   ✅ Context usage is healthy

  ✅ Step processed successfully: 1 action(s)

📍 Step 483: Processing node [inner_1] Inner Loop (Type: 1, Traveled: true, Finished: false)
  🧠 Selecting relevant nodes from Global Tree...
  🤖 Calling LLM (Attempt 1)...

📊 Token Statistics:
   Prompt length: 6130 characters
   Estimated tokens: 1533 / 64000 (2.4%)
   ✅ Context usage is healthy

  ✅ Step processed successfully: 1 action(s)

📍 Step 484: Processing node [inner_1] Inner Loop (Type: 1, Traveled: true, Finished: false)
  🧠 Selecting relevant nodes from Global Tree...
  🤖 Calling LLM (Attempt 1)...

📊 Token Statistics:
   Prompt length: 6130 characters
   Estimated tokens: 1533 / 64000 (2.4%)
   ✅ Context usage is healthy

  ✅ Step processed successfully: 1 action(s)

📍 Step 485: Processing node [inner_1] Inner Loop (Type: 1, Traveled: true, Finished: false)
  🧠 Selecting relevant nodes from Global Tree...
  🤖 Calling LLM (Attempt 1)...

📊 Token Statistics:
   Prompt length: 6130 characters
   Estimated tokens: 1533 / 64000 (2.4%)
   ✅ Context usage is healthy

  ✅ Step processed successfully: 1 action(s)

📍 Step 486: Processing node [inner_1] Inner Loop (Type: 1, Traveled: true, Finished: false)
  🧠 Selecting relevant nodes from Global Tree...
  🤖 Calling LLM (Attempt 1)...

📊 Token Statistics:
   Prompt length: 6130 characters
   Estimated tokens: 1533 / 64000 (2.4%)
   ✅ Context usage is healthy

  ✅ Step processed successfully: 1 action(s)

📍 Step 487: Processing node [inner_1] Inner Loop (Type: 1, Traveled: true, Finished: false)
  🧠 Selecting relevant nodes from Global Tree...
  🤖 Calling LLM (Attempt 1)...

📊 Token Statistics:
   Prompt length: 6130 characters
   Estimated tokens: 1533 / 64000 (2.4%)
   ✅ Context usage is healthy

  ✅ Step processed successfully: 1 action(s)

📍 Step 488: Processing node [inner_1] Inner Loop (Type: 1, Traveled: true, Finished: false)
  🧠 Selecting relevant nodes from Global Tree...
  🤖 Calling LLM (Attempt 1)...

📊 Token Statistics:
   Prompt length: 6130 characters
   Estimated tokens: 1533 / 64000 (2.4%)
   ✅ Context usage is healthy

  ✅ Step processed successfully: 1 action(s)

📍 Step 489: Processing node [inner_1] Inner Loop (Type: 1, Traveled: true, Finished: false)
  🧠 Selecting relevant nodes from Global Tree...
  🤖 Calling LLM (Attempt 1)...

📊 Token Statistics:
   Prompt length: 6130 characters
   Estimated tokens: 1533 / 64000 (2.4%)
   ✅ Context usage is healthy

  ✅ Step processed successfully: 1 action(s)

📍 Step 490: Processing node [inner_1] Inner Loop (Type: 1, Traveled: true, Finished: false)
  🧠 Selecting relevant nodes from Global Tree...
  🤖 Calling LLM (Attempt 1)...

📊 Token Statistics:
   Prompt length: 6130 characters
   Estimated tokens: 1533 / 64000 (2.4%)
   ✅ Context usage is healthy

  ✅ Step processed successfully: 1 action(s)

📍 Step 491: Processing node [inner_1] Inner Loop (Type: 1, Traveled: true, Finished: false)
  🧠 Selecting relevant nodes from Global Tree...
  🤖 Calling LLM (Attempt 1)...

📊 Token Statistics:
   Prompt length: 6130 characters
   Estimated tokens: 1533 / 64000 (2.4%)
   ✅ Context usage is healthy

  ✅ Step processed successfully: 1 action(s)

📍 Step 492: Processing node [inner_1] Inner Loop (Type: 1, Traveled: true, Finished: false)
  🧠 Selecting relevant nodes from Global Tree...
  🤖 Calling LLM (Attempt 1)...

📊 Token Statistics:
   Prompt length: 6130 characters
   Estimated tokens: 1533 / 64000 (2.4%)
   ✅ Context usage is healthy

  ✅ Step processed successfully: 1 action(s)

📍 Step 493: Processing node [inner_1] Inner Loop (Type: 1, Traveled: true, Finished: false)
  🧠 Selecting relevant nodes from Global Tree...
  🤖 Calling LLM (Attempt 1)...

📊 Token Statistics:
   Prompt length: 6130 characters
   Estimated tokens: 1533 / 64000 (2.4%)
   ✅ Context usage is healthy

  ✅ Step processed successfully: 1 action(s)

📍 Step 494: Processing node [inner_1] Inner Loop (Type: 1, Traveled: true, Finished: false)
  🧠 Selecting relevant nodes from Global Tree...
  🤖 Calling LLM (Attempt 1)...

📊 Token Statistics:
   Prompt length: 6130 characters
   Estimated tokens: 1533 / 64000 (2.4%)
   ✅ Context usage is healthy

  ✅ Step processed successfully: 1 action(s)

📍 Step 495: Processing node [inner_1] Inner Loop (Type: 1, Traveled: true, Finished: false)
  🧠 Selecting relevant nodes from Global Tree...
  🤖 Calling LLM (Attempt 1)...

📊 Token Statistics:
   Prompt length: 6130 characters
   Estimated tokens: 1533 / 64000 (2.4%)
   ✅ Context usage is healthy

  ✅ Step processed successfully: 1 action(s)

📍 Step 496: Processing node [inner_1] Inner Loop (Type: 1, Traveled: true, Finished: false)
  🧠 Selecting relevant nodes from Global Tree...
  🤖 Calling LLM (Attempt 1)...

📊 Token Statistics:
   Prompt length: 6130 characters
   Estimated tokens: 1533 / 64000 (2.4%)
   ✅ Context usage is healthy

  ✅ Step processed successfully: 1 action(s)

📍 Step 497: Processing node [inner_1] Inner Loop (Type: 1, Traveled: true, Finished: false)
  🧠 Selecting relevant nodes from Global Tree...
  🤖 Calling LLM (Attempt 1)...

📊 Token Statistics:
   Prompt length: 6130 characters
   Estimated tokens: 1533 / 64000 (2.4%)
   ✅ Context usage is healthy

  ✅ Step processed successfully: 1 action(s)

📍 Step 498: Processing node [inner_1] Inner Loop (Type: 1, Traveled: true, Finished: false)
  🧠 Selecting relevant nodes from Global Tree...
  🤖 Calling LLM (Attempt 1)...

📊 Token Statistics:
   Prompt length: 6130 characters
   Estimated tokens: 1533 / 64000 (2.4%)
   ✅ Context usage is healthy

  ✅ Step processed successfully: 1 action(s)

📍 Step 499: Processing node [inner_1] Inner Loop (Type: 1, Traveled: true, Finished: false)
  🧠 Selecting relevant nodes from Global Tree...
  🤖 Calling LLM (Attempt 1)...

📊 Token Statistics:
   Prompt length: 6130 characters
   Estimated tokens: 1533 / 64000 (2.4%)
   ✅ Context usage is healthy

  ✅ Step processed successfully: 1 action(s)

📍 Step 500: Processing node [inner_1] Inner Loop (Type: 1, Traveled: true, Finished: false)
  🧠 Selecting relevant nodes from Global Tree...
  🤖 Calling LLM (Attempt 1)...

📊 Token Statistics:
   Prompt length: 6130 characters
   Estimated tokens: 1533 / 64000 (2.4%)
   ✅ Context usage is healthy

  ✅ Step processed successfully: 1 action(s)

📍 Step 501: Processing node [inner_1] Inner Loop (Type: 1, Traveled: true, Finished: false)
  🧠 Selecting relevant nodes from Global Tree...
  🤖 Calling LLM (Attempt 1)...

📊 Token Statistics:
   Prompt length: 6130 characters
   Estimated tokens: 1533 / 64000 (2.4%)
   ✅ Context usage is healthy

  ✅ Step processed successfully: 1 action(s)

📍 Step 502: Processing node [inner_1] Inner Loop (Type: 1, Traveled: true, Finished: false)
  🧠 Selecting relevant nodes from Global Tree...
  🤖 Calling LLM (Attempt 1)...

📊 Token Statistics:
   Prompt length: 6130 characters
   Estimated tokens: 1533 / 64000 (2.4%)
   ✅ Context usage is healthy

  ✅ Step processed successfully: 1 action(s)

📍 Step 503: Processing node [inner_1] Inner Loop (Type: 1, Traveled: true, Finished: false)
  🧠 Selecting relevant nodes from Global Tree...
  🤖 Calling LLM (Attempt 1)...

📊 Token Statistics:
   Prompt length: 6130 characters
   Estimated tokens: 1533 / 64000 (2.4%)
   ✅ Context usage is healthy

  ✅ Step processed successfully: 1 action(s)

📍 Step 504: Processing node [inner_1] Inner Loop (Type: 1, Traveled: true, Finished: false)
  🧠 Selecting relevant nodes from Global Tree...
  🤖 Calling LLM (Attempt 1)...

📊 Token Statistics:
   Prompt length: 6130 characters
   Estimated tokens: 1533 / 64000 (2.4%)
   ✅ Context usage is healthy

  ✅ Step processed successfully: 1 action(s)

📍 Step 505: Processing node [inner_1] Inner Loop (Type: 1, Traveled: true, Finished: false)
  🧠 Selecting relevant nodes from Global Tree...
  🤖 Calling LLM (Attempt 1)...

📊 Token Statistics:
   Prompt length: 6130 characters
   Estimated tokens: 1533 / 64000 (2.4%)
   ✅ Context usage is healthy

  ✅ Step processed successfully: 1 action(s)

📍 Step 506: Processing node [inner_1] Inner Loop (Type: 1, Traveled: true, Finished: false)
  🧠 Selecting relevant nodes from Global Tree...
  🤖 Calling LLM (Attempt 1)...

📊 Token Statistics:
   Prompt length: 6130 characters
   Estimated tokens: 1533 / 64000 (2.4%)
   ✅ Context usage is healthy

  ✅ Step processed successfully: 1 action(s)

📍 Step 507: Processing node [inner_1] Inner Loop (Type: 1, Traveled: true, Finished: false)
  🧠 Selecting relevant nodes from Global Tree...
  🤖 Calling LLM (Attempt 1)...

📊 Token Statistics:
   Prompt length: 6130 characters
   Estimated tokens: 1533 / 64000 (2.4%)
   ✅ Context usage is healthy

  ✅ Step processed successfully: 1 action(s)

📍 Step 508: Processing node [inner_1] Inner Loop (Type: 1, Traveled: true, Finished: false)
  🧠 Selecting relevant nodes from Global Tree...
  🤖 Calling LLM (Attempt 1)...

📊 Token Statistics:
   Prompt length: 6130 characters
   Estimated tokens: 1533 / 64000 (2.4%)
   ✅ Context usage is healthy

  ✅ Step processed successfully: 1 action(s)

📍 Step 509: Processing node [inner_1] Inner Loop (Type: 1, Traveled: true, Finished: false)
  🧠 Selecting relevant nodes from Global Tree...
  🤖 Calling LLM (Attempt 1)...

📊 Token Statistics:
   Prompt length: 6130 characters
   Estimated tokens: 1533 / 64000 (2.4%)
   ✅ Context usage is healthy

  ✅ Step processed successfully: 1 action(s)

📍 Step 510: Processing node [inner_1] Inner Loop (Type: 1, Traveled: true, Finished: false)
  🧠 Selecting relevant nodes from Global Tree...
  🤖 Calling LLM (Attempt 1)...

📊 Token Statistics:
   Prompt length: 6130 characters
   Estimated tokens: 1533 / 64000 (2.4%)
   ✅ Context usage is healthy

  ✅ Step processed successfully: 1 action(s)

📍 Step 511: Processing node [inner_1] Inner Loop (Type: 1, Traveled: true, Finished: false)
  🧠 Selecting relevant nodes from Global Tree...
  🤖 Calling LLM (Attempt 1)...

📊 Token Statistics:
   Prompt length: 6130 characters
   Estimated tokens: 1533 / 64000 (2.4%)
   ✅ Context usage is healthy

  ✅ Step processed successfully: 1 action(s)

📍 Step 512: Processing node [inner_1] Inner Loop (Type: 1, Traveled: true, Finished: false)
  🧠 Selecting relevant nodes from Global Tree...
  🤖 Calling LLM (Attempt 1)...

📊 Token Statistics:
   Prompt length: 6130 characters
   Estimated tokens: 1533 / 64000 (2.4%)
   ✅ Context usage is healthy

  ✅ Step processed successfully: 1 action(s)

📍 Step 513: Processing node [inner_1] Inner Loop (Type: 1, Traveled: true, Finished: false)
  🧠 Selecting relevant nodes from Global Tree...
  🤖 Calling LLM (Attempt 1)...

📊 Token Statistics:
   Prompt length: 6130 characters
   Estimated tokens: 1533 / 64000 (2.4%)
   ✅ Context usage is healthy

  ✅ Step processed successfully: 1 action(s)

📍 Step 514: Processing node [inner_1] Inner Loop (Type: 1, Traveled: true, Finished: false)
  🧠 Selecting relevant nodes from Global Tree...
  🤖 Calling LLM (Attempt 1)...

📊 Token Statistics:
   Prompt length: 6130 characters
   Estimated tokens: 1533 / 64000 (2.4%)
   ✅ Context usage is healthy

  ✅ Step processed successfully: 1 action(s)

📍 Step 515: Processing node [inner_1] Inner Loop (Type: 1, Traveled: true, Finished: false)
  🧠 Selecting relevant nodes from Global Tree...
  🤖 Calling LLM (Attempt 1)...

📊 Token Statistics:
   Prompt length: 6130 characters
   Estimated tokens: 1533 / 64000 (2.4%)
   ✅ Context usage is healthy

  ✅ Step processed successfully: 1 action(s)

📍 Step 516: Processing node [inner_1] Inner Loop (Type: 1, Traveled: true, Finished: false)
  🧠 Selecting relevant nodes from Global Tree...
  🤖 Calling LLM (Attempt 1)...

📊 Token Statistics:
   Prompt length: 6130 characters
   Estimated tokens: 1533 / 64000 (2.4%)
   ✅ Context usage is healthy

  ✅ Step processed successfully: 1 action(s)

📍 Step 517: Processing node [inner_1] Inner Loop (Type: 1, Traveled: true, Finished: false)
  🧠 Selecting relevant nodes from Global Tree...
  🤖 Calling LLM (Attempt 1)...

📊 Token Statistics:
   Prompt length: 6130 characters
   Estimated tokens: 1533 / 64000 (2.4%)
   ✅ Context usage is healthy

  ✅ Step processed successfully: 1 action(s)

📍 Step 518: Processing node [inner_1] Inner Loop (Type: 1, Traveled: true, Finished: false)
  🧠 Selecting relevant nodes from Global Tree...
  🤖 Calling LLM (Attempt 1)...

📊 Token Statistics:
   Prompt length: 6130 characters
   Estimated tokens: 1533 / 64000 (2.4%)
   ✅ Context usage is healthy

  ✅ Step processed successfully: 1 action(s)

📍 Step 519: Processing node [inner_1] Inner Loop (Type: 1, Traveled: true, Finished: false)
  🧠 Selecting relevant nodes from Global Tree...
  🤖 Calling LLM (Attempt 1)...

📊 Token Statistics:
   Prompt length: 6130 characters
   Estimated tokens: 1533 / 64000 (2.4%)
   ✅ Context usage is healthy

  ✅ Step processed successfully: 1 action(s)

📍 Step 520: Processing node [inner_1] Inner Loop (Type: 1, Traveled: true, Finished: false)
  🧠 Selecting relevant nodes from Global Tree...
  🤖 Calling LLM (Attempt 1)...

📊 Token Statistics:
   Prompt length: 6130 characters
   Estimated tokens: 1533 / 64000 (2.4%)
   ✅ Context usage is healthy

  ✅ Step processed successfully: 1 action(s)

📍 Step 521: Processing node [inner_1] Inner Loop (Type: 1, Traveled: true, Finished: false)
  🧠 Selecting relevant nodes from Global Tree...
  🤖 Calling LLM (Attempt 1)...

📊 Token Statistics:
   Prompt length: 6130 characters
   Estimated tokens: 1533 / 64000 (2.4%)
   ✅ Context usage is healthy

  ✅ Step processed successfully: 1 action(s)

📍 Step 522: Processing node [inner_1] Inner Loop (Type: 1, Traveled: true, Finished: false)
  🧠 Selecting relevant nodes from Global Tree...
  🤖 Calling LLM (Attempt 1)...

📊 Token Statistics:
   Prompt length: 6130 characters
   Estimated tokens: 1533 / 64000 (2.4%)
   ✅ Context usage is healthy

  ✅ Step processed successfully: 1 action(s)

📍 Step 523: Processing node [inner_1] Inner Loop (Type: 1, Traveled: true, Finished: false)
  🧠 Selecting relevant nodes from Global Tree...
  🤖 Calling LLM (Attempt 1)...

📊 Token Statistics:
   Prompt length: 6130 characters
   Estimated tokens: 1533 / 64000 (2.4%)
   ✅ Context usage is healthy

  ✅ Step processed successfully: 1 action(s)

📍 Step 524: Processing node [inner_1] Inner Loop (Type: 1, Traveled: true, Finished: false)
  🧠 Selecting relevant nodes from Global Tree...
  🤖 Calling LLM (Attempt 1)...

📊 Token Statistics:
   Prompt length: 6130 characters
   Estimated tokens: 1533 / 64000 (2.4%)
   ✅ Context usage is healthy

  ✅ Step processed successfully: 1 action(s)

📍 Step 525: Processing node [inner_1] Inner Loop (Type: 1, Traveled: true, Finished: false)
  🧠 Selecting relevant nodes from Global Tree...
  🤖 Calling LLM (Attempt 1)...

📊 Token Statistics:
   Prompt length: 6130 characters
   Estimated tokens: 1533 / 64000 (2.4%)
   ✅ Context usage is healthy

  ✅ Step processed successfully: 1 action(s)

📍 Step 526: Processing node [inner_1] Inner Loop (Type: 1, Traveled: true, Finished: false)
  🧠 Selecting relevant nodes from Global Tree...
  🤖 Calling LLM (Attempt 1)...

📊 Token Statistics:
   Prompt length: 6130 characters
   Estimated tokens: 1533 / 64000 (2.4%)
   ✅ Context usage is healthy

  ✅ Step processed successfully: 1 action(s)

📍 Step 527: Processing node [inner_1] Inner Loop (Type: 1, Traveled: true, Finished: false)
  🧠 Selecting relevant nodes from Global Tree...
  🤖 Calling LLM (Attempt 1)...

📊 Token Statistics:
   Prompt length: 6130 characters
   Estimated tokens: 1533 / 64000 (2.4%)
   ✅ Context usage is healthy

  ✅ Step processed successfully: 1 action(s)

📍 Step 528: Processing node [inner_1] Inner Loop (Type: 1, Traveled: true, Finished: false)
  🧠 Selecting relevant nodes from Global Tree...
  🤖 Calling LLM (Attempt 1)...

📊 Token Statistics:
   Prompt length: 6130 characters
   Estimated tokens: 1533 / 64000 (2.4%)
   ✅ Context usage is healthy

  ✅ Step processed successfully: 1 action(s)

📍 Step 529: Processing node [inner_1] Inner Loop (Type: 1, Traveled: true, Finished: false)
  🧠 Selecting relevant nodes from Global Tree...
  🤖 Calling LLM (Attempt 1)...

📊 Token Statistics:
   Prompt length: 6130 characters
   Estimated tokens: 1533 / 64000 (2.4%)
   ✅ Context usage is healthy

  ✅ Step processed successfully: 1 action(s)

📍 Step 530: Processing node [inner_1] Inner Loop (Type: 1, Traveled: true, Finished: false)
  🧠 Selecting relevant nodes from Global Tree...
  🤖 Calling LLM (Attempt 1)...

📊 Token Statistics:
   Prompt length: 6130 characters
   Estimated tokens: 1533 / 64000 (2.4%)
   ✅ Context usage is healthy

  ✅ Step processed successfully: 1 action(s)

📍 Step 531: Processing node [inner_1] Inner Loop (Type: 1, Traveled: true, Finished: false)
  🧠 Selecting relevant nodes from Global Tree...
  🤖 Calling LLM (Attempt 1)...

📊 Token Statistics:
   Prompt length: 6130 characters
   Estimated tokens: 1533 / 64000 (2.4%)
   ✅ Context usage is healthy

  ✅ Step processed successfully: 1 action(s)

📍 Step 532: Processing node [inner_1] Inner Loop (Type: 1, Traveled: true, Finished: false)
  🧠 Selecting relevant nodes from Global Tree...
  🤖 Calling LLM (Attempt 1)...

📊 Token Statistics:
   Prompt length: 6130 characters
   Estimated tokens: 1533 / 64000 (2.4%)
   ✅ Context usage is healthy

  ✅ Step processed successfully: 1 action(s)

📍 Step 533: Processing node [inner_1] Inner Loop (Type: 1, Traveled: true, Finished: false)
  🧠 Selecting relevant nodes from Global Tree...
  🤖 Calling LLM (Attempt 1)...

📊 Token Statistics:
   Prompt length: 6130 characters
   Estimated tokens: 1533 / 64000 (2.4%)
   ✅ Context usage is healthy

  ✅ Step processed successfully: 1 action(s)

📍 Step 534: Processing node [inner_1] Inner Loop (Type: 1, Traveled: true, Finished: false)
  🧠 Selecting relevant nodes from Global Tree...
  🤖 Calling LLM (Attempt 1)...

📊 Token Statistics:
   Prompt length: 6130 characters
   Estimated tokens: 1533 / 64000 (2.4%)
   ✅ Context usage is healthy

  ✅ Step processed successfully: 1 action(s)

📍 Step 535: Processing node [inner_1] Inner Loop (Type: 1, Traveled: true, Finished: false)
  🧠 Selecting relevant nodes from Global Tree...
  🤖 Calling LLM (Attempt 1)...

📊 Token Statistics:
   Prompt length: 6130 characters
   Estimated tokens: 1533 / 64000 (2.4%)
   ✅ Context usage is healthy

  ✅ Step processed successfully: 1 action(s)

📍 Step 536: Processing node [inner_1] Inner Loop (Type: 1, Traveled: true, Finished: false)
  🧠 Selecting relevant nodes from Global Tree...
  🤖 Calling LLM (Attempt 1)...

📊 Token Statistics:
   Prompt length: 6130 characters
   Estimated tokens: 1533 / 64000 (2.4%)
   ✅ Context usage is healthy

  ✅ Step processed successfully: 1 action(s)

📍 Step 537: Processing node [inner_1] Inner Loop (Type: 1, Traveled: true, Finished: false)
  🧠 Selecting relevant nodes from Global Tree...
  🤖 Calling LLM (Attempt 1)...

📊 Token Statistics:
   Prompt length: 6130 characters
   Estimated tokens: 1533 / 64000 (2.4%)
   ✅ Context usage is healthy

  ✅ Step processed successfully: 1 action(s)

📍 Step 538: Processing node [inner_1] Inner Loop (Type: 1, Traveled: true, Finished: false)
  🧠 Selecting relevant nodes from Global Tree...
  🤖 Calling LLM (Attempt 1)...

📊 Token Statistics:
   Prompt length: 6130 characters
   Estimated tokens: 1533 / 64000 (2.4%)
   ✅ Context usage is healthy

  ✅ Step processed successfully: 1 action(s)

📍 Step 539: Processing node [inner_1] Inner Loop (Type: 1, Traveled: true, Finished: false)
  🧠 Selecting relevant nodes from Global Tree...
  🤖 Calling LLM (Attempt 1)...

📊 Token Statistics:
   Prompt length: 6130 characters
   Estimated tokens: 1533 / 64000 (2.4%)
   ✅ Context usage is healthy

  ✅ Step processed successfully: 1 action(s)

📍 Step 540: Processing node [inner_1] Inner Loop (Type: 1, Traveled: true, Finished: false)
  🧠 Selecting relevant nodes from Global Tree...
  🤖 Calling LLM (Attempt 1)...

📊 Token Statistics:
   Prompt length: 6130 characters
   Estimated tokens: 1533 / 64000 (2.4%)
   ✅ Context usage is healthy

  ✅ Step processed successfully: 1 action(s)

📍 Step 541: Processing node [inner_1] Inner Loop (Type: 1, Traveled: true, Finished: false)
  🧠 Selecting relevant nodes from Global Tree...
  🤖 Calling LLM (Attempt 1)...

📊 Token Statistics:
   Prompt length: 6130 characters
   Estimated tokens: 1533 / 64000 (2.4%)
   ✅ Context usage is healthy

  ✅ Step processed successfully: 1 action(s)

📍 Step 542: Processing node [inner_1] Inner Loop (Type: 1, Traveled: true, Finished: false)
  🧠 Selecting relevant nodes from Global Tree...
  🤖 Calling LLM (Attempt 1)...

📊 Token Statistics:
   Prompt length: 6130 characters
   Estimated tokens: 1533 / 64000 (2.4%)
   ✅ Context usage is healthy

  ✅ Step processed successfully: 1 action(s)

📍 Step 543: Processing node [inner_1] Inner Loop (Type: 1, Traveled: true, Finished: false)
  🧠 Selecting relevant nodes from Global Tree...
  🤖 Calling LLM (Attempt 1)...

📊 Token Statistics:
   Prompt length: 6130 characters
   Estimated tokens: 1533 / 64000 (2.4%)
   ✅ Context usage is healthy

  ✅ Step processed successfully: 1 action(s)

📍 Step 544: Processing node [inner_1] Inner Loop (Type: 1, Traveled: true, Finished: false)
  🧠 Selecting relevant nodes from Global Tree...
  🤖 Calling LLM (Attempt 1)...

📊 Token Statistics:
   Prompt length: 6130 characters
   Estimated tokens: 1533 / 64000 (2.4%)
   ✅ Context usage is healthy

  ✅ Step processed successfully: 1 action(s)

📍 Step 545: Processing node [inner_1] Inner Loop (Type: 1, Traveled: true, Finished: false)
  🧠 Selecting relevant nodes from Global Tree...
  🤖 Calling LLM (Attempt 1)...

📊 Token Statistics:
   Prompt length: 6130 characters
   Estimated tokens: 1533 / 64000 (2.4%)
   ✅ Context usage is healthy

  ✅ Step processed successfully: 1 action(s)

📍 Step 546: Processing node [inner_1] Inner Loop (Type: 1, Traveled: true, Finished: false)
  🧠 Selecting relevant nodes from Global Tree...
  🤖 Calling LLM (Attempt 1)...

📊 Token Statistics:
   Prompt length: 6130 characters
   Estimated tokens: 1533 / 64000 (2.4%)
   ✅ Context usage is healthy

  ✅ Step processed successfully: 1 action(s)

📍 Step 547: Processing node [inner_1] Inner Loop (Type: 1, Traveled: true, Finished: false)
  🧠 Selecting relevant nodes from Global Tree...
  🤖 Calling LLM (Attempt 1)...

📊 Token Statistics:
   Prompt length: 6130 characters
   Estimated tokens: 1533 / 64000 (2.4%)
   ✅ Context usage is healthy

  ✅ Step processed successfully: 1 action(s)

📍 Step 548: Processing node [inner_1] Inner Loop (Type: 1, Traveled: true, Finished: false)
  🧠 Selecting relevant nodes from Global Tree...
  🤖 Calling LLM (Attempt 1)...

📊 Token Statistics:
   Prompt length: 6130 characters
   Estimated tokens: 1533 / 64000 (2.4%)
   ✅ Context usage is healthy

  ✅ Step processed successfully: 1 action(s)

📍 Step 549: Processing node [inner_1] Inner Loop (Type: 1, Traveled: true, Finished: false)
  🧠 Selecting relevant nodes from Global Tree...
  🤖 Calling LLM (Attempt 1)...

📊 Token Statistics:
   Prompt length: 6130 characters
   Estimated tokens: 1533 / 64000 (2.4%)
   ✅ Context usage is healthy

  ✅ Step processed successfully: 1 action(s)

📍 Step 550: Processing node [inner_1] Inner Loop (Type: 1, Traveled: true, Finished: false)
  🧠 Selecting relevant nodes from Global Tree...
  🤖 Calling LLM (Attempt 1)...

📊 Token Statistics:
   Prompt length: 6130 characters
   Estimated tokens: 1533 / 64000 (2.4%)
   ✅ Context usage is healthy

  ✅ Step processed successfully: 1 action(s)

📍 Step 551: Processing node [inner_1] Inner Loop (Type: 1, Traveled: true, Finished: false)
  🧠 Selecting relevant nodes from Global Tree...
  🤖 Calling LLM (Attempt 1)...

📊 Token Statistics:
   Prompt length: 6130 characters
   Estimated tokens: 1533 / 64000 (2.4%)
   ✅ Context usage is healthy

  ✅ Step processed successfully: 1 action(s)

📍 Step 552: Processing node [inner_1] Inner Loop (Type: 1, Traveled: true, Finished: false)
  🧠 Selecting relevant nodes from Global Tree...
  🤖 Calling LLM (Attempt 1)...

📊 Token Statistics:
   Prompt length: 6130 characters
   Estimated tokens: 1533 / 64000 (2.4%)
   ✅ Context usage is healthy

  ✅ Step processed successfully: 1 action(s)

📍 Step 553: Processing node [inner_1] Inner Loop (Type: 1, Traveled: true, Finished: false)
  🧠 Selecting relevant nodes from Global Tree...
  🤖 Calling LLM (Attempt 1)...

📊 Token Statistics:
   Prompt length: 6130 characters
   Estimated tokens: 1533 / 64000 (2.4%)
   ✅ Context usage is healthy

  ✅ Step processed successfully: 1 action(s)

📍 Step 554: Processing node [inner_1] Inner Loop (Type: 1, Traveled: true, Finished: false)
  🧠 Selecting relevant nodes from Global Tree...
  🤖 Calling LLM (Attempt 1)...

📊 Token Statistics:
   Prompt length: 6130 characters
   Estimated tokens: 1533 / 64000 (2.4%)
   ✅ Context usage is healthy

  ✅ Step processed successfully: 1 action(s)

📍 Step 555: Processing node [inner_1] Inner Loop (Type: 1, Traveled: true, Finished: false)
  🧠 Selecting relevant nodes from Global Tree...
  🤖 Calling LLM (Attempt 1)...

📊 Token Statistics:
   Prompt length: 6130 characters
   Estimated tokens: 1533 / 64000 (2.4%)
   ✅ Context usage is healthy

  ✅ Step processed successfully: 1 action(s)

📍 Step 556: Processing node [inner_1] Inner Loop (Type: 1, Traveled: true, Finished: false)
  🧠 Selecting relevant nodes from Global Tree...
  🤖 Calling LLM (Attempt 1)...

📊 Token Statistics:
   Prompt length: 6130 characters
   Estimated tokens: 1533 / 64000 (2.4%)
   ✅ Context usage is healthy

  ✅ Step processed successfully: 1 action(s)

📍 Step 557: Processing node [inner_1] Inner Loop (Type: 1, Traveled: true, Finished: false)
  🧠 Selecting relevant nodes from Global Tree...
  🤖 Calling LLM (Attempt 1)...

📊 Token Statistics:
   Prompt length: 6130 characters
   Estimated tokens: 1533 / 64000 (2.4%)
   ✅ Context usage is healthy

  ✅ Step processed successfully: 1 action(s)

📍 Step 558: Processing node [inner_1] Inner Loop (Type: 1, Traveled: true, Finished: false)
  🧠 Selecting relevant nodes from Global Tree...
  🤖 Calling LLM (Attempt 1)...

📊 Token Statistics:
   Prompt length: 6130 characters
   Estimated tokens: 1533 / 64000 (2.4%)
   ✅ Context usage is healthy

  ✅ Step processed successfully: 1 action(s)

📍 Step 559: Processing node [inner_1] Inner Loop (Type: 1, Traveled: true, Finished: false)
  🧠 Selecting relevant nodes from Global Tree...
  🤖 Calling LLM (Attempt 1)...

📊 Token Statistics:
   Prompt length: 6130 characters
   Estimated tokens: 1533 / 64000 (2.4%)
   ✅ Context usage is healthy

  ✅ Step processed successfully: 1 action(s)

📍 Step 560: Processing node [inner_1] Inner Loop (Type: 1, Traveled: true, Finished: false)
  🧠 Selecting relevant nodes from Global Tree...
  🤖 Calling LLM (Attempt 1)...

📊 Token Statistics:
   Prompt length: 6130 characters
   Estimated tokens: 1533 / 64000 (2.4%)
   ✅ Context usage is healthy

  ✅ Step processed successfully: 1 action(s)

📍 Step 561: Processing node [inner_1] Inner Loop (Type: 1, Traveled: true, Finished: false)
  🧠 Selecting relevant nodes from Global Tree...
  🤖 Calling LLM (Attempt 1)...

📊 Token Statistics:
   Prompt length: 6130 characters
   Estimated tokens: 1533 / 64000 (2.4%)
   ✅ Context usage is healthy

  ✅ Step processed successfully: 1 action(s)

📍 Step 562: Processing node [inner_1] Inner Loop (Type: 1, Traveled: true, Finished: false)
  🧠 Selecting relevant nodes from Global Tree...
  🤖 Calling LLM (Attempt 1)...

📊 Token Statistics:
   Prompt length: 6130 characters
   Estimated tokens: 1533 / 64000 (2.4%)
   ✅ Context usage is healthy

  ✅ Step processed successfully: 1 action(s)

📍 Step 563: Processing node [inner_1] Inner Loop (Type: 1, Traveled: true, Finished: false)
  🧠 Selecting relevant nodes from Global Tree...
  🤖 Calling LLM (Attempt 1)...

📊 Token Statistics:
   Prompt length: 6130 characters
   Estimated tokens: 1533 / 64000 (2.4%)
   ✅ Context usage is healthy

  ✅ Step processed successfully: 1 action(s)

📍 Step 564: Processing node [inner_1] Inner Loop (Type: 1, Traveled: true, Finished: false)
  🧠 Selecting relevant nodes from Global Tree...
  🤖 Calling LLM (Attempt 1)...

📊 Token Statistics:
   Prompt length: 6130 characters
   Estimated tokens: 1533 / 64000 (2.4%)
   ✅ Context usage is healthy

  ✅ Step processed successfully: 1 action(s)

📍 Step 565: Processing node [inner_1] Inner Loop (Type: 1, Traveled: true, Finished: false)
  🧠 Selecting relevant nodes from Global Tree...
  🤖 Calling LLM (Attempt 1)...

📊 Token Statistics:
   Prompt length: 6130 characters
   Estimated tokens: 1533 / 64000 (2.4%)
   ✅ Context usage is healthy

  ✅ Step processed successfully: 1 action(s)

📍 Step 566: Processing node [inner_1] Inner Loop (Type: 1, Traveled: true, Finished: false)
  🧠 Selecting relevant nodes from Global Tree...
  🤖 Calling LLM (Attempt 1)...

📊 Token Statistics:
   Prompt length: 6130 characters
   Estimated tokens: 1533 / 64000 (2.4%)
   ✅ Context usage is healthy

  ✅ Step processed successfully: 1 action(s)

📍 Step 567: Processing node [inner_1] Inner Loop (Type: 1, Traveled: true, Finished: false)
  🧠 Selecting relevant nodes from Global Tree...
  🤖 Calling LLM (Attempt 1)...

📊 Token Statistics:
   Prompt length: 6130 characters
   Estimated tokens: 1533 / 64000 (2.4%)
   ✅ Context usage is healthy

  ✅ Step processed successfully: 1 action(s)

📍 Step 568: Processing node [inner_1] Inner Loop (Type: 1, Traveled: true, Finished: false)
  🧠 Selecting relevant nodes from Global Tree...
  🤖 Calling LLM (Attempt 1)...

📊 Token Statistics:
   Prompt length: 6130 characters
   Estimated tokens: 1533 / 64000 (2.4%)
   ✅ Context usage is healthy

  ✅ Step processed successfully: 1 action(s)

📍 Step 569: Processing node [inner_1] Inner Loop (Type: 1, Traveled: true, Finished: false)
  🧠 Selecting relevant nodes from Global Tree...
  🤖 Calling LLM (Attempt 1)...

📊 Token Statistics:
   Prompt length: 6130 characters
   Estimated tokens: 1533 / 64000 (2.4%)
   ✅ Context usage is healthy

  ✅ Step processed successfully: 1 action(s)

📍 Step 570: Processing node [inner_1] Inner Loop (Type: 1, Traveled: true, Finished: false)
  🧠 Selecting relevant nodes from Global Tree...
  🤖 Calling LLM (Attempt 1)...

📊 Token Statistics:
   Prompt length: 6130 characters
   Estimated tokens: 1533 / 64000 (2.4%)
   ✅ Context usage is healthy

  ✅ Step processed successfully: 1 action(s)

📍 Step 571: Processing node [inner_1] Inner Loop (Type: 1, Traveled: true, Finished: false)
  🧠 Selecting relevant nodes from Global Tree...
  🤖 Calling LLM (Attempt 1)...

📊 Token Statistics:
   Prompt length: 6130 characters
   Estimated tokens: 1533 / 64000 (2.4%)
   ✅ Context usage is healthy

  ✅ Step processed successfully: 1 action(s)

📍 Step 572: Processing node [inner_1] Inner Loop (Type: 1, Traveled: true, Finished: false)
  🧠 Selecting relevant nodes from Global Tree...
  🤖 Calling LLM (Attempt 1)...

📊 Token Statistics:
   Prompt length: 6130 characters
   Estimated tokens: 1533 / 64000 (2.4%)
   ✅ Context usage is healthy

  ✅ Step processed successfully: 1 action(s)

📍 Step 573: Processing node [inner_1] Inner Loop (Type: 1, Traveled: true, Finished: false)
  🧠 Selecting relevant nodes from Global Tree...
  🤖 Calling LLM (Attempt 1)...

📊 Token Statistics:
   Prompt length: 6130 characters
   Estimated tokens: 1533 / 64000 (2.4%)
   ✅ Context usage is healthy

  ✅ Step processed successfully: 1 action(s)

📍 Step 574: Processing node [inner_1] Inner Loop (Type: 1, Traveled: true, Finished: false)
  🧠 Selecting relevant nodes from Global Tree...
  🤖 Calling LLM (Attempt 1)...

📊 Token Statistics:
   Prompt length: 6130 characters
   Estimated tokens: 1533 / 64000 (2.4%)
   ✅ Context usage is healthy

  ✅ Step processed successfully: 1 action(s)

📍 Step 575: Processing node [inner_1] Inner Loop (Type: 1, Traveled: true, Finished: false)
  🧠 Selecting relevant nodes from Global Tree...
  🤖 Calling LLM (Attempt 1)...

📊 Token Statistics:
   Prompt length: 6130 characters
   Estimated tokens: 1533 / 64000 (2.4%)
   ✅ Context usage is healthy

  ✅ Step processed successfully: 1 action(s)

📍 Step 576: Processing node [inner_1] Inner Loop (Type: 1, Traveled: true, Finished: false)
  🧠 Selecting relevant nodes from Global Tree...
  🤖 Calling LLM (Attempt 1)...

📊 Token Statistics:
   Prompt length: 6130 characters
   Estimated tokens: 1533 / 64000 (2.4%)
   ✅ Context usage is healthy

  ✅ Step processed successfully: 1 action(s)

📍 Step 577: Processing node [inner_1] Inner Loop (Type: 1, Traveled: true, Finished: false)
  🧠 Selecting relevant nodes from Global Tree...
  🤖 Calling LLM (Attempt 1)...

📊 Token Statistics:
   Prompt length: 6130 characters
   Estimated tokens: 1533 / 64000 (2.4%)
   ✅ Context usage is healthy

  ✅ Step processed successfully: 1 action(s)

📍 Step 578: Processing node [inner_1] Inner Loop (Type: 1, Traveled: true, Finished: false)
  🧠 Selecting relevant nodes from Global Tree...
  🤖 Calling LLM (Attempt 1)...

📊 Token Statistics:
   Prompt length: 6130 characters
   Estimated tokens: 1533 / 64000 (2.4%)
   ✅ Context usage is healthy

  ✅ Step processed successfully: 1 action(s)

📍 Step 579: Processing node [inner_1] Inner Loop (Type: 1, Traveled: true, Finished: false)
  🧠 Selecting relevant nodes from Global Tree...
  🤖 Calling LLM (Attempt 1)...

📊 Token Statistics:
   Prompt length: 6130 characters
   Estimated tokens: 1533 / 64000 (2.4%)
   ✅ Context usage is healthy

  ✅ Step processed successfully: 1 action(s)

📍 Step 580: Processing node [inner_1] Inner Loop (Type: 1, Traveled: true, Finished: false)
  🧠 Selecting relevant nodes from Global Tree...
  🤖 Calling LLM (Attempt 1)...

📊 Token Statistics:
   Prompt length: 6130 characters
   Estimated tokens: 1533 / 64000 (2.4%)
   ✅ Context usage is healthy

  ✅ Step processed successfully: 1 action(s)

📍 Step 581: Processing node [inner_1] Inner Loop (Type: 1, Traveled: true, Finished: false)
  🧠 Selecting relevant nodes from Global Tree...
  🤖 Calling LLM (Attempt 1)...

📊 Token Statistics:
   Prompt length: 6130 characters
   Estimated tokens: 1533 / 64000 (2.4%)
   ✅ Context usage is healthy

  ✅ Step processed successfully: 1 action(s)

📍 Step 582: Processing node [inner_1] Inner Loop (Type: 1, Traveled: true, Finished: false)
  🧠 Selecting relevant nodes from Global Tree...
  🤖 Calling LLM (Attempt 1)...

📊 Token Statistics:
   Prompt length: 6130 characters
   Estimated tokens: 1533 / 64000 (2.4%)
   ✅ Context usage is healthy

  ✅ Step processed successfully: 1 action(s)

📍 Step 583: Processing node [inner_1] Inner Loop (Type: 1, Traveled: true, Finished: false)
  🧠 Selecting relevant nodes from Global Tree...
  🤖 Calling LLM (Attempt 1)...

📊 Token Statistics:
   Prompt length: 6130 characters
   Estimated tokens: 1533 / 64000 (2.4%)
   ✅ Context usage is healthy

  ✅ Step processed successfully: 1 action(s)

📍 Step 584: Processing node [inner_1] Inner Loop (Type: 1, Traveled: true, Finished: false)
  🧠 Selecting relevant nodes from Global Tree...
  🤖 Calling LLM (Attempt 1)...

📊 Token Statistics:
   Prompt length: 6130 characters
   Estimated tokens: 1533 / 64000 (2.4%)
   ✅ Context usage is healthy

  ✅ Step processed successfully: 1 action(s)

📍 Step 585: Processing node [inner_1] Inner Loop (Type: 1, Traveled: true, Finished: false)
  🧠 Selecting relevant nodes from Global Tree...
  🤖 Calling LLM (Attempt 1)...

📊 Token Statistics:
   Prompt length: 6130 characters
   Estimated tokens: 1533 / 64000 (2.4%)
   ✅ Context usage is healthy

  ✅ Step processed successfully: 1 action(s)

📍 Step 586: Processing node [inner_1] Inner Loop (Type: 1, Traveled: true, Finished: false)
  🧠 Selecting relevant nodes from Global Tree...
  🤖 Calling LLM (Attempt 1)...

📊 Token Statistics:
   Prompt length: 6130 characters
   Estimated tokens: 1533 / 64000 (2.4%)
   ✅ Context usage is healthy

  ✅ Step processed successfully: 1 action(s)

📍 Step 587: Processing node [inner_1] Inner Loop (Type: 1, Traveled: true, Finished: false)
  🧠 Selecting relevant nodes from Global Tree...
  🤖 Calling LLM (Attempt 1)...

📊 Token Statistics:
   Prompt length: 6130 characters
   Estimated tokens: 1533 / 64000 (2.4%)
   ✅ Context usage is healthy

  ✅ Step processed successfully: 1 action(s)

📍 Step 588: Processing node [inner_1] Inner Loop (Type: 1, Traveled: true, Finished: false)
  🧠 Selecting relevant nodes from Global Tree...
  🤖 Calling LLM (Attempt 1)...

📊 Token Statistics:
   Prompt length: 6130 characters
   Estimated tokens: 1533 / 64000 (2.4%)
   ✅ Context usage is healthy

  ✅ Step processed successfully: 1 action(s)

📍 Step 589: Processing node [inner_1] Inner Loop (Type: 1, Traveled: true, Finished: false)
  🧠 Selecting relevant nodes from Global Tree...
  🤖 Calling LLM (Attempt 1)...

📊 Token Statistics:
   Prompt length: 6130 characters
   Estimated tokens: 1533 / 64000 (2.4%)
   ✅ Context usage is healthy

  ✅ Step processed successfully: 1 action(s)

📍 Step 590: Processing node [inner_1] Inner Loop (Type: 1, Traveled: true, Finished: false)
  🧠 Selecting relevant nodes from Global Tree...
  🤖 Calling LLM (Attempt 1)...

📊 Token Statistics:
   Prompt length: 6130 characters
   Estimated tokens: 1533 / 64000 (2.4%)
   ✅ Context usage is healthy

  ✅ Step processed successfully: 1 action(s)

📍 Step 591: Processing node [inner_1] Inner Loop (Type: 1, Traveled: true, Finished: false)
  🧠 Selecting relevant nodes from Global Tree...
  🤖 Calling LLM (Attempt 1)...

📊 Token Statistics:
   Prompt length: 6130 characters
   Estimated tokens: 1533 / 64000 (2.4%)
   ✅ Context usage is healthy

  ✅ Step processed successfully: 1 action(s)

📍 Step 592: Processing node [inner_1] Inner Loop (Type: 1, Traveled: true, Finished: false)
  🧠 Selecting relevant nodes from Global Tree...
  🤖 Calling LLM (Attempt 1)...

📊 Token Statistics:
   Prompt length: 6130 characters
   Estimated tokens: 1533 / 64000 (2.4%)
   ✅ Context usage is healthy

  ✅ Step processed successfully: 1 action(s)

📍 Step 593: Processing node [inner_1] Inner Loop (Type: 1, Traveled: true, Finished: false)
  🧠 Selecting relevant nodes from Global Tree...
  🤖 Calling LLM (Attempt 1)...

📊 Token Statistics:
   Prompt length: 6130 characters
   Estimated tokens: 1533 / 64000 (2.4%)
   ✅ Context usage is healthy

  ✅ Step processed successfully: 1 action(s)

📍 Step 594: Processing node [inner_1] Inner Loop (Type: 1, Traveled: true, Finished: false)
  🧠 Selecting relevant nodes from Global Tree...
  🤖 Calling LLM (Attempt 1)...

📊 Token Statistics:
   Prompt length: 6130 characters
   Estimated tokens: 1533 / 64000 (2.4%)
   ✅ Context usage is healthy

  ✅ Step processed successfully: 1 action(s)

📍 Step 595: Processing node [inner_1] Inner Loop (Type: 1, Traveled: true, Finished: false)
  🧠 Selecting relevant nodes from Global Tree...
  🤖 Calling LLM (Attempt 1)...

📊 Token Statistics:
   Prompt length: 6130 characters
   Estimated tokens: 1533 / 64000 (2.4%)
   ✅ Context usage is healthy

  ✅ Step processed successfully: 1 action(s)

📍 Step 596: Processing node [inner_1] Inner Loop (Type: 1, Traveled: true, Finished: false)
  🧠 Selecting relevant nodes from Global Tree...
  🤖 Calling LLM (Attempt 1)...

📊 Token Statistics:
   Prompt length: 6130 characters
   Estimated tokens: 1533 / 64000 (2.4%)
   ✅ Context usage is healthy

  ✅ Step processed successfully: 1 action(s)

📍 Step 597: Processing node [inner_1] Inner Loop (Type: 1, Traveled: true, Finished: false)
  🧠 Selecting relevant nodes from Global Tree...
  🤖 Calling LLM (Attempt 1)...

📊 Token Statistics:
   Prompt length: 6130 characters
   Estimated tokens: 1533 / 64000 (2.4%)
   ✅ Context usage is healthy

  ✅ Step processed successfully: 1 action(s)

📍 Step 598: Processing node [inner_1] Inner Loop (Type: 1, Traveled: true, Finished: false)
  🧠 Selecting relevant nodes from Global Tree...
  🤖 Calling LLM (Attempt 1)...

📊 Token Statistics:
   Prompt length: 6130 characters
   Estimated tokens: 1533 / 64000 (2.4%)
   ✅ Context usage is healthy

  ✅ Step processed successfully: 1 action(s)

📍 Step 599: Processing node [inner_1] Inner Loop (Type: 1, Traveled: true, Finished: false)
  🧠 Selecting relevant nodes from Global Tree...
  🤖 Calling LLM (Attempt 1)...

📊 Token Statistics:
   Prompt length: 6130 characters
   Estimated tokens: 1533 / 64000 (2.4%)
   ✅ Context usage is healthy

  ✅ Step processed successfully: 1 action(s)

📍 Step 600: Processing node [inner_1] Inner Loop (Type: 1, Traveled: true, Finished: false)
  🧠 Selecting relevant nodes from Global Tree...
  🤖 Calling LLM (Attempt 1)...

📊 Token Statistics:
   Prompt length: 6130 characters
   Estimated tokens: 1533 / 64000 (2.4%)
   ✅ Context usage is healthy

  ✅ Step processed successfully: 1 action(s)

📍 Step 601: Processing node [inner_1] Inner Loop (Type: 1, Traveled: true, Finished: false)
  🧠 Selecting relevant nodes from Global Tree...
  🤖 Calling LLM (Attempt 1)...

📊 Token Statistics:
   Prompt length: 6130 characters
   Estimated tokens: 1533 / 64000 (2.4%)
   ✅ Context usage is healthy

  ✅ Step processed successfully: 1 action(s)

📍 Step 602: Processing node [inner_1] Inner Loop (Type: 1, Traveled: true, Finished: false)
  🧠 Selecting relevant nodes from Global Tree...
  🤖 Calling LLM (Attempt 1)...

📊 Token Statistics:
   Prompt length: 6130 characters
   Estimated tokens: 1533 / 64000 (2.4%)
   ✅ Context usage is healthy

  ✅ Step processed successfully: 1 action(s)

📍 Step 603: Processing node [inner_1] Inner Loop (Type: 1, Traveled: true, Finished: false)
  🧠 Selecting relevant nodes from Global Tree...
  🤖 Calling LLM (Attempt 1)...

📊 Token Statistics:
   Prompt length: 6130 characters
   Estimated tokens: 1533 / 64000 (2.4%)
   ✅ Context usage is healthy

  ✅ Step processed successfully: 1 action(s)

📍 Step 604: Processing node [inner_1] Inner Loop (Type: 1, Traveled: true, Finished: false)
  🧠 Selecting relevant nodes from Global Tree...
  🤖 Calling LLM (Attempt 1)...

📊 Token Statistics:
   Prompt length: 6130 characters
   Estimated tokens: 1533 / 64000 (2.4%)
   ✅ Context usage is healthy

  ✅ Step processed successfully: 1 action(s)

📍 Step 605: Processing node [inner_1] Inner Loop (Type: 1, Traveled: true, Finished: false)
  🧠 Selecting relevant nodes from Global Tree...
  🤖 Calling LLM (Attempt 1)...

📊 Token Statistics:
   Prompt length: 6130 characters
   Estimated tokens: 1533 / 64000 (2.4%)
   ✅ Context usage is healthy

  ✅ Step processed successfully: 1 action(s)

📍 Step 606: Processing node [inner_1] Inner Loop (Type: 1, Traveled: true, Finished: false)
  🧠 Selecting relevant nodes from Global Tree...
  🤖 Calling LLM (Attempt 1)...

📊 Token Statistics:
   Prompt length: 6130 characters
   Estimated tokens: 1533 / 64000 (2.4%)
   ✅ Context usage is healthy

  ✅ Step processed successfully: 1 action(s)

📍 Step 607: Processing node [inner_1] Inner Loop (Type: 1, Traveled: true, Finished: false)
  🧠 Selecting relevant nodes from Global Tree...
  🤖 Calling LLM (Attempt 1)...

📊 Token Statistics:
   Prompt length: 6130 characters
   Estimated tokens: 1533 / 64000 (2.4%)
   ✅ Context usage is healthy

  ✅ Step processed successfully: 1 action(s)

📍 Step 608: Processing node [inner_1] Inner Loop (Type: 1, Traveled: true, Finished: false)
  🧠 Selecting relevant nodes from Global Tree...
  🤖 Calling LLM (Attempt 1)...

📊 Token Statistics:
   Prompt length: 6130 characters
   Estimated tokens: 1533 / 64000 (2.4%)
   ✅ Context usage is healthy

  ✅ Step processed successfully: 1 action(s)

📍 Step 609: Processing node [inner_1] Inner Loop (Type: 1, Traveled: true, Finished: false)
  🧠 Selecting relevant nodes from Global Tree...
  🤖 Calling LLM (Attempt 1)...

📊 Token Statistics:
   Prompt length: 6130 characters
   Estimated tokens: 1533 / 64000 (2.4%)
   ✅ Context usage is healthy

  ✅ Step processed successfully: 1 action(s)

📍 Step 610: Processing node [inner_1] Inner Loop (Type: 1, Traveled: true, Finished: false)
  🧠 Selecting relevant nodes from Global Tree...
  🤖 Calling LLM (Attempt 1)...

📊 Token Statistics:
   Prompt length: 6130 characters
   Estimated tokens: 1533 / 64000 (2.4%)
   ✅ Context usage is healthy

  ✅ Step processed successfully: 1 action(s)

📍 Step 611: Processing node [inner_1] Inner Loop (Type: 1, Traveled: true, Finished: false)
  🧠 Selecting relevant nodes from Global Tree...
  🤖 Calling LLM (Attempt 1)...

📊 Token Statistics:
   Prompt length: 6130 characters
   Estimated tokens: 1533 / 64000 (2.4%)
   ✅ Context usage is healthy

  ✅ Step processed successfully: 1 action(s)

📍 Step 612: Processing node [inner_1] Inner Loop (Type: 1, Traveled: true, Finished: false)
  🧠 Selecting relevant nodes from Global Tree...
  🤖 Calling LLM (Attempt 1)...

📊 Token Statistics:
   Prompt length: 6130 characters
   Estimated tokens: 1533 / 64000 (2.4%)
   ✅ Context usage is healthy

  ✅ Step processed successfully: 1 action(s)

📍 Step 613: Processing node [inner_1] Inner Loop (Type: 1, Traveled: true, Finished: false)
  🧠 Selecting relevant nodes from Global Tree...
  🤖 Calling LLM (Attempt 1)...

📊 Token Statistics:
   Prompt length: 6130 characters
   Estimated tokens: 1533 / 64000 (2.4%)
   ✅ Context usage is healthy

  ✅ Step processed successfully: 1 action(s)

📍 Step 614: Processing node [inner_1] Inner Loop (Type: 1, Traveled: true, Finished: false)
  🧠 Selecting relevant nodes from Global Tree...
  🤖 Calling LLM (Attempt 1)...

📊 Token Statistics:
   Prompt length: 6130 characters
   Estimated tokens: 1533 / 64000 (2.4%)
   ✅ Context usage is healthy

  ✅ Step processed successfully: 1 action(s)

📍 Step 615: Processing node [inner_1] Inner Loop (Type: 1, Traveled: true, Finished: false)
  🧠 Selecting relevant nodes from Global Tree...
  🤖 Calling LLM (Attempt 1)...

📊 Token Statistics:
   Prompt length: 6130 characters
   Estimated tokens: 1533 / 64000 (2.4%)
   ✅ Context usage is healthy

  ✅ Step processed successfully: 1 action(s)

📍 Step 616: Processing node [inner_1] Inner Loop (Type: 1, Traveled: true, Finished: false)
  🧠 Selecting relevant nodes from Global Tree...
  🤖 Calling LLM (Attempt 1)...

📊 Token Statistics:
   Prompt length: 6130 characters
   Estimated tokens: 1533 / 64000 (2.4%)
   ✅ Context usage is healthy

  ✅ Step processed successfully: 1 action(s)

📍 Step 617: Processing node [inner_1] Inner Loop (Type: 1, Traveled: true, Finished: false)
  🧠 Selecting relevant nodes from Global Tree...
  🤖 Calling LLM (Attempt 1)...

📊 Token Statistics:
   Prompt length: 6130 characters
   Estimated tokens: 1533 / 64000 (2.4%)
   ✅ Context usage is healthy

  ✅ Step processed successfully: 1 action(s)

📍 Step 618: Processing node [inner_1] Inner Loop (Type: 1, Traveled: true, Finished: false)
  🧠 Selecting relevant nodes from Global Tree...
  🤖 Calling LLM (Attempt 1)...

📊 Token Statistics:
   Prompt length: 6130 characters
   Estimated tokens: 1533 / 64000 (2.4%)
   ✅ Context usage is healthy

  ✅ Step processed successfully: 1 action(s)

📍 Step 619: Processing node [inner_1] Inner Loop (Type: 1, Traveled: true, Finished: false)
  🧠 Selecting relevant nodes from Global Tree...
  🤖 Calling LLM (Attempt 1)...

📊 Token Statistics:
   Prompt length: 6130 characters
   Estimated tokens: 1533 / 64000 (2.4%)
   ✅ Context usage is healthy

  ✅ Step processed successfully: 1 action(s)

📍 Step 620: Processing node [inner_1] Inner Loop (Type: 1, Traveled: true, Finished: false)
  🧠 Selecting relevant nodes from Global Tree...
  🤖 Calling LLM (Attempt 1)...

📊 Token Statistics:
   Prompt length: 6130 characters
   Estimated tokens: 1533 / 64000 (2.4%)
   ✅ Context usage is healthy

  ✅ Step processed successfully: 1 action(s)

📍 Step 621: Processing node [inner_1] Inner Loop (Type: 1, Traveled: true, Finished: false)
  🧠 Selecting relevant nodes from Global Tree...
  🤖 Calling LLM (Attempt 1)...

📊 Token Statistics:
   Prompt length: 6130 characters
   Estimated tokens: 1533 / 64000 (2.4%)
   ✅ Context usage is healthy

  ✅ Step processed successfully: 1 action(s)

📍 Step 622: Processing node [inner_1] Inner Loop (Type: 1, Traveled: true, Finished: false)
  🧠 Selecting relevant nodes from Global Tree...
  🤖 Calling LLM (Attempt 1)...

📊 Token Statistics:
   Prompt length: 6130 characters
   Estimated tokens: 1533 / 64000 (2.4%)
   ✅ Context usage is healthy

  ✅ Step processed successfully: 1 action(s)

📍 Step 623: Processing node [inner_1] Inner Loop (Type: 1, Traveled: true, Finished: false)
  🧠 Selecting relevant nodes from Global Tree...
  🤖 Calling LLM (Attempt 1)...

📊 Token Statistics:
   Prompt length: 6130 characters
   Estimated tokens: 1533 / 64000 (2.4%)
   ✅ Context usage is healthy

  ✅ Step processed successfully: 1 action(s)

📍 Step 624: Processing node [inner_1] Inner Loop (Type: 1, Traveled: true, Finished: false)
  🧠 Selecting relevant nodes from Global Tree...
  🤖 Calling LLM (Attempt 1)...

📊 Token Statistics:
   Prompt length: 6130 characters
   Estimated tokens: 1533 / 64000 (2.4%)
   ✅ Context usage is healthy

  ✅ Step processed successfully: 1 action(s)

📍 Step 625: Processing node [inner_1] Inner Loop (Type: 1, Traveled: true, Finished: false)
  🧠 Selecting relevant nodes from Global Tree...
  🤖 Calling LLM (Attempt 1)...

📊 Token Statistics:
   Prompt length: 6130 characters
   Estimated tokens: 1533 / 64000 (2.4%)
   ✅ Context usage is healthy

  ✅ Step processed successfully: 1 action(s)

📍 Step 626: Processing node [inner_1] Inner Loop (Type: 1, Traveled: true, Finished: false)
  🧠 Selecting relevant nodes from Global Tree...
  🤖 Calling LLM (Attempt 1)...

📊 Token Statistics:
   Prompt length: 6130 characters
   Estimated tokens: 1533 / 64000 (2.4%)
   ✅ Context usage is healthy

  ✅ Step processed successfully: 1 action(s)

📍 Step 627: Processing node [inner_1] Inner Loop (Type: 1, Traveled: true, Finished: false)
  🧠 Selecting relevant nodes from Global Tree...
  🤖 Calling LLM (Attempt 1)...

📊 Token Statistics:
   Prompt length: 6130 characters
   Estimated tokens: 1533 / 64000 (2.4%)
   ✅ Context usage is healthy

  ✅ Step processed successfully: 1 action(s)

📍 Step 628: Processing node [inner_1] Inner Loop (Type: 1, Traveled: true, Finished: false)
  🧠 Selecting relevant nodes from Global Tree...
  🤖 Calling LLM (Attempt 1)...

📊 Token Statistics:
   Prompt length: 6130 characters
   Estimated tokens: 1533 / 64000 (2.4%)
   ✅ Context usage is healthy

  ✅ Step processed successfully: 1 action(s)

📍 Step 629: Processing node [inner_1] Inner Loop (Type: 1, Traveled: true, Finished: false)
  🧠 Selecting relevant nodes from Global Tree...
  🤖 Calling LLM (Attempt 1)...

📊 Token Statistics:
   Prompt length: 6130 characters
   Estimated tokens: 1533 / 64000 (2.4%)
   ✅ Context usage is healthy

  ✅ Step processed successfully: 1 action(s)

📍 Step 630: Processing node [inner_1] Inner Loop (Type: 1, Traveled: true, Finished: false)
  🧠 Selecting relevant nodes from Global Tree...
  🤖 Calling LLM (Attempt 1)...

📊 Token Statistics:
   Prompt length: 6130 characters
   Estimated tokens: 1533 / 64000 (2.4%)
   ✅ Context usage is healthy

  ✅ Step processed successfully: 1 action(s)

📍 Step 631: Processing node [inner_1] Inner Loop (Type: 1, Traveled: true, Finished: false)
  🧠 Selecting relevant nodes from Global Tree...
  🤖 Calling LLM (Attempt 1)...

📊 Token Statistics:
   Prompt length: 6130 characters
   Estimated tokens: 1533 / 64000 (2.4%)
   ✅ Context usage is healthy

  ✅ Step processed successfully: 1 action(s)

📍 Step 632: Processing node [inner_1] Inner Loop (Type: 1, Traveled: true, Finished: false)
  🧠 Selecting relevant nodes from Global Tree...
  🤖 Calling LLM (Attempt 1)...

📊 Token Statistics:
   Prompt length: 6130 characters
   Estimated tokens: 1533 / 64000 (2.4%)
   ✅ Context usage is healthy

  ✅ Step processed successfully: 1 action(s)

📍 Step 633: Processing node [inner_1] Inner Loop (Type: 1, Traveled: true, Finished: false)
  🧠 Selecting relevant nodes from Global Tree...
  🤖 Calling LLM (Attempt 1)...

📊 Token Statistics:
   Prompt length: 6130 characters
   Estimated tokens: 1533 / 64000 (2.4%)
   ✅ Context usage is healthy

  ✅ Step processed successfully: 1 action(s)

📍 Step 634: Processing node [inner_1] Inner Loop (Type: 1, Traveled: true, Finished: false)
  🧠 Selecting relevant nodes from Global Tree...
  🤖 Calling LLM (Attempt 1)...

📊 Token Statistics:
   Prompt length: 6130 characters
   Estimated tokens: 1533 / 64000 (2.4%)
   ✅ Context usage is healthy

  ✅ Step processed successfully: 1 action(s)

📍 Step 635: Processing node [inner_1] Inner Loop (Type: 1, Traveled: true, Finished: false)
  🧠 Selecting relevant nodes from Global Tree...
  🤖 Calling LLM (Attempt 1)...

📊 Token Statistics:
   Prompt length: 6130 characters
   Estimated tokens: 1533 / 64000 (2.4%)
   ✅ Context usage is healthy

  ✅ Step processed successfully: 1 action(s)

📍 Step 636: Processing node [inner_1] Inner Loop (Type: 1, Traveled: true, Finished: false)
  🧠 Selecting relevant nodes from Global Tree...
  🤖 Calling LLM (Attempt 1)...

📊 Token Statistics:
   Prompt length: 6130 characters
   Estimated tokens: 1533 / 64000 (2.4%)
   ✅ Context usage is healthy

  ✅ Step processed successfully: 1 action(s)

📍 Step 637: Processing node [inner_1] Inner Loop (Type: 1, Traveled: true, Finished: false)
  🧠 Selecting relevant nodes from Global Tree...
  🤖 Calling LLM (Attempt 1)...

📊 Token Statistics:
   Prompt length: 6130 characters
   Estimated tokens: 1533 / 64000 (2.4%)
   ✅ Context usage is healthy

  ✅ Step processed successfully: 1 action(s)

📍 Step 638: Processing node [inner_1] Inner Loop (Type: 1, Traveled: true, Finished: false)
  🧠 Selecting relevant nodes from Global Tree...
  🤖 Calling LLM (Attempt 1)...

📊 Token Statistics:
   Prompt length: 6130 characters
   Estimated tokens: 1533 / 64000 (2.4%)
   ✅ Context usage is healthy

  ✅ Step processed successfully: 1 action(s)

📍 Step 639: Processing node [inner_1] Inner Loop (Type: 1, Traveled: true, Finished: false)
  🧠 Selecting relevant nodes from Global Tree...
  🤖 Calling LLM (Attempt 1)...

📊 Token Statistics:
   Prompt length: 6130 characters
   Estimated tokens: 1533 / 64000 (2.4%)
   ✅ Context usage is healthy

  ✅ Step processed successfully: 1 action(s)

📍 Step 640: Processing node [inner_1] Inner Loop (Type: 1, Traveled: true, Finished: false)
  🧠 Selecting relevant nodes from Global Tree...
  🤖 Calling LLM (Attempt 1)...

📊 Token Statistics:
   Prompt length: 6130 characters
   Estimated tokens: 1533 / 64000 (2.4%)
   ✅ Context usage is healthy

  ✅ Step processed successfully: 1 action(s)

📍 Step 641: Processing node [inner_1] Inner Loop (Type: 1, Traveled: true, Finished: false)
  🧠 Selecting relevant nodes from Global Tree...
  🤖 Calling LLM (Attempt 1)...

📊 Token Statistics:
   Prompt length: 6130 characters
   Estimated tokens: 1533 / 64000 (2.4%)
   ✅ Context usage is healthy

  ✅ Step processed successfully: 1 action(s)

📍 Step 642: Processing node [inner_1] Inner Loop (Type: 1, Traveled: true, Finished: false)
  🧠 Selecting relevant nodes from Global Tree...
  🤖 Calling LLM (Attempt 1)...

📊 Token Statistics:
   Prompt length: 6130 characters
   Estimated tokens: 1533 / 64000 (2.4%)
   ✅ Context usage is healthy

  ✅ Step processed successfully: 1 action(s)

📍 Step 643: Processing node [inner_1] Inner Loop (Type: 1, Traveled: true, Finished: false)
  🧠 Selecting relevant nodes from Global Tree...
  🤖 Calling LLM (Attempt 1)...

📊 Token Statistics:
   Prompt length: 6130 characters
   Estimated tokens: 1533 / 64000 (2.4%)
   ✅ Context usage is healthy

  ✅ Step processed successfully: 1 action(s)

📍 Step 644: Processing node [inner_1] Inner Loop (Type: 1, Traveled: true, Finished: false)
  🧠 Selecting relevant nodes from Global Tree...
  🤖 Calling LLM (Attempt 1)...

📊 Token Statistics:
   Prompt length: 6130 characters
   Estimated tokens: 1533 / 64000 (2.4%)
   ✅ Context usage is healthy

  ✅ Step processed successfully: 1 action(s)

📍 Step 645: Processing node [inner_1] Inner Loop (Type: 1, Traveled: true, Finished: false)
  🧠 Selecting relevant nodes from Global Tree...
  🤖 Calling LLM (Attempt 1)...

📊 Token Statistics:
   Prompt length: 6130 characters
   Estimated tokens: 1533 / 64000 (2.4%)
   ✅ Context usage is healthy

  ✅ Step processed successfully: 1 action(s)

📍 Step 646: Processing node [inner_1] Inner Loop (Type: 1, Traveled: true, Finished: false)
  🧠 Selecting relevant nodes from Global Tree...
  🤖 Calling LLM (Attempt 1)...

📊 Token Statistics:
   Prompt length: 6130 characters
   Estimated tokens: 1533 / 64000 (2.4%)
   ✅ Context usage is healthy

  ✅ Step processed successfully: 1 action(s)

📍 Step 647: Processing node [inner_1] Inner Loop (Type: 1, Traveled: true, Finished: false)
  🧠 Selecting relevant nodes from Global Tree...
  🤖 Calling LLM (Attempt 1)...

📊 Token Statistics:
   Prompt length: 6130 characters
   Estimated tokens: 1533 / 64000 (2.4%)
   ✅ Context usage is healthy

  ✅ Step processed successfully: 1 action(s)

📍 Step 648: Processing node [inner_1] Inner Loop (Type: 1, Traveled: true, Finished: false)
  🧠 Selecting relevant nodes from Global Tree...
  🤖 Calling LLM (Attempt 1)...

📊 Token Statistics:
   Prompt length: 6130 characters
   Estimated tokens: 1533 / 64000 (2.4%)
   ✅ Context usage is healthy

  ✅ Step processed successfully: 1 action(s)

📍 Step 649: Processing node [inner_1] Inner Loop (Type: 1, Traveled: true, Finished: false)
  🧠 Selecting relevant nodes from Global Tree...
  🤖 Calling LLM (Attempt 1)...

📊 Token Statistics:
   Prompt length: 6130 characters
   Estimated tokens: 1533 / 64000 (2.4%)
   ✅ Context usage is healthy

  ✅ Step processed successfully: 1 action(s)

📍 Step 650: Processing node [inner_1] Inner Loop (Type: 1, Traveled: true, Finished: false)
  🧠 Selecting relevant nodes from Global Tree...
  🤖 Calling LLM (Attempt 1)...

📊 Token Statistics:
   Prompt length: 6130 characters
   Estimated tokens: 1533 / 64000 (2.4%)
   ✅ Context usage is healthy

  ✅ Step processed successfully: 1 action(s)

📍 Step 651: Processing node [inner_1] Inner Loop (Type: 1, Traveled: true, Finished: false)
  🧠 Selecting relevant nodes from Global Tree...
  🤖 Calling LLM (Attempt 1)...

📊 Token Statistics:
   Prompt length: 6130 characters
   Estimated tokens: 1533 / 64000 (2.4%)
   ✅ Context usage is healthy

  ✅ Step processed successfully: 1 action(s)

📍 Step 652: Processing node [inner_1] Inner Loop (Type: 1, Traveled: true, Finished: false)
  🧠 Selecting relevant nodes from Global Tree...
  🤖 Calling LLM (Attempt 1)...

📊 Token Statistics:
   Prompt length: 6130 characters
   Estimated tokens: 1533 / 64000 (2.4%)
   ✅ Context usage is healthy

  ✅ Step processed successfully: 1 action(s)

📍 Step 653: Processing node [inner_1] Inner Loop (Type: 1, Traveled: true, Finished: false)
  🧠 Selecting relevant nodes from Global Tree...
  🤖 Calling LLM (Attempt 1)...

📊 Token Statistics:
   Prompt length: 6130 characters
   Estimated tokens: 1533 / 64000 (2.4%)
   ✅ Context usage is healthy

  ✅ Step processed successfully: 1 action(s)

📍 Step 654: Processing node [inner_1] Inner Loop (Type: 1, Traveled: true, Finished: false)
  🧠 Selecting relevant nodes from Global Tree...
  🤖 Calling LLM (Attempt 1)...

📊 Token Statistics:
   Prompt length: 6130 characters
   Estimated tokens: 1533 / 64000 (2.4%)
   ✅ Context usage is healthy

  ✅ Step processed successfully: 1 action(s)

📍 Step 655: Processing node [inner_1] Inner Loop (Type: 1, Traveled: true, Finished: false)
  🧠 Selecting relevant nodes from Global Tree...
  🤖 Calling LLM (Attempt 1)...

📊 Token Statistics:
   Prompt length: 6130 characters
   Estimated tokens: 1533 / 64000 (2.4%)
   ✅ Context usage is healthy

  ✅ Step processed successfully: 1 action(s)

📍 Step 656: Processing node [inner_1] Inner Loop (Type: 1, Traveled: true, Finished: false)
  🧠 Selecting relevant nodes from Global Tree...
  🤖 Calling LLM (Attempt 1)...

📊 Token Statistics:
   Prompt length: 6130 characters
   Estimated tokens: 1533 / 64000 (2.4%)
   ✅ Context usage is healthy

  ✅ Step processed successfully: 1 action(s)

📍 Step 657: Processing node [inner_1] Inner Loop (Type: 1, Traveled: true, Finished: false)
  🧠 Selecting relevant nodes from Global Tree...
  🤖 Calling LLM (Attempt 1)...

📊 Token Statistics:
   Prompt length: 6130 characters
   Estimated tokens: 1533 / 64000 (2.4%)
   ✅ Context usage is healthy

  ✅ Step processed successfully: 1 action(s)

📍 Step 658: Processing node [inner_1] Inner Loop (Type: 1, Traveled: true, Finished: false)
  🧠 Selecting relevant nodes from Global Tree...
  🤖 Calling LLM (Attempt 1)...

📊 Token Statistics:
   Prompt length: 6130 characters
   Estimated tokens: 1533 / 64000 (2.4%)
   ✅ Context usage is healthy

  ✅ Step processed successfully: 1 action(s)

📍 Step 659: Processing node [inner_1] Inner Loop (Type: 1, Traveled: true, Finished: false)
  🧠 Selecting relevant nodes from Global Tree...
  🤖 Calling LLM (Attempt 1)...

📊 Token Statistics:
   Prompt length: 6130 characters
   Estimated tokens: 1533 / 64000 (2.4%)
   ✅ Context usage is healthy

  ✅ Step processed successfully: 1 action(s)

📍 Step 660: Processing node [inner_1] Inner Loop (Type: 1, Traveled: true, Finished: false)
  🧠 Selecting relevant nodes from Global Tree...
  🤖 Calling LLM (Attempt 1)...

📊 Token Statistics:
   Prompt length: 6130 characters
   Estimated tokens: 1533 / 64000 (2.4%)
   ✅ Context usage is healthy

  ✅ Step processed successfully: 1 action(s)

📍 Step 661: Processing node [inner_1] Inner Loop (Type: 1, Traveled: true, Finished: false)
  🧠 Selecting relevant nodes from Global Tree...
  🤖 Calling LLM (Attempt 1)...

📊 Token Statistics:
   Prompt length: 6130 characters
   Estimated tokens: 1533 / 64000 (2.4%)
   ✅ Context usage is healthy

  ✅ Step processed successfully: 1 action(s)

📍 Step 662: Processing node [inner_1] Inner Loop (Type: 1, Traveled: true, Finished: false)
  🧠 Selecting relevant nodes from Global Tree...
  🤖 Calling LLM (Attempt 1)...

📊 Token Statistics:
   Prompt length: 6130 characters
   Estimated tokens: 1533 / 64000 (2.4%)
   ✅ Context usage is healthy

  ✅ Step processed successfully: 1 action(s)

📍 Step 663: Processing node [inner_1] Inner Loop (Type: 1, Traveled: true, Finished: false)
  🧠 Selecting relevant nodes from Global Tree...
  🤖 Calling LLM (Attempt 1)...

📊 Token Statistics:
   Prompt length: 6130 characters
   Estimated tokens: 1533 / 64000 (2.4%)
   ✅ Context usage is healthy

  ✅ Step processed successfully: 1 action(s)

📍 Step 664: Processing node [inner_1] Inner Loop (Type: 1, Traveled: true, Finished: false)
  🧠 Selecting relevant nodes from Global Tree...
  🤖 Calling LLM (Attempt 1)...

📊 Token Statistics:
   Prompt length: 6130 characters
   Estimated tokens: 1533 / 64000 (2.4%)
   ✅ Context usage is healthy

  ✅ Step processed successfully: 1 action(s)

📍 Step 665: Processing node [inner_1] Inner Loop (Type: 1, Traveled: true, Finished: false)
  🧠 Selecting relevant nodes from Global Tree...
  🤖 Calling LLM (Attempt 1)...

📊 Token Statistics:
   Prompt length: 6130 characters
   Estimated tokens: 1533 / 64000 (2.4%)
   ✅ Context usage is healthy

  ✅ Step processed successfully: 1 action(s)

📍 Step 666: Processing node [inner_1] Inner Loop (Type: 1, Traveled: true, Finished: false)
  🧠 Selecting relevant nodes from Global Tree...
  🤖 Calling LLM (Attempt 1)...

📊 Token Statistics:
   Prompt length: 6130 characters
   Estimated tokens: 1533 / 64000 (2.4%)
   ✅ Context usage is healthy

  ✅ Step processed successfully: 1 action(s)

📍 Step 667: Processing node [inner_1] Inner Loop (Type: 1, Traveled: true, Finished: false)
  🧠 Selecting relevant nodes from Global Tree...
  🤖 Calling LLM (Attempt 1)...

📊 Token Statistics:
   Prompt length: 6130 characters
   Estimated tokens: 1533 / 64000 (2.4%)
   ✅ Context usage is healthy

  ✅ Step processed successfully: 1 action(s)

📍 Step 668: Processing node [inner_1] Inner Loop (Type: 1, Traveled: true, Finished: false)
  🧠 Selecting relevant nodes from Global Tree...
  🤖 Calling LLM (Attempt 1)...

📊 Token Statistics:
   Prompt length: 6130 characters
   Estimated tokens: 1533 / 64000 (2.4%)
   ✅ Context usage is healthy

  ✅ Step processed successfully: 1 action(s)

📍 Step 669: Processing node [inner_1] Inner Loop (Type: 1, Traveled: true, Finished: false)
  🧠 Selecting relevant nodes from Global Tree...
  🤖 Calling LLM (Attempt 1)...

📊 Token Statistics:
   Prompt length: 6130 characters
   Estimated tokens: 1533 / 64000 (2.4%)
   ✅ Context usage is healthy

  ✅ Step processed successfully: 1 action(s)

📍 Step 670: Processing node [inner_1] Inner Loop (Type: 1, Traveled: true, Finished: false)
  🧠 Selecting relevant nodes from Global Tree...
  🤖 Calling LLM (Attempt 1)...

📊 Token Statistics:
   Prompt length: 6130 characters
   Estimated tokens: 1533 / 64000 (2.4%)
   ✅ Context usage is healthy

  ✅ Step processed successfully: 1 action(s)

📍 Step 671: Processing node [inner_1] Inner Loop (Type: 1, Traveled: true, Finished: false)
  🧠 Selecting relevant nodes from Global Tree...
  🤖 Calling LLM (Attempt 1)...

📊 Token Statistics:
   Prompt length: 6130 characters
   Estimated tokens: 1533 / 64000 (2.4%)
   ✅ Context usage is healthy

  ✅ Step processed successfully: 1 action(s)

📍 Step 672: Processing node [inner_1] Inner Loop (Type: 1, Traveled: true, Finished: false)
  🧠 Selecting relevant nodes from Global Tree...
  🤖 Calling LLM (Attempt 1)...

📊 Token Statistics:
   Prompt length: 6130 characters
   Estimated tokens: 1533 / 64000 (2.4%)
   ✅ Context usage is healthy

  ✅ Step processed successfully: 1 action(s)

📍 Step 673: Processing node [inner_1] Inner Loop (Type: 1, Traveled: true, Finished: false)
  🧠 Selecting relevant nodes from Global Tree...
  🤖 Calling LLM (Attempt 1)...

📊 Token Statistics:
   Prompt length: 6130 characters
   Estimated tokens: 1533 / 64000 (2.4%)
   ✅ Context usage is healthy

  ✅ Step processed successfully: 1 action(s)

📍 Step 674: Processing node [inner_1] Inner Loop (Type: 1, Traveled: true, Finished: false)
  🧠 Selecting relevant nodes from Global Tree...
  🤖 Calling LLM (Attempt 1)...

📊 Token Statistics:
   Prompt length: 6130 characters
   Estimated tokens: 1533 / 64000 (2.4%)
   ✅ Context usage is healthy

  ✅ Step processed successfully: 1 action(s)

📍 Step 675: Processing node [inner_1] Inner Loop (Type: 1, Traveled: true, Finished: false)
  🧠 Selecting relevant nodes from Global Tree...
  🤖 Calling LLM (Attempt 1)...

📊 Token Statistics:
   Prompt length: 6130 characters
   Estimated tokens: 1533 / 64000 (2.4%)
   ✅ Context usage is healthy

  ✅ Step processed successfully: 1 action(s)

📍 Step 676: Processing node [inner_1] Inner Loop (Type: 1, Traveled: true, Finished: false)
  🧠 Selecting relevant nodes from Global Tree...
  🤖 Calling LLM (Attempt 1)...

📊 Token Statistics:
   Prompt length: 6130 characters
   Estimated tokens: 1533 / 64000 (2.4%)
   ✅ Context usage is healthy

  ✅ Step processed successfully: 1 action(s)

📍 Step 677: Processing node [inner_1] Inner Loop (Type: 1, Traveled: true, Finished: false)
  🧠 Selecting relevant nodes from Global Tree...
  🤖 Calling LLM (Attempt 1)...

📊 Token Statistics:
   Prompt length: 6130 characters
   Estimated tokens: 1533 / 64000 (2.4%)
   ✅ Context usage is healthy

  ✅ Step processed successfully: 1 action(s)

📍 Step 678: Processing node [inner_1] Inner Loop (Type: 1, Traveled: true, Finished: false)
  🧠 Selecting relevant nodes from Global Tree...
  🤖 Calling LLM (Attempt 1)...

📊 Token Statistics:
   Prompt length: 6130 characters
   Estimated tokens: 1533 / 64000 (2.4%)
   ✅ Context usage is healthy

  ✅ Step processed successfully: 1 action(s)

📍 Step 679: Processing node [inner_1] Inner Loop (Type: 1, Traveled: true, Finished: false)
  🧠 Selecting relevant nodes from Global Tree...
  🤖 Calling LLM (Attempt 1)...

📊 Token Statistics:
   Prompt length: 6130 characters
   Estimated tokens: 1533 / 64000 (2.4%)
   ✅ Context usage is healthy

  ✅ Step processed successfully: 1 action(s)

📍 Step 680: Processing node [inner_1] Inner Loop (Type: 1, Traveled: true, Finished: false)
  🧠 Selecting relevant nodes from Global Tree...
  🤖 Calling LLM (Attempt 1)...

📊 Token Statistics:
   Prompt length: 6130 characters
   Estimated tokens: 1533 / 64000 (2.4%)
   ✅ Context usage is healthy

  ✅ Step processed successfully: 1 action(s)

📍 Step 681: Processing node [inner_1] Inner Loop (Type: 1, Traveled: true, Finished: false)
  🧠 Selecting relevant nodes from Global Tree...
  🤖 Calling LLM (Attempt 1)...

📊 Token Statistics:
   Prompt length: 6130 characters
   Estimated tokens: 1533 / 64000 (2.4%)
   ✅ Context usage is healthy

  ✅ Step processed successfully: 1 action(s)

📍 Step 682: Processing node [inner_1] Inner Loop (Type: 1, Traveled: true, Finished: false)
  🧠 Selecting relevant nodes from Global Tree...
  🤖 Calling LLM (Attempt 1)...

📊 Token Statistics:
   Prompt length: 6130 characters
   Estimated tokens: 1533 / 64000 (2.4%)
   ✅ Context usage is healthy

  ✅ Step processed successfully: 1 action(s)

📍 Step 683: Processing node [inner_1] Inner Loop (Type: 1, Traveled: true, Finished: false)
  🧠 Selecting relevant nodes from Global Tree...
  🤖 Calling LLM (Attempt 1)...

📊 Token Statistics:
   Prompt length: 6130 characters
   Estimated tokens: 1533 / 64000 (2.4%)
   ✅ Context usage is healthy

  ✅ Step processed successfully: 1 action(s)

📍 Step 684: Processing node [inner_1] Inner Loop (Type: 1, Traveled: true, Finished: false)
  🧠 Selecting relevant nodes from Global Tree...
  🤖 Calling LLM (Attempt 1)...

📊 Token Statistics:
   Prompt length: 6130 characters
   Estimated tokens: 1533 / 64000 (2.4%)
   ✅ Context usage is healthy

  ✅ Step processed successfully: 1 action(s)

📍 Step 685: Processing node [inner_1] Inner Loop (Type: 1, Traveled: true, Finished: false)
  🧠 Selecting relevant nodes from Global Tree...
  🤖 Calling LLM (Attempt 1)...

📊 Token Statistics:
   Prompt length: 6130 characters
   Estimated tokens: 1533 / 64000 (2.4%)
   ✅ Context usage is healthy

  ✅ Step processed successfully: 1 action(s)

📍 Step 686: Processing node [inner_1] Inner Loop (Type: 1, Traveled: true, Finished: false)
  🧠 Selecting relevant nodes from Global Tree...
  🤖 Calling LLM (Attempt 1)...

📊 Token Statistics:
   Prompt length: 6130 characters
   Estimated tokens: 1533 / 64000 (2.4%)
   ✅ Context usage is healthy

  ✅ Step processed successfully: 1 action(s)

📍 Step 687: Processing node [inner_1] Inner Loop (Type: 1, Traveled: true, Finished: false)
  🧠 Selecting relevant nodes from Global Tree...
  🤖 Calling LLM (Attempt 1)...

📊 Token Statistics:
   Prompt length: 6130 characters
   Estimated tokens: 1533 / 64000 (2.4%)
   ✅ Context usage is healthy

  ✅ Step processed successfully: 1 action(s)

📍 Step 688: Processing node [inner_1] Inner Loop (Type: 1, Traveled: true, Finished: false)
  🧠 Selecting relevant nodes from Global Tree...
  🤖 Calling LLM (Attempt 1)...

📊 Token Statistics:
   Prompt length: 6130 characters
   Estimated tokens: 1533 / 64000 (2.4%)
   ✅ Context usage is healthy

  ✅ Step processed successfully: 1 action(s)

📍 Step 689: Processing node [inner_1] Inner Loop (Type: 1, Traveled: true, Finished: false)
  🧠 Selecting relevant nodes from Global Tree...
  🤖 Calling LLM (Attempt 1)...

📊 Token Statistics:
   Prompt length: 6130 characters
   Estimated tokens: 1533 / 64000 (2.4%)
   ✅ Context usage is healthy

  ✅ Step processed successfully: 1 action(s)

📍 Step 690: Processing node [inner_1] Inner Loop (Type: 1, Traveled: true, Finished: false)
  🧠 Selecting relevant nodes from Global Tree...
  🤖 Calling LLM (Attempt 1)...

📊 Token Statistics:
   Prompt length: 6130 characters
   Estimated tokens: 1533 / 64000 (2.4%)
   ✅ Context usage is healthy

  ✅ Step processed successfully: 1 action(s)

📍 Step 691: Processing node [inner_1] Inner Loop (Type: 1, Traveled: true, Finished: false)
  🧠 Selecting relevant nodes from Global Tree...
  🤖 Calling LLM (Attempt 1)...

📊 Token Statistics:
   Prompt length: 6130 characters
   Estimated tokens: 1533 / 64000 (2.4%)
   ✅ Context usage is healthy

  ✅ Step processed successfully: 1 action(s)

📍 Step 692: Processing node [inner_1] Inner Loop (Type: 1, Traveled: true, Finished: false)
  🧠 Selecting relevant nodes from Global Tree...
  🤖 Calling LLM (Attempt 1)...

📊 Token Statistics:
   Prompt length: 6130 characters
   Estimated tokens: 1533 / 64000 (2.4%)
   ✅ Context usage is healthy

  ✅ Step processed successfully: 1 action(s)

📍 Step 693: Processing node [inner_1] Inner Loop (Type: 1, Traveled: true, Finished: false)
  🧠 Selecting relevant nodes from Global Tree...
  🤖 Calling LLM (Attempt 1)...

📊 Token Statistics:
   Prompt length: 6130 characters
   Estimated tokens: 1533 / 64000 (2.4%)
   ✅ Context usage is healthy

  ✅ Step processed successfully: 1 action(s)

📍 Step 694: Processing node [inner_1] Inner Loop (Type: 1, Traveled: true, Finished: false)
  🧠 Selecting relevant nodes from Global Tree...
  🤖 Calling LLM (Attempt 1)...

📊 Token Statistics:
   Prompt length: 6130 characters
   Estimated tokens: 1533 / 64000 (2.4%)
   ✅ Context usage is healthy

  ✅ Step processed successfully: 1 action(s)

📍 Step 695: Processing node [inner_1] Inner Loop (Type: 1, Traveled: true, Finished: false)
  🧠 Selecting relevant nodes from Global Tree...
  🤖 Calling LLM (Attempt 1)...

📊 Token Statistics:
   Prompt length: 6130 characters
   Estimated tokens: 1533 / 64000 (2.4%)
   ✅ Context usage is healthy

  ✅ Step processed successfully: 1 action(s)

📍 Step 696: Processing node [inner_1] Inner Loop (Type: 1, Traveled: true, Finished: false)
  🧠 Selecting relevant nodes from Global Tree...
  🤖 Calling LLM (Attempt 1)...

📊 Token Statistics:
   Prompt length: 6130 characters
   Estimated tokens: 1533 / 64000 (2.4%)
   ✅ Context usage is healthy

  ✅ Step processed successfully: 1 action(s)

📍 Step 697: Processing node [inner_1] Inner Loop (Type: 1, Traveled: true, Finished: false)
  🧠 Selecting relevant nodes from Global Tree...
  🤖 Calling LLM (Attempt 1)...

📊 Token Statistics:
   Prompt length: 6130 characters
   Estimated tokens: 1533 / 64000 (2.4%)
   ✅ Context usage is healthy

  ✅ Step processed successfully: 1 action(s)

📍 Step 698: Processing node [inner_1] Inner Loop (Type: 1, Traveled: true, Finished: false)
  🧠 Selecting relevant nodes from Global Tree...
  🤖 Calling LLM (Attempt 1)...

📊 Token Statistics:
   Prompt length: 6130 characters
   Estimated tokens: 1533 / 64000 (2.4%)
   ✅ Context usage is healthy

  ✅ Step processed successfully: 1 action(s)

📍 Step 699: Processing node [inner_1] Inner Loop (Type: 1, Traveled: true, Finished: false)
  🧠 Selecting relevant nodes from Global Tree...
  🤖 Calling LLM (Attempt 1)...

📊 Token Statistics:
   Prompt length: 6130 characters
   Estimated tokens: 1533 / 64000 (2.4%)
   ✅ Context usage is healthy

  ✅ Step processed successfully: 1 action(s)

📍 Step 700: Processing node [inner_1] Inner Loop (Type: 1, Traveled: true, Finished: false)
  🧠 Selecting relevant nodes from Global Tree...
  🤖 Calling LLM (Attempt 1)...

📊 Token Statistics:
   Prompt length: 6130 characters
   Estimated tokens: 1533 / 64000 (2.4%)
   ✅ Context usage is healthy

  ✅ Step processed successfully: 1 action(s)

📍 Step 701: Processing node [inner_1] Inner Loop (Type: 1, Traveled: true, Finished: false)
  🧠 Selecting relevant nodes from Global Tree...
  🤖 Calling LLM (Attempt 1)...

📊 Token Statistics:
   Prompt length: 6130 characters
   Estimated tokens: 1533 / 64000 (2.4%)
   ✅ Context usage is healthy

  ✅ Step processed successfully: 1 action(s)

📍 Step 702: Processing node [inner_1] Inner Loop (Type: 1, Traveled: true, Finished: false)
  🧠 Selecting relevant nodes from Global Tree...
  🤖 Calling LLM (Attempt 1)...

📊 Token Statistics:
   Prompt length: 6130 characters
   Estimated tokens: 1533 / 64000 (2.4%)
   ✅ Context usage is healthy

  ✅ Step processed successfully: 1 action(s)

📍 Step 703: Processing node [inner_1] Inner Loop (Type: 1, Traveled: true, Finished: false)
  🧠 Selecting relevant nodes from Global Tree...
  🤖 Calling LLM (Attempt 1)...

📊 Token Statistics:
   Prompt length: 6130 characters
   Estimated tokens: 1533 / 64000 (2.4%)
   ✅ Context usage is healthy

  ✅ Step processed successfully: 1 action(s)

📍 Step 704: Processing node [inner_1] Inner Loop (Type: 1, Traveled: true, Finished: false)
  🧠 Selecting relevant nodes from Global Tree...
  🤖 Calling LLM (Attempt 1)...

📊 Token Statistics:
   Prompt length: 6130 characters
   Estimated tokens: 1533 / 64000 (2.4%)
   ✅ Context usage is healthy

  ✅ Step processed successfully: 1 action(s)

📍 Step 705: Processing node [inner_1] Inner Loop (Type: 1, Traveled: true, Finished: false)
  🧠 Selecting relevant nodes from Global Tree...
  🤖 Calling LLM (Attempt 1)...

📊 Token Statistics:
   Prompt length: 6130 characters
   Estimated tokens: 1533 / 64000 (2.4%)
   ✅ Context usage is healthy

  ✅ Step processed successfully: 1 action(s)

📍 Step 706: Processing node [inner_1] Inner Loop (Type: 1, Traveled: true, Finished: false)
  🧠 Selecting relevant nodes from Global Tree...
  🤖 Calling LLM (Attempt 1)...

📊 Token Statistics:
   Prompt length: 6130 characters
   Estimated tokens: 1533 / 64000 (2.4%)
   ✅ Context usage is healthy

  ✅ Step processed successfully: 1 action(s)

📍 Step 707: Processing node [inner_1] Inner Loop (Type: 1, Traveled: true, Finished: false)
  🧠 Selecting relevant nodes from Global Tree...
  🤖 Calling LLM (Attempt 1)...

📊 Token Statistics:
   Prompt length: 6130 characters
   Estimated tokens: 1533 / 64000 (2.4%)
   ✅ Context usage is healthy

  ✅ Step processed successfully: 1 action(s)

📍 Step 708: Processing node [inner_1] Inner Loop (Type: 1, Traveled: true, Finished: false)
  🧠 Selecting relevant nodes from Global Tree...
  🤖 Calling LLM (Attempt 1)...

📊 Token Statistics:
   Prompt length: 6130 characters
   Estimated tokens: 1533 / 64000 (2.4%)
   ✅ Context usage is healthy

  ✅ Step processed successfully: 1 action(s)

📍 Step 709: Processing node [inner_1] Inner Loop (Type: 1, Traveled: true, Finished: false)
  🧠 Selecting relevant nodes from Global Tree...
  🤖 Calling LLM (Attempt 1)...

📊 Token Statistics:
   Prompt length: 6130 characters
   Estimated tokens: 1533 / 64000 (2.4%)
   ✅ Context usage is healthy

  ✅ Step processed successfully: 1 action(s)

📍 Step 710: Processing node [inner_1] Inner Loop (Type: 1, Traveled: true, Finished: false)
  🧠 Selecting relevant nodes from Global Tree...
  🤖 Calling LLM (Attempt 1)...

📊 Token Statistics:
   Prompt length: 6130 characters
   Estimated tokens: 1533 / 64000 (2.4%)
   ✅ Context usage is healthy

  ✅ Step processed successfully: 1 action(s)

📍 Step 711: Processing node [inner_1] Inner Loop (Type: 1, Traveled: true, Finished: false)
  🧠 Selecting relevant nodes from Global Tree...
  🤖 Calling LLM (Attempt 1)...

📊 Token Statistics:
   Prompt length: 6130 characters
   Estimated tokens: 1533 / 64000 (2.4%)
   ✅ Context usage is healthy

  ✅ Step processed successfully: 1 action(s)

📍 Step 712: Processing node [inner_1] Inner Loop (Type: 1, Traveled: true, Finished: false)
  🧠 Selecting relevant nodes from Global Tree...
  🤖 Calling LLM (Attempt 1)...

📊 Token Statistics:
   Prompt length: 6130 characters
   Estimated tokens: 1533 / 64000 (2.4%)
   ✅ Context usage is healthy

  ✅ Step processed successfully: 1 action(s)

📍 Step 713: Processing node [inner_1] Inner Loop (Type: 1, Traveled: true, Finished: false)
  🧠 Selecting relevant nodes from Global Tree...
  🤖 Calling LLM (Attempt 1)...

📊 Token Statistics:
   Prompt length: 6130 characters
   Estimated tokens: 1533 / 64000 (2.4%)
   ✅ Context usage is healthy

  ✅ Step processed successfully: 1 action(s)

📍 Step 714: Processing node [inner_1] Inner Loop (Type: 1, Traveled: true, Finished: false)
  🧠 Selecting relevant nodes from Global Tree...
  🤖 Calling LLM (Attempt 1)...

📊 Token Statistics:
   Prompt length: 6130 characters
   Estimated tokens: 1533 / 64000 (2.4%)
   ✅ Context usage is healthy

  ✅ Step processed successfully: 1 action(s)

📍 Step 715: Processing node [inner_1] Inner Loop (Type: 1, Traveled: true, Finished: false)
  🧠 Selecting relevant nodes from Global Tree...
  🤖 Calling LLM (Attempt 1)...

📊 Token Statistics:
   Prompt length: 6130 characters
   Estimated tokens: 1533 / 64000 (2.4%)
   ✅ Context usage is healthy

  ✅ Step processed successfully: 1 action(s)

📍 Step 716: Processing node [inner_1] Inner Loop (Type: 1, Traveled: true, Finished: false)
  🧠 Selecting relevant nodes from Global Tree...
  🤖 Calling LLM (Attempt 1)...

📊 Token Statistics:
   Prompt length: 6130 characters
   Estimated tokens: 1533 / 64000 (2.4%)
   ✅ Context usage is healthy

  ✅ Step processed successfully: 1 action(s)

📍 Step 717: Processing node [inner_1] Inner Loop (Type: 1, Traveled: true, Finished: false)
  🧠 Selecting relevant nodes from Global Tree...
  🤖 Calling LLM (Attempt 1)...

📊 Token Statistics:
   Prompt length: 6130 characters
   Estimated tokens: 1533 / 64000 (2.4%)
   ✅ Context usage is healthy

  ✅ Step processed successfully: 1 action(s)

📍 Step 718: Processing node [inner_1] Inner Loop (Type: 1, Traveled: true, Finished: false)
  🧠 Selecting relevant nodes from Global Tree...
  🤖 Calling LLM (Attempt 1)...

📊 Token Statistics:
   Prompt length: 6130 characters
   Estimated tokens: 1533 / 64000 (2.4%)
   ✅ Context usage is healthy

  ✅ Step processed successfully: 1 action(s)

📍 Step 719: Processing node [inner_1] Inner Loop (Type: 1, Traveled: true, Finished: false)
  🧠 Selecting relevant nodes from Global Tree...
  🤖 Calling LLM (Attempt 1)...

📊 Token Statistics:
   Prompt length: 6130 characters
   Estimated tokens: 1533 / 64000 (2.4%)
   ✅ Context usage is healthy

  ✅ Step processed successfully: 1 action(s)

📍 Step 720: Processing node [inner_1] Inner Loop (Type: 1, Traveled: true, Finished: false)
  🧠 Selecting relevant nodes from Global Tree...
  🤖 Calling LLM (Attempt 1)...

📊 Token Statistics:
   Prompt length: 6130 characters
   Estimated tokens: 1533 / 64000 (2.4%)
   ✅ Context usage is healthy

  ✅ Step processed successfully: 1 action(s)

📍 Step 721: Processing node [inner_1] Inner Loop (Type: 1, Traveled: true, Finished: false)
  🧠 Selecting relevant nodes from Global Tree...
  🤖 Calling LLM (Attempt 1)...

📊 Token Statistics:
   Prompt length: 6130 characters
   Estimated tokens: 1533 / 64000 (2.4%)
   ✅ Context usage is healthy

  ✅ Step processed successfully: 1 action(s)

📍 Step 722: Processing node [inner_1] Inner Loop (Type: 1, Traveled: true, Finished: false)
  🧠 Selecting relevant nodes from Global Tree...
  🤖 Calling LLM (Attempt 1)...

📊 Token Statistics:
   Prompt length: 6130 characters
   Estimated tokens: 1533 / 64000 (2.4%)
   ✅ Context usage is healthy

  ✅ Step processed successfully: 1 action(s)

📍 Step 723: Processing node [inner_1] Inner Loop (Type: 1, Traveled: true, Finished: false)
  🧠 Selecting relevant nodes from Global Tree...
  🤖 Calling LLM (Attempt 1)...

📊 Token Statistics:
   Prompt length: 6130 characters
   Estimated tokens: 1533 / 64000 (2.4%)
   ✅ Context usage is healthy

  ✅ Step processed successfully: 1 action(s)

📍 Step 724: Processing node [inner_1] Inner Loop (Type: 1, Traveled: true, Finished: false)
  🧠 Selecting relevant nodes from Global Tree...
  🤖 Calling LLM (Attempt 1)...

📊 Token Statistics:
   Prompt length: 6130 characters
   Estimated tokens: 1533 / 64000 (2.4%)
   ✅ Context usage is healthy

  ✅ Step processed successfully: 1 action(s)

📍 Step 725: Processing node [inner_1] Inner Loop (Type: 1, Traveled: true, Finished: false)
  🧠 Selecting relevant nodes from Global Tree...
  🤖 Calling LLM (Attempt 1)...

📊 Token Statistics:
   Prompt length: 6130 characters
   Estimated tokens: 1533 / 64000 (2.4%)
   ✅ Context usage is healthy

  ✅ Step processed successfully: 1 action(s)

📍 Step 726: Processing node [inner_1] Inner Loop (Type: 1, Traveled: true, Finished: false)
  🧠 Selecting relevant nodes from Global Tree...
  🤖 Calling LLM (Attempt 1)...

📊 Token Statistics:
   Prompt length: 6130 characters
   Estimated tokens: 1533 / 64000 (2.4%)
   ✅ Context usage is healthy

  ✅ Step processed successfully: 1 action(s)

📍 Step 727: Processing node [inner_1] Inner Loop (Type: 1, Traveled: true, Finished: false)
  🧠 Selecting relevant nodes from Global Tree...
  🤖 Calling LLM (Attempt 1)...

📊 Token Statistics:
   Prompt length: 6130 characters
   Estimated tokens: 1533 / 64000 (2.4%)
   ✅ Context usage is healthy

  ✅ Step processed successfully: 1 action(s)

📍 Step 728: Processing node [inner_1] Inner Loop (Type: 1, Traveled: true, Finished: false)
  🧠 Selecting relevant nodes from Global Tree...
  🤖 Calling LLM (Attempt 1)...

📊 Token Statistics:
   Prompt length: 6130 characters
   Estimated tokens: 1533 / 64000 (2.4%)
   ✅ Context usage is healthy

  ✅ Step processed successfully: 1 action(s)

📍 Step 729: Processing node [inner_1] Inner Loop (Type: 1, Traveled: true, Finished: false)
  🧠 Selecting relevant nodes from Global Tree...
  🤖 Calling LLM (Attempt 1)...

📊 Token Statistics:
   Prompt length: 6130 characters
   Estimated tokens: 1533 / 64000 (2.4%)
   ✅ Context usage is healthy

  ✅ Step processed successfully: 1 action(s)

📍 Step 730: Processing node [inner_1] Inner Loop (Type: 1, Traveled: true, Finished: false)
  🧠 Selecting relevant nodes from Global Tree...
  🤖 Calling LLM (Attempt 1)...

📊 Token Statistics:
   Prompt length: 6130 characters
   Estimated tokens: 1533 / 64000 (2.4%)
   ✅ Context usage is healthy

  ✅ Step processed successfully: 1 action(s)

📍 Step 731: Processing node [inner_1] Inner Loop (Type: 1, Traveled: true, Finished: false)
  🧠 Selecting relevant nodes from Global Tree...
  🤖 Calling LLM (Attempt 1)...

📊 Token Statistics:
   Prompt length: 6130 characters
   Estimated tokens: 1533 / 64000 (2.4%)
   ✅ Context usage is healthy

  ✅ Step processed successfully: 1 action(s)

📍 Step 732: Processing node [inner_1] Inner Loop (Type: 1, Traveled: true, Finished: false)
  🧠 Selecting relevant nodes from Global Tree...
  🤖 Calling LLM (Attempt 1)...

📊 Token Statistics:
   Prompt length: 6130 characters
   Estimated tokens: 1533 / 64000 (2.4%)
   ✅ Context usage is healthy

  ✅ Step processed successfully: 1 action(s)

📍 Step 733: Processing node [inner_1] Inner Loop (Type: 1, Traveled: true, Finished: false)
  🧠 Selecting relevant nodes from Global Tree...
  🤖 Calling LLM (Attempt 1)...

📊 Token Statistics:
   Prompt length: 6130 characters
   Estimated tokens: 1533 / 64000 (2.4%)
   ✅ Context usage is healthy

  ✅ Step processed successfully: 1 action(s)

📍 Step 734: Processing node [inner_1] Inner Loop (Type: 1, Traveled: true, Finished: false)
  🧠 Selecting relevant nodes from Global Tree...
  🤖 Calling LLM (Attempt 1)...

📊 Token Statistics:
   Prompt length: 6130 characters
   Estimated tokens: 1533 / 64000 (2.4%)
   ✅ Context usage is healthy

  ✅ Step processed successfully: 1 action(s)

📍 Step 735: Processing node [inner_1] Inner Loop (Type: 1, Traveled: true, Finished: false)
  🧠 Selecting relevant nodes from Global Tree...
  🤖 Calling LLM (Attempt 1)...

📊 Token Statistics:
   Prompt length: 6130 characters
   Estimated tokens: 1533 / 64000 (2.4%)
   ✅ Context usage is healthy

  ✅ Step processed successfully: 1 action(s)

📍 Step 736: Processing node [inner_1] Inner Loop (Type: 1, Traveled: true, Finished: false)
  🧠 Selecting relevant nodes from Global Tree...
  🤖 Calling LLM (Attempt 1)...

📊 Token Statistics:
   Prompt length: 6130 characters
   Estimated tokens: 1533 / 64000 (2.4%)
   ✅ Context usage is healthy

  ✅ Step processed successfully: 1 action(s)

📍 Step 737: Processing node [inner_1] Inner Loop (Type: 1, Traveled: true, Finished: false)
  🧠 Selecting relevant nodes from Global Tree...
  🤖 Calling LLM (Attempt 1)...

📊 Token Statistics:
   Prompt length: 6130 characters
   Estimated tokens: 1533 / 64000 (2.4%)
   ✅ Context usage is healthy

  ✅ Step processed successfully: 1 action(s)

📍 Step 738: Processing node [inner_1] Inner Loop (Type: 1, Traveled: true, Finished: false)
  🧠 Selecting relevant nodes from Global Tree...
  🤖 Calling LLM (Attempt 1)...

📊 Token Statistics:
   Prompt length: 6130 characters
   Estimated tokens: 1533 / 64000 (2.4%)
   ✅ Context usage is healthy

  ✅ Step processed successfully: 1 action(s)

📍 Step 739: Processing node [inner_1] Inner Loop (Type: 1, Traveled: true, Finished: false)
  🧠 Selecting relevant nodes from Global Tree...
  🤖 Calling LLM (Attempt 1)...

📊 Token Statistics:
   Prompt length: 6130 characters
   Estimated tokens: 1533 / 64000 (2.4%)
   ✅ Context usage is healthy

  ✅ Step processed successfully: 1 action(s)

📍 Step 740: Processing node [inner_1] Inner Loop (Type: 1, Traveled: true, Finished: false)
  🧠 Selecting relevant nodes from Global Tree...
  🤖 Calling LLM (Attempt 1)...

📊 Token Statistics:
   Prompt length: 6130 characters
   Estimated tokens: 1533 / 64000 (2.4%)
   ✅ Context usage is healthy

  ✅ Step processed successfully: 1 action(s)

📍 Step 741: Processing node [inner_1] Inner Loop (Type: 1, Traveled: true, Finished: false)
  🧠 Selecting relevant nodes from Global Tree...
  🤖 Calling LLM (Attempt 1)...

📊 Token Statistics:
   Prompt length: 6130 characters
   Estimated tokens: 1533 / 64000 (2.4%)
   ✅ Context usage is healthy

  ✅ Step processed successfully: 1 action(s)

📍 Step 742: Processing node [inner_1] Inner Loop (Type: 1, Traveled: true, Finished: false)
  🧠 Selecting relevant nodes from Global Tree...
  🤖 Calling LLM (Attempt 1)...

📊 Token Statistics:
   Prompt length: 6130 characters
   Estimated tokens: 1533 / 64000 (2.4%)
   ✅ Context usage is healthy

  ✅ Step processed successfully: 1 action(s)

📍 Step 743: Processing node [inner_1] Inner Loop (Type: 1, Traveled: true, Finished: false)
  🧠 Selecting relevant nodes from Global Tree...
  🤖 Calling LLM (Attempt 1)...

📊 Token Statistics:
   Prompt length: 6130 characters
   Estimated tokens: 1533 / 64000 (2.4%)
   ✅ Context usage is healthy

  ✅ Step processed successfully: 1 action(s)

📍 Step 744: Processing node [inner_1] Inner Loop (Type: 1, Traveled: true, Finished: false)
  🧠 Selecting relevant nodes from Global Tree...
  🤖 Calling LLM (Attempt 1)...

📊 Token Statistics:
   Prompt length: 6130 characters
   Estimated tokens: 1533 / 64000 (2.4%)
   ✅ Context usage is healthy

  ✅ Step processed successfully: 1 action(s)

📍 Step 745: Processing node [inner_1] Inner Loop (Type: 1, Traveled: true, Finished: false)
  🧠 Selecting relevant nodes from Global Tree...
  🤖 Calling LLM (Attempt 1)...

📊 Token Statistics:
   Prompt length: 6130 characters
   Estimated tokens: 1533 / 64000 (2.4%)
   ✅ Context usage is healthy

  ✅ Step processed successfully: 1 action(s)

📍 Step 746: Processing node [inner_1] Inner Loop (Type: 1, Traveled: true, Finished: false)
  🧠 Selecting relevant nodes from Global Tree...
  🤖 Calling LLM (Attempt 1)...

📊 Token Statistics:
   Prompt length: 6130 characters
   Estimated tokens: 1533 / 64000 (2.4%)
   ✅ Context usage is healthy

  ✅ Step processed successfully: 1 action(s)

📍 Step 747: Processing node [inner_1] Inner Loop (Type: 1, Traveled: true, Finished: false)
  🧠 Selecting relevant nodes from Global Tree...
  🤖 Calling LLM (Attempt 1)...

📊 Token Statistics:
   Prompt length: 6130 characters
   Estimated tokens: 1533 / 64000 (2.4%)
   ✅ Context usage is healthy

  ✅ Step processed successfully: 1 action(s)

📍 Step 748: Processing node [inner_1] Inner Loop (Type: 1, Traveled: true, Finished: false)
  🧠 Selecting relevant nodes from Global Tree...
  🤖 Calling LLM (Attempt 1)...

📊 Token Statistics:
   Prompt length: 6130 characters
   Estimated tokens: 1533 / 64000 (2.4%)
   ✅ Context usage is healthy

  ✅ Step processed successfully: 1 action(s)

📍 Step 749: Processing node [inner_1] Inner Loop (Type: 1, Traveled: true, Finished: false)
  🧠 Selecting relevant nodes from Global Tree...
  🤖 Calling LLM (Attempt 1)...

📊 Token Statistics:
   Prompt length: 6130 characters
   Estimated tokens: 1533 / 64000 (2.4%)
   ✅ Context usage is healthy

  ✅ Step processed successfully: 1 action(s)

📍 Step 750: Processing node [inner_1] Inner Loop (Type: 1, Traveled: true, Finished: false)
  🧠 Selecting relevant nodes from Global Tree...
  🤖 Calling LLM (Attempt 1)...

📊 Token Statistics:
   Prompt length: 6130 characters
   Estimated tokens: 1533 / 64000 (2.4%)
   ✅ Context usage is healthy

  ✅ Step processed successfully: 1 action(s)

📍 Step 751: Processing node [inner_1] Inner Loop (Type: 1, Traveled: true, Finished: false)
  🧠 Selecting relevant nodes from Global Tree...
  🤖 Calling LLM (Attempt 1)...

📊 Token Statistics:
   Prompt length: 6130 characters
   Estimated tokens: 1533 / 64000 (2.4%)
   ✅ Context usage is healthy

  ✅ Step processed successfully: 1 action(s)

📍 Step 752: Processing node [inner_1] Inner Loop (Type: 1, Traveled: true, Finished: false)
  🧠 Selecting relevant nodes from Global Tree...
  🤖 Calling LLM (Attempt 1)...

📊 Token Statistics:
   Prompt length: 6130 characters
   Estimated tokens: 1533 / 64000 (2.4%)
   ✅ Context usage is healthy

  ✅ Step processed successfully: 1 action(s)

📍 Step 753: Processing node [inner_1] Inner Loop (Type: 1, Traveled: true, Finished: false)
  🧠 Selecting relevant nodes from Global Tree...
  🤖 Calling LLM (Attempt 1)...

📊 Token Statistics:
   Prompt length: 6130 characters
   Estimated tokens: 1533 / 64000 (2.4%)
   ✅ Context usage is healthy

  ✅ Step processed successfully: 1 action(s)

📍 Step 754: Processing node [inner_1] Inner Loop (Type: 1, Traveled: true, Finished: false)
  🧠 Selecting relevant nodes from Global Tree...
  🤖 Calling LLM (Attempt 1)...

📊 Token Statistics:
   Prompt length: 6130 characters
   Estimated tokens: 1533 / 64000 (2.4%)
   ✅ Context usage is healthy

  ✅ Step processed successfully: 1 action(s)

📍 Step 755: Processing node [inner_1] Inner Loop (Type: 1, Traveled: true, Finished: false)
  🧠 Selecting relevant nodes from Global Tree...
  🤖 Calling LLM (Attempt 1)...

📊 Token Statistics:
   Prompt length: 6130 characters
   Estimated tokens: 1533 / 64000 (2.4%)
   ✅ Context usage is healthy

  ✅ Step processed successfully: 1 action(s)

📍 Step 756: Processing node [inner_1] Inner Loop (Type: 1, Traveled: true, Finished: false)
  🧠 Selecting relevant nodes from Global Tree...
  🤖 Calling LLM (Attempt 1)...

📊 Token Statistics:
   Prompt length: 6130 characters
   Estimated tokens: 1533 / 64000 (2.4%)
   ✅ Context usage is healthy

  ✅ Step processed successfully: 1 action(s)

📍 Step 757: Processing node [inner_1] Inner Loop (Type: 1, Traveled: true, Finished: false)
  🧠 Selecting relevant nodes from Global Tree...
  🤖 Calling LLM (Attempt 1)...

📊 Token Statistics:
   Prompt length: 6130 characters
   Estimated tokens: 1533 / 64000 (2.4%)
   ✅ Context usage is healthy

  ✅ Step processed successfully: 1 action(s)

📍 Step 758: Processing node [inner_1] Inner Loop (Type: 1, Traveled: true, Finished: false)
  🧠 Selecting relevant nodes from Global Tree...
  🤖 Calling LLM (Attempt 1)...

📊 Token Statistics:
   Prompt length: 6130 characters
   Estimated tokens: 1533 / 64000 (2.4%)
   ✅ Context usage is healthy

  ✅ Step processed successfully: 1 action(s)

📍 Step 759: Processing node [inner_1] Inner Loop (Type: 1, Traveled: true, Finished: false)
  🧠 Selecting relevant nodes from Global Tree...
  🤖 Calling LLM (Attempt 1)...

📊 Token Statistics:
   Prompt length: 6130 characters
   Estimated tokens: 1533 / 64000 (2.4%)
   ✅ Context usage is healthy

  ✅ Step processed successfully: 1 action(s)

📍 Step 760: Processing node [inner_1] Inner Loop (Type: 1, Traveled: true, Finished: false)
  🧠 Selecting relevant nodes from Global Tree...
  🤖 Calling LLM (Attempt 1)...

📊 Token Statistics:
   Prompt length: 6130 characters
   Estimated tokens: 1533 / 64000 (2.4%)
   ✅ Context usage is healthy

  ✅ Step processed successfully: 1 action(s)

📍 Step 761: Processing node [inner_1] Inner Loop (Type: 1, Traveled: true, Finished: false)
  🧠 Selecting relevant nodes from Global Tree...
  🤖 Calling LLM (Attempt 1)...

📊 Token Statistics:
   Prompt length: 6130 characters
   Estimated tokens: 1533 / 64000 (2.4%)
   ✅ Context usage is healthy

  ✅ Step processed successfully: 1 action(s)

📍 Step 762: Processing node [inner_1] Inner Loop (Type: 1, Traveled: true, Finished: false)
  🧠 Selecting relevant nodes from Global Tree...
  🤖 Calling LLM (Attempt 1)...

📊 Token Statistics:
   Prompt length: 6130 characters
   Estimated tokens: 1533 / 64000 (2.4%)
   ✅ Context usage is healthy

  ✅ Step processed successfully: 1 action(s)

📍 Step 763: Processing node [inner_1] Inner Loop (Type: 1, Traveled: true, Finished: false)
  🧠 Selecting relevant nodes from Global Tree...
  🤖 Calling LLM (Attempt 1)...

📊 Token Statistics:
   Prompt length: 6130 characters
   Estimated tokens: 1533 / 64000 (2.4%)
   ✅ Context usage is healthy

  ✅ Step processed successfully: 1 action(s)

📍 Step 764: Processing node [inner_1] Inner Loop (Type: 1, Traveled: true, Finished: false)
  🧠 Selecting relevant nodes from Global Tree...
  🤖 Calling LLM (Attempt 1)...

📊 Token Statistics:
   Prompt length: 6130 characters
   Estimated tokens: 1533 / 64000 (2.4%)
   ✅ Context usage is healthy

  ✅ Step processed successfully: 1 action(s)

📍 Step 765: Processing node [inner_1] Inner Loop (Type: 1, Traveled: true, Finished: false)
  🧠 Selecting relevant nodes from Global Tree...
  🤖 Calling LLM (Attempt 1)...

📊 Token Statistics:
   Prompt length: 6130 characters
   Estimated tokens: 1533 / 64000 (2.4%)
   ✅ Context usage is healthy

  ✅ Step processed successfully: 1 action(s)

📍 Step 766: Processing node [inner_1] Inner Loop (Type: 1, Traveled: true, Finished: false)
  🧠 Selecting relevant nodes from Global Tree...
  🤖 Calling LLM (Attempt 1)...

📊 Token Statistics:
   Prompt length: 6130 characters
   Estimated tokens: 1533 / 64000 (2.4%)
   ✅ Context usage is healthy

  ✅ Step processed successfully: 1 action(s)

📍 Step 767: Processing node [inner_1] Inner Loop (Type: 1, Traveled: true, Finished: false)
  🧠 Selecting relevant nodes from Global Tree...
  🤖 Calling LLM (Attempt 1)...

📊 Token Statistics:
   Prompt length: 6130 characters
   Estimated tokens: 1533 / 64000 (2.4%)
   ✅ Context usage is healthy

  ✅ Step processed successfully: 1 action(s)

📍 Step 768: Processing node [inner_1] Inner Loop (Type: 1, Traveled: true, Finished: false)
  🧠 Selecting relevant nodes from Global Tree...
  🤖 Calling LLM (Attempt 1)...

📊 Token Statistics:
   Prompt length: 6130 characters
   Estimated tokens: 1533 / 64000 (2.4%)
   ✅ Context usage is healthy

  ✅ Step processed successfully: 1 action(s)

📍 Step 769: Processing node [inner_1] Inner Loop (Type: 1, Traveled: true, Finished: false)
  🧠 Selecting relevant nodes from Global Tree...
  🤖 Calling LLM (Attempt 1)...

📊 Token Statistics:
   Prompt length: 6130 characters
   Estimated tokens: 1533 / 64000 (2.4%)
   ✅ Context usage is healthy

  ✅ Step processed successfully: 1 action(s)

📍 Step 770: Processing node [inner_1] Inner Loop (Type: 1, Traveled: true, Finished: false)
  🧠 Selecting relevant nodes from Global Tree...
  🤖 Calling LLM (Attempt 1)...

📊 Token Statistics:
   Prompt length: 6130 characters
   Estimated tokens: 1533 / 64000 (2.4%)
   ✅ Context usage is healthy

  ✅ Step processed successfully: 1 action(s)

📍 Step 771: Processing node [inner_1] Inner Loop (Type: 1, Traveled: true, Finished: false)
  🧠 Selecting relevant nodes from Global Tree...
  🤖 Calling LLM (Attempt 1)...

📊 Token Statistics:
   Prompt length: 6130 characters
   Estimated tokens: 1533 / 64000 (2.4%)
   ✅ Context usage is healthy

  ✅ Step processed successfully: 1 action(s)

📍 Step 772: Processing node [inner_1] Inner Loop (Type: 1, Traveled: true, Finished: false)
  🧠 Selecting relevant nodes from Global Tree...
  🤖 Calling LLM (Attempt 1)...

📊 Token Statistics:
   Prompt length: 6130 characters
   Estimated tokens: 1533 / 64000 (2.4%)
   ✅ Context usage is healthy

  ✅ Step processed successfully: 1 action(s)

📍 Step 773: Processing node [inner_1] Inner Loop (Type: 1, Traveled: true, Finished: false)
  🧠 Selecting relevant nodes from Global Tree...
  🤖 Calling LLM (Attempt 1)...

📊 Token Statistics:
   Prompt length: 6130 characters
   Estimated tokens: 1533 / 64000 (2.4%)
   ✅ Context usage is healthy

  ✅ Step processed successfully: 1 action(s)

📍 Step 774: Processing node [inner_1] Inner Loop (Type: 1, Traveled: true, Finished: false)
  🧠 Selecting relevant nodes from Global Tree...
  🤖 Calling LLM (Attempt 1)...

📊 Token Statistics:
   Prompt length: 6130 characters
   Estimated tokens: 1533 / 64000 (2.4%)
   ✅ Context usage is healthy

  ✅ Step processed successfully: 1 action(s)

📍 Step 775: Processing node [inner_1] Inner Loop (Type: 1, Traveled: true, Finished: false)
  🧠 Selecting relevant nodes from Global Tree...
  🤖 Calling LLM (Attempt 1)...

📊 Token Statistics:
   Prompt length: 6130 characters
   Estimated tokens: 1533 / 64000 (2.4%)
   ✅ Context usage is healthy

  ✅ Step processed successfully: 1 action(s)

📍 Step 776: Processing node [inner_1] Inner Loop (Type: 1, Traveled: true, Finished: false)
  🧠 Selecting relevant nodes from Global Tree...
  🤖 Calling LLM (Attempt 1)...

📊 Token Statistics:
   Prompt length: 6130 characters
   Estimated tokens: 1533 / 64000 (2.4%)
   ✅ Context usage is healthy

  ✅ Step processed successfully: 1 action(s)

📍 Step 777: Processing node [inner_1] Inner Loop (Type: 1, Traveled: true, Finished: false)
  🧠 Selecting relevant nodes from Global Tree...
  🤖 Calling LLM (Attempt 1)...

📊 Token Statistics:
   Prompt length: 6130 characters
   Estimated tokens: 1533 / 64000 (2.4%)
   ✅ Context usage is healthy

  ✅ Step processed successfully: 1 action(s)

📍 Step 778: Processing node [inner_1] Inner Loop (Type: 1, Traveled: true, Finished: false)
  🧠 Selecting relevant nodes from Global Tree...
  🤖 Calling LLM (Attempt 1)...

📊 Token Statistics:
   Prompt length: 6130 characters
   Estimated tokens: 1533 / 64000 (2.4%)
   ✅ Context usage is healthy

  ✅ Step processed successfully: 1 action(s)

📍 Step 779: Processing node [inner_1] Inner Loop (Type: 1, Traveled: true, Finished: false)
  🧠 Selecting relevant nodes from Global Tree...
  🤖 Calling LLM (Attempt 1)...

📊 Token Statistics:
   Prompt length: 6130 characters
   Estimated tokens: 1533 / 64000 (2.4%)
   ✅ Context usage is healthy

  ✅ Step processed successfully: 1 action(s)

📍 Step 780: Processing node [inner_1] Inner Loop (Type: 1, Traveled: true, Finished: false)
  🧠 Selecting relevant nodes from Global Tree...
  🤖 Calling LLM (Attempt 1)...

📊 Token Statistics:
   Prompt length: 6130 characters
   Estimated tokens: 1533 / 64000 (2.4%)
   ✅ Context usage is healthy

  ✅ Step processed successfully: 1 action(s)

📍 Step 781: Processing node [inner_1] Inner Loop (Type: 1, Traveled: true, Finished: false)
  🧠 Selecting relevant nodes from Global Tree...
  🤖 Calling LLM (Attempt 1)...

📊 Token Statistics:
   Prompt length: 6130 characters
   Estimated tokens: 1533 / 64000 (2.4%)
   ✅ Context usage is healthy

  ✅ Step processed successfully: 1 action(s)

📍 Step 782: Processing node [inner_1] Inner Loop (Type: 1, Traveled: true, Finished: false)
  🧠 Selecting relevant nodes from Global Tree...
  🤖 Calling LLM (Attempt 1)...

📊 Token Statistics:
   Prompt length: 6130 characters
   Estimated tokens: 1533 / 64000 (2.4%)
   ✅ Context usage is healthy

  ✅ Step processed successfully: 1 action(s)

📍 Step 783: Processing node [inner_1] Inner Loop (Type: 1, Traveled: true, Finished: false)
  🧠 Selecting relevant nodes from Global Tree...
  🤖 Calling LLM (Attempt 1)...

📊 Token Statistics:
   Prompt length: 6130 characters
   Estimated tokens: 1533 / 64000 (2.4%)
   ✅ Context usage is healthy

  ✅ Step processed successfully: 1 action(s)

📍 Step 784: Processing node [inner_1] Inner Loop (Type: 1, Traveled: true, Finished: false)
  🧠 Selecting relevant nodes from Global Tree...
  🤖 Calling LLM (Attempt 1)...

📊 Token Statistics:
   Prompt length: 6130 characters
   Estimated tokens: 1533 / 64000 (2.4%)
   ✅ Context usage is healthy

  ✅ Step processed successfully: 1 action(s)

📍 Step 785: Processing node [inner_1] Inner Loop (Type: 1, Traveled: true, Finished: false)
  🧠 Selecting relevant nodes from Global Tree...
  🤖 Calling LLM (Attempt 1)...

📊 Token Statistics:
   Prompt length: 6130 characters
   Estimated tokens: 1533 / 64000 (2.4%)
   ✅ Context usage is healthy

  ✅ Step processed successfully: 1 action(s)

📍 Step 786: Processing node [inner_1] Inner Loop (Type: 1, Traveled: true, Finished: false)
  🧠 Selecting relevant nodes from Global Tree...
  🤖 Calling LLM (Attempt 1)...

📊 Token Statistics:
   Prompt length: 6130 characters
   Estimated tokens: 1533 / 64000 (2.4%)
   ✅ Context usage is healthy

  ✅ Step processed successfully: 1 action(s)

📍 Step 787: Processing node [inner_1] Inner Loop (Type: 1, Traveled: true, Finished: false)
  🧠 Selecting relevant nodes from Global Tree...
  🤖 Calling LLM (Attempt 1)...

📊 Token Statistics:
   Prompt length: 6130 characters
   Estimated tokens: 1533 / 64000 (2.4%)
   ✅ Context usage is healthy

  ✅ Step processed successfully: 1 action(s)

📍 Step 788: Processing node [inner_1] Inner Loop (Type: 1, Traveled: true, Finished: false)
  🧠 Selecting relevant nodes from Global Tree...
  🤖 Calling LLM (Attempt 1)...

📊 Token Statistics:
   Prompt length: 6130 characters
   Estimated tokens: 1533 / 64000 (2.4%)
   ✅ Context usage is healthy

  ✅ Step processed successfully: 1 action(s)

📍 Step 789: Processing node [inner_1] Inner Loop (Type: 1, Traveled: true, Finished: false)
  🧠 Selecting relevant nodes from Global Tree...
  🤖 Calling LLM (Attempt 1)...

📊 Token Statistics:
   Prompt length: 6130 characters
   Estimated tokens: 1533 / 64000 (2.4%)
   ✅ Context usage is healthy

  ✅ Step processed successfully: 1 action(s)

📍 Step 790: Processing node [inner_1] Inner Loop (Type: 1, Traveled: true, Finished: false)
  🧠 Selecting relevant nodes from Global Tree...
  🤖 Calling LLM (Attempt 1)...

📊 Token Statistics:
   Prompt length: 6130 characters
   Estimated tokens: 1533 / 64000 (2.4%)
   ✅ Context usage is healthy

  ✅ Step processed successfully: 1 action(s)

📍 Step 791: Processing node [inner_1] Inner Loop (Type: 1, Traveled: true, Finished: false)
  🧠 Selecting relevant nodes from Global Tree...
  🤖 Calling LLM (Attempt 1)...

📊 Token Statistics:
   Prompt length: 6130 characters
   Estimated tokens: 1533 / 64000 (2.4%)
   ✅ Context usage is healthy

  ✅ Step processed successfully: 1 action(s)

📍 Step 792: Processing node [inner_1] Inner Loop (Type: 1, Traveled: true, Finished: false)
  🧠 Selecting relevant nodes from Global Tree...
  🤖 Calling LLM (Attempt 1)...

📊 Token Statistics:
   Prompt length: 6130 characters
   Estimated tokens: 1533 / 64000 (2.4%)
   ✅ Context usage is healthy

  ✅ Step processed successfully: 1 action(s)

📍 Step 793: Processing node [inner_1] Inner Loop (Type: 1, Traveled: true, Finished: false)
  🧠 Selecting relevant nodes from Global Tree...
  🤖 Calling LLM (Attempt 1)...

📊 Token Statistics:
   Prompt length: 6130 characters
   Estimated tokens: 1533 / 64000 (2.4%)
   ✅ Context usage is healthy

  ✅ Step processed successfully: 1 action(s)

📍 Step 794: Processing node [inner_1] Inner Loop (Type: 1, Traveled: true, Finished: false)
  🧠 Selecting relevant nodes from Global Tree...
  🤖 Calling LLM (Attempt 1)...

📊 Token Statistics:
   Prompt length: 6130 characters
   Estimated tokens: 1533 / 64000 (2.4%)
   ✅ Context usage is healthy

  ✅ Step processed successfully: 1 action(s)

📍 Step 795: Processing node [inner_1] Inner Loop (Type: 1, Traveled: true, Finished: false)
  🧠 Selecting relevant nodes from Global Tree...
  🤖 Calling LLM (Attempt 1)...

📊 Token Statistics:
   Prompt length: 6130 characters
   Estimated tokens: 1533 / 64000 (2.4%)
   ✅ Context usage is healthy

  ✅ Step processed successfully: 1 action(s)

📍 Step 796: Processing node [inner_1] Inner Loop (Type: 1, Traveled: true, Finished: false)
  🧠 Selecting relevant nodes from Global Tree...
  🤖 Calling LLM (Attempt 1)...

📊 Token Statistics:
   Prompt length: 6130 characters
   Estimated tokens: 1533 / 64000 (2.4%)
   ✅ Context usage is healthy

  ✅ Step processed successfully: 1 action(s)

📍 Step 797: Processing node [inner_1] Inner Loop (Type: 1, Traveled: true, Finished: false)
  🧠 Selecting relevant nodes from Global Tree...
  🤖 Calling LLM (Attempt 1)...

📊 Token Statistics:
   Prompt length: 6130 characters
   Estimated tokens: 1533 / 64000 (2.4%)
   ✅ Context usage is healthy

  ✅ Step processed successfully: 1 action(s)

📍 Step 798: Processing node [inner_1] Inner Loop (Type: 1, Traveled: true, Finished: false)
  🧠 Selecting relevant nodes from Global Tree...
  🤖 Calling LLM (Attempt 1)...

📊 Token Statistics:
   Prompt length: 6130 characters
   Estimated tokens: 1533 / 64000 (2.4%)
   ✅ Context usage is healthy

  ✅ Step processed successfully: 1 action(s)

📍 Step 799: Processing node [inner_1] Inner Loop (Type: 1, Traveled: true, Finished: false)
  🧠 Selecting relevant nodes from Global Tree...
  🤖 Calling LLM (Attempt 1)...

📊 Token Statistics:
   Prompt length: 6130 characters
   Estimated tokens: 1533 / 64000 (2.4%)
   ✅ Context usage is healthy

  ✅ Step processed successfully: 1 action(s)

📍 Step 800: Processing node [inner_1] Inner Loop (Type: 1, Traveled: true, Finished: false)
  🧠 Selecting relevant nodes from Global Tree...
  🤖 Calling LLM (Attempt 1)...

📊 Token Statistics:
   Prompt length: 6130 characters
   Estimated tokens: 1533 / 64000 (2.4%)
   ✅ Context usage is healthy

  ✅ Step processed successfully: 1 action(s)

📍 Step 801: Processing node [inner_1] Inner Loop (Type: 1, Traveled: true, Finished: false)
  🧠 Selecting relevant nodes from Global Tree...
  🤖 Calling LLM (Attempt 1)...

📊 Token Statistics:
   Prompt length: 6130 characters
   Estimated tokens: 1533 / 64000 (2.4%)
   ✅ Context usage is healthy

  ✅ Step processed successfully: 1 action(s)

📍 Step 802: Processing node [inner_1] Inner Loop (Type: 1, Traveled: true, Finished: false)
  🧠 Selecting relevant nodes from Global Tree...
  🤖 Calling LLM (Attempt 1)...

📊 Token Statistics:
   Prompt length: 6130 characters
   Estimated tokens: 1533 / 64000 (2.4%)
   ✅ Context usage is healthy

  ✅ Step processed successfully: 1 action(s)

📍 Step 803: Processing node [inner_1] Inner Loop (Type: 1, Traveled: true, Finished: false)
  🧠 Selecting relevant nodes from Global Tree...
  🤖 Calling LLM (Attempt 1)...

📊 Token Statistics:
   Prompt length: 6130 characters
   Estimated tokens: 1533 / 64000 (2.4%)
   ✅ Context usage is healthy

  ✅ Step processed successfully: 1 action(s)

📍 Step 804: Processing node [inner_1] Inner Loop (Type: 1, Traveled: true, Finished: false)
  🧠 Selecting relevant nodes from Global Tree...
  🤖 Calling LLM (Attempt 1)...

📊 Token Statistics:
   Prompt length: 6130 characters
   Estimated tokens: 1533 / 64000 (2.4%)
   ✅ Context usage is healthy

  ✅ Step processed successfully: 1 action(s)

📍 Step 805: Processing node [inner_1] Inner Loop (Type: 1, Traveled: true, Finished: false)
  🧠 Selecting relevant nodes from Global Tree...
  🤖 Calling LLM (Attempt 1)...

📊 Token Statistics:
   Prompt length: 6130 characters
   Estimated tokens: 1533 / 64000 (2.4%)
   ✅ Context usage is healthy

  ✅ Step processed successfully: 1 action(s)

📍 Step 806: Processing node [inner_1] Inner Loop (Type: 1, Traveled: true, Finished: false)
  🧠 Selecting relevant nodes from Global Tree...
  🤖 Calling LLM (Attempt 1)...

📊 Token Statistics:
   Prompt length: 6130 characters
   Estimated tokens: 1533 / 64000 (2.4%)
   ✅ Context usage is healthy

  ✅ Step processed successfully: 1 action(s)

📍 Step 807: Processing node [inner_1] Inner Loop (Type: 1, Traveled: true, Finished: false)
  🧠 Selecting relevant nodes from Global Tree...
  🤖 Calling LLM (Attempt 1)...

📊 Token Statistics:
   Prompt length: 6130 characters
   Estimated tokens: 1533 / 64000 (2.4%)
   ✅ Context usage is healthy

  ✅ Step processed successfully: 1 action(s)

📍 Step 808: Processing node [inner_1] Inner Loop (Type: 1, Traveled: true, Finished: false)
  🧠 Selecting relevant nodes from Global Tree...
  🤖 Calling LLM (Attempt 1)...

📊 Token Statistics:
   Prompt length: 6130 characters
   Estimated tokens: 1533 / 64000 (2.4%)
   ✅ Context usage is healthy

  ✅ Step processed successfully: 1 action(s)

📍 Step 809: Processing node [inner_1] Inner Loop (Type: 1, Traveled: true, Finished: false)
  🧠 Selecting relevant nodes from Global Tree...
  🤖 Calling LLM (Attempt 1)...

📊 Token Statistics:
   Prompt length: 6130 characters
   Estimated tokens: 1533 / 64000 (2.4%)
   ✅ Context usage is healthy

  ✅ Step processed successfully: 1 action(s)

📍 Step 810: Processing node [inner_1] Inner Loop (Type: 1, Traveled: true, Finished: false)
  🧠 Selecting relevant nodes from Global Tree...
  🤖 Calling LLM (Attempt 1)...

📊 Token Statistics:
   Prompt length: 6130 characters
   Estimated tokens: 1533 / 64000 (2.4%)
   ✅ Context usage is healthy

  ✅ Step processed successfully: 1 action(s)

📍 Step 811: Processing node [inner_1] Inner Loop (Type: 1, Traveled: true, Finished: false)
  🧠 Selecting relevant nodes from Global Tree...
  🤖 Calling LLM (Attempt 1)...

📊 Token Statistics:
   Prompt length: 6130 characters
   Estimated tokens: 1533 / 64000 (2.4%)
   ✅ Context usage is healthy

  ✅ Step processed successfully: 1 action(s)

📍 Step 812: Processing node [inner_1] Inner Loop (Type: 1, Traveled: true, Finished: false)
  🧠 Selecting relevant nodes from Global Tree...
  🤖 Calling LLM (Attempt 1)...

📊 Token Statistics:
   Prompt length: 6130 characters
   Estimated tokens: 1533 / 64000 (2.4%)
   ✅ Context usage is healthy

  ✅ Step processed successfully: 1 action(s)

📍 Step 813: Processing node [inner_1] Inner Loop (Type: 1, Traveled: true, Finished: false)
  🧠 Selecting relevant nodes from Global Tree...
  🤖 Calling LLM (Attempt 1)...

📊 Token Statistics:
   Prompt length: 6130 characters
   Estimated tokens: 1533 / 64000 (2.4%)
   ✅ Context usage is healthy

  ✅ Step processed successfully: 1 action(s)

📍 Step 814: Processing node [inner_1] Inner Loop (Type: 1, Traveled: true, Finished: false)
  🧠 Selecting relevant nodes from Global Tree...
  🤖 Calling LLM (Attempt 1)...

📊 Token Statistics:
   Prompt length: 6130 characters
   Estimated tokens: 1533 / 64000 (2.4%)
   ✅ Context usage is healthy

  ✅ Step processed successfully: 1 action(s)

📍 Step 815: Processing node [inner_1] Inner Loop (Type: 1, Traveled: true, Finished: false)
  🧠 Selecting relevant nodes from Global Tree...
  🤖 Calling LLM (Attempt 1)...

📊 Token Statistics:
   Prompt length: 6130 characters
   Estimated tokens: 1533 / 64000 (2.4%)
   ✅ Context usage is healthy

  ✅ Step processed successfully: 1 action(s)

📍 Step 816: Processing node [inner_1] Inner Loop (Type: 1, Traveled: true, Finished: false)
  🧠 Selecting relevant nodes from Global Tree...
  🤖 Calling LLM (Attempt 1)...

📊 Token Statistics:
   Prompt length: 6130 characters
   Estimated tokens: 1533 / 64000 (2.4%)
   ✅ Context usage is healthy

  ✅ Step processed successfully: 1 action(s)

📍 Step 817: Processing node [inner_1] Inner Loop (Type: 1, Traveled: true, Finished: false)
  🧠 Selecting relevant nodes from Global Tree...
  🤖 Calling LLM (Attempt 1)...

📊 Token Statistics:
   Prompt length: 6130 characters
   Estimated tokens: 1533 / 64000 (2.4%)
   ✅ Context usage is healthy

  ✅ Step processed successfully: 1 action(s)

📍 Step 818: Processing node [inner_1] Inner Loop (Type: 1, Traveled: true, Finished: false)
  🧠 Selecting relevant nodes from Global Tree...
  🤖 Calling LLM (Attempt 1)...

📊 Token Statistics:
   Prompt length: 6130 characters
   Estimated tokens: 1533 / 64000 (2.4%)
   ✅ Context usage is healthy

  ✅ Step processed successfully: 1 action(s)

📍 Step 819: Processing node [inner_1] Inner Loop (Type: 1, Traveled: true, Finished: false)
  🧠 Selecting relevant nodes from Global Tree...
  🤖 Calling LLM (Attempt 1)...

📊 Token Statistics:
   Prompt length: 6130 characters
   Estimated tokens: 1533 / 64000 (2.4%)
   ✅ Context usage is healthy

  ✅ Step processed successfully: 1 action(s)

📍 Step 820: Processing node [inner_1] Inner Loop (Type: 1, Traveled: true, Finished: false)
  🧠 Selecting relevant nodes from Global Tree...
  🤖 Calling LLM (Attempt 1)...

📊 Token Statistics:
   Prompt length: 6130 characters
   Estimated tokens: 1533 / 64000 (2.4%)
   ✅ Context usage is healthy

  ✅ Step processed successfully: 1 action(s)

📍 Step 821: Processing node [inner_1] Inner Loop (Type: 1, Traveled: true, Finished: false)
  🧠 Selecting relevant nodes from Global Tree...
  🤖 Calling LLM (Attempt 1)...

📊 Token Statistics:
   Prompt length: 6130 characters
   Estimated tokens: 1533 / 64000 (2.4%)
   ✅ Context usage is healthy

  ✅ Step processed successfully: 1 action(s)

📍 Step 822: Processing node [inner_1] Inner Loop (Type: 1, Traveled: true, Finished: false)
  🧠 Selecting relevant nodes from Global Tree...
  🤖 Calling LLM (Attempt 1)...

📊 Token Statistics:
   Prompt length: 6130 characters
   Estimated tokens: 1533 / 64000 (2.4%)
   ✅ Context usage is healthy

  ✅ Step processed successfully: 1 action(s)

📍 Step 823: Processing node [inner_1] Inner Loop (Type: 1, Traveled: true, Finished: false)
  🧠 Selecting relevant nodes from Global Tree...
  🤖 Calling LLM (Attempt 1)...

📊 Token Statistics:
   Prompt length: 6130 characters
   Estimated tokens: 1533 / 64000 (2.4%)
   ✅ Context usage is healthy

  ✅ Step processed successfully: 1 action(s)

📍 Step 824: Processing node [inner_1] Inner Loop (Type: 1, Traveled: true, Finished: false)
  🧠 Selecting relevant nodes from Global Tree...
  🤖 Calling LLM (Attempt 1)...

📊 Token Statistics:
   Prompt length: 6130 characters
   Estimated tokens: 1533 / 64000 (2.4%)
   ✅ Context usage is healthy

  ✅ Step processed successfully: 1 action(s)

📍 Step 825: Processing node [inner_1] Inner Loop (Type: 1, Traveled: true, Finished: false)
  🧠 Selecting relevant nodes from Global Tree...
  🤖 Calling LLM (Attempt 1)...

📊 Token Statistics:
   Prompt length: 6130 characters
   Estimated tokens: 1533 / 64000 (2.4%)
   ✅ Context usage is healthy

  ✅ Step processed successfully: 1 action(s)

📍 Step 826: Processing node [inner_1] Inner Loop (Type: 1, Traveled: true, Finished: false)
  🧠 Selecting relevant nodes from Global Tree...
  🤖 Calling LLM (Attempt 1)...

📊 Token Statistics:
   Prompt length: 6130 characters
   Estimated tokens: 1533 / 64000 (2.4%)
   ✅ Context usage is healthy

  ✅ Step processed successfully: 1 action(s)

📍 Step 827: Processing node [inner_1] Inner Loop (Type: 1, Traveled: true, Finished: false)
  🧠 Selecting relevant nodes from Global Tree...
  🤖 Calling LLM (Attempt 1)...

📊 Token Statistics:
   Prompt length: 6130 characters
   Estimated tokens: 1533 / 64000 (2.4%)
   ✅ Context usage is healthy

  ✅ Step processed successfully: 1 action(s)

📍 Step 828: Processing node [inner_1] Inner Loop (Type: 1, Traveled: true, Finished: false)
  🧠 Selecting relevant nodes from Global Tree...
  🤖 Calling LLM (Attempt 1)...

📊 Token Statistics:
   Prompt length: 6130 characters
   Estimated tokens: 1533 / 64000 (2.4%)
   ✅ Context usage is healthy

  ✅ Step processed successfully: 1 action(s)

📍 Step 829: Processing node [inner_1] Inner Loop (Type: 1, Traveled: true, Finished: false)
  🧠 Selecting relevant nodes from Global Tree...
  🤖 Calling LLM (Attempt 1)...

📊 Token Statistics:
   Prompt length: 6130 characters
   Estimated tokens: 1533 / 64000 (2.4%)
   ✅ Context usage is healthy

  ✅ Step processed successfully: 1 action(s)

📍 Step 830: Processing node [inner_1] Inner Loop (Type: 1, Traveled: true, Finished: false)
  🧠 Selecting relevant nodes from Global Tree...
  🤖 Calling LLM (Attempt 1)...

📊 Token Statistics:
   Prompt length: 6130 characters
   Estimated tokens: 1533 / 64000 (2.4%)
   ✅ Context usage is healthy

  ✅ Step processed successfully: 1 action(s)

📍 Step 831: Processing node [inner_1] Inner Loop (Type: 1, Traveled: true, Finished: false)
  🧠 Selecting relevant nodes from Global Tree...
  🤖 Calling LLM (Attempt 1)...

📊 Token Statistics:
   Prompt length: 6130 characters
   Estimated tokens: 1533 / 64000 (2.4%)
   ✅ Context usage is healthy

  ✅ Step processed successfully: 1 action(s)

📍 Step 832: Processing node [inner_1] Inner Loop (Type: 1, Traveled: true, Finished: false)
  🧠 Selecting relevant nodes from Global Tree...
  🤖 Calling LLM (Attempt 1)...

📊 Token Statistics:
   Prompt length: 6130 characters
   Estimated tokens: 1533 / 64000 (2.4%)
   ✅ Context usage is healthy

  ✅ Step processed successfully: 1 action(s)

📍 Step 833: Processing node [inner_1] Inner Loop (Type: 1, Traveled: true, Finished: false)
  🧠 Selecting relevant nodes from Global Tree...
  🤖 Calling LLM (Attempt 1)...

📊 Token Statistics:
   Prompt length: 6130 characters
   Estimated tokens: 1533 / 64000 (2.4%)
   ✅ Context usage is healthy

  ✅ Step processed successfully: 1 action(s)

📍 Step 834: Processing node [inner_1] Inner Loop (Type: 1, Traveled: true, Finished: false)
  🧠 Selecting relevant nodes from Global Tree...
  🤖 Calling LLM (Attempt 1)...

📊 Token Statistics:
   Prompt length: 6130 characters
   Estimated tokens: 1533 / 64000 (2.4%)
   ✅ Context usage is healthy

  ✅ Step processed successfully: 1 action(s)

📍 Step 835: Processing node [inner_1] Inner Loop (Type: 1, Traveled: true, Finished: false)
  🧠 Selecting relevant nodes from Global Tree...
  🤖 Calling LLM (Attempt 1)...

📊 Token Statistics:
   Prompt length: 6130 characters
   Estimated tokens: 1533 / 64000 (2.4%)
   ✅ Context usage is healthy

  ✅ Step processed successfully: 1 action(s)

📍 Step 836: Processing node [inner_1] Inner Loop (Type: 1, Traveled: true, Finished: false)
  🧠 Selecting relevant nodes from Global Tree...
  🤖 Calling LLM (Attempt 1)...

📊 Token Statistics:
   Prompt length: 6130 characters
   Estimated tokens: 1533 / 64000 (2.4%)
   ✅ Context usage is healthy

  ✅ Step processed successfully: 1 action(s)

📍 Step 837: Processing node [inner_1] Inner Loop (Type: 1, Traveled: true, Finished: false)
  🧠 Selecting relevant nodes from Global Tree...
  🤖 Calling LLM (Attempt 1)...

📊 Token Statistics:
   Prompt length: 6130 characters
   Estimated tokens: 1533 / 64000 (2.4%)
   ✅ Context usage is healthy

  ✅ Step processed successfully: 1 action(s)

📍 Step 838: Processing node [inner_1] Inner Loop (Type: 1, Traveled: true, Finished: false)
  🧠 Selecting relevant nodes from Global Tree...
  🤖 Calling LLM (Attempt 1)...

📊 Token Statistics:
   Prompt length: 6130 characters
   Estimated tokens: 1533 / 64000 (2.4%)
   ✅ Context usage is healthy

  ✅ Step processed successfully: 1 action(s)

📍 Step 839: Processing node [inner_1] Inner Loop (Type: 1, Traveled: true, Finished: false)
  🧠 Selecting relevant nodes from Global Tree...
  🤖 Calling LLM (Attempt 1)...

📊 Token Statistics:
   Prompt length: 6130 characters
   Estimated tokens: 1533 / 64000 (2.4%)
   ✅ Context usage is healthy

  ✅ Step processed successfully: 1 action(s)

📍 Step 840: Processing node [inner_1] Inner Loop (Type: 1, Traveled: true, Finished: false)
  🧠 Selecting relevant nodes from Global Tree...
  🤖 Calling LLM (Attempt 1)...

📊 Token Statistics:
   Prompt length: 6130 characters
   Estimated tokens: 1533 / 64000 (2.4%)
   ✅ Context usage is healthy

  ✅ Step processed successfully: 1 action(s)

📍 Step 841: Processing node [inner_1] Inner Loop (Type: 1, Traveled: true, Finished: false)
  🧠 Selecting relevant nodes from Global Tree...
  🤖 Calling LLM (Attempt 1)...

📊 Token Statistics:
   Prompt length: 6130 characters
   Estimated tokens: 1533 / 64000 (2.4%)
   ✅ Context usage is healthy

  ✅ Step processed successfully: 1 action(s)

📍 Step 842: Processing node [inner_1] Inner Loop (Type: 1, Traveled: true, Finished: false)
  🧠 Selecting relevant nodes from Global Tree...
  🤖 Calling LLM (Attempt 1)...

📊 Token Statistics:
   Prompt length: 6130 characters
   Estimated tokens: 1533 / 64000 (2.4%)
   ✅ Context usage is healthy

  ✅ Step processed successfully: 1 action(s)

📍 Step 843: Processing node [inner_1] Inner Loop (Type: 1, Traveled: true, Finished: false)
  🧠 Selecting relevant nodes from Global Tree...
  🤖 Calling LLM (Attempt 1)...

📊 Token Statistics:
   Prompt length: 6130 characters
   Estimated tokens: 1533 / 64000 (2.4%)
   ✅ Context usage is healthy

  ✅ Step processed successfully: 1 action(s)

📍 Step 844: Processing node [inner_1] Inner Loop (Type: 1, Traveled: true, Finished: false)
  🧠 Selecting relevant nodes from Global Tree...
  🤖 Calling LLM (Attempt 1)...

📊 Token Statistics:
   Prompt length: 6130 characters
   Estimated tokens: 1533 / 64000 (2.4%)
   ✅ Context usage is healthy

  ✅ Step processed successfully: 1 action(s)

📍 Step 845: Processing node [inner_1] Inner Loop (Type: 1, Traveled: true, Finished: false)
  🧠 Selecting relevant nodes from Global Tree...
  🤖 Calling LLM (Attempt 1)...

📊 Token Statistics:
   Prompt length: 6130 characters
   Estimated tokens: 1533 / 64000 (2.4%)
   ✅ Context usage is healthy

  ✅ Step processed successfully: 1 action(s)

📍 Step 846: Processing node [inner_1] Inner Loop (Type: 1, Traveled: true, Finished: false)
  🧠 Selecting relevant nodes from Global Tree...
  🤖 Calling LLM (Attempt 1)...

📊 Token Statistics:
   Prompt length: 6130 characters
   Estimated tokens: 1533 / 64000 (2.4%)
   ✅ Context usage is healthy

  ✅ Step processed successfully: 1 action(s)

📍 Step 847: Processing node [inner_1] Inner Loop (Type: 1, Traveled: true, Finished: false)
  🧠 Selecting relevant nodes from Global Tree...
  🤖 Calling LLM (Attempt 1)...

📊 Token Statistics:
   Prompt length: 6130 characters
   Estimated tokens: 1533 / 64000 (2.4%)
   ✅ Context usage is healthy

  ✅ Step processed successfully: 1 action(s)

📍 Step 848: Processing node [inner_1] Inner Loop (Type: 1, Traveled: true, Finished: false)
  🧠 Selecting relevant nodes from Global Tree...
  🤖 Calling LLM (Attempt 1)...

📊 Token Statistics:
   Prompt length: 6130 characters
   Estimated tokens: 1533 / 64000 (2.4%)
   ✅ Context usage is healthy

  ✅ Step processed successfully: 1 action(s)

📍 Step 849: Processing node [inner_1] Inner Loop (Type: 1, Traveled: true, Finished: false)
  🧠 Selecting relevant nodes from Global Tree...
  🤖 Calling LLM (Attempt 1)...

📊 Token Statistics:
   Prompt length: 6130 characters
   Estimated tokens: 1533 / 64000 (2.4%)
   ✅ Context usage is healthy

  ✅ Step processed successfully: 1 action(s)

📍 Step 850: Processing node [inner_1] Inner Loop (Type: 1, Traveled: true, Finished: false)
  🧠 Selecting relevant nodes from Global Tree...
  🤖 Calling LLM (Attempt 1)...

📊 Token Statistics:
   Prompt length: 6130 characters
   Estimated tokens: 1533 / 64000 (2.4%)
   ✅ Context usage is healthy

  ✅ Step processed successfully: 1 action(s)

📍 Step 851: Processing node [inner_1] Inner Loop (Type: 1, Traveled: true, Finished: false)
  🧠 Selecting relevant nodes from Global Tree...
  🤖 Calling LLM (Attempt 1)...

📊 Token Statistics:
   Prompt length: 6130 characters
   Estimated tokens: 1533 / 64000 (2.4%)
   ✅ Context usage is healthy

  ✅ Step processed successfully: 1 action(s)

📍 Step 852: Processing node [inner_1] Inner Loop (Type: 1, Traveled: true, Finished: false)
  🧠 Selecting relevant nodes from Global Tree...
  🤖 Calling LLM (Attempt 1)...

📊 Token Statistics:
   Prompt length: 6130 characters
   Estimated tokens: 1533 / 64000 (2.4%)
   ✅ Context usage is healthy

  ✅ Step processed successfully: 1 action(s)

📍 Step 853: Processing node [inner_1] Inner Loop (Type: 1, Traveled: true, Finished: false)
  🧠 Selecting relevant nodes from Global Tree...
  🤖 Calling LLM (Attempt 1)...

📊 Token Statistics:
   Prompt length: 6130 characters
   Estimated tokens: 1533 / 64000 (2.4%)
   ✅ Context usage is healthy

  ✅ Step processed successfully: 1 action(s)

📍 Step 854: Processing node [inner_1] Inner Loop (Type: 1, Traveled: true, Finished: false)
  🧠 Selecting relevant nodes from Global Tree...
  🤖 Calling LLM (Attempt 1)...

📊 Token Statistics:
   Prompt length: 6130 characters
   Estimated tokens: 1533 / 64000 (2.4%)
   ✅ Context usage is healthy

  ✅ Step processed successfully: 1 action(s)

📍 Step 855: Processing node [inner_1] Inner Loop (Type: 1, Traveled: true, Finished: false)
  🧠 Selecting relevant nodes from Global Tree...
  🤖 Calling LLM (Attempt 1)...

📊 Token Statistics:
   Prompt length: 6130 characters
   Estimated tokens: 1533 / 64000 (2.4%)
   ✅ Context usage is healthy

  ✅ Step processed successfully: 1 action(s)

📍 Step 856: Processing node [inner_1] Inner Loop (Type: 1, Traveled: true, Finished: false)
  🧠 Selecting relevant nodes from Global Tree...
  🤖 Calling LLM (Attempt 1)...

📊 Token Statistics:
   Prompt length: 6130 characters
   Estimated tokens: 1533 / 64000 (2.4%)
   ✅ Context usage is healthy

  ✅ Step processed successfully: 1 action(s)

📍 Step 857: Processing node [inner_1] Inner Loop (Type: 1, Traveled: true, Finished: false)
  🧠 Selecting relevant nodes from Global Tree...
  🤖 Calling LLM (Attempt 1)...

📊 Token Statistics:
   Prompt length: 6130 characters
   Estimated tokens: 1533 / 64000 (2.4%)
   ✅ Context usage is healthy

  ✅ Step processed successfully: 1 action(s)

📍 Step 858: Processing node [inner_1] Inner Loop (Type: 1, Traveled: true, Finished: false)
  🧠 Selecting relevant nodes from Global Tree...
  🤖 Calling LLM (Attempt 1)...

📊 Token Statistics:
   Prompt length: 6130 characters
   Estimated tokens: 1533 / 64000 (2.4%)
   ✅ Context usage is healthy

  ✅ Step processed successfully: 1 action(s)

📍 Step 859: Processing node [inner_1] Inner Loop (Type: 1, Traveled: true, Finished: false)
  🧠 Selecting relevant nodes from Global Tree...
  🤖 Calling LLM (Attempt 1)...

📊 Token Statistics:
   Prompt length: 6130 characters
   Estimated tokens: 1533 / 64000 (2.4%)
   ✅ Context usage is healthy

  ✅ Step processed successfully: 1 action(s)

📍 Step 860: Processing node [inner_1] Inner Loop (Type: 1, Traveled: true, Finished: false)
  🧠 Selecting relevant nodes from Global Tree...
  🤖 Calling LLM (Attempt 1)...

📊 Token Statistics:
   Prompt length: 6130 characters
   Estimated tokens: 1533 / 64000 (2.4%)
   ✅ Context usage is healthy

  ✅ Step processed successfully: 1 action(s)

📍 Step 861: Processing node [inner_1] Inner Loop (Type: 1, Traveled: true, Finished: false)
  🧠 Selecting relevant nodes from Global Tree...
  🤖 Calling LLM (Attempt 1)...

📊 Token Statistics:
   Prompt length: 6130 characters
   Estimated tokens: 1533 / 64000 (2.4%)
   ✅ Context usage is healthy

  ✅ Step processed successfully: 1 action(s)

📍 Step 862: Processing node [inner_1] Inner Loop (Type: 1, Traveled: true, Finished: false)
  🧠 Selecting relevant nodes from Global Tree...
  🤖 Calling LLM (Attempt 1)...

📊 Token Statistics:
   Prompt length: 6130 characters
   Estimated tokens: 1533 / 64000 (2.4%)
   ✅ Context usage is healthy

  ✅ Step processed successfully: 1 action(s)

📍 Step 863: Processing node [inner_1] Inner Loop (Type: 1, Traveled: true, Finished: false)
  🧠 Selecting relevant nodes from Global Tree...
  🤖 Calling LLM (Attempt 1)...

📊 Token Statistics:
   Prompt length: 6130 characters
   Estimated tokens: 1533 / 64000 (2.4%)
   ✅ Context usage is healthy

  ✅ Step processed successfully: 1 action(s)

📍 Step 864: Processing node [inner_1] Inner Loop (Type: 1, Traveled: true, Finished: false)
  🧠 Selecting relevant nodes from Global Tree...
  🤖 Calling LLM (Attempt 1)...

📊 Token Statistics:
   Prompt length: 6130 characters
   Estimated tokens: 1533 / 64000 (2.4%)
   ✅ Context usage is healthy

  ✅ Step processed successfully: 1 action(s)

📍 Step 865: Processing node [inner_1] Inner Loop (Type: 1, Traveled: true, Finished: false)
  🧠 Selecting relevant nodes from Global Tree...
  🤖 Calling LLM (Attempt 1)...

📊 Token Statistics:
   Prompt length: 6130 characters
   Estimated tokens: 1533 / 64000 (2.4%)
   ✅ Context usage is healthy

  ✅ Step processed successfully: 1 action(s)

📍 Step 866: Processing node [inner_1] Inner Loop (Type: 1, Traveled: true, Finished: false)
  🧠 Selecting relevant nodes from Global Tree...
  🤖 Calling LLM (Attempt 1)...

📊 Token Statistics:
   Prompt length: 6130 characters
   Estimated tokens: 1533 / 64000 (2.4%)
   ✅ Context usage is healthy

  ✅ Step processed successfully: 1 action(s)

📍 Step 867: Processing node [inner_1] Inner Loop (Type: 1, Traveled: true, Finished: false)
  🧠 Selecting relevant nodes from Global Tree...
  🤖 Calling LLM (Attempt 1)...

📊 Token Statistics:
   Prompt length: 6130 characters
   Estimated tokens: 1533 / 64000 (2.4%)
   ✅ Context usage is healthy

  ✅ Step processed successfully: 1 action(s)

📍 Step 868: Processing node [inner_1] Inner Loop (Type: 1, Traveled: true, Finished: false)
  🧠 Selecting relevant nodes from Global Tree...
  🤖 Calling LLM (Attempt 1)...

📊 Token Statistics:
   Prompt length: 6130 characters
   Estimated tokens: 1533 / 64000 (2.4%)
   ✅ Context usage is healthy

  ✅ Step processed successfully: 1 action(s)

📍 Step 869: Processing node [inner_1] Inner Loop (Type: 1, Traveled: true, Finished: false)
  🧠 Selecting relevant nodes from Global Tree...
  🤖 Calling LLM (Attempt 1)...

📊 Token Statistics:
   Prompt length: 6130 characters
   Estimated tokens: 1533 / 64000 (2.4%)
   ✅ Context usage is healthy

  ✅ Step processed successfully: 1 action(s)

📍 Step 870: Processing node [inner_1] Inner Loop (Type: 1, Traveled: true, Finished: false)
  🧠 Selecting relevant nodes from Global Tree...
  🤖 Calling LLM (Attempt 1)...

📊 Token Statistics:
   Prompt length: 6130 characters
   Estimated tokens: 1533 / 64000 (2.4%)
   ✅ Context usage is healthy

  ✅ Step processed successfully: 1 action(s)

📍 Step 871: Processing node [inner_1] Inner Loop (Type: 1, Traveled: true, Finished: false)
  🧠 Selecting relevant nodes from Global Tree...
  🤖 Calling LLM (Attempt 1)...

📊 Token Statistics:
   Prompt length: 6130 characters
   Estimated tokens: 1533 / 64000 (2.4%)
   ✅ Context usage is healthy

  ✅ Step processed successfully: 1 action(s)

📍 Step 872: Processing node [inner_1] Inner Loop (Type: 1, Traveled: true, Finished: false)
  🧠 Selecting relevant nodes from Global Tree...
  🤖 Calling LLM (Attempt 1)...

📊 Token Statistics:
   Prompt length: 6130 characters
   Estimated tokens: 1533 / 64000 (2.4%)
   ✅ Context usage is healthy

  ✅ Step processed successfully: 1 action(s)

📍 Step 873: Processing node [inner_1] Inner Loop (Type: 1, Traveled: true, Finished: false)
  🧠 Selecting relevant nodes from Global Tree...
  🤖 Calling LLM (Attempt 1)...

📊 Token Statistics:
   Prompt length: 6130 characters
   Estimated tokens: 1533 / 64000 (2.4%)
   ✅ Context usage is healthy

  ✅ Step processed successfully: 1 action(s)

📍 Step 874: Processing node [inner_1] Inner Loop (Type: 1, Traveled: true, Finished: false)
  🧠 Selecting relevant nodes from Global Tree...
  🤖 Calling LLM (Attempt 1)...

📊 Token Statistics:
   Prompt length: 6130 characters
   Estimated tokens: 1533 / 64000 (2.4%)
   ✅ Context usage is healthy

  ✅ Step processed successfully: 1 action(s)

📍 Step 875: Processing node [inner_1] Inner Loop (Type: 1, Traveled: true, Finished: false)
  🧠 Selecting relevant nodes from Global Tree...
  🤖 Calling LLM (Attempt 1)...

📊 Token Statistics:
   Prompt length: 6130 characters
   Estimated tokens: 1533 / 64000 (2.4%)
   ✅ Context usage is healthy

  ✅ Step processed successfully: 1 action(s)

📍 Step 876: Processing node [inner_1] Inner Loop (Type: 1, Traveled: true, Finished: false)
  🧠 Selecting relevant nodes from Global Tree...
  🤖 Calling LLM (Attempt 1)...

📊 Token Statistics:
   Prompt length: 6130 characters
   Estimated tokens: 1533 / 64000 (2.4%)
   ✅ Context usage is healthy

  ✅ Step processed successfully: 1 action(s)

📍 Step 877: Processing node [inner_1] Inner Loop (Type: 1, Traveled: true, Finished: false)
  🧠 Selecting relevant nodes from Global Tree...
  🤖 Calling LLM (Attempt 1)...

📊 Token Statistics:
   Prompt length: 6130 characters
   Estimated tokens: 1533 / 64000 (2.4%)
   ✅ Context usage is healthy

  ✅ Step processed successfully: 1 action(s)

📍 Step 878: Processing node [inner_1] Inner Loop (Type: 1, Traveled: true, Finished: false)
  🧠 Selecting relevant nodes from Global Tree...
  🤖 Calling LLM (Attempt 1)...

📊 Token Statistics:
   Prompt length: 6130 characters
   Estimated tokens: 1533 / 64000 (2.4%)
   ✅ Context usage is healthy

  ✅ Step processed successfully: 1 action(s)

📍 Step 879: Processing node [inner_1] Inner Loop (Type: 1, Traveled: true, Finished: false)
  🧠 Selecting relevant nodes from Global Tree...
  🤖 Calling LLM (Attempt 1)...

📊 Token Statistics:
   Prompt length: 6130 characters
   Estimated tokens: 1533 / 64000 (2.4%)
   ✅ Context usage is healthy

  ✅ Step processed successfully: 1 action(s)

📍 Step 880: Processing node [inner_1] Inner Loop (Type: 1, Traveled: true, Finished: false)
  🧠 Selecting relevant nodes from Global Tree...
  🤖 Calling LLM (Attempt 1)...

📊 Token Statistics:
   Prompt length: 6130 characters
   Estimated tokens: 1533 / 64000 (2.4%)
   ✅ Context usage is healthy

  ✅ Step processed successfully: 1 action(s)

📍 Step 881: Processing node [inner_1] Inner Loop (Type: 1, Traveled: true, Finished: false)
  🧠 Selecting relevant nodes from Global Tree...
  🤖 Calling LLM (Attempt 1)...

📊 Token Statistics:
   Prompt length: 6130 characters
   Estimated tokens: 1533 / 64000 (2.4%)
   ✅ Context usage is healthy

  ✅ Step processed successfully: 1 action(s)

📍 Step 882: Processing node [inner_1] Inner Loop (Type: 1, Traveled: true, Finished: false)
  🧠 Selecting relevant nodes from Global Tree...
  🤖 Calling LLM (Attempt 1)...

📊 Token Statistics:
   Prompt length: 6130 characters
   Estimated tokens: 1533 / 64000 (2.4%)
   ✅ Context usage is healthy

  ✅ Step processed successfully: 1 action(s)

📍 Step 883: Processing node [inner_1] Inner Loop (Type: 1, Traveled: true, Finished: false)
  🧠 Selecting relevant nodes from Global Tree...
  🤖 Calling LLM (Attempt 1)...

📊 Token Statistics:
   Prompt length: 6130 characters
   Estimated tokens: 1533 / 64000 (2.4%)
   ✅ Context usage is healthy

  ✅ Step processed successfully: 1 action(s)

📍 Step 884: Processing node [inner_1] Inner Loop (Type: 1, Traveled: true, Finished: false)
  🧠 Selecting relevant nodes from Global Tree...
  🤖 Calling LLM (Attempt 1)...

📊 Token Statistics:
   Prompt length: 6130 characters
   Estimated tokens: 1533 / 64000 (2.4%)
   ✅ Context usage is healthy

  ✅ Step processed successfully: 1 action(s)

📍 Step 885: Processing node [inner_1] Inner Loop (Type: 1, Traveled: true, Finished: false)
  🧠 Selecting relevant nodes from Global Tree...
  🤖 Calling LLM (Attempt 1)...

📊 Token Statistics:
   Prompt length: 6130 characters
   Estimated tokens: 1533 / 64000 (2.4%)
   ✅ Context usage is healthy

  ✅ Step processed successfully: 1 action(s)

📍 Step 886: Processing node [inner_1] Inner Loop (Type: 1, Traveled: true, Finished: false)
  🧠 Selecting relevant nodes from Global Tree...
  🤖 Calling LLM (Attempt 1)...

📊 Token Statistics:
   Prompt length: 6130 characters
   Estimated tokens: 1533 / 64000 (2.4%)
   ✅ Context usage is healthy

  ✅ Step processed successfully: 1 action(s)

📍 Step 887: Processing node [inner_1] Inner Loop (Type: 1, Traveled: true, Finished: false)
  🧠 Selecting relevant nodes from Global Tree...
  🤖 Calling LLM (Attempt 1)...

📊 Token Statistics:
   Prompt length: 6130 characters
   Estimated tokens: 1533 / 64000 (2.4%)
   ✅ Context usage is healthy

  ✅ Step processed successfully: 1 action(s)

📍 Step 888: Processing node [inner_1] Inner Loop (Type: 1, Traveled: true, Finished: false)
  🧠 Selecting relevant nodes from Global Tree...
  🤖 Calling LLM (Attempt 1)...

📊 Token Statistics:
   Prompt length: 6130 characters
   Estimated tokens: 1533 / 64000 (2.4%)
   ✅ Context usage is healthy

  ✅ Step processed successfully: 1 action(s)

📍 Step 889: Processing node [inner_1] Inner Loop (Type: 1, Traveled: true, Finished: false)
  🧠 Selecting relevant nodes from Global Tree...
  🤖 Calling LLM (Attempt 1)...

📊 Token Statistics:
   Prompt length: 6130 characters
   Estimated tokens: 1533 / 64000 (2.4%)
   ✅ Context usage is healthy

  ✅ Step processed successfully: 1 action(s)

📍 Step 890: Processing node [inner_1] Inner Loop (Type: 1, Traveled: true, Finished: false)
  🧠 Selecting relevant nodes from Global Tree...
  🤖 Calling LLM (Attempt 1)...

📊 Token Statistics:
   Prompt length: 6130 characters
   Estimated tokens: 1533 / 64000 (2.4%)
   ✅ Context usage is healthy

  ✅ Step processed successfully: 1 action(s)

📍 Step 891: Processing node [inner_1] Inner Loop (Type: 1, Traveled: true, Finished: false)
  🧠 Selecting relevant nodes from Global Tree...
  🤖 Calling LLM (Attempt 1)...

📊 Token Statistics:
   Prompt length: 6130 characters
   Estimated tokens: 1533 / 64000 (2.4%)
   ✅ Context usage is healthy

  ✅ Step processed successfully: 1 action(s)

📍 Step 892: Processing node [inner_1] Inner Loop (Type: 1, Traveled: true, Finished: false)
  🧠 Selecting relevant nodes from Global Tree...
  🤖 Calling LLM (Attempt 1)...

📊 Token Statistics:
   Prompt length: 6130 characters
   Estimated tokens: 1533 / 64000 (2.4%)
   ✅ Context usage is healthy

  ✅ Step processed successfully: 1 action(s)

📍 Step 893: Processing node [inner_1] Inner Loop (Type: 1, Traveled: true, Finished: false)
  🧠 Selecting relevant nodes from Global Tree...
  🤖 Calling LLM (Attempt 1)...

📊 Token Statistics:
   Prompt length: 6130 characters
   Estimated tokens: 1533 / 64000 (2.4%)
   ✅ Context usage is healthy

  ✅ Step processed successfully: 1 action(s)

📍 Step 894: Processing node [inner_1] Inner Loop (Type: 1, Traveled: true, Finished: false)
  🧠 Selecting relevant nodes from Global Tree...
  🤖 Calling LLM (Attempt 1)...

📊 Token Statistics:
   Prompt length: 6130 characters
   Estimated tokens: 1533 / 64000 (2.4%)
   ✅ Context usage is healthy

  ✅ Step processed successfully: 1 action(s)

📍 Step 895: Processing node [inner_1] Inner Loop (Type: 1, Traveled: true, Finished: false)
  🧠 Selecting relevant nodes from Global Tree...
  🤖 Calling LLM (Attempt 1)...

📊 Token Statistics:
   Prompt length: 6130 characters
   Estimated tokens: 1533 / 64000 (2.4%)
   ✅ Context usage is healthy

  ✅ Step processed successfully: 1 action(s)

📍 Step 896: Processing node [inner_1] Inner Loop (Type: 1, Traveled: true, Finished: false)
  🧠 Selecting relevant nodes from Global Tree...
  🤖 Calling LLM (Attempt 1)...

📊 Token Statistics:
   Prompt length: 6130 characters
   Estimated tokens: 1533 / 64000 (2.4%)
   ✅ Context usage is healthy

  ✅ Step processed successfully: 1 action(s)

📍 Step 897: Processing node [inner_1] Inner Loop (Type: 1, Traveled: true, Finished: false)
  🧠 Selecting relevant nodes from Global Tree...
  🤖 Calling LLM (Attempt 1)...

📊 Token Statistics:
   Prompt length: 6130 characters
   Estimated tokens: 1533 / 64000 (2.4%)
   ✅ Context usage is healthy

  ✅ Step processed successfully: 1 action(s)

📍 Step 898: Processing node [inner_1] Inner Loop (Type: 1, Traveled: true, Finished: false)
  🧠 Selecting relevant nodes from Global Tree...
  🤖 Calling LLM (Attempt 1)...

📊 Token Statistics:
   Prompt length: 6130 characters
   Estimated tokens: 1533 / 64000 (2.4%)
   ✅ Context usage is healthy

  ✅ Step processed successfully: 1 action(s)

📍 Step 899: Processing node [inner_1] Inner Loop (Type: 1, Traveled: true, Finished: false)
  🧠 Selecting relevant nodes from Global Tree...
  🤖 Calling LLM (Attempt 1)...

📊 Token Statistics:
   Prompt length: 6130 characters
   Estimated tokens: 1533 / 64000 (2.4%)
   ✅ Context usage is healthy

  ✅ Step processed successfully: 1 action(s)

📍 Step 900: Processing node [inner_1] Inner Loop (Type: 1, Traveled: true, Finished: false)
  🧠 Selecting relevant nodes from Global Tree...
  🤖 Calling LLM (Attempt 1)...

📊 Token Statistics:
   Prompt length: 6130 characters
   Estimated tokens: 1533 / 64000 (2.4%)
   ✅ Context usage is healthy

  ✅ Step processed successfully: 1 action(s)

📍 Step 901: Processing node [inner_1] Inner Loop (Type: 1, Traveled: true, Finished: false)
  🧠 Selecting relevant nodes from Global Tree...
  🤖 Calling LLM (Attempt 1)...

📊 Token Statistics:
   Prompt length: 6130 characters
   Estimated tokens: 1533 / 64000 (2.4%)
   ✅ Context usage is healthy

  ✅ Step processed successfully: 1 action(s)

📍 Step 902: Processing node [inner_1] Inner Loop (Type: 1, Traveled: true, Finished: false)
  🧠 Selecting relevant nodes from Global Tree...
  🤖 Calling LLM (Attempt 1)...

📊 Token Statistics:
   Prompt length: 6130 characters
   Estimated tokens: 1533 / 64000 (2.4%)
   ✅ Context usage is healthy

  ✅ Step processed successfully: 1 action(s)

📍 Step 903: Processing node [inner_1] Inner Loop (Type: 1, Traveled: true, Finished: false)
  🧠 Selecting relevant nodes from Global Tree...
  🤖 Calling LLM (Attempt 1)...

📊 Token Statistics:
   Prompt length: 6130 characters
   Estimated tokens: 1533 / 64000 (2.4%)
   ✅ Context usage is healthy

  ✅ Step processed successfully: 1 action(s)

📍 Step 904: Processing node [inner_1] Inner Loop (Type: 1, Traveled: true, Finished: false)
  🧠 Selecting relevant nodes from Global Tree...
  🤖 Calling LLM (Attempt 1)...

📊 Token Statistics:
   Prompt length: 6130 characters
   Estimated tokens: 1533 / 64000 (2.4%)
   ✅ Context usage is healthy

  ✅ Step processed successfully: 1 action(s)

📍 Step 905: Processing node [inner_1] Inner Loop (Type: 1, Traveled: true, Finished: false)
  🧠 Selecting relevant nodes from Global Tree...
  🤖 Calling LLM (Attempt 1)...

📊 Token Statistics:
   Prompt length: 6130 characters
   Estimated tokens: 1533 / 64000 (2.4%)
   ✅ Context usage is healthy

  ✅ Step processed successfully: 1 action(s)

📍 Step 906: Processing node [inner_1] Inner Loop (Type: 1, Traveled: true, Finished: false)
  🧠 Selecting relevant nodes from Global Tree...
  🤖 Calling LLM (Attempt 1)...

📊 Token Statistics:
   Prompt length: 6130 characters
   Estimated tokens: 1533 / 64000 (2.4%)
   ✅ Context usage is healthy

  ✅ Step processed successfully: 1 action(s)

📍 Step 907: Processing node [inner_1] Inner Loop (Type: 1, Traveled: true, Finished: false)
  🧠 Selecting relevant nodes from Global Tree...
  🤖 Calling LLM (Attempt 1)...

📊 Token Statistics:
   Prompt length: 6130 characters
   Estimated tokens: 1533 / 64000 (2.4%)
   ✅ Context usage is healthy

  ✅ Step processed successfully: 1 action(s)

📍 Step 908: Processing node [inner_1] Inner Loop (Type: 1, Traveled: true, Finished: false)
  🧠 Selecting relevant nodes from Global Tree...
  🤖 Calling LLM (Attempt 1)...

📊 Token Statistics:
   Prompt length: 6130 characters
   Estimated tokens: 1533 / 64000 (2.4%)
   ✅ Context usage is healthy

  ✅ Step processed successfully: 1 action(s)

📍 Step 909: Processing node [inner_1] Inner Loop (Type: 1, Traveled: true, Finished: false)
  🧠 Selecting relevant nodes from Global Tree...
  🤖 Calling LLM (Attempt 1)...

📊 Token Statistics:
   Prompt length: 6130 characters
   Estimated tokens: 1533 / 64000 (2.4%)
   ✅ Context usage is healthy

  ✅ Step processed successfully: 1 action(s)

📍 Step 910: Processing node [inner_1] Inner Loop (Type: 1, Traveled: true, Finished: false)
  🧠 Selecting relevant nodes from Global Tree...
  🤖 Calling LLM (Attempt 1)...

📊 Token Statistics:
   Prompt length: 6130 characters
   Estimated tokens: 1533 / 64000 (2.4%)
   ✅ Context usage is healthy

  ✅ Step processed successfully: 1 action(s)

📍 Step 911: Processing node [inner_1] Inner Loop (Type: 1, Traveled: true, Finished: false)
  🧠 Selecting relevant nodes from Global Tree...
  🤖 Calling LLM (Attempt 1)...

📊 Token Statistics:
   Prompt length: 6130 characters
   Estimated tokens: 1533 / 64000 (2.4%)
   ✅ Context usage is healthy

  ✅ Step processed successfully: 1 action(s)

📍 Step 912: Processing node [inner_1] Inner Loop (Type: 1, Traveled: true, Finished: false)
  🧠 Selecting relevant nodes from Global Tree...
  🤖 Calling LLM (Attempt 1)...

📊 Token Statistics:
   Prompt length: 6130 characters
   Estimated tokens: 1533 / 64000 (2.4%)
   ✅ Context usage is healthy

  ✅ Step processed successfully: 1 action(s)

📍 Step 913: Processing node [inner_1] Inner Loop (Type: 1, Traveled: true, Finished: false)
  🧠 Selecting relevant nodes from Global Tree...
  🤖 Calling LLM (Attempt 1)...

📊 Token Statistics:
   Prompt length: 6130 characters
   Estimated tokens: 1533 / 64000 (2.4%)
   ✅ Context usage is healthy

  ✅ Step processed successfully: 1 action(s)

📍 Step 914: Processing node [inner_1] Inner Loop (Type: 1, Traveled: true, Finished: false)
  🧠 Selecting relevant nodes from Global Tree...
  🤖 Calling LLM (Attempt 1)...

📊 Token Statistics:
   Prompt length: 6130 characters
   Estimated tokens: 1533 / 64000 (2.4%)
   ✅ Context usage is healthy

  ✅ Step processed successfully: 1 action(s)

📍 Step 915: Processing node [inner_1] Inner Loop (Type: 1, Traveled: true, Finished: false)
  🧠 Selecting relevant nodes from Global Tree...
  🤖 Calling LLM (Attempt 1)...

📊 Token Statistics:
   Prompt length: 6130 characters
   Estimated tokens: 1533 / 64000 (2.4%)
   ✅ Context usage is healthy

  ✅ Step processed successfully: 1 action(s)

📍 Step 916: Processing node [inner_1] Inner Loop (Type: 1, Traveled: true, Finished: false)
  🧠 Selecting relevant nodes from Global Tree...
  🤖 Calling LLM (Attempt 1)...

📊 Token Statistics:
   Prompt length: 6130 characters
   Estimated tokens: 1533 / 64000 (2.4%)
   ✅ Context usage is healthy

  ✅ Step processed successfully: 1 action(s)

📍 Step 917: Processing node [inner_1] Inner Loop (Type: 1, Traveled: true, Finished: false)
  🧠 Selecting relevant nodes from Global Tree...
  🤖 Calling LLM (Attempt 1)...

📊 Token Statistics:
   Prompt length: 6130 characters
   Estimated tokens: 1533 / 64000 (2.4%)
   ✅ Context usage is healthy

  ✅ Step processed successfully: 1 action(s)

📍 Step 918: Processing node [inner_1] Inner Loop (Type: 1, Traveled: true, Finished: false)
  🧠 Selecting relevant nodes from Global Tree...
  🤖 Calling LLM (Attempt 1)...

📊 Token Statistics:
   Prompt length: 6130 characters
   Estimated tokens: 1533 / 64000 (2.4%)
   ✅ Context usage is healthy

  ✅ Step processed successfully: 1 action(s)

📍 Step 919: Processing node [inner_1] Inner Loop (Type: 1, Traveled: true, Finished: false)
  🧠 Selecting relevant nodes from Global Tree...
  🤖 Calling LLM (Attempt 1)...

📊 Token Statistics:
   Prompt length: 6130 characters
   Estimated tokens: 1533 / 64000 (2.4%)
   ✅ Context usage is healthy

  ✅ Step processed successfully: 1 action(s)

📍 Step 920: Processing node [inner_1] Inner Loop (Type: 1, Traveled: true, Finished: false)
  🧠 Selecting relevant nodes from Global Tree...
  🤖 Calling LLM (Attempt 1)...

📊 Token Statistics:
   Prompt length: 6130 characters
   Estimated tokens: 1533 / 64000 (2.4%)
   ✅ Context usage is healthy

  ✅ Step processed successfully: 1 action(s)

📍 Step 921: Processing node [inner_1] Inner Loop (Type: 1, Traveled: true, Finished: false)
  🧠 Selecting relevant nodes from Global Tree...
  🤖 Calling LLM (Attempt 1)...

📊 Token Statistics:
   Prompt length: 6130 characters
   Estimated tokens: 1533 / 64000 (2.4%)
   ✅ Context usage is healthy

  ✅ Step processed successfully: 1 action(s)

📍 Step 922: Processing node [inner_1] Inner Loop (Type: 1, Traveled: true, Finished: false)
  🧠 Selecting relevant nodes from Global Tree...
  🤖 Calling LLM (Attempt 1)...

📊 Token Statistics:
   Prompt length: 6130 characters
   Estimated tokens: 1533 / 64000 (2.4%)
   ✅ Context usage is healthy

  ✅ Step processed successfully: 1 action(s)

📍 Step 923: Processing node [inner_1] Inner Loop (Type: 1, Traveled: true, Finished: false)
  🧠 Selecting relevant nodes from Global Tree...
  🤖 Calling LLM (Attempt 1)...

📊 Token Statistics:
   Prompt length: 6130 characters
   Estimated tokens: 1533 / 64000 (2.4%)
   ✅ Context usage is healthy

  ✅ Step processed successfully: 1 action(s)

📍 Step 924: Processing node [inner_1] Inner Loop (Type: 1, Traveled: true, Finished: false)
  🧠 Selecting relevant nodes from Global Tree...
  🤖 Calling LLM (Attempt 1)...

📊 Token Statistics:
   Prompt length: 6130 characters
   Estimated tokens: 1533 / 64000 (2.4%)
   ✅ Context usage is healthy

  ✅ Step processed successfully: 1 action(s)

📍 Step 925: Processing node [inner_1] Inner Loop (Type: 1, Traveled: true, Finished: false)
  🧠 Selecting relevant nodes from Global Tree...
  🤖 Calling LLM (Attempt 1)...

📊 Token Statistics:
   Prompt length: 6130 characters
   Estimated tokens: 1533 / 64000 (2.4%)
   ✅ Context usage is healthy

  ✅ Step processed successfully: 1 action(s)

📍 Step 926: Processing node [inner_1] Inner Loop (Type: 1, Traveled: true, Finished: false)
  🧠 Selecting relevant nodes from Global Tree...
  🤖 Calling LLM (Attempt 1)...

📊 Token Statistics:
   Prompt length: 6130 characters
   Estimated tokens: 1533 / 64000 (2.4%)
   ✅ Context usage is healthy

  ✅ Step processed successfully: 1 action(s)

📍 Step 927: Processing node [inner_1] Inner Loop (Type: 1, Traveled: true, Finished: false)
  🧠 Selecting relevant nodes from Global Tree...
  🤖 Calling LLM (Attempt 1)...

📊 Token Statistics:
   Prompt length: 6130 characters
   Estimated tokens: 1533 / 64000 (2.4%)
   ✅ Context usage is healthy

  ✅ Step processed successfully: 1 action(s)

📍 Step 928: Processing node [inner_1] Inner Loop (Type: 1, Traveled: true, Finished: false)
  🧠 Selecting relevant nodes from Global Tree...
  🤖 Calling LLM (Attempt 1)...

📊 Token Statistics:
   Prompt length: 6130 characters
   Estimated tokens: 1533 / 64000 (2.4%)
   ✅ Context usage is healthy

  ✅ Step processed successfully: 1 action(s)

📍 Step 929: Processing node [inner_1] Inner Loop (Type: 1, Traveled: true, Finished: false)
  🧠 Selecting relevant nodes from Global Tree...
  🤖 Calling LLM (Attempt 1)...

📊 Token Statistics:
   Prompt length: 6130 characters
   Estimated tokens: 1533 / 64000 (2.4%)
   ✅ Context usage is healthy

  ✅ Step processed successfully: 1 action(s)

📍 Step 930: Processing node [inner_1] Inner Loop (Type: 1, Traveled: true, Finished: false)
  🧠 Selecting relevant nodes from Global Tree...
  🤖 Calling LLM (Attempt 1)...

📊 Token Statistics:
   Prompt length: 6130 characters
   Estimated tokens: 1533 / 64000 (2.4%)
   ✅ Context usage is healthy

  ✅ Step processed successfully: 1 action(s)

📍 Step 931: Processing node [inner_1] Inner Loop (Type: 1, Traveled: true, Finished: false)
  🧠 Selecting relevant nodes from Global Tree...
  🤖 Calling LLM (Attempt 1)...

📊 Token Statistics:
   Prompt length: 6130 characters
   Estimated tokens: 1533 / 64000 (2.4%)
   ✅ Context usage is healthy

  ✅ Step processed successfully: 1 action(s)

📍 Step 932: Processing node [inner_1] Inner Loop (Type: 1, Traveled: true, Finished: false)
  🧠 Selecting relevant nodes from Global Tree...
  🤖 Calling LLM (Attempt 1)...

📊 Token Statistics:
   Prompt length: 6130 characters
   Estimated tokens: 1533 / 64000 (2.4%)
   ✅ Context usage is healthy

  ✅ Step processed successfully: 1 action(s)

📍 Step 933: Processing node [inner_1] Inner Loop (Type: 1, Traveled: true, Finished: false)
  🧠 Selecting relevant nodes from Global Tree...
  🤖 Calling LLM (Attempt 1)...

📊 Token Statistics:
   Prompt length: 6130 characters
   Estimated tokens: 1533 / 64000 (2.4%)
   ✅ Context usage is healthy

  ✅ Step processed successfully: 1 action(s)

📍 Step 934: Processing node [inner_1] Inner Loop (Type: 1, Traveled: true, Finished: false)
  🧠 Selecting relevant nodes from Global Tree...
  🤖 Calling LLM (Attempt 1)...

📊 Token Statistics:
   Prompt length: 6130 characters
   Estimated tokens: 1533 / 64000 (2.4%)
   ✅ Context usage is healthy

  ✅ Step processed successfully: 1 action(s)

📍 Step 935: Processing node [inner_1] Inner Loop (Type: 1, Traveled: true, Finished: false)
  🧠 Selecting relevant nodes from Global Tree...
  🤖 Calling LLM (Attempt 1)...

📊 Token Statistics:
   Prompt length: 6130 characters
   Estimated tokens: 1533 / 64000 (2.4%)
   ✅ Context usage is healthy

  ✅ Step processed successfully: 1 action(s)

📍 Step 936: Processing node [inner_1] Inner Loop (Type: 1, Traveled: true, Finished: false)
  🧠 Selecting relevant nodes from Global Tree...
  🤖 Calling LLM (Attempt 1)...

📊 Token Statistics:
   Prompt length: 6130 characters
   Estimated tokens: 1533 / 64000 (2.4%)
   ✅ Context usage is healthy

  ✅ Step processed successfully: 1 action(s)

📍 Step 937: Processing node [inner_1] Inner Loop (Type: 1, Traveled: true, Finished: false)
  🧠 Selecting relevant nodes from Global Tree...
  🤖 Calling LLM (Attempt 1)...

📊 Token Statistics:
   Prompt length: 6130 characters
   Estimated tokens: 1533 / 64000 (2.4%)
   ✅ Context usage is healthy

  ✅ Step processed successfully: 1 action(s)

📍 Step 938: Processing node [inner_1] Inner Loop (Type: 1, Traveled: true, Finished: false)
  🧠 Selecting relevant nodes from Global Tree...
  🤖 Calling LLM (Attempt 1)...

📊 Token Statistics:
   Prompt length: 6130 characters
   Estimated tokens: 1533 / 64000 (2.4%)
   ✅ Context usage is healthy

  ✅ Step processed successfully: 1 action(s)

📍 Step 939: Processing node [inner_1] Inner Loop (Type: 1, Traveled: true, Finished: false)
  🧠 Selecting relevant nodes from Global Tree...
  🤖 Calling LLM (Attempt 1)...

📊 Token Statistics:
   Prompt length: 6130 characters
   Estimated tokens: 1533 / 64000 (2.4%)
   ✅ Context usage is healthy

  ✅ Step processed successfully: 1 action(s)

📍 Step 940: Processing node [inner_1] Inner Loop (Type: 1, Traveled: true, Finished: false)
  🧠 Selecting relevant nodes from Global Tree...
  🤖 Calling LLM (Attempt 1)...

📊 Token Statistics:
   Prompt length: 6130 characters
   Estimated tokens: 1533 / 64000 (2.4%)
   ✅ Context usage is healthy

  ✅ Step processed successfully: 1 action(s)

📍 Step 941: Processing node [inner_1] Inner Loop (Type: 1, Traveled: true, Finished: false)
  🧠 Selecting relevant nodes from Global Tree...
  🤖 Calling LLM (Attempt 1)...

📊 Token Statistics:
   Prompt length: 6130 characters
   Estimated tokens: 1533 / 64000 (2.4%)
   ✅ Context usage is healthy

  ✅ Step processed successfully: 1 action(s)

📍 Step 942: Processing node [inner_1] Inner Loop (Type: 1, Traveled: true, Finished: false)
  🧠 Selecting relevant nodes from Global Tree...
  🤖 Calling LLM (Attempt 1)...

📊 Token Statistics:
   Prompt length: 6130 characters
   Estimated tokens: 1533 / 64000 (2.4%)
   ✅ Context usage is healthy

  ✅ Step processed successfully: 1 action(s)

📍 Step 943: Processing node [inner_1] Inner Loop (Type: 1, Traveled: true, Finished: false)
  🧠 Selecting relevant nodes from Global Tree...
  🤖 Calling LLM (Attempt 1)...

📊 Token Statistics:
   Prompt length: 6130 characters
   Estimated tokens: 1533 / 64000 (2.4%)
   ✅ Context usage is healthy

  ✅ Step processed successfully: 1 action(s)

📍 Step 944: Processing node [inner_1] Inner Loop (Type: 1, Traveled: true, Finished: false)
  🧠 Selecting relevant nodes from Global Tree...
  🤖 Calling LLM (Attempt 1)...

📊 Token Statistics:
   Prompt length: 6130 characters
   Estimated tokens: 1533 / 64000 (2.4%)
   ✅ Context usage is healthy

  ✅ Step processed successfully: 1 action(s)

📍 Step 945: Processing node [inner_1] Inner Loop (Type: 1, Traveled: true, Finished: false)
  🧠 Selecting relevant nodes from Global Tree...
  🤖 Calling LLM (Attempt 1)...

📊 Token Statistics:
   Prompt length: 6130 characters
   Estimated tokens: 1533 / 64000 (2.4%)
   ✅ Context usage is healthy

  ✅ Step processed successfully: 1 action(s)

📍 Step 946: Processing node [inner_1] Inner Loop (Type: 1, Traveled: true, Finished: false)
  🧠 Selecting relevant nodes from Global Tree...
  🤖 Calling LLM (Attempt 1)...

📊 Token Statistics:
   Prompt length: 6130 characters
   Estimated tokens: 1533 / 64000 (2.4%)
   ✅ Context usage is healthy

  ✅ Step processed successfully: 1 action(s)

📍 Step 947: Processing node [inner_1] Inner Loop (Type: 1, Traveled: true, Finished: false)
  🧠 Selecting relevant nodes from Global Tree...
  🤖 Calling LLM (Attempt 1)...

📊 Token Statistics:
   Prompt length: 6130 characters
   Estimated tokens: 1533 / 64000 (2.4%)
   ✅ Context usage is healthy

  ✅ Step processed successfully: 1 action(s)

📍 Step 948: Processing node [inner_1] Inner Loop (Type: 1, Traveled: true, Finished: false)
  🧠 Selecting relevant nodes from Global Tree...
  🤖 Calling LLM (Attempt 1)...

📊 Token Statistics:
   Prompt length: 6130 characters
   Estimated tokens: 1533 / 64000 (2.4%)
   ✅ Context usage is healthy

  ✅ Step processed successfully: 1 action(s)

📍 Step 949: Processing node [inner_1] Inner Loop (Type: 1, Traveled: true, Finished: false)
  🧠 Selecting relevant nodes from Global Tree...
  🤖 Calling LLM (Attempt 1)...

📊 Token Statistics:
   Prompt length: 6130 characters
   Estimated tokens: 1533 / 64000 (2.4%)
   ✅ Context usage is healthy

  ✅ Step processed successfully: 1 action(s)

📍 Step 950: Processing node [inner_1] Inner Loop (Type: 1, Traveled: true, Finished: false)
  🧠 Selecting relevant nodes from Global Tree...
  🤖 Calling LLM (Attempt 1)...

📊 Token Statistics:
   Prompt length: 6130 characters
   Estimated tokens: 1533 / 64000 (2.4%)
   ✅ Context usage is healthy

  ✅ Step processed successfully: 1 action(s)

📍 Step 951: Processing node [inner_1] Inner Loop (Type: 1, Traveled: true, Finished: false)
  🧠 Selecting relevant nodes from Global Tree...
  🤖 Calling LLM (Attempt 1)...

📊 Token Statistics:
   Prompt length: 6130 characters
   Estimated tokens: 1533 / 64000 (2.4%)
   ✅ Context usage is healthy

  ✅ Step processed successfully: 1 action(s)

📍 Step 952: Processing node [inner_1] Inner Loop (Type: 1, Traveled: true, Finished: false)
  🧠 Selecting relevant nodes from Global Tree...
  🤖 Calling LLM (Attempt 1)...

📊 Token Statistics:
   Prompt length: 6130 characters
   Estimated tokens: 1533 / 64000 (2.4%)
   ✅ Context usage is healthy

  ✅ Step processed successfully: 1 action(s)

📍 Step 953: Processing node [inner_1] Inner Loop (Type: 1, Traveled: true, Finished: false)
  🧠 Selecting relevant nodes from Global Tree...
  🤖 Calling LLM (Attempt 1)...

📊 Token Statistics:
   Prompt length: 6130 characters
   Estimated tokens: 1533 / 64000 (2.4%)
   ✅ Context usage is healthy

  ✅ Step processed successfully: 1 action(s)

📍 Step 954: Processing node [inner_1] Inner Loop (Type: 1, Traveled: true, Finished: false)
  🧠 Selecting relevant nodes from Global Tree...
  🤖 Calling LLM (Attempt 1)...

📊 Token Statistics:
   Prompt length: 6130 characters
   Estimated tokens: 1533 / 64000 (2.4%)
   ✅ Context usage is healthy

  ✅ Step processed successfully: 1 action(s)

📍 Step 955: Processing node [inner_1] Inner Loop (Type: 1, Traveled: true, Finished: false)
  🧠 Selecting relevant nodes from Global Tree...
  🤖 Calling LLM (Attempt 1)...

📊 Token Statistics:
   Prompt length: 6130 characters
   Estimated tokens: 1533 / 64000 (2.4%)
   ✅ Context usage is healthy

  ✅ Step processed successfully: 1 action(s)

📍 Step 956: Processing node [inner_1] Inner Loop (Type: 1, Traveled: true, Finished: false)
  🧠 Selecting relevant nodes from Global Tree...
  🤖 Calling LLM (Attempt 1)...

📊 Token Statistics:
   Prompt length: 6130 characters
   Estimated tokens: 1533 / 64000 (2.4%)
   ✅ Context usage is healthy

  ✅ Step processed successfully: 1 action(s)

📍 Step 957: Processing node [inner_1] Inner Loop (Type: 1, Traveled: true, Finished: false)
  🧠 Selecting relevant nodes from Global Tree...
  🤖 Calling LLM (Attempt 1)...

📊 Token Statistics:
   Prompt length: 6130 characters
   Estimated tokens: 1533 / 64000 (2.4%)
   ✅ Context usage is healthy

  ✅ Step processed successfully: 1 action(s)

📍 Step 958: Processing node [inner_1] Inner Loop (Type: 1, Traveled: true, Finished: false)
  🧠 Selecting relevant nodes from Global Tree...
  🤖 Calling LLM (Attempt 1)...

📊 Token Statistics:
   Prompt length: 6130 characters
   Estimated tokens: 1533 / 64000 (2.4%)
   ✅ Context usage is healthy

  ✅ Step processed successfully: 1 action(s)

📍 Step 959: Processing node [inner_1] Inner Loop (Type: 1, Traveled: true, Finished: false)
  🧠 Selecting relevant nodes from Global Tree...
  🤖 Calling LLM (Attempt 1)...

📊 Token Statistics:
   Prompt length: 6130 characters
   Estimated tokens: 1533 / 64000 (2.4%)
   ✅ Context usage is healthy

  ✅ Step processed successfully: 1 action(s)

📍 Step 960: Processing node [inner_1] Inner Loop (Type: 1, Traveled: true, Finished: false)
  🧠 Selecting relevant nodes from Global Tree...
  🤖 Calling LLM (Attempt 1)...

📊 Token Statistics:
   Prompt length: 6130 characters
   Estimated tokens: 1533 / 64000 (2.4%)
   ✅ Context usage is healthy

  ✅ Step processed successfully: 1 action(s)

📍 Step 961: Processing node [inner_1] Inner Loop (Type: 1, Traveled: true, Finished: false)
  🧠 Selecting relevant nodes from Global Tree...
  🤖 Calling LLM (Attempt 1)...

📊 Token Statistics:
   Prompt length: 6130 characters
   Estimated tokens: 1533 / 64000 (2.4%)
   ✅ Context usage is healthy

  ✅ Step processed successfully: 1 action(s)

📍 Step 962: Processing node [inner_1] Inner Loop (Type: 1, Traveled: true, Finished: false)
  🧠 Selecting relevant nodes from Global Tree...
  🤖 Calling LLM (Attempt 1)...

📊 Token Statistics:
   Prompt length: 6130 characters
   Estimated tokens: 1533 / 64000 (2.4%)
   ✅ Context usage is healthy

  ✅ Step processed successfully: 1 action(s)

📍 Step 963: Processing node [inner_1] Inner Loop (Type: 1, Traveled: true, Finished: false)
  🧠 Selecting relevant nodes from Global Tree...
  🤖 Calling LLM (Attempt 1)...

📊 Token Statistics:
   Prompt length: 6130 characters
   Estimated tokens: 1533 / 64000 (2.4%)
   ✅ Context usage is healthy

  ✅ Step processed successfully: 1 action(s)

📍 Step 964: Processing node [inner_1] Inner Loop (Type: 1, Traveled: true, Finished: false)
  🧠 Selecting relevant nodes from Global Tree...
  🤖 Calling LLM (Attempt 1)...

📊 Token Statistics:
   Prompt length: 6130 characters
   Estimated tokens: 1533 / 64000 (2.4%)
   ✅ Context usage is healthy

  ✅ Step processed successfully: 1 action(s)

📍 Step 965: Processing node [inner_1] Inner Loop (Type: 1, Traveled: true, Finished: false)
  🧠 Selecting relevant nodes from Global Tree...
  🤖 Calling LLM (Attempt 1)...

📊 Token Statistics:
   Prompt length: 6130 characters
   Estimated tokens: 1533 / 64000 (2.4%)
   ✅ Context usage is healthy

  ✅ Step processed successfully: 1 action(s)

📍 Step 966: Processing node [inner_1] Inner Loop (Type: 1, Traveled: true, Finished: false)
  🧠 Selecting relevant nodes from Global Tree...
  🤖 Calling LLM (Attempt 1)...

📊 Token Statistics:
   Prompt length: 6130 characters
   Estimated tokens: 1533 / 64000 (2.4%)
   ✅ Context usage is healthy

  ✅ Step processed successfully: 1 action(s)

📍 Step 967: Processing node [inner_1] Inner Loop (Type: 1, Traveled: true, Finished: false)
  🧠 Selecting relevant nodes from Global Tree...
  🤖 Calling LLM (Attempt 1)...

📊 Token Statistics:
   Prompt length: 6130 characters
   Estimated tokens: 1533 / 64000 (2.4%)
   ✅ Context usage is healthy

  ✅ Step processed successfully: 1 action(s)

📍 Step 968: Processing node [inner_1] Inner Loop (Type: 1, Traveled: true, Finished: false)
  🧠 Selecting relevant nodes from Global Tree...
  🤖 Calling LLM (Attempt 1)...

📊 Token Statistics:
   Prompt length: 6130 characters
   Estimated tokens: 1533 / 64000 (2.4%)
   ✅ Context usage is healthy

  ✅ Step processed successfully: 1 action(s)

📍 Step 969: Processing node [inner_1] Inner Loop (Type: 1, Traveled: true, Finished: false)
  🧠 Selecting relevant nodes from Global Tree...
  🤖 Calling LLM (Attempt 1)...

📊 Token Statistics:
   Prompt length: 6130 characters
   Estimated tokens: 1533 / 64000 (2.4%)
   ✅ Context usage is healthy

  ✅ Step processed successfully: 1 action(s)

📍 Step 970: Processing node [inner_1] Inner Loop (Type: 1, Traveled: true, Finished: false)
  🧠 Selecting relevant nodes from Global Tree...
  🤖 Calling LLM (Attempt 1)...

📊 Token Statistics:
   Prompt length: 6130 characters
   Estimated tokens: 1533 / 64000 (2.4%)
   ✅ Context usage is healthy

  ✅ Step processed successfully: 1 action(s)

📍 Step 971: Processing node [inner_1] Inner Loop (Type: 1, Traveled: true, Finished: false)
  🧠 Selecting relevant nodes from Global Tree...
  🤖 Calling LLM (Attempt 1)...

📊 Token Statistics:
   Prompt length: 6130 characters
   Estimated tokens: 1533 / 64000 (2.4%)
   ✅ Context usage is healthy

  ✅ Step processed successfully: 1 action(s)

📍 Step 972: Processing node [inner_1] Inner Loop (Type: 1, Traveled: true, Finished: false)
  🧠 Selecting relevant nodes from Global Tree...
  🤖 Calling LLM (Attempt 1)...

📊 Token Statistics:
   Prompt length: 6130 characters
   Estimated tokens: 1533 / 64000 (2.4%)
   ✅ Context usage is healthy

  ✅ Step processed successfully: 1 action(s)

📍 Step 973: Processing node [inner_1] Inner Loop (Type: 1, Traveled: true, Finished: false)
  🧠 Selecting relevant nodes from Global Tree...
  🤖 Calling LLM (Attempt 1)...

📊 Token Statistics:
   Prompt length: 6130 characters
   Estimated tokens: 1533 / 64000 (2.4%)
   ✅ Context usage is healthy

  ✅ Step processed successfully: 1 action(s)

📍 Step 974: Processing node [inner_1] Inner Loop (Type: 1, Traveled: true, Finished: false)
  🧠 Selecting relevant nodes from Global Tree...
  🤖 Calling LLM (Attempt 1)...

📊 Token Statistics:
   Prompt length: 6130 characters
   Estimated tokens: 1533 / 64000 (2.4%)
   ✅ Context usage is healthy

  ✅ Step processed successfully: 1 action(s)

📍 Step 975: Processing node [inner_1] Inner Loop (Type: 1, Traveled: true, Finished: false)
  🧠 Selecting relevant nodes from Global Tree...
  🤖 Calling LLM (Attempt 1)...

📊 Token Statistics:
   Prompt length: 6130 characters
   Estimated tokens: 1533 / 64000 (2.4%)
   ✅ Context usage is healthy

  ✅ Step processed successfully: 1 action(s)

📍 Step 976: Processing node [inner_1] Inner Loop (Type: 1, Traveled: true, Finished: false)
  🧠 Selecting relevant nodes from Global Tree...
  🤖 Calling LLM (Attempt 1)...

📊 Token Statistics:
   Prompt length: 6130 characters
   Estimated tokens: 1533 / 64000 (2.4%)
   ✅ Context usage is healthy

  ✅ Step processed successfully: 1 action(s)

📍 Step 977: Processing node [inner_1] Inner Loop (Type: 1, Traveled: true, Finished: false)
  🧠 Selecting relevant nodes from Global Tree...
  🤖 Calling LLM (Attempt 1)...

📊 Token Statistics:
   Prompt length: 6130 characters
   Estimated tokens: 1533 / 64000 (2.4%)
   ✅ Context usage is healthy

  ✅ Step processed successfully: 1 action(s)

📍 Step 978: Processing node [inner_1] Inner Loop (Type: 1, Traveled: true, Finished: false)
  🧠 Selecting relevant nodes from Global Tree...
  🤖 Calling LLM (Attempt 1)...

📊 Token Statistics:
   Prompt length: 6130 characters
   Estimated tokens: 1533 / 64000 (2.4%)
   ✅ Context usage is healthy

  ✅ Step processed successfully: 1 action(s)

📍 Step 979: Processing node [inner_1] Inner Loop (Type: 1, Traveled: true, Finished: false)
  🧠 Selecting relevant nodes from Global Tree...
  🤖 Calling LLM (Attempt 1)...

📊 Token Statistics:
   Prompt length: 6130 characters
   Estimated tokens: 1533 / 64000 (2.4%)
   ✅ Context usage is healthy

  ✅ Step processed successfully: 1 action(s)

📍 Step 980: Processing node [inner_1] Inner Loop (Type: 1, Traveled: true, Finished: false)
  🧠 Selecting relevant nodes from Global Tree...
  🤖 Calling LLM (Attempt 1)...

📊 Token Statistics:
   Prompt length: 6130 characters
   Estimated tokens: 1533 / 64000 (2.4%)
   ✅ Context usage is healthy

  ✅ Step processed successfully: 1 action(s)

📍 Step 981: Processing node [inner_1] Inner Loop (Type: 1, Traveled: true, Finished: false)
  🧠 Selecting relevant nodes from Global Tree...
  🤖 Calling LLM (Attempt 1)...

📊 Token Statistics:
   Prompt length: 6130 characters
   Estimated tokens: 1533 / 64000 (2.4%)
   ✅ Context usage is healthy

  ✅ Step processed successfully: 1 action(s)

📍 Step 982: Processing node [inner_1] Inner Loop (Type: 1, Traveled: true, Finished: false)
  🧠 Selecting relevant nodes from Global Tree...
  🤖 Calling LLM (Attempt 1)...

📊 Token Statistics:
   Prompt length: 6130 characters
   Estimated tokens: 1533 / 64000 (2.4%)
   ✅ Context usage is healthy

  ✅ Step processed successfully: 1 action(s)

📍 Step 983: Processing node [inner_1] Inner Loop (Type: 1, Traveled: true, Finished: false)
  🧠 Selecting relevant nodes from Global Tree...
  🤖 Calling LLM (Attempt 1)...

📊 Token Statistics:
   Prompt length: 6130 characters
   Estimated tokens: 1533 / 64000 (2.4%)
   ✅ Context usage is healthy

  ✅ Step processed successfully: 1 action(s)

📍 Step 984: Processing node [inner_1] Inner Loop (Type: 1, Traveled: true, Finished: false)
  🧠 Selecting relevant nodes from Global Tree...
  🤖 Calling LLM (Attempt 1)...

📊 Token Statistics:
   Prompt length: 6130 characters
   Estimated tokens: 1533 / 64000 (2.4%)
   ✅ Context usage is healthy

  ✅ Step processed successfully: 1 action(s)

📍 Step 985: Processing node [inner_1] Inner Loop (Type: 1, Traveled: true, Finished: false)
  🧠 Selecting relevant nodes from Global Tree...
  🤖 Calling LLM (Attempt 1)...

📊 Token Statistics:
   Prompt length: 6130 characters
   Estimated tokens: 1533 / 64000 (2.4%)
   ✅ Context usage is healthy

  ✅ Step processed successfully: 1 action(s)

📍 Step 986: Processing node [inner_1] Inner Loop (Type: 1, Traveled: true, Finished: false)
  🧠 Selecting relevant nodes from Global Tree...
  🤖 Calling LLM (Attempt 1)...

📊 Token Statistics:
   Prompt length: 6130 characters
   Estimated tokens: 1533 / 64000 (2.4%)
   ✅ Context usage is healthy

  ✅ Step processed successfully: 1 action(s)

📍 Step 987: Processing node [inner_1] Inner Loop (Type: 1, Traveled: true, Finished: false)
  🧠 Selecting relevant nodes from Global Tree...
  🤖 Calling LLM (Attempt 1)...

📊 Token Statistics:
   Prompt length: 6130 characters
   Estimated tokens: 1533 / 64000 (2.4%)
   ✅ Context usage is healthy

  ✅ Step processed successfully: 1 action(s)

📍 Step 988: Processing node [inner_1] Inner Loop (Type: 1, Traveled: true, Finished: false)
  🧠 Selecting relevant nodes from Global Tree...
  🤖 Calling LLM (Attempt 1)...

📊 Token Statistics:
   Prompt length: 6130 characters
   Estimated tokens: 1533 / 64000 (2.4%)
   ✅ Context usage is healthy

  ✅ Step processed successfully: 1 action(s)

📍 Step 989: Processing node [inner_1] Inner Loop (Type: 1, Traveled: true, Finished: false)
  🧠 Selecting relevant nodes from Global Tree...
  🤖 Calling LLM (Attempt 1)...

📊 Token Statistics:
   Prompt length: 6130 characters
   Estimated tokens: 1533 / 64000 (2.4%)
   ✅ Context usage is healthy

  ✅ Step processed successfully: 1 action(s)

📍 Step 990: Processing node [inner_1] Inner Loop (Type: 1, Traveled: true, Finished: false)
  🧠 Selecting relevant nodes from Global Tree...
  🤖 Calling LLM (Attempt 1)...

📊 Token Statistics:
   Prompt length: 6130 characters
   Estimated tokens: 1533 / 64000 (2.4%)
   ✅ Context usage is healthy

  ✅ Step processed successfully: 1 action(s)

📍 Step 991: Processing node [inner_1] Inner Loop (Type: 1, Traveled: true, Finished: false)
  🧠 Selecting relevant nodes from Global Tree...
  🤖 Calling LLM (Attempt 1)...

📊 Token Statistics:
   Prompt length: 6130 characters
   Estimated tokens: 1533 / 64000 (2.4%)
   ✅ Context usage is healthy

  ✅ Step processed successfully: 1 action(s)

📍 Step 992: Processing node [inner_1] Inner Loop (Type: 1, Traveled: true, Finished: false)
  🧠 Selecting relevant nodes from Global Tree...
  🤖 Calling LLM (Attempt 1)...

📊 Token Statistics:
   Prompt length: 6130 characters
   Estimated tokens: 1533 / 64000 (2.4%)
   ✅ Context usage is healthy

  ✅ Step processed successfully: 1 action(s)

📍 Step 993: Processing node [inner_1] Inner Loop (Type: 1, Traveled: true, Finished: false)
  🧠 Selecting relevant nodes from Global Tree...
  🤖 Calling LLM (Attempt 1)...

📊 Token Statistics:
   Prompt length: 6130 characters
   Estimated tokens: 1533 / 64000 (2.4%)
   ✅ Context usage is healthy

  ✅ Step processed successfully: 1 action(s)

📍 Step 994: Processing node [inner_1] Inner Loop (Type: 1, Traveled: true, Finished: false)
  🧠 Selecting relevant nodes from Global Tree...
  🤖 Calling LLM (Attempt 1)...

📊 Token Statistics:
   Prompt length: 6130 characters
   Estimated tokens: 1533 / 64000 (2.4%)
   ✅ Context usage is healthy

  ✅ Step processed successfully: 1 action(s)

📍 Step 995: Processing node [inner_1] Inner Loop (Type: 1, Traveled: true, Finished: false)
  🧠 Selecting relevant nodes from Global Tree...
  🤖 Calling LLM (Attempt 1)...

📊 Token Statistics:
   Prompt length: 6130 characters
   Estimated tokens: 1533 / 64000 (2.4%)
   ✅ Context usage is healthy

  ✅ Step processed successfully: 1 action(s)

📍 Step 996: Processing node [inner_1] Inner Loop (Type: 1, Traveled: true, Finished: false)
  🧠 Selecting relevant nodes from Global Tree...
  🤖 Calling LLM (Attempt 1)...

📊 Token Statistics:
   Prompt length: 6130 characters
   Estimated tokens: 1533 / 64000 (2.4%)
   ✅ Context usage is healthy

  ✅ Step processed successfully: 1 action(s)

📍 Step 997: Processing node [inner_1] Inner Loop (Type: 1, Traveled: true, Finished: false)
  🧠 Selecting relevant nodes from Global Tree...
  🤖 Calling LLM (Attempt 1)...

📊 Token Statistics:
   Prompt length: 6130 characters
   Estimated tokens: 1533 / 64000 (2.4%)
   ✅ Context usage is healthy

  ✅ Step processed successfully: 1 action(s)

📍 Step 998: Processing node [inner_1] Inner Loop (Type: 1, Traveled: true, Finished: false)
  🧠 Selecting relevant nodes from Global Tree...
  🤖 Calling LLM (Attempt 1)...

📊 Token Statistics:
   Prompt length: 6130 characters
   Estimated tokens: 1533 / 64000 (2.4%)
   ✅ Context usage is healthy

  ✅ Step processed successfully: 1 action(s)

📍 Step 999: Processing node [inner_1] Inner Loop (Type: 1, Traveled: true, Finished: false)
  🧠 Selecting relevant nodes from Global Tree...
  🤖 Calling LLM (Attempt 1)...

📊 Token Statistics:
   Prompt length: 6130 characters
   Estimated tokens: 1533 / 64000 (2.4%)
   ✅ Context usage is healthy

  ✅ Step processed successfully: 1 action(s)

📍 Step 1000: Processing node [inner_1] Inner Loop (Type: 1, Traveled: true, Finished: false)
  🧠 Selecting relevant nodes from Global Tree...
  🤖 Calling LLM (Attempt 1)...

📊 Token Statistics:
   Prompt length: 6130 characters
   Estimated tokens: 1533 / 64000 (2.4%)
   ✅ Context usage is healthy

  ✅ Step processed successfully: 1 action(s)

    robustness_v10_test.go:27: Execution failed: maximum iterations (1000) reached, possible infinite loop
--- FAIL: TestNestedLoopTraversal (0.02s)
=== RUN   TestShellPiping
Shell result: [       1
]
--- PASS: TestShellPiping (0.01s)
=== RUN   TestEmergencyShutdown
📍 Step 1: Processing node [root] Root (Type: 0, Traveled: false, Finished: false)
  🧠 Selecting relevant nodes from Global Tree...
  🤖 Calling LLM (Attempt 1)...

📊 Token Statistics:
   Prompt length: 5287 characters
   Estimated tokens: 1322 / 64000 (2.1%)
   ✅ Context usage is healthy

--- PASS: TestEmergencyShutdown (0.00s)
=== RUN   TestTokenEstimation
=== RUN   TestTokenEstimation/Pure_English
=== RUN   TestTokenEstimation/Pure_Chinese
=== RUN   TestTokenEstimation/Mixed
=== RUN   TestTokenEstimation/Empty
=== RUN   TestTokenEstimation/Long_English
--- PASS: TestTokenEstimation (0.00s)
    --- PASS: TestTokenEstimation/Pure_English (0.00s)
    --- PASS: TestTokenEstimation/Pure_Chinese (0.00s)
    --- PASS: TestTokenEstimation/Mixed (0.00s)
    --- PASS: TestTokenEstimation/Empty (0.00s)
    --- PASS: TestTokenEstimation/Long_English (0.00s)
=== RUN   TestTokenEstimationLarge
--- PASS: TestTokenEstimationLarge (0.00s)
=== RUN   TestTokenEstimationCodeSnippet
--- PASS: TestTokenEstimationCodeSnippet (0.00s)
=== RUN   TestTruncationLogic
💻 Executing command: printf 'B%.0s' $(seq 1 6000) || head -c 6000 /dev/zero | tr '\0' 'B'
📝 Command result: BBBBBBBBBBBBBBBBBBBBBBBBBBBBBBBBBBBBBBBBBBBBBBBBBBBBBBBBBBBBBBBBBBBBBBBBBBBBBBBBBBBBBBBBBBBBBBBBBBBBBBBBBBBBBBBBBBBBBBBBBBBBBBBBBBBBBBBBBBBBBBBBBBBBBBBBBBBBBBBBBBBBBBBBBBBBBBBBBBBBBBBBBBBBBBBBBBBBBBBBBBBBBBBBBBBBBBBBBBBBBBBBBBBBBBBBBBBBBBBBBBBBBBBBBBBBBBBBBBBBBBBBBBBBBBBBBBBBBBBBBBBBBBBBBBBBBBBBBBBBBBBBBBBBBBBBBBBBBBBBBBBBBBBBBBBBBBBBBBBBBBBBBBBBBBBBBBBBBBBBBBBBBBBBBBBBBBBBBBBBBBBBBBBBBBBBBBBBBBBBBBBBBBBBBBBBBBBBBBBBBBBBBBBBBBBBBBBBBBBBBBBBBBBBBBBBBBBBBBBBBBBBBBBBBBBBBBBBBBBBBBBBBBBBBBBBBBBBBBBBBBBBBBBBBBBBBBBBBBBBBBBBBBBBBBBBBBBBBBBBBBBBBBBBBBBBBBBBBBBBBBBBBBBBBBBBBBBBBBBBBBBBBBBBBBBBBBBBBBBBBBBBBBBBBBBBBBBBBBBBBBBBBBBBBBBBBBBBBBBBBBBBBBBBBBBBBBBBBBBBBBBBBBBBBBBBBBBBBBBBBBBBBBBBBBBBBBBBBBBBBBBBBBBBBBBBBBBBBBBBBBBBBBBBBBBBBBBBBBBBBBBBBBBBBBBBBBBBBBBBBBBBBBBBBBBBBBBBBBBBBBBBBBBBBBBBBBBBBBBBBBBBBBBBBBBBBBBBBBBBBBBBBBBBBBBBBBBBBBBBBBBBBBBBBBBBBBBBBBBBBBBBBBBBBBBBBBBBBBBBBBBBBBBBBBBBBBBBBBBBBBBBBBBBBBBBBBBBBBBBBBBBBBBBBBBBBBBBBBBBBBBBBBBBBBBBBBBBBBBBBBBBBBBBBBBBBBBBBBBBBBBBBBBBBBBBBBBBBBBBBBBBBBBBBBBBBBBBBBBBBBBBBBBBBBBBBBBBBBBBBBBBBBBBBBBBBBBBBBBBBBBBBBBBBBBBBBBBBBBBBBBBBBBBBBBBBBBBBBBBBBBBBBBBBBBBBBBBBBBBBBBBBBBBBBBBBBBBBBBBBBBBBBBBBBBBBBBBBBBBBBBBBBBBBBBBBBBBBBBBBBBBBBBBBBBBBBBBBBBBBBBBBBBBBBBBBBBBBBBBBBBBBBBBBBBBBBBBBBBBBBBBBBBBBBBBBBBBBBBBBBBBBBBBBBBBBBBBBBBBBBBBBBBBBBBBBBBBBBBBBBBBBBBBBBBBBBBBBBBBBBBBBBBBBBBBBBBBBBBBBBBBBBBBBBBBBBBBBBBBBBBBBBBBBBBBBBBBBBBBBBBBBBBBBBBBBBBBBBBBBBBBBBBBBBBBBBBBBBBBBBBBBBBBBBBBBBBBBBBBBBBBBBBBBBBBBBBBBBBBBBBBBBBBBBBBBBBBBBBBBBBBBBBBBBBBBBBBBBBBBBBBBBBBBBBBBBBBBBBBBBBBBBBBBBBBBBBBBBBBBBBBBBBBBBBBBBBBBBBBBBBBBBBBBBBBBBBBBBBBBBBBBBBBBBBBBBBBBBBBBBBBBBBBBBBBBBBBBBBBBBBBBBBBBBBBBBBBBBBBBBBBBBBBBBBBBBBBBBBBBBBBBBBBBBBBBBBBBBBBBBBBBBBBBBBBBBBBBBBBBBBBBBBBBBBBBBBBBBBBBBBBBBBBBBBBBBBBBBBBBBBBBBBBBBBBBBBBBBBBBBBBBBBBBBBBBBBBBBBBBBBBBBBBBBBBBBBBBBBBBBBBBBBBBBBBBBBBBBBBBBBBBBBBBBBBBBBBBBBBBBBBBBBBBBBBBBBBBBBBBBBBBBBBBBBBBBBBBBBBBBBBBBBBBBBBBBBBBBBBBBBBBBBBBBBBBBBBBBBBBBBBBBBBBBBBBBBBBBBBBBBBBBBBBBBBBBBBBBBBBBBBBBBBBBBBBBBBBBBBBBBBBBBBBBBBBBBBBBBBBBBBBBBBBBBBBBBBBBBBBBBBBBBBBBBBBBBBBBBBBBBBBBBBBBBBBBBBBBBBBBBBBBBBBBBBBBBBBBBBBBBBBBBBBBBBBBBBBBBBBBBBBBBBBBBBBBBBBBBBBBBBBBBBBBBBBBBBBBBBBBBBBBBBBBBBBBBBBBBBBBBBBBBBBBBBBBBBBBBBBBBBBBBBBBBBBBBBBBBBBBBBBBBBBBBBBBBBBBBBBBBBBBBBBBBBBBBBBBBBBBBBBBBBBBBBBBBBBBBBBBBBBBBBBBBBBBBBBBBBBBBBBBBBBBBBBBBBBBBBBBBBBBBBBBBBBBBBBBBBBBBBBBBBBBBBBBBBBBBBBBBBBBBBBBBBBBBBBBBBBBBBBBBBBBBBBBBBBBBBBBBBBBBBBBBBBBBBBBBBBBBBBBBBBBBBBBBBBBBBBBBBBBBBBBBBBBBBBBBBBBBBBBBBBBBBBBBBBBBBBBBBBBBBBBBBBBBBBBBBBBBBBBBBBBBBBBBBBBBBBBBBBBBBBBBBBBBBBBBBBBBBBBBBBBBBBBBBBBBBBBBBBBBBBBBBBBBBBBBBBBBBBBBBBBBBBBBBBBBBBBBBBBBBBBBBBBBBBBBBBBBBBBBBBBBBBBBBBBBBBBBBBBBBBBBBBBBBBBBBBBBBBBBBBBBBBBBBBBBBBBBBBBBBBBBBBBBBBBBBBBBBBBBBBBBBBBBBBBBBBBBBBBBBBBBBBBBBBBBBBBBBBBBBBBBBBBBBBBBBBBBBBBBBBBBBBBBBBBBBBBBBBBBBBBBBBBBBBBBBBBBBBBBBBBBBBBBBBBBBBBBBBBBBBBBBBBBBBBBBBBBBBBBBBBBBBBBBBBBBBBBBBBBBBBBBBBBBBBBBBBBBBBBBBBBBBBBBBBBBBBBBBBBBBBBBBBBBBBBBBBBBBBBBBBBBBBBBBBBBBBBBBBBBBBBBBBBBBBBBBBBBBBBBBBBBBBBBBBBBBBBBBBBBBBBBBBBBBBBBBBBBBBBBBBBBBBBBBBBBBBBBBBBBBBBBBBBBBBBBBBBBBBBBBBBBBBBBBBBBBBBBBBBBBBBBBBBBBBBBBBBBBBBBBBBBBBBBBBBBBBBBBBBBBBBBBBBBBBBBBBBBBBBBBBBBBBBBBBBBBBBBBBBBBBBBBBBBBBBBBBBBBBBBBBBBBBBBBBBBBBBBBBBBBBBBBBBBBBBBBBBBBBBBBBBBBBBBBBBBBBBBBBBBBBBBBBBBBBBBBBBBBBBBBBBBBBBBBBBBBBBBBBBBBBBBBBBBBBBBBBBBBBBBBBBBBBBBBBBBBBBBBBBBBBBBBBBBBBBBBBBBBBBBBBBBBBBBBBBBBBBBBBBBBBBBBBBBBBBBBBBBBBBBBBBBBBBBBBBBBBBBBBBBBBBBBBBBBBBBBBBBBBBBBBBBBBBBBBBBBBBBBBBBBBBBBBBBBBBBBBBBBBBBBBBBBBBBBBBBBBBBBBBBBBBBBBBBBBBBBBBBBBBBBBBBBBBBBBBBBBBBBBBBBBBBBBBBBBBBBBBBBBBBBBBBBBBBBBBBBBBBBBBBBBBBBBBBBBBBBBBBBBBBBBBBBBBBBBBBBBBBBBBBBBBBBBBBBBBBBBBBBBBBBBBBBBBBBBBBBBBBBBBBBBBBBBBBBBBBBBBBBBBBBBBBBBBBBBBBBBBBBBBBBBBBBBBBBBBBBBBBBBBBBBBBBBBBBBBBBBBBBBBBBBBBBBBBBBBBBBBBBBBBBBBBBBBBBBBBBBBBBBBBBBBBBBBBBBBBBBBBBBBBBBBBBBBBBBBBBBBBBBBBBBBBBBBBBBBBBBBBBBBBBBBBBBBBBBBBBBBBBBBBBBBBBBBBBBBBBBBBBBBBBBBBBBBBBBBBBBBBBBBBBBBBBBBBBBBBBBBBBBBBBBBBBBBBBBBBBBBBBBBBBBBBBBBBBBBBBBBBBBBBBBBBBBBBBBBBBBBBBBBBBBBBBBBBBBBBBBBBBBBBBBBBBBBBBBBBBBBBBBBBBBBBBBBBBBBBBBBBBBBBBBBBBBBBBBBBBBBBBBBBBBBBBBBBBBBBBBBBBBBBBBBBBBBBBBBBBBBBBBBBBBBBBBBBBBBBBBBBBBBBBBBBBBBBBBBBBBBBBBBBBBBBBBBBBBBBBBBBBBBBBBBBBBBBBBBBBBBBBBBBBBBBBBBBBBBBBBBBBBBBBBBBBBBBBBBBBBBBBBBBBBBBBBBBBBBBBBBBBBBBBBBBBBBBBBBBBBBBBBBBBBBBBBBBBBBBBBBBBBBBBBBBBBBBBBBBBBBBBBBBBBBBBBBBBBBBBBBBBBBBBBBBBBBBBBBBBBBBBBBBBBBBBBBBBBBBBBBBBBBBBBBBBBBBBBBBBBBBBBBBBBBBBBBBBBBBBBBBBBBBBBBBBBBBBBBBBBBBBBBBBBBBBBBBBBBBBBBBBBBBBBBBBBBBBBBBBBBBBBBBBBBBBBBBBBBBBBBBBBBBBBBBBBBBBBBBBBBBBBBBBBBBBBBBBBBBBBBBBBBBBBBBBBBBBBBBBBBBBBBBBBBBBBBBBBBBBBBBBBBBBBBBBBBBBBBBBBBBBBBBBBBBBBBBBBBBBBBBBBBBBBBBBBBBBBBBBBBBBBBBBBBBBBBBBBBBBBBBBBBBBBBBBBBBBBBBBBBBBBBBBBBBBBBBBBBBBBBBBBBBBBBBBBBBBBBBBBBBBBBBBBBBBBBBBBBBBBBBBBBBBBBBBBBBBBBBBBBBBBBBBBBBBBBBBBBBBBBBBBBBBBBBBBBBBBBBBBBBBBBBBBBBBBBBBBBBBBBBBBBBBBBBBBBBBBBBBBBBBBBBBBBBBBBBBBBBBBBBBBBBBBBBBBBBBBBBBBBBBBBBBBBBBBBBBBBBBBBBBBBBBBBBBBBBBBBBBBBBBBBBBBBBBBBBBBBBBBBBBBBBBBBBBBBBBBBBBBBBBBBBBBBBBBBBBBBBBBBBBBBBBBBBBBBBBBBBBBBBBBBBBBBBBBBBBBBBBBBBBBBBBBBBBBBBBBBBBBBBBBBBBBBBBBBBBBBBBBBBBBBBBBBBBBBBBBBBBBBBBBBBBBBBBBBBBBBBBBBBBBBBBBBBBBBBBBBBBBBBBBBBBBBBBBBBBBBBBBBBBBBBBBBBBBBBBBBBBBBBBBBBBBBBBBBBBBBBBBBBBBBBBBBBBBBBBBBBBBBBBBBBBBBBBBBBBBBBBBBBBBBBBBBBBBBBBBBBBBBBBBBBBBBBBBBBBBBBBBBBBBBBBBBBBBBBBBBBBBBBBBBBBBBBBBBBBBBBBBBBBBBBBBBBBBBBBBBBBBBBBBBBBBBBBBBBBBBBBBBBBBBBBBBBBBBBBBBBBBBBBBBBBBBBBBBBBBBBBBBBBBBBBBBBBBBBBBBBBBBBBBBBBBBBBBBBBBBBBBBBBBBBBBBBBBBBBBBBBBBBBBBBBBBBBBBBBBBBBBBBBBBBBBBBBBBBBBBBBBBBBBBBBBBBBBBBBBBBBBBBBBBBBBBBBBBBBBBBBBBBBBBBBBBBBBBBBBBBBBBBBBBBBBBBBBBBBBBBBBBBBBBBBBBBBBBBBBBBBBBBBBBBBBBBBBBBBBBBBBBBBBBBBBBBBBBBBBBBBBBBBBBBBBBBBBBBBBBBBBBBBBBBBBBBBBBBBBBBBBBBBBBBBBBBBBBBBBBBBBBBBBBBBBBBBBBBBBBBBBBBBBBBBBBBBBBBBBBBBBBBBBBBBBBBBBBBBBBBBBBBBBBBBBBBBBBBBBBBBBBBBBBBBBBBBBBBBBBBBBBBBBBBBBBBBBBBBBBBBBBBBBBBBBBBBBBBBBBBBBBBBBBBBBBBBBBBBBBBBBBBBBBBBBBBBBBBBBBBBBBBBBBBBBBBBBBBBBBBBBBBBBBBBBBBBBBBBBBBBBBBBBBBBBBBBBBBBBBBBBBBBBBBBBBBBBBBBBBBBBBBBBBBBBBBBBBBBBBBBBBBBBBBBBBBBBBBBBBBBBBBBBBBBBBBBBBBBBBBBBBBBBBBBBBBBBBBBBBBBBBBBBBBBBBBBBBBBBBBBBBBBBBBBBBBBBBBBBBBBBBBBBBBBBBBBBBBBBBB
Truncated result length: 4016
--- PASS: TestTruncationLogic (0.01s)
=== RUN   TestTwoPassAttention
📍 Step 1: Processing node [root] Root (Type: 0, Traveled: false, Finished: false)
  🧠 Selecting relevant nodes from Global Tree...

--- [Selector Pass] ---
  🤖 Calling LLM (Attempt 1)...

📊 Token Statistics:
   Prompt length: 5284 characters
   Estimated tokens: 1321 / 64000 (2.1%)
   ✅ Context usage is healthy


--- [Execution Pass] ---
  ✅ Step processed successfully: 2 action(s)

📍 Step 2: Processing node [branch_a] Branch A (Type: 2, Traveled: false, Finished: false)
  🧠 Selecting relevant nodes from Global Tree...

--- [Selector Pass] ---
  🤖 Calling LLM (Attempt 1)...

📊 Token Statistics:
   Prompt length: 5363 characters
   Estimated tokens: 1341 / 64000 (2.1%)
   ✅ Context usage is healthy


--- [Execution Pass] ---
  ✅ Step processed successfully: 2 action(s)

📍 Step 3: Skipping LLM call for traveled Normal node [root] Root
📍 Step 4: Processing node [branch_b] Branch B (Type: 2, Traveled: false, Finished: false)
  🧠 Selecting relevant nodes from Global Tree...

--- [Selector Pass] ---
  🤖 Calling LLM (Attempt 1)...

📊 Token Statistics:
   Prompt length: 5459 characters
   Estimated tokens: 1365 / 64000 (2.1%)
   ✅ Context usage is healthy


--- [Execution Pass] ---
  ✅ RAM hit: shared_key found in workspace!
  ✅ Step processed successfully: 1 action(s)

📍 Step 5: Normal node [root] Root - All children traveled, moving up

Final Global State Check:
Useful information picked from selected nodes:
- [branch_a] Branch A:
  Result: Key set in Branch A
  Variables: {"shared_key":"v6_val"}
- [branch_b] Branch B:
  Result: Success

--- PASS: TestTwoPassAttention (0.00s)
=== RUN   TestVariablePropagation
--- PASS: TestVariablePropagation (0.00s)
=== RUN   TestVariableOverride
--- PASS: TestVariableOverride (0.00s)
=== RUN   TestExecuteActionUpdateVariables
--- PASS: TestExecuteActionUpdateVariables (0.00s)
=== RUN   TestGlobalWorkspace
📍 Step 1: Processing node [root] Root (Type: 0, Traveled: false, Finished: false)
  🧠 Selecting relevant nodes from Global Tree...

--- Step 1 Prompt Snippet ---
  🤖 Calling LLM (Attempt 1)...

📊 Token Statistics:
   Prompt length: 5307 characters
   Estimated tokens: 1327 / 64000 (2.1%)
   ✅ Context usage is healthy


--- Step 2 Prompt Snippet ---
  ✅ Step processed successfully: 2 action(s)


Final Global Workspace State:
Global Workspace (RAM - Key findings and important variables picked from all nodes):
- [1] Root [PINNED]:
  Result: Stored key in workspace
  Variables: {"secret_key":"v5_works"}

--- PASS: TestGlobalWorkspace (0.00s)
FAIL
FAIL	github.com/Steve65535/llmvm/pkg/runtime/tests	0.871s
FAIL
